
 make.py started: 2020-10-01 11:06:26 /Users/gabriborg/Dropbox (Brown)/research/min_wage_rent/analysis/first_differences_wgt/code 




Execute:  stataSE -e do "./preclean.do"

  ___  ____  ____  ____  ____ (R)
 /__    /   ____/   /   ____/
___/   /   /___/   /   /___/   16.1   Copyright 1985-2019 StataCorp LLC
  Statistics/Data Analysis            StataCorp
                                      4905 Lakeway Drive
     Special Edition                  College Station, Texas 77845 USA
                                      800-STATA-PC        http://www.stata.com
                                      979-696-4600        stata@stata.com
                                      979-696-4601 (fax)

120-user Stata network perpetual license:
       Serial number:  401606201670
         Licensed to:  Brown University
                       Brown University

Notes:
      1.  Stata is running in batch mode.
      2.  Unicode is supported; see help unicode_advice.
      3.  Maximum number of variables is set to 5000; see help set_maxvar.

. do ./preclean.do 

. clear all

. set more off

. adopath + ../../../lib/stata/gslab_misc/ado
  [1]  (BASE)      "/Applications/Stata/ado/base/"
  [2]  (SITE)      "/Applications/Stata/ado/site/"
  [3]              "."
  [4]  (PERSONAL)  "/Users/gabriborg/Documents/Stata/ado/personal/"
  [5]  (PLUS)      "/Users/gabriborg/Library/Application Support/Stata/ado/plus/"
  [6]  (OLDPLACE)  "~/ado/"
  [7]              "../../../lib/stata/gslab_misc/ado"

. set maxvar 32000 


. 
. program main
  1.         local instub "../../../drive/derived_large/output"
  2.         local outstub "../temp"
  3.         local logfile "../output/data_file_manifest.log"
  4. 
. 
.         use "`instub'/baseline_rent_panel.dta", clear
  5.         keep zipcode place_code msa countyfips statefips                               
>                                  ///
>                 year_month calendar_month trend trend_sq trend_cu                         
>                               ///
>                 actual_mw medrentpricepsqft_sfcc medrentprice_sfcc                        
>                               ///
>                 med_hhinc20105 renthouse_share2010 white_share2010 black_share2010        
>               ///
>                 college_share20105 work_county_share20105
  6.         
. 
.         local het_vars "med_hhinc20105 renthouse_share2010 college_share20105 black_share2
> 010"
  7.         local het_vars "`het_vars' nonwhite_share2010 work_county_share20105"
  8. 
.         local wgtvars "renthouse_share2010 black_share2010 med_hhinc20105 college_share201
> 05"
  9. 
.         create_vars,    log_vars(actual_mw medrentpricepsqft_sfcc medrentprice_sfcc)    //
> /
>                                         heterogeneity_vars(`het_vars') weights_vars(`wgtva
> rs')
 10.         
.         simplify_varnames
 11. 
.         xtset zipcode year_month
 12.         gen d_ln_mw = D.ln_mw
 13. 
.         save_data "`outstub'/fd_rent_panel.dta", key(zipcode year_month) replace log(`logf
> ile')
 14. end

. 
. program create_vars
  1.         syntax, log_vars(str) heterogeneity_vars(str) weights_vars(str)
  2. 
.         foreach var in `log_vars' {
  3.                 gen ln_`var' = ln(`var')
  4.         }
  5. 
.         gen nonwhite_share2010 = 1 - white_share2010
  6.         
.         gen trend_times2 = 2*trend
  7. 
.         * balancing procedure: add ,in the right order the target average values from anal
> ysis/descriptive/output/desc_stats.tex
.         ebalance `weights_vars', manualtargets(.347 .124 62774 .386)
  8.         rename _webal wgt_cbsa100
  9.         
. 
.         foreach var in `heterogeneity_vars' {
 10.                 *xtile `var'_nat_dec = `var', nq(10)
.                 xtile `var'_nat_qtl = `var', nq(4)
 11.                 levelsof statefips, local(states)
 12. 
.                 foreach state in `states'{
 13.                         *xtile deciles_`state'_`var' = `var' if statefips == `state', n
> q(10)
.                         xtile qtiles_`state'_`var' = `var' if statefips == `state', nq(4)
 14.                 }
 15.                 *egen `var'_st_dec = rowtotal(deciles_*)
.                 egen `var'_st_qtl = rowtotal(qtiles_*)
 16.                 
.                 *drop deciles_* qtiles_*
.                 drop qtiles_*
 17.         }
 18. 
. end

. 
. program simplify_varnames
  1.         
.     rename      (ln_actual_mw   ln_medrentpricepsqft_sfcc)              ///
>                 (ln_mw                  ln_med_rent_psqft)
  2. 
. end

. 
. main
(43,225 missing values generated)
(30,956 missing values generated)


Data Setup
Covariate adjustment: renthouse_share2010 black_share2010 med_hhinc20105 college_share20105


Optimizing...
Iteration 1: Max Difference = 1047956.61
Iteration 2: Max Difference = 385520.035
Iteration 3: Max Difference = 141823.236
Iteration 4: Max Difference = 52172.1942
Iteration 5: Max Difference = 19191.4191
Iteration 6: Max Difference = 7058.47028
Iteration 7: Max Difference = 2595.00869
Iteration 8: Max Difference = 952.995241
Iteration 9: Max Difference = 348.93849
Iteration 10: Max Difference = 126.735291
Iteration 11: Max Difference = 45.0363877
Iteration 12: Max Difference = 15.0980027
Iteration 13: Max Difference = 4.3610583
Iteration 14: Max Difference = .9061967
Iteration 15: Max Difference = .099807537
Iteration 16: Max Difference = .00211057
maximum difference smaller than the tolerance level; convergence achieved


No. of units adjusted: 156600 total of weights: 156600


Before: without weighting

             |      mean   variance   skewness 
-------------+---------------------------------
renthou~2010 |     .3835      .0311      .8091 
black_s~2010 |      .166     .04012      2.117 
med_hh~20105 |     66920   6.04e+08      .9423 
colleg~20105 |     .4448     .02765      .4567 


After:  _webal as the weighting variable

             |      mean   variance   skewness 
-------------+---------------------------------
renthou~2010 |      .347     .02383      1.057 
black_s~2010 |     .1241     .02028      2.759 
med_hh~20105 |     62774   4.36e+08      1.027 
colleg~20105 |      .386     .02059      .6374 
1 2 4 5 6 8 9 10 11 12 13 15 16 17 18 20 21 22 24 25 26 27 28 29 32 34 35 36 37 39 40 41 42 
> 44 45 47 48 49 51 53 54 56
1 2 4 5 6 8 9 10 11 12 13 15 16 17 18 20 21 22 24 25 26 27 28 29 32 34 35 36 37 39 40 41 42 
> 44 45 47 48 49 51 53 54 56
1 2 4 5 6 8 9 10 11 12 13 15 16 17 18 20 21 22 24 25 26 27 28 29 32 34 35 36 37 39 40 41 42 
> 44 45 47 48 49 51 53 54 56
1 2 4 5 6 8 9 10 11 12 13 15 16 17 18 20 21 22 24 25 26 27 28 29 32 34 35 36 37 39 40 41 42 
> 44 45 47 48 49 51 53 54 56
1 2 4 5 6 8 9 10 11 12 13 15 16 17 18 20 21 22 24 25 26 27 28 29 32 34 35 36 37 39 40 41 42 
> 44 45 47 48 49 51 53 54 56
1 2 4 5 6 8 9 10 11 12 13 15 16 17 18 20 21 22 24 25 26 27 28 29 32 34 35 36 37 39 40 41 42 
> 44 45 47 48 49 51 53 54 56
       panel variable:  zipcode (strongly balanced)
        time variable:  year_month, 2010m1 to 2019m12
                delta:  1 month
(1,305 missing values generated)
(data already sorted by zipcode year_month)
  variable trend_times2 was float now int
  variable med_hhinc20105_st_qtl was float now byte
  variable renthouse_share2010_st_qtl was float now byte
  variable college_share20105_st_qtl was float now byte
  variable black_share2010_st_qtl was float now byte
  variable nonwhite_share2010_st_qtl was float now byte
  variable work_county_share20105_st_qtl was float now byte
  (3,132,000 bytes saved)
============================================================================
File: ../temp/fd_rent_panel.dta
Key: zipcode year_month
============================================================================
  156600:38(37815):1961104301:2380621849

    Variable |        Obs        Mean    Std. Dev.       Min        Max
-------------+---------------------------------------------------------
     zipcode |    156,600    51920.57    29185.78       2113      99577
  year_month |    156,600       659.5    34.63992        600        719
  place_code |    129,840    40657.65    22564.03        410      87240
  countyfips |    156,240    24077.04    16484.28       1003      56021
   statefips |    156,600    23.97854    16.42626          1         56
-------------+---------------------------------------------------------
medre~e_sfcc |    125,644    1651.102    702.9949        595       6595
   actual_mw |    156,600     8.07779    1.207718       7.25         16
calendar_m~h |    156,600         6.5    3.452064          1         12
         msa |    156,600    436.1801    240.1675         12        860
       trend |    156,600       225.5    34.63992        166        285
-------------+---------------------------------------------------------
    trend_sq |    156,600    52050.17    15659.42      27556      81225
    trend_cu |    156,600    1.23e+07     5408203    4574296   2.31e+07
medre~t_sfcc |    113,375    1.188344    .7824813   .4180214   6.731387
white_s~2010 |    156,600    .5392018    .2225559   .0037838   .9401773
black_s~2010 |    156,600     .165993    .2003044    .003148   .9753076
-------------+---------------------------------------------------------
renthou~2010 |    156,600    .3834818     .176359   .0644567   .9662035
work_c~20105 |    156,600    .7557563    .2036341   .1421741    .995271
colleg~20105 |    156,600    .4447718    .1662964   .0856991   .9082218
med_hh~20105 |    156,600    66919.72    24575.33   20527.66   191553.2
       ln_mw |    156,600    2.079602    .1327775   1.981001   2.772589
-------------+---------------------------------------------------------
ln_med_ren~t |    113,375    .0472541    .4493362  -.8722228   1.906781
ln_medrent~c |    125,644    7.334093    .3761665   6.388561   8.794067
nonwhit~2010 |    156,600    .4607982    .2225559   .0598227   .9962162
trend_times2 |    156,600         451    69.27985        332        570
 wgt_cbsa100 |    156,600           1      .56017   .1560848   3.844666
-------------+---------------------------------------------------------
med_h~at_qtl |    156,600    2.498851     1.11838          1          4
med_h~st_qtl |    156,600    2.467433    1.120644          1          4
renth~at_qtl |    156,600    2.498851     1.11838          1          4
renth~st_qtl |    156,600    2.467433    1.120644          1          4
colle~at_qtl |    156,600    2.498851     1.11838          1          4
-------------+---------------------------------------------------------
colle~st_qtl |    156,600    2.467433    1.120644          1          4
black~at_qtl |    156,600    2.498851     1.11838          1          4
black~st_qtl |    156,600    2.467433    1.120644          1          4
nonwh~at_qtl |    156,600    2.498851     1.11838          1          4
nonwh~st_qtl |    156,600    2.467433    1.120644          1          4
-------------+---------------------------------------------------------
work_~at_qtl |    156,600    2.498851     1.11838          1          4
work_~st_qtl |    156,600    2.467433    1.120644          1          4
     d_ln_mw |    155,295    .0016445    .0119584   -.290338   .2412503




(note: file ../temp/fd_rent_panel.dta not found)
file ../temp/fd_rent_panel.dta saved

. 
end of do-file


Execute:  stataSE -e do "./first_differences.do"

  ___  ____  ____  ____  ____ (R)
 /__    /   ____/   /   ____/
___/   /   /___/   /   /___/   16.1   Copyright 1985-2019 StataCorp LLC
  Statistics/Data Analysis            StataCorp
                                      4905 Lakeway Drive
     Special Edition                  College Station, Texas 77845 USA
                                      800-STATA-PC        http://www.stata.com
                                      979-696-4600        stata@stata.com
                                      979-696-4601 (fax)

120-user Stata network perpetual license:
       Serial number:  401606201670
         Licensed to:  Brown University
                       Brown University

Notes:
      1.  Stata is running in batch mode.
      2.  Unicode is supported; see help unicode_advice.
      3.  Maximum number of variables is set to 5000; see help set_maxvar.

. do ./first_differences.do 

. clear all

. set more off

. adopath + ../../../lib/stata/gslab_misc/ado
  [1]  (BASE)      "/Applications/Stata/ado/base/"
  [2]  (SITE)      "/Applications/Stata/ado/site/"
  [3]              "."
  [4]  (PERSONAL)  "/Users/gabriborg/Documents/Stata/ado/personal/"
  [5]  (PLUS)      "/Users/gabriborg/Library/Application Support/Stata/ado/plus/"
  [6]  (OLDPLACE)  "~/ado/"
  [7]              "../../../lib/stata/gslab_misc/ado"

. adopath + ../../../lib/stata/min_wage/ado
  [1]  (BASE)      "/Applications/Stata/ado/base/"
  [2]  (SITE)      "/Applications/Stata/ado/site/"
  [3]              "."
  [4]  (PERSONAL)  "/Users/gabriborg/Documents/Stata/ado/personal/"
  [5]  (PLUS)      "/Users/gabriborg/Library/Application Support/Stata/ado/plus/"
  [6]  (OLDPLACE)  "~/ado/"
  [7]              "../../../lib/stata/gslab_misc/ado"
  [8]              "../../../lib/stata/min_wage/ado"

. set maxvar 32000 


. 
. program main
  1.         local instub "../temp"
  2.         local outstub "../output"
  3. 
.         use "`instub'/fd_rent_panel.dta", clear
  4. 
.         * Static Model
.         run_static_model, depvar(ln_med_rent_psqft) absorb(year_month)                    
>                       ///
>                 cluster(statefips)
  5. 
.         esttab * using "`outstub'/fd_table.tex", keep(D.ln_mw) compress se replace        
>               ///
>                 stats(zs_trend zs_trend_sq r2 N, fmt(%s3 %s3 %9.3f %9.0g)               //
> /
>                 labels("Zipcode-specifc linear trend"                                     
>                                               ///
>                 "Zipcode-specific linear and square trend"                                
>                               ///
>                 "R-squared" "Observations")) star(* 0.10 ** 0.05 *** 0.01)                
>                               ///
>                 nonote
  6.         
.         * Dynamic Model
.         run_dynamic_model, depvar(ln_med_rent_psqft) absorb(year_month)                   
>                       ///
>                 cluster(statefips)
  7.         
.         esttab reg1 reg2 reg3 using "`outstub'/fd_dynamic_table.tex",                     
>               ///
>                 keep(*.ln_mw) compress se replace                                         
>                                                       ///
>                 stats(p_value_F zs_trend zs_trend_sq r2 N, fmt(%9.3f %s3 %s3 %9.3f %9.0g) 
>               ///
>                 labels("P-value no pretrends" "Zipcode-specifc linear trend"              
>                                                                       ///
>                 "Zipcode-specific linear and square trend"                                
>                               ///
>                 "R-squared" "Observations")) star(* 0.10 ** 0.05 *** 0.01)                
>                               ///
>                 nonote
  8. 
.         esttab lincom1 lincom2 lincom3 using "`outstub'/fd_dynamic_lincom_table.tex", ///
>                 compress se replace                                                       
>                                                               ///
>         stats(zs_trend zs_trend_sq N, fmt(%s3 %s3 %9.0g)                                //
> /
>                 labels("Zipcode-specifc linear trend"                                     
>                                               ///
>             "Zipcode-specific linear and square trend" ///
>                 "Observations"))                                ///
>                 star(* 0.10 ** 0.05 *** 0.01)                                             
>                                                       ///
>                 nonote coeflabel((1) "Sum of MW effects")
  9. 
.         * Heterogeneity
.         foreach var in med_hhinc20105 renthouse_share2010 college_share20105              
>               ///
>                                 black_share2010 nonwhite_share2010 work_county_share20105 
> {
 10. 
.                 build_ytitle, var(`var')
 11. 
.                 run_static_heterogeneity, depvar(ln_med_rent_psqft) absorb(year_month)    
>               ///
>                         het_var(`var'_st_qtl) cluster(statefips) ytitle(`r(title)')
 12.                 graph export "`outstub'/fd_static_heter_`var'.png", replace
 13.         }
 14. end

. 
. program run_static_model
  1.     syntax, depvar(str) absorb(str) cluster(str)
  2. 
.         eststo clear
  3.         eststo reg1: reghdfe D.`depvar' D.ln_mw [pw = wgt_cbsa100],                    
>                                  ///
>                 absorb(`absorb')                                                          
>                                       ///
>                 vce(cluster `cluster') nocons
  4.         comment_table, trend_lin("No") trend_sq("No")
  5.         
.         scalar static_effect = _b[D.ln_mw]
  6.         scalar static_effect_se = _se[D.ln_mw]
  7. 
.         eststo: reghdfe D.`depvar' D.ln_mw [pw = wgt_cbsa100],                            
>                                       ///
>                 absorb(`absorb' i.zipcode)                                                
>               ///
>                 vce(cluster `cluster') nocons
  8.         comment_table, trend_lin("Yes") trend_sq("No")
  9. 
.         eststo: reghdfe D.`depvar' D.ln_mw [pw = wgt_cbsa100],                            
>                                       ///
>                 absorb(`absorb' i.zipcode c.trend_times2#i.zipcode)             ///
>                 vce(cluster `cluster') nocons
 10.         comment_table, trend_lin("Yes") trend_sq("Yes")
 11. end

. 
. program run_dynamic_model
  1.         syntax, depvar(str) absorb(str) cluster(str) [w(int 5)]
  2.         
.         local lincomest_coeffs "D1.ln_mw + LD.ln_mw"
  3.         forvalues i = 2(1)`w'{
  4.                 local lincomest_coeffs "`lincomest_coeffs' + L`i'D.ln_mw"
  5.         }
  6. 
.         eststo clear
  7.         eststo reg1: reghdfe D.`depvar' L(-`w'/`w').D.ln_mw [pw = wgt_cbsa100],        
>                  ///
>                 absorb(`absorb')                                                          
>                               ///
>                 vce(cluster `cluster') nocons
  8.         comment_table, trend_lin("No") trend_sq("No")
  9.         
.         test (F5D.ln_mw = 0) (F4D.ln_mw = 0) (F3D.ln_mw = 0) (F2D.ln_mw = 0) (F1D.ln_mw = 
> 0)
 10.     estadd scalar p_value_F = r(p)
 11. 
.         preserve
 12.                 coefplot, vertical base gen
 13.                 keep __at __b __se
 14.                 rename (__at __b __se) (at b_full se_full)
 15.                 
.                 keep if !missing(at)
 16. 
.                 gen b_full_lb = b_full - 1.96*se_full
 17.                 gen b_full_ub = b_full + 1.96*se_full
 18.                 
.                 gen static_path = 0 if at <= `w' 
 19.                 replace static_path = scalar(static_effect) if at > `w'
 20.                 gen static_path_lb = 0 if at <= `w'
 21.                 replace static_path_lb = scalar(static_effect) - 1.96*scalar(static_eff
> ect_se) if at > `w'
 22.                 gen static_path_ub = 0 if at <= `w'
 23.                 replace static_path_ub = scalar(static_effect) + 1.96*scalar(static_eff
> ect_se) if at > `w'
 24.                 
.                 save "../temp/plot_coeffs.dta", replace
 25.     restore
 26.                 
.         eststo lincom1: lincomest `lincomest_coeffs'
 27.         comment_table, trend_lin("No") trend_sq("No")
 28.                         
.         qui reghdfe D.`depvar' L(0/`w').D.ln_mw [pw = wgt_cbsa100],                     //
> /
>                 absorb(`absorb')                                                          
>                               ///
>                 vce(cluster `cluster') nocons
 29.                         
.         preserve
 30.                 coefplot, vertical base gen
 31.                 keep __at __b __se
 32.                 rename (__at __b __se) (at b_lags se_lags)
 33.                 tset at
 34. 
.             keep if !missing(at)
 35. 
.                 gen b_lags_lb = b_lags - 1.96*se_lags
 36.                 gen b_lags_ub = b_lags + 1.96*se_lags
 37.                 
.                 gen cumsum_b_lags = b_lags[1]
 38.                 replace cumsum_b_lags = cumsum_b_lags[_n-1] + b_lags[_n] if _n > 1
 39.                 
.                 replace at = at + `w'
 40.                 
.                 merge 1:1 at using "../temp/plot_coeffs.dta", nogen
 41.                 replace cumsum_b_lags = 0 if at <= `w'
 42.                 sort at
 43.                 
.                 // To avoid the lines overlapping perfectly
.                 gen at_full = at - 0.09
 44.                 gen at_lags = at + 0.09
 45.                 replace at_full = at if _n <= `w'
 46.                 replace at_lags = at if _n <= `w'
 47. 
.                 replace cumsum_b_lags = cumsum_b_lags - 0.00007 if _n <= `w'
 48.                 replace static_path = static_path + 0.00007 if _n <= `w'
 49. 
.                 // Figure
.                 twoway (scatter b_full at_full, mcol(navy))                             //
> /
>                         (rcap b_full_lb b_full_ub at_full, col(navy))                   //
> /
>                         (scatter b_lags at_lags, mcol(maroon))                            
>       ///
>                         (rcap b_lags_lb b_lags_ub at_lags, col(maroon))                 //
> /
>                         (line static_path at, lcol(gs4) lpat(dash))                     //
> /
>                         (line cumsum_b_lags at, lcol(maroon)),                            
>       ///
>                         yline(0, lcol(grey) lpat(dot))                                    
>               ///
>                         graphregion(color(white)) bgcolor(white)                          
>       ///
>                         xlabel(1 "F5D.ln_mw" 2 "F4D.ln_mw" 3 "F3D.ln_mw" 4 "F2D.ln_mw" ///
>                         5 "FD.ln_mw" 6 "D.ln_mw" 7 "LD.ln_mw" 8 "L2D.ln_mw" 9 "L3D.ln_mw" 
> ///
>                         10 "L4D.ln_mw" 11 "L5D.ln_mw", labsize(vsmall)) xtitle("Leads and 
> lags of ln MW") ///
>                         ytitle("Effect on ln rent per sqft")                              
>       ///
>                         legend(order(1 "Full dynamic model" 3 "Distributed lags model" ///
>                         5 "Effects path static model" 6 "Effects path distributed lags mod
> el") size(small))
 50.                 graph export "../output/fd_models.png", replace
 51.         restore 
 52.         
.         eststo reg2: reghdfe D.`depvar' L(-`w'/`w').D.ln_mw  [pw = wgt_cbsa100] `if',     
>       ///
>                 absorb(`absorb' i.zipcode)                                                
>       ///
>                 vce(cluster `cluster') nocons
 53.         comment_table, trend_lin("Yes") trend_sq("No")
 54.         
.         test (F5D.ln_mw = 0) (F4D.ln_mw = 0) (F3D.ln_mw = 0) (F2D.ln_mw = 0) (F1D.ln_mw = 
> 0)
 55.     estadd scalar p_value_F = r(p)
 56.         
.         eststo lincom2: lincomest `lincomest_coeffs'
 57.         comment_table, trend_lin("Yes") trend_sq("No")
 58.         
.         eststo reg3: reghdfe D.`depvar' L(-`w'/`w').D.ln_mw [pw = wgt_cbsa100] `if',      
>       ///
>                 absorb(`absorb' i.zipcod c.trend_times2#i.zipcode)      ///
>                 vce(cluster `cluster') nocons
 59.         comment_table, trend_lin("Yes") trend_sq("Yes")
 60. 
.         test (F5D.ln_mw = 0) (F4D.ln_mw = 0) (F3D.ln_mw = 0) (F2D.ln_mw = 0) (F1D.ln_mw = 
> 0)
 61.     estadd scalar p_value_F = r(p)
 62.         
.         eststo lincom3: lincomest `lincomest_coeffs'
 63.         comment_table, trend_lin("Yes") trend_sq("Yes")
 64. end

. 
. program run_static_heterogeneity
  1.         syntax, depvar(str) absorb(str) cluster(str) het_var(str) ytitle(str) [qtles(in
> t 4)]
  2. 
.     eststo clear
  3.         reghdfe D.`depvar' c.d_ln_mw#i.`het_var' [pw = wgt_cbsa100],                   
>                                  ///
>                 absorb(`absorb') ///
>                 vce(cluster `cluster') nocons
  4. 
.         coefplot, base graphregion(color(white)) bgcolor(white)                           
>               ///
>         ylabel(1 "1" 2 "2" 3 "3" 4 "4")                                                 //
> /
>         ytitle(`ytitle')                                                                  
>                               ///
>         xtitle("Estimated effect of ln MW on ln rents")                                 //
> /
>         xline(0, lcol(grey) lpat(dot))
  5. end

. 
. program build_ytitle, rclass
  1.         syntax, var(str)
  2. 
.         if "`var'" == "med_hhinc20105" {
  3.                 return local title "Quintiles of within state 2010 median household inc
> ome"
  4.         }
  5.         if "`var'" == "renthouse_share2010" {
  6.                 return local title "Quintiles of 2010 share of houses rent"
  7.         }
  8.         if "`var'" == "college_share20105" {
  9.                 return local title "Quintiles of 2010 college share"
 10.         }
 11.         if "`var'" == "black_share2010" {
 12.                 return local title "Quintiles of 2010 share of black individuals"
 13.         }
 14.         if "`var'" == "nonwhite_share2010" {
 15.                 return local title "Quintiles of 2010 share of non-white individuals"
 16.         }
 17.         if "`var'" == "work_county_share20105" {
 18.                 return local title "Quintiles of 2010 share who work in county"
 19.         }                 
 20. end

. 
. program comment_table
  1.         syntax, trend_lin(str) trend_sq(str)
  2. 
.         estadd local zs_trend           "`trend_lin'"   
  3.         estadd local zs_trend_sq        "`trend_sq'"
  4. end

. 
. main
(MWFE estimator converged in 1 iterations)

HDFE Linear regression                            Number of obs   =    112,232
Absorbing 1 HDFE group                            F(   1,     40) =       8.27
Statistics robust to heteroskedasticity           Prob > F        =     0.0064
                                                  R-squared       =     0.0223
                                                  Adj R-squared   =     0.0212
                                                  Within R-sq.    =     0.0002
Number of clusters (statefips) =         41       Root MSE        =     0.0279

                             (Std. Err. adjusted for 41 clusters in statefips)
------------------------------------------------------------------------------
D.           |               Robust
ln_med_ren~t |      Coef.   Std. Err.      t    P>|t|     [95% Conf. Interval]
-------------+----------------------------------------------------------------
       ln_mw |
         D1. |   .0378732   .0131719     2.88   0.006     .0112519    .0644945
------------------------------------------------------------------------------

Absorbed degrees of freedom:
-----------------------------------------------------+
 Absorbed FE | Categories  - Redundant  = Num. Coefs |
-------------+---------------------------------------|
  year_month |       118           0         118     |
-----------------------------------------------------+

added macro:
           e(zs_trend) : "No"

added macro:
        e(zs_trend_sq) : "No"
(MWFE estimator converged in 5 iterations)

HDFE Linear regression                            Number of obs   =    112,232
Absorbing 2 HDFE groups                           F(   1,     40) =       8.61
Statistics robust to heteroskedasticity           Prob > F        =     0.0055
                                                  R-squared       =     0.0241
                                                  Adj R-squared   =     0.0130
                                                  Within R-sq.    =     0.0002
Number of clusters (statefips) =         41       Root MSE        =     0.0280

                             (Std. Err. adjusted for 41 clusters in statefips)
------------------------------------------------------------------------------
D.           |               Robust
ln_med_ren~t |      Coef.   Std. Err.      t    P>|t|     [95% Conf. Interval]
-------------+----------------------------------------------------------------
       ln_mw |
         D1. |   .0365179   .0124445     2.93   0.006     .0113665    .0616692
------------------------------------------------------------------------------

Absorbed degrees of freedom:
-----------------------------------------------------+
 Absorbed FE | Categories  - Redundant  = Num. Coefs |
-------------+---------------------------------------|
  year_month |       118           0         118     |
     zipcode |      1143        1143           0    *|
-----------------------------------------------------+
* = FE nested within cluster; treated as redundant for DoF computation
(est2 stored)

added macro:
           e(zs_trend) : "Yes"

added macro:
        e(zs_trend_sq) : "No"
(MWFE estimator converged in 29 iterations)

HDFE Linear regression                            Number of obs   =    112,232
Absorbing 3 HDFE groups                           F(   1,     40) =       8.67
Statistics robust to heteroskedasticity           Prob > F        =     0.0054
                                                  R-squared       =     0.0267
                                                  Adj R-squared   =     0.0054
                                                  Within R-sq.    =     0.0002
Number of clusters (statefips) =         41       Root MSE        =     0.0281

                             (Std. Err. adjusted for 41 clusters in statefips)
------------------------------------------------------------------------------
D.           |               Robust
ln_med_ren~t |      Coef.   Std. Err.      t    P>|t|     [95% Conf. Interval]
-------------+----------------------------------------------------------------
       ln_mw |
         D1. |   .0352191   .0119625     2.94   0.005      .011042    .0593961
------------------------------------------------------------------------------

Absorbed degrees of freedom:
----------------------------------------------------------------+
            Absorbed FE | Categories  - Redundant  = Num. Coefs |
------------------------+---------------------------------------|
             year_month |       118           0         118     |
                zipcode |      1143        1143           0    *|
 zipcode#c.trend_times2 |      1143           0        1143    ?|
----------------------------------------------------------------+
? = number of redundant parameters may be higher
* = FE nested within cluster; treated as redundant for DoF computation
(est3 stored)

added macro:
           e(zs_trend) : "Yes"

added macro:
        e(zs_trend_sq) : "Yes"
(note: file ../output/fd_table.tex not found)
(output written to ../output/fd_table.tex)
(MWFE estimator converged in 1 iterations)

HDFE Linear regression                            Number of obs   =    106,446
Absorbing 1 HDFE group                            F(  11,     40) =       3.79
Statistics robust to heteroskedasticity           Prob > F        =     0.0009
                                                  R-squared       =     0.0226
                                                  Adj R-squared   =     0.0215
                                                  Within R-sq.    =     0.0004
Number of clusters (statefips) =         41       Root MSE        =     0.0279

                             (Std. Err. adjusted for 41 clusters in statefips)
------------------------------------------------------------------------------
D.           |               Robust
ln_med_ren~t |      Coef.   Std. Err.      t    P>|t|     [95% Conf. Interval]
-------------+----------------------------------------------------------------
       ln_mw |
        F5D. |  -.0071961   .0068719    -1.05   0.301    -.0210848    .0066926
        F4D. |   .0069094   .0077621     0.89   0.379    -.0087785    .0225972
        F3D. |   .0095056   .0092901     1.02   0.312    -.0092703    .0282816
        F2D. |   .0008919   .0116974     0.08   0.940    -.0227495    .0245332
         FD. |  -.0073176   .0113002    -0.65   0.521     -.030156    .0155209
         D1. |   .0381619   .0132722     2.88   0.006     .0113378     .064986
         LD. |   .0093025   .0067187     1.38   0.174    -.0042766    .0228816
        L2D. |  -.0067002   .0166521    -0.40   0.690    -.0403554     .026955
        L3D. |   .0071791   .0064774     1.11   0.274    -.0059121    .0202703
        L4D. |   .0115839   .0092436     1.25   0.217    -.0070981     .030266
        L5D. |   .0095719   .0079227     1.21   0.234    -.0064405    .0255844
------------------------------------------------------------------------------

Absorbed degrees of freedom:
-----------------------------------------------------+
 Absorbed FE | Categories  - Redundant  = Num. Coefs |
-------------+---------------------------------------|
  year_month |       109           0         109     |
-----------------------------------------------------+

added macro:
           e(zs_trend) : "No"

added macro:
        e(zs_trend_sq) : "No"

 ( 1)  F5D.ln_mw = 0
 ( 2)  F4D.ln_mw = 0
 ( 3)  F3D.ln_mw = 0
 ( 4)  F2D.ln_mw = 0
 ( 5)  FD.ln_mw = 0

       F(  5,    40) =    1.14
            Prob > F =    0.3554

added scalar:
          e(p_value_F) =  .35543372

Generated variables:
              storage   display    value
variable name   type    format     label      variable label
--------------------------------------------------------------------------------------------
__by            byte    %9.0g      __by       subgraph ID
__plot          byte    %9.0g      __plot     plot ID
__at            byte    %9.0g                 plot position (category axis)
__mlbl          str1    %9s                   marker label
__mlpos         byte    %9.0g                 marker label position
__b             float   %9.0g                 coefficient
__V             float   %9.0g                 variance
__se            float   %9.0g                 standard error
__t             float   %9.0g                 t or z statistic
__df            byte    %9.0g                 degrees of freedom
__pval          float   %9.0g                 p-value
__ll1           float   %9.0g                 CI1: lower limit
__ul1           float   %9.0g                 CI1: upper limit
(156,589 observations deleted)
(6 missing values generated)
(6 real changes made)
(6 missing values generated)
(6 real changes made)
(6 missing values generated)
(6 real changes made)
(note: file ../temp/plot_coeffs.dta not found)
file ../temp/plot_coeffs.dta saved
Confidence interval for formula:
D1.ln_mw+LD.ln_mw+L2D.ln_mw+L3D.ln_mw+L4D.ln_mw+L5D.ln_mw

------------------------------------------------------------------------------
D.           |
ln_med_ren~t |      Coef.   Std. Err.      t    P>|t|     [95% Conf. Interval]
-------------+----------------------------------------------------------------
         (1) |   .0690991   .0443266     1.56   0.127    -.0204883    .1586866
------------------------------------------------------------------------------

added macro:
           e(zs_trend) : "No"

added macro:
        e(zs_trend_sq) : "No"

Generated variables:
              storage   display    value
variable name   type    format     label      variable label
--------------------------------------------------------------------------------------------
__by            byte    %9.0g      __by       subgraph ID
__plot          byte    %9.0g      __plot     plot ID
__at            byte    %9.0g                 plot position (category axis)
__mlbl          str1    %9s                   marker label
__mlpos         byte    %9.0g                 marker label position
__b             float   %9.0g                 coefficient
__V             float   %9.0g                 variance
__se            float   %9.0g                 standard error
__t             float   %9.0g                 t or z statistic
__df            byte    %9.0g                 degrees of freedom
__pval          float   %9.0g                 p-value
__ll1           float   %9.0g                 CI1: lower limit
__ul1           float   %9.0g                 CI1: upper limit
        time variable:  at, 1 to 6
                delta:  1 unit
(156,594 observations deleted)
(5 real changes made)
(6 real changes made)

    Result                           # of obs.
    -----------------------------------------
    not matched                             5
        from master                         0  
        from using                          5  

    matched                                 6  
    -----------------------------------------
(5 real changes made)
(5 real changes made)
(5 real changes made)
(5 real changes made)
(5 real changes made)
(note:  named style grey not found in class color, default attributes used)
(file /Users/gabriborg/Dropbox (Brown)/research/min_wage_rent/analysis/first_differences_wgt
> /code/../output/fd_models.png written in PNG format)
(MWFE estimator converged in 5 iterations)

HDFE Linear regression                            Number of obs   =    106,446
Absorbing 2 HDFE groups                           F(  11,     40) =       4.75
Statistics robust to heteroskedasticity           Prob > F        =     0.0001
                                                  R-squared       =     0.0246
                                                  Adj R-squared   =     0.0129
                                                  Within R-sq.    =     0.0003
Number of clusters (statefips) =         41       Root MSE        =     0.0280

                             (Std. Err. adjusted for 41 clusters in statefips)
------------------------------------------------------------------------------
D.           |               Robust
ln_med_ren~t |      Coef.   Std. Err.      t    P>|t|     [95% Conf. Interval]
-------------+----------------------------------------------------------------
       ln_mw |
        F5D. |  -.0083172   .0068665    -1.21   0.233    -.0221949    .0055606
        F4D. |   .0056755   .0072609     0.78   0.439    -.0089993    .0203504
        F3D. |   .0082176   .0090547     0.91   0.370    -.0100826    .0265178
        F2D. |  -.0004063   .0114659    -0.04   0.972    -.0235797    .0227671
         FD. |  -.0086101   .0115921    -0.74   0.462    -.0320387    .0148184
         D1. |   .0369417   .0127087     2.91   0.006     .0112565    .0626269
         LD. |   .0078104   .0070554     1.11   0.275    -.0064492    .0220699
        L2D. |  -.0082256   .0167123    -0.49   0.625    -.0420025    .0255512
        L3D. |   .0056058   .0059978     0.93   0.356    -.0065162    .0177277
        L4D. |   .0100134    .009392     1.07   0.293    -.0089686    .0289954
        L5D. |   .0079824   .0080834     0.99   0.329    -.0083547    .0243195
------------------------------------------------------------------------------

Absorbed degrees of freedom:
-----------------------------------------------------+
 Absorbed FE | Categories  - Redundant  = Num. Coefs |
-------------+---------------------------------------|
  year_month |       109           0         109     |
     zipcode |      1143        1143           0    *|
-----------------------------------------------------+
* = FE nested within cluster; treated as redundant for DoF computation

added macro:
           e(zs_trend) : "Yes"

added macro:
        e(zs_trend_sq) : "No"

 ( 1)  F5D.ln_mw = 0
 ( 2)  F4D.ln_mw = 0
 ( 3)  F3D.ln_mw = 0
 ( 4)  F2D.ln_mw = 0
 ( 5)  FD.ln_mw = 0

       F(  5,    40) =    1.12
            Prob > F =    0.3629

added scalar:
          e(p_value_F) =  .36287458
Confidence interval for formula:
D1.ln_mw+LD.ln_mw+L2D.ln_mw+L3D.ln_mw+L4D.ln_mw+L5D.ln_mw

------------------------------------------------------------------------------
D.           |
ln_med_ren~t |      Coef.   Std. Err.      t    P>|t|     [95% Conf. Interval]
-------------+----------------------------------------------------------------
         (1) |    .060128   .0437109     1.38   0.177     -.028215     .148471
------------------------------------------------------------------------------

added macro:
           e(zs_trend) : "Yes"

added macro:
        e(zs_trend_sq) : "No"
(MWFE estimator converged in 31 iterations)

HDFE Linear regression                            Number of obs   =    106,446
Absorbing 3 HDFE groups                           F(  11,     40) =       3.99
Statistics robust to heteroskedasticity           Prob > F        =     0.0006
                                                  R-squared       =     0.0276
                                                  Adj R-squared   =     0.0052
                                                  Within R-sq.    =     0.0003
Number of clusters (statefips) =         41       Root MSE        =     0.0281

                             (Std. Err. adjusted for 41 clusters in statefips)
------------------------------------------------------------------------------
D.           |               Robust
ln_med_ren~t |      Coef.   Std. Err.      t    P>|t|     [95% Conf. Interval]
-------------+----------------------------------------------------------------
       ln_mw |
        F5D. |  -.0110681   .0072215    -1.53   0.133    -.0256634    .0035272
        F4D. |   .0027003   .0069397     0.39   0.699    -.0113253    .0167259
        F3D. |   .0052643   .0099508     0.53   0.600    -.0148471    .0253757
        F2D. |  -.0033961    .011316    -0.30   0.766    -.0262666    .0194745
         FD. |  -.0116769   .0125834    -0.93   0.359     -.037109    .0137552
         D1. |    .034038   .0117149     2.91   0.006     .0103614    .0577147
         LD. |   .0043337   .0069075     0.63   0.534    -.0096269    .0182942
        L2D. |   -.011739   .0157516    -0.75   0.460    -.0435741    .0200962
        L3D. |   .0020552   .0059691     0.34   0.732    -.0100089    .0141192
        L4D. |   .0064571   .0085766     0.75   0.456    -.0108769     .023791
        L5D. |   .0045173   .0073672     0.61   0.543    -.0103723    .0194069
------------------------------------------------------------------------------

Absorbed degrees of freedom:
----------------------------------------------------------------+
            Absorbed FE | Categories  - Redundant  = Num. Coefs |
------------------------+---------------------------------------|
             year_month |       109           0         109     |
                zipcode |      1143        1143           0    *|
 zipcode#c.trend_times2 |      1143           0        1143    ?|
----------------------------------------------------------------+
? = number of redundant parameters may be higher
* = FE nested within cluster; treated as redundant for DoF computation

added macro:
           e(zs_trend) : "Yes"

added macro:
        e(zs_trend_sq) : "Yes"

 ( 1)  F5D.ln_mw = 0
 ( 2)  F4D.ln_mw = 0
 ( 3)  F3D.ln_mw = 0
 ( 4)  F2D.ln_mw = 0
 ( 5)  FD.ln_mw = 0

       F(  5,    40) =    1.14
            Prob > F =    0.3577

added scalar:
          e(p_value_F) =  .35770242
Confidence interval for formula:
D1.ln_mw+LD.ln_mw+L2D.ln_mw+L3D.ln_mw+L4D.ln_mw+L5D.ln_mw

------------------------------------------------------------------------------
D.           |
ln_med_ren~t |      Coef.   Std. Err.      t    P>|t|     [95% Conf. Interval]
-------------+----------------------------------------------------------------
         (1) |   .0396622   .0370148     1.07   0.290    -.0351474    .1144718
------------------------------------------------------------------------------

added macro:
           e(zs_trend) : "Yes"

added macro:
        e(zs_trend_sq) : "Yes"
(note: file ../output/fd_dynamic_table.tex not found)
(output written to ../output/fd_dynamic_table.tex)
(note: file ../output/fd_dynamic_lincom_table.tex not found)
(output written to ../output/fd_dynamic_lincom_table.tex)
(MWFE estimator converged in 1 iterations)

HDFE Linear regression                            Number of obs   =    112,232
Absorbing 1 HDFE group                            F(   4,     40) =       8.60
Statistics robust to heteroskedasticity           Prob > F        =     0.0000
                                                  R-squared       =     0.0223
                                                  Adj R-squared   =     0.0213
                                                  Within R-sq.    =     0.0003
Number of clusters (statefips) =         41       Root MSE        =     0.0279

                                       (Std. Err. adjusted for 41 clusters in statefips)
----------------------------------------------------------------------------------------
                       |               Robust
   D.ln_med_rent_psqft |      Coef.   Std. Err.      t    P>|t|     [95% Conf. Interval]
-----------------------+----------------------------------------------------------------
 med_hhinc20105_st_qtl#|
             c.d_ln_mw |
                    1  |   .0546211   .0179216     3.05   0.004     .0184003    .0908419
                    2  |   .0396019   .0128388     3.08   0.004     .0136537    .0655501
                    3  |   .0375911   .0286553     1.31   0.197    -.0203234    .0955056
                    4  |   .0025566   .0128988     0.20   0.844    -.0235129    .0286261
----------------------------------------------------------------------------------------

Absorbed degrees of freedom:
-----------------------------------------------------+
 Absorbed FE | Categories  - Redundant  = Num. Coefs |
-------------+---------------------------------------|
  year_month |       118           0         118     |
-----------------------------------------------------+
(note:  named style grey not found in class color, default attributes used)
(file /Users/gabriborg/Dropbox (Brown)/research/min_wage_rent/analysis/first_differences_wgt
> /code/../output/fd_static_heter_med_hhinc20105.png written in PNG format)
(MWFE estimator converged in 1 iterations)

HDFE Linear regression                            Number of obs   =    112,232
Absorbing 1 HDFE group                            F(   4,     40) =       5.22
Statistics robust to heteroskedasticity           Prob > F        =     0.0018
                                                  R-squared       =     0.0223
                                                  Adj R-squared   =     0.0212
                                                  Within R-sq.    =     0.0002
Number of clusters (statefips) =         41       Root MSE        =     0.0279

                                          (Std. Err. adjusted for 41 clusters in statefips)
-------------------------------------------------------------------------------------------
                          |               Robust
      D.ln_med_rent_psqft |      Coef.   Std. Err.      t    P>|t|     [95% Conf. Interval]
--------------------------+----------------------------------------------------------------
renthouse_share2010_st_~l#|
                c.d_ln_mw |
                       1  |   .0422803   .0132538     3.19   0.003     .0154933    .0690674
                       2  |   .0266941   .0124288     2.15   0.038     .0015746    .0518137
                       3  |   .0364778   .0225782     1.62   0.114    -.0091545      .08211
                       4  |   .0461516   .0184892     2.50   0.017     .0087835    .0835197
-------------------------------------------------------------------------------------------

Absorbed degrees of freedom:
-----------------------------------------------------+
 Absorbed FE | Categories  - Redundant  = Num. Coefs |
-------------+---------------------------------------|
  year_month |       118           0         118     |
-----------------------------------------------------+
(note:  named style grey not found in class color, default attributes used)
(file /Users/gabriborg/Dropbox (Brown)/research/min_wage_rent/analysis/first_differences_wgt
> /code/../output/fd_static_heter_renthouse_share2010.png written in PNG format)
(MWFE estimator converged in 1 iterations)

HDFE Linear regression                            Number of obs   =    112,232
Absorbing 1 HDFE group                            F(   4,     40) =       4.87
Statistics robust to heteroskedasticity           Prob > F        =     0.0027
                                                  R-squared       =     0.0223
                                                  Adj R-squared   =     0.0213
                                                  Within R-sq.    =     0.0003
Number of clusters (statefips) =         41       Root MSE        =     0.0279

                                          (Std. Err. adjusted for 41 clusters in statefips)
-------------------------------------------------------------------------------------------
                          |               Robust
      D.ln_med_rent_psqft |      Coef.   Std. Err.      t    P>|t|     [95% Conf. Interval]
--------------------------+----------------------------------------------------------------
college_share20105_st_qtl#|
                c.d_ln_mw |
                       1  |   .0547507   .0131548     4.16   0.000     .0281638    .0813376
                       2  |   .0443189   .0221311     2.00   0.052    -.0004097    .0890475
                       3  |   .0344995   .0233986     1.47   0.148    -.0127908    .0817898
                       4  |  -.0109214   .0120981    -0.90   0.372    -.0353726    .0135298
-------------------------------------------------------------------------------------------

Absorbed degrees of freedom:
-----------------------------------------------------+
 Absorbed FE | Categories  - Redundant  = Num. Coefs |
-------------+---------------------------------------|
  year_month |       118           0         118     |
-----------------------------------------------------+
(note:  named style grey not found in class color, default attributes used)
(file /Users/gabriborg/Dropbox (Brown)/research/min_wage_rent/analysis/first_differences_wgt
> /code/../output/fd_static_heter_college_share20105.png written in PNG format)
(MWFE estimator converged in 1 iterations)

HDFE Linear regression                            Number of obs   =    112,232
Absorbing 1 HDFE group                            F(   4,     40) =      13.81
Statistics robust to heteroskedasticity           Prob > F        =     0.0000
                                                  R-squared       =     0.0223
                                                  Adj R-squared   =     0.0212
                                                  Within R-sq.    =     0.0003
Number of clusters (statefips) =         41       Root MSE        =     0.0279

                                        (Std. Err. adjusted for 41 clusters in statefips)
-----------------------------------------------------------------------------------------
                        |               Robust
    D.ln_med_rent_psqft |      Coef.   Std. Err.      t    P>|t|     [95% Conf. Interval]
------------------------+----------------------------------------------------------------
 black_share2010_st_qtl#|
              c.d_ln_mw |
                     1  |   .0223437    .019184     1.16   0.251    -.0164286     .061116
                     2  |   .0284307   .0181322     1.57   0.125    -.0082158    .0650772
                     3  |   .0438923   .0110727     3.96   0.000     .0215136     .066271
                     4  |   .0549621   .0131221     4.19   0.000     .0284415    .0814828
-----------------------------------------------------------------------------------------

Absorbed degrees of freedom:
-----------------------------------------------------+
 Absorbed FE | Categories  - Redundant  = Num. Coefs |
-------------+---------------------------------------|
  year_month |       118           0         118     |
-----------------------------------------------------+
(note:  named style grey not found in class color, default attributes used)
(file /Users/gabriborg/Dropbox (Brown)/research/min_wage_rent/analysis/first_differences_wgt
> /code/../output/fd_static_heter_black_share2010.png written in PNG format)
(MWFE estimator converged in 1 iterations)

HDFE Linear regression                            Number of obs   =    112,232
Absorbing 1 HDFE group                            F(   4,     40) =       7.33
Statistics robust to heteroskedasticity           Prob > F        =     0.0002
                                                  R-squared       =     0.0223
                                                  Adj R-squared   =     0.0212
                                                  Within R-sq.    =     0.0003
Number of clusters (statefips) =         41       Root MSE        =     0.0279

                                          (Std. Err. adjusted for 41 clusters in statefips)
-------------------------------------------------------------------------------------------
                          |               Robust
      D.ln_med_rent_psqft |      Coef.   Std. Err.      t    P>|t|     [95% Conf. Interval]
--------------------------+----------------------------------------------------------------
nonwhite_share2010_st_qtl#|
                c.d_ln_mw |
                       1  |   .0485287   .0199934     2.43   0.020     .0081206    .0889368
                       2  |   .0115741   .0171294     0.68   0.503    -.0230457     .046194
                       3  |   .0464675   .0105879     4.39   0.000     .0250684    .0678665
                       4  |   .0410171   .0192261     2.13   0.039     .0021596    .0798745
-------------------------------------------------------------------------------------------

Absorbed degrees of freedom:
-----------------------------------------------------+
 Absorbed FE | Categories  - Redundant  = Num. Coefs |
-------------+---------------------------------------|
  year_month |       118           0         118     |
-----------------------------------------------------+
(note:  named style grey not found in class color, default attributes used)
(file /Users/gabriborg/Dropbox (Brown)/research/min_wage_rent/analysis/first_differences_wgt
> /code/../output/fd_static_heter_nonwhite_share2010.png written in PNG format)
(MWFE estimator converged in 1 iterations)

HDFE Linear regression                            Number of obs   =    112,232
Absorbing 1 HDFE group                            F(   4,     40) =      10.14
Statistics robust to heteroskedasticity           Prob > F        =     0.0000
                                                  R-squared       =     0.0223
                                                  Adj R-squared   =     0.0213
                                                  Within R-sq.    =     0.0003
Number of clusters (statefips) =         41       Root MSE        =     0.0279

                                          (Std. Err. adjusted for 41 clusters in statefips)
-------------------------------------------------------------------------------------------
                          |               Robust
      D.ln_med_rent_psqft |      Coef.   Std. Err.      t    P>|t|     [95% Conf. Interval]
--------------------------+----------------------------------------------------------------
work_county_share2~st_qtl#|
                c.d_ln_mw |
                       1  |   .0654023   .0161025     4.06   0.000     .0328579    .0979467
                       2  |   .0394273   .0114322     3.45   0.001     .0163219    .0625326
                       3  |   .0071005    .009865     0.72   0.476    -.0128374    .0270383
                       4  |   .0354486    .033185     1.07   0.292    -.0316208     .102518
-------------------------------------------------------------------------------------------

Absorbed degrees of freedom:
-----------------------------------------------------+
 Absorbed FE | Categories  - Redundant  = Num. Coefs |
-------------+---------------------------------------|
  year_month |       118           0         118     |
-----------------------------------------------------+
(note:  named style grey not found in class color, default attributes used)
(file /Users/gabriborg/Dropbox (Brown)/research/min_wage_rent/analysis/first_differences_wgt
> /code/../output/fd_static_heter_work_county_share20105.png written in PNG format)

. 
end of do-file

 make.py ended: 2020-10-01 11:09:43
