
 make.py started: 2020-12-04 19:09:20 C:\Users\shermo\Documents\GitHub\min_wage_rent\analysis\first_differences_wgt\code 




Execute:  StataMP-64 /e do "./preclean.do"

  ___  ____  ____  ____  ____ (R)
 /__    /   ____/   /   ____/
___/   /   /___/   /   /___/   15.1   Copyright 1985-2017 StataCorp LLC
  Statistics/Data Analysis            StataCorp
                                      4905 Lakeway Drive
     MP - Parallel Edition            College Station, Texas 77845 USA
                                      800-STATA-PC        http://www.stata.com
                                      979-696-4600        stata@stata.com
                                      979-696-4601 (fax)

Single-user 32-core Stata perpetual license:
       Serial number:  501506205566
         Licensed to:  KU Leuven FEB (CES)
                       KU Leuven

Notes:
      1.  Stata is running in batch mode.
      2.  Unicode is supported; see help unicode_advice.
      3.  More than 2 billion observations are allowed; see help obs_advice.
      4.  Maximum number of variables is set to 5000; see help set_maxvar.

. do ./preclean.do 

. clear all

. set more off

. adopath + ../../../lib/stata/gslab_misc/ado
  [1]  (BASE)      "C:\Program Files\Stata15\ado\base/"
  [2]  (SITE)      "C:\Program Files\Stata15\ado\site/"
  [3]              "."
  [4]  (PERSONAL)  "c:\ado\personal/"
  [5]  (PLUS)      "c:\ado\plus/"
  [6]  (OLDPLACE)  "c:\ado/"
  [7]              "../../../lib/stata/gslab_misc/ado"

. set maxvar 32000 


. 
. program main
  1.         local instub "../../../drive/derived_large/output"
  2.         local outstub "../temp"
  3.         local logfile "../output/data_file_manifest.log"
  4. 
. 
.         local weights_vars "renthouse_share2010 black_share2010 med_hhinc2010
> 5 college_share20105"
  5. 
.         use "`instub'/baseline_rent_panel.dta", clear 
  6.         keep zipcode place_code msa countyfips statefips                  
>                                               ///
>                 year_month calendar_month trend trend_sq trend_cu            
>                                            ///
>                 dactual_mw actual_mw medrentpricepsqft_*                     
>                                    ///
>                 med_hhinc20105 renthouse_share2010 white_share2010 black_shar
> e2010                      ///
>                 college_share20105 work_county_share20105 unemp_share20105 te
> en_share2010   ///
>                 estcount_* avgwwage_* emp_* u1*
  7. 
.         local het_vars "med_hhinc20105 renthouse_share2010 college_share20105
>  black_share2010"
  8.         local het_vars "`het_vars' unemp_share20105 teen_share2010" 
  9. 
.         create_vars,    log_vars(actual_mw medrentpricepsqft_* emp_* estcount
> _* avgwwage_* u1*)         ///
>                                         heterogeneity_vars(`het_vars')
 10.         
.         simplify_varnames
 11. 
.         xtset zipcode year_month
 12.         gen d_ln_mw = D.ln_mw
 13. 
.         make_weights, weights_vars(`weights_vars')
 14. 
.         save_data "`outstub'/fd_rent_panel.dta", key(zipcode year_month) repl
> ace log(`logfile')
 15. 
. end

. 
. program create_vars
  1.         syntax, log_vars(str) heterogeneity_vars(str)
  2. 
.         local log_vars_expanded "" 
  3.         foreach v in `log_vars' {
  4.                 unab this_var: `v'
  5.                 local log_vars_expanded `"`log_vars_expanded' `this_var'"'
  6.         }
  7.         unab bpsvars: u1*
  8.         foreach var in `bpsvars' {
  9.                 replace `var' = 1 + `var'
 10.         }
 11.         foreach var in `log_vars_expanded' {
 12.                 gen ln_`var' = ln(`var')
 13.         }
 14. 
.         gen nonwhite_share2010 = 1 - white_share2010
 15.         
.         gen trend_times2 = 2*trend
 16. 
.         foreach var in `heterogeneity_vars' {
 17.                 gquantiles `var'_nat_qtl = `var', xtile nq(4)
 18. 
.                 gquantiles `var'_st_qtl  = `var', xtile nq(4) by(statefips)
 19.         }
 20. end

. 
. program simplify_varnames
  1.         
.         cap rename ln_actual_mw                  ln_mw 
  2.         cap rename ln_medrentpricepsqft_sfcc     ln_med_rent_psqft_sfcc
  3.         cap rename ln_medrentpricepsqft_2br      ln_med_rent_psqft_2br
  4.         cap rename ln_medrentpricepsqft_mfr5plus ln_med_rent_psqft_mfr5plu
> s
  5. 
. end

. 
. program make_weights
  1.         syntax, weights_vars(str)
  2.         * balancing procedure: add ,in the right order the target average 
> values from analysis/descriptive/output/desc_stats.tex
.         preserve
  3.         keep if year_month==tm(2019m12)
  4.         ebalance `weights_vars', manualtargets(.347 .124 62774 .386)
  5.         rename _webal wgt_cbsa100
  6.         keep zipcode wgt_cbsa100
  7.         tempfile cbsa_weights
  8.         save "`cbsa_weights'", replace 
  9.         restore
 10.         merge m:1 zipcode using `cbsa_weights', nogen assert(1 2 3) keep(1
>  3)
 11. end 

. 
. main
(136,332 real changes made)
(136,332 real changes made)
(136,332 real changes made)
(136,332 real changes made)
(136,332 real changes made)
(136,332 real changes made)
(43,225 missing values generated)
(131,811 missing values generated)
(119,012 missing values generated)
(4,266 missing values generated)
(5,523 missing values generated)
(4,266 missing values generated)
(4,266 missing values generated)
(4,302 missing values generated)
(4,995 missing values generated)
(4,266 missing values generated)
(7,515 missing values generated)
(5,544 missing values generated)
(7,224 missing values generated)
(7,704 missing values generated)
(4,266 missing values generated)
(4,266 missing values generated)
(4,266 missing values generated)
(4,266 missing values generated)
(4,266 missing values generated)
(4,266 missing values generated)
(4,266 missing values generated)
(4,266 missing values generated)
(4,266 missing values generated)
(4,266 missing values generated)
(4,791 missing values generated)
(4,473 missing values generated)
(4,266 missing values generated)
(4,266 missing values generated)
(5,523 missing values generated)
(4,266 missing values generated)
(4,266 missing values generated)
(4,302 missing values generated)
(4,995 missing values generated)
(4,266 missing values generated)
(7,515 missing values generated)
(5,544 missing values generated)
(7,224 missing values generated)
(7,704 missing values generated)
(4,266 missing values generated)
(20,637 missing values generated)
(20,637 missing values generated)
(20,791 missing values generated)
(20,422 missing values generated)
(20,422 missing values generated)
(20,632 missing values generated)
       panel variable:  zipcode (strongly balanced)
        time variable:  year_month, 2010m1 to 2019m12
                delta:  1 month
(1,305 missing values generated)
(155,295 observations deleted)


Data Setup
Covariate adjustment: renthouse_share2010 black_share2010 med_hhinc20105 colleg
> e_share20105


Optimizing...
Iteration 1: Max Difference = 8726.7467
Iteration 2: Max Difference = 3208.73303
Iteration 3: Max Difference = 1178.77111
Iteration 4: Max Difference = 431.994909
Iteration 5: Max Difference = 157.284962
Iteration 6: Max Difference = 56.2614802
Iteration 7: Max Difference = 19.1930177
Iteration 8: Max Difference = 5.79014397
Iteration 9: Max Difference = 1.31516698
Iteration 10: Max Difference = .173539226
Iteration 11: Max Difference = .00600859
maximum difference smaller than the tolerance level; convergence achieved


No. of units adjusted: 1305 total of weights: 1305


Before: without weighting

             |      mean   variance   skewness 
-------------+---------------------------------
renthou~2010 |     .3835     .03113      .8091 
black_s~2010 |      .166     .04015      2.117 
med_hh~20105 |     66920   6.04e+08      .9423 
colleg~20105 |     .4448     .02768      .4567 


After:  _webal as the weighting variable

             |      mean   variance   skewness 
-------------+---------------------------------
renthou~2010 |     .3471     .02386      1.056 
black_s~2010 |     .1241     .02033      2.758 
med_hh~20105 |     62776   4.36e+08      1.027 
colleg~20105 |     .3861     .02062      .6374 
(note: file C:\Users\shermo\AppData\Local\Temp\9\ST_2f88_000003.tmp not found)
file C:\Users\shermo\AppData\Local\Temp\9\ST_2f88_000003.tmp saved

    Result                           # of obs.
    -----------------------------------------
    not matched                             0
    matched                           156,600  
    -----------------------------------------
(data now sorted by zipcode year_month)
  variable trend_times2 was float now int
  (313,200 bytes saved)
============================================================================
File: ../temp/fd_rent_panel.dta
Key: zipcode year_month
============================================================================
  156600:127(116383):1485015335:1264754273

    Variable |        Obs        Mean    Std. Dev.       Min        Max
-------------+---------------------------------------------------------
     zipcode |    156,600    51920.57    29185.78       2113      99577
  year_month |    156,600       659.5    34.63992        600        719
  place_code |    129,840    40657.65    22564.03        410      87240
  countyfips |    156,240    24077.04    16484.28       1003      56021
   statefips |    156,600    23.97854    16.42626          1         56
-------------+---------------------------------------------------------
   actual_mw |    156,600     8.07779    1.207718       7.25         16
  dactual_mw |    156,600    .0152048    .1121804          0       2.21
calendar_m~h |    156,600         6.5    3.452064          1         12
         msa |    156,600    436.1801    240.1675         12        860
       trend |    156,600       225.5    34.63992        166        285
-------------+---------------------------------------------------------
    trend_sq |    156,600    52050.17    15659.42      27556      81225
    trend_cu |    156,600    1.23e+07     5408203    4574296   2.31e+07
medrentpri~c |    113,375    1.188344    .7824813   .4180214   6.731387
medrentpri~r |     24,789     1.84165    .9184999   .5015197   6.499599
medrentpri~s |     37,588    1.842276    1.001968   .5106889    6.48415
-------------+---------------------------------------------------------
white_s~2010 |    156,600    .5392018    .2225559   .0037838   .9401773
black_s~2010 |    156,600     .165993    .2003044    .003148   .9753076
teen_sh~2010 |    156,600    .1391686    .0481773   .0154552   .6235335
renthou~2010 |    156,600    .3834818     .176359   .0644567   .9662035
work_c~20105 |    156,600    .7557563    .2036341   .1421741    .995271
-------------+---------------------------------------------------------
colleg~20105 |    156,600    .4447718    .1662964   .0856991   .9082218
unemp_~20105 |    156,600    .0918395    .0398028   .0211286   .3417086
med_hh~20105 |    156,600    66919.72    24575.33   20527.66   191553.2
estcount_b~v |    152,334    9999.109    9479.666         60      56758
avgwwage_b~v |    152,334    1252.943     434.753        226       4727
-------------+---------------------------------------------------------
 emp_bizserv |    152,334    134280.4    143863.4        329     640795
estcount_c~t |    152,334    3240.845    2964.949         35      17066
avgwwage_c~t |    152,334    1101.682    300.2516          0       2610
   emp_const |    152,334    33961.34    34828.34          0     173791
estcount_e~e |    152,334    8227.076     21233.7         48     245237
-------------+---------------------------------------------------------
avgwwage_e~e |    152,334    941.4742    149.2963        415       1975
   emp_eduhe |    152,334    115818.9    123147.9        481     832830
estcount_f~v |    152,334    114.6276    78.41071          3        456
avgwwage_f~v |    152,334    1433.107    237.0973        654       2724
  emp_fedgov |    152,334    13996.36    16476.49         42     215436
-------------+---------------------------------------------------------
estcount_fin |    152,334    5103.827    5200.065         31      30405
avgwwage_fin |    152,334    1561.778    965.2728          0       9557
     emp_fin |    152,334    59554.22    75796.09          0     397839
estcount_i~o |    152,334    920.5367    1381.953          4      13271
avgwwage_i~o |    152,334    1505.066    619.8231          0       7380
-------------+---------------------------------------------------------
    emp_info |    152,334     21041.8    35131.53          0     238776
estcount_l~s |    152,334     4278.02    4708.982         27      39458
avgwwage_l~s |    152,334    446.7155    134.2174        203       1131
    emp_leis |    152,334    93083.36    93941.89        279     551950
estcount_l~v |    152,334    307.0999    500.6009          1       4213
-------------+---------------------------------------------------------
avgwwage_l~v |    152,334     961.066    234.2175          0       2042
  emp_locgov |    152,334    72440.11     83733.3          0     463616
estcount_m~u |    152,334    1585.705    1954.571         10      13469
avgwwage_m~u |    152,334    1272.821    396.7011          0       4970
    emp_manu |    152,334    47066.83    62216.94          0     376653
-------------+---------------------------------------------------------
estcount_n~s |    151,809    211.8503    322.4773          1       1859
avgwwage_n~s |    151,809     1133.13    862.1372          0       8606
  emp_natres |    151,809    5209.702    14255.94          0      97846
estcount_s~v |    152,127    140.9174    411.2392          1       5969
avgwwage_s~v |    152,127    1014.599    299.7829          0       2572
-------------+---------------------------------------------------------
   emp_stgov |    152,127    15702.68     16274.8          0     114555
estcount_t~p |    152,334    9407.097    9423.344         84      59615
avgwwage_t~p |    152,334    861.6176    200.9456        356       3193
  emp_transp |    152,334    143870.8    144966.3        629     872187
    u1_bldgs |    136,332    274.6464    358.5711      -1621       2688
-------------+---------------------------------------------------------
    u1_units |    136,332    274.6464    358.5711      -1621       2688
    u1_value |    136,332    6.74e+07    8.85e+07  -1.35e+08   6.43e+08
 u1rep_bldgs |    136,332    262.2207    357.1151       -477       3759
 u1rep_units |    136,332    262.2207    357.1151       -477       3759
 u1rep_value |    136,332    6.48e+07    8.80e+07  -1.32e+08   8.74e+08
-------------+---------------------------------------------------------
       ln_mw |    156,600    2.079602    .1327775   1.981001   2.772589
ln_med_ren~c |    113,375    .0472541    .4493362  -.8722228   1.906781
ln_med_ren~r |     24,789    .5040377    .4535385  -.6901123    1.87174
ln_med_ren~s |     37,588    .4931396     .468299  -.6719947   1.869361
ln_emp_biz~v |    152,334     11.1079    1.386833   5.796058   13.37047
-------------+---------------------------------------------------------
ln_emp_const |    151,077    9.898243    1.163929    5.31812   12.06561
ln_emp_eduhe |    152,334    11.04979    1.265752   6.175867   13.63258
ln_emp_fed~v |    152,334    8.916783    1.366298    3.73767   12.28042
  ln_emp_fin |    152,298     10.1951    1.453844   4.454347    12.8938
 ln_emp_info |    151,605    9.006354    1.549054   2.397895   12.38328
-------------+---------------------------------------------------------
 ln_emp_leis |    152,334    10.86029    1.201423   5.631212   13.22121
ln_emp_loc~v |    149,085    10.64621    1.126278   7.035269   13.04681
 ln_emp_manu |    151,056    10.03149    1.300125   4.543295   12.83908
ln_emp_nat~s |    149,376    6.965424    1.822514   .6931472   11.49115
ln_emp_stgov |    148,896    9.034368    1.379967   3.433987   11.64881
-------------+---------------------------------------------------------
ln_emp_tra~p |    152,334    11.32724     1.17516   6.444131   13.67876
ln_estcou~rv |    152,334    8.631197    1.247367   4.094345   10.94655
ln_estcoun~t |    152,334    7.635146     1.03843   3.555348   9.744843
ln_estcoun~e |    152,334    8.181607    1.281123   3.871201   12.40998
ln_estc~dgov |    152,334    4.473625    .8084444   1.098612   6.122493
-------------+---------------------------------------------------------
ln_estcoun~n |    152,334    7.954898    1.209698   3.433987   10.32236
ln_estcoun~o |    152,334    6.071164    1.338014   1.386294   9.493337
ln_estcou~is |    152,334    7.826022    1.132301   3.295837   10.58299
ln_estc~cgov |    152,334    5.011076    1.182188          0    8.34593
ln_estcoun~u |    152,334    6.723795    1.232672   2.302585   9.508146
-------------+---------------------------------------------------------
ln_estcou~es |    151,809    4.487069    1.396346          0   7.527794
ln_estc~tgov |    152,127    4.153889    1.108505          0   8.694335
ln_estcoun~p |    152,334    8.611839    1.149419   4.430817   10.99566
ln_avgwwa~rv |    152,334    7.078706    .3263035   5.420535   8.461046
ln_avgwwag~t |    151,077    6.982886    .2416808   6.122493   7.867105
-------------+---------------------------------------------------------
ln_avgwwag~e |    152,334    6.835008    .1581563   6.028278   7.588324
ln_avgw~dgov |    152,334    7.254022    .1652383   6.483108   7.909857
ln_avgwwag~n |    152,298    7.248893    .4144532   6.180017    9.16503
ln_avgwwag~o |    151,605    7.255309    .3551167   5.888878   8.906528
ln_avgwwa~is |    152,334    6.062217    .2759297   5.313206   7.030858
-------------+---------------------------------------------------------
ln_avgw~cgov |    149,085    6.872029    .1862849    6.05444   7.621685
ln_avgwwag~u |    151,056    7.120257    .2655766   6.139884   8.511175
ln_avgwwa~es |    149,376    6.864454    .5646283   5.384495   9.060215
ln_avgw~tgov |    148,896    6.912519    .2494281   6.001415   7.852439
ln_avgwwag~p |    152,334     6.73349    .2227761   5.874931   8.068716
-------------+---------------------------------------------------------
 ln_u1_bldgs |    135,963    4.775056    1.589248          0   7.896553
 ln_u1_units |    135,963    4.775056    1.589248          0   7.896553
 ln_u1_value |    135,809    16.64258    3.649391          0   20.28197
ln_u1rep_b~s |    136,178    4.599205    1.755203          0   8.231908
ln_u1rep_u~s |    136,178    4.599205    1.755203          0   8.231908
-------------+---------------------------------------------------------
ln_u1rep_v~e |    135,968    16.17866    4.454632          0   20.58904
nonwhit~2010 |    156,600    .4607982    .2225559   .0598227   .9962162
trend_times2 |    156,600         451    69.27985        332        570
med_h~at_qtl |    156,600    2.498851     1.11838          1          4
med_h~st_qtl |    156,600    2.467433    1.120644          1          4
-------------+---------------------------------------------------------
renth~at_qtl |    156,600    2.498851     1.11838          1          4
renth~st_qtl |    156,600    2.467433    1.120644          1          4
colle~at_qtl |    156,600    2.498851     1.11838          1          4
colle~st_qtl |    156,600    2.467433    1.120644          1          4
black~at_qtl |    156,600    2.498851     1.11838          1          4
-------------+---------------------------------------------------------
black~st_qtl |    156,600    2.467433    1.120644          1          4
unemp~at_qtl |    156,600    2.498851     1.11838          1          4
unemp~st_qtl |    156,600    2.467433    1.120644          1          4
teen_~at_qtl |    156,600    2.498851     1.11838          1          4
teen_~st_qtl |    156,600    2.467433    1.120644          1          4
-------------+---------------------------------------------------------
     d_ln_mw |    155,295    .0016445    .0119584   -.290338   .2412503
 wgt_cbsa100 |    156,600           1    .5592966   .1567998   3.837467




(note: file ../temp/fd_rent_panel.dta not found)
file ../temp/fd_rent_panel.dta saved

. 
end of do-file


Execute:  StataMP-64 /e do "./figures.do"

  ___  ____  ____  ____  ____ (R)
 /__    /   ____/   /   ____/
___/   /   /___/   /   /___/   15.1   Copyright 1985-2017 StataCorp LLC
  Statistics/Data Analysis            StataCorp
                                      4905 Lakeway Drive
     MP - Parallel Edition            College Station, Texas 77845 USA
                                      800-STATA-PC        http://www.stata.com
                                      979-696-4600        stata@stata.com
                                      979-696-4601 (fax)

Single-user 32-core Stata perpetual license:
       Serial number:  501506205566
         Licensed to:  KU Leuven FEB (CES)
                       KU Leuven

Notes:
      1.  Stata is running in batch mode.
      2.  Unicode is supported; see help unicode_advice.
      3.  More than 2 billion observations are allowed; see help obs_advice.
      4.  Maximum number of variables is set to 5000; see help set_maxvar.

. do ./figures.do 

. clear all

. set more off

. adopath + ../../../lib/stata/gslab_misc/ado
  [1]  (BASE)      "C:\Program Files\Stata15\ado\base/"
  [2]  (SITE)      "C:\Program Files\Stata15\ado\site/"
  [3]              "."
  [4]  (PERSONAL)  "c:\ado\personal/"
  [5]  (PLUS)      "c:\ado\plus/"
  [6]  (OLDPLACE)  "c:\ado/"
  [7]              "../../../lib/stata/gslab_misc/ado"

. adopath + ../../../lib/stata/min_wage/ado
  [1]  (BASE)      "C:\Program Files\Stata15\ado\base/"
  [2]  (SITE)      "C:\Program Files\Stata15\ado\site/"
  [3]              "."
  [4]  (PERSONAL)  "c:\ado\personal/"
  [5]  (PLUS)      "c:\ado\plus/"
  [6]  (OLDPLACE)  "c:\ado/"
  [7]              "../../../lib/stata/gslab_misc/ado"
  [8]              "../../../lib/stata/min_wage/ado"

. set maxvar 32000 


. 
. program main
  1.         local instub "../temp"
  2.         local outstub "../output"
  3. 
.         use "`instub'/fd_rent_panel.dta", clear
  4. 
.         build_coeff_plot_comp, depvar(ln_med_rent_psqft_sfcc) absorb(year_mon
> th) ///
>                 cluster(statefips)
  5. 
. end

. 
. 
. 
. program build_coeff_plot_comp
  1.         syntax, depvar(str) absorb(str) cluster(str) [w(int 5) t_plot(real
>  1.645) offset(real 0.095)]
  2. 
.         define_controls estcount avgwwage
  3.         local emp_ctrls "`r(emp_ctrls)'"
  4.         local estcount_ctrls "`r(estcount_ctrls)'"
  5.         local avgwwage_ctrls "`r(avgwwage_ctrls)'"
  6. 
.         local controls `"`emp_ctrls' `estcount_ctrls' `avgwwage_ctrls'"'
  7. 
.         *cumulative base
.         preserve 
  8.         qui reghdfe D.`depvar' L(-`w'/`w').D.ln_mw D.(`controls'), absorb(
> `absorb') vce(cluster `cluster') nocons
  9.         local w_halfspan = `w' + 1
 10.         matrix CUMBASE = J(`w_halfspan', 5, .)
 11.         matrix colname CUMBASE = "at" "cumsum_base_b" "cumsum_base_se" "cu
> msum_base_lb" "cumsum_base_ub"
 12.         local firstcoeff = "D1.ln_mw"
 13.         local cumcoeff = `"`firstcoeff'"'
 14.         matrix  CUMBASE[1, 1] = 0
 15.         lincomest `firstcoeff'
 16.         mat b = e(b)
 17.         mat V = e(V)
 18.         matrix CUMBASE[1,2] = b[1,1]
 19.         matrix CUMBASE[1,3] = V[1,1]^.5
 20.         matrix CUMBASE[1,4] = b[1, 1] - `t_plot'*V[1, 1]^.5
 21.         matrix CUMBASE[1,5] = b[1, 1] + `t_plot'*V[1, 1]^.5
 22.         forval i = 1/`w' {
 23.                 qui reghdfe D.`depvar' L(-`w'/`w').D.ln_mw D.(`controls'),
>  absorb(`absorb') vce(cluster `cluster') nocons
 24.                 local at = `i' + 1
 25.                 local cumcoeff = `"`cumcoeff' + L`i'D.ln_mw"'
 26.                 lincomest `cumcoeff'
 27.                 mat b = e(b)
 28.                 mat V = e(V)
 29.                 matrix CUMBASE[`at',1] = `i'
 30.                 matrix CUMBASE[`at',2] = b[1,1]
 31.                 matrix CUMBASE[`at',3] = V[1,1]^.5
 32.                 matrix CUMBASE[`at',4] = b[1, 1] - `t_plot'*V[1, 1]^.5
 33.                 matrix CUMBASE[`at',5] = b[1, 1] + `t_plot'*V[1, 1]^.5
 34.         }
 35.         svmat double CUMBASE, name(col) 
 36.         keep at cumsum_*
 37.         drop if missing(at)
 38.         replace at = at + `w' + 1
 39.         save "../temp/cumsum_base.dta", replace 
 40.         restore
 41. 
.         *regular base
.         qui reghdfe D.`depvar' L(-`w'/`w').D.ln_mw D.(`controls'), absorb(`ab
> sorb') vce(cluster `cluster') nocons
 42.         preserve
 43.                 coefplot, vertical base gen
 44.                 keep __at __b __se
 45.                 rename (__at __b __se) (at b_full se_full)
 46.                 
.                 local winspan = 2*`w' + 1
 47.                 keep if _n<=`winspan'
 48.                 keep if !missing(at)
 49. 
.                 gen b_full_lb = b_full - `t_plot'*se_full
 50.                 gen b_full_ub = b_full + `t_plot'*se_full
 51. 
.                 save "../temp/plot_coeffs_base.dta", replace
 52.         restore
 53. 
.         *cumsum reweighted 
.         preserve 
 54.         qui reghdfe D.`depvar' L(-`w'/`w').D.ln_mw D.(`controls') [pw = wg
> t_cbsa100], absorb(`absorb') vce(cluster `cluster') nocons
 55.         local w_halfspan = `w' + 1
 56.         matrix CUMBASE = J(`w_halfspan', 5, .)
 57.         matrix colname CUMBASE = "at" "cumsum_wgt_b" "cumsum_wgt_se" "cums
> um_wgt_lb" "cumsum_wgt_ub"
 58.         local firstcoeff = "D1.ln_mw"
 59.         local cumcoeff = `"`firstcoeff'"'
 60.         matrix  CUMBASE[1, 1] = 0
 61.         lincomest `firstcoeff'
 62.         mat b = e(b)
 63.         mat V = e(V)
 64.         matrix CUMBASE[1,2] = b[1,1]
 65.         matrix CUMBASE[1,3] = V[1,1]^.5
 66.         matrix CUMBASE[1,4] = b[1, 1] - `t_plot'*V[1, 1]^.5
 67.         matrix CUMBASE[1,5] = b[1, 1] + `t_plot'*V[1, 1]^.5
 68.         forval i = 1/`w' {
 69.                 qui reghdfe D.`depvar' L(-`w'/`w').D.ln_mw D.(`controls') 
> [pw = wgt_cbsa100], absorb(`absorb') vce(cluster `cluster') nocons
 70.                 local at = `i' + 1
 71.                 local cumcoeff = `"`cumcoeff' + L`i'D.ln_mw"'
 72.                 lincomest `cumcoeff'
 73.                 mat b = e(b)
 74.                 mat V = e(V)
 75.                 matrix CUMBASE[`at',1] = `i'
 76.                 matrix CUMBASE[`at',2] = b[1,1]
 77.                 matrix CUMBASE[`at',3] = V[1,1]^.5
 78.                 matrix CUMBASE[`at',4] = b[1, 1] - `t_plot'*V[1, 1]^.5
 79.                 matrix CUMBASE[`at',5] = b[1, 1] + `t_plot'*V[1, 1]^.5
 80.         }
 81.         svmat double CUMBASE, name(col) 
 82.         keep at cumsum_*
 83.         drop if missing(at)
 84.         replace at = at + `w' + 1
 85.         save "../temp/cumsum_wgt.dta", replace 
 86.         restore
 87. 
.         qui reghdfe D.`depvar' L(-`w'/`w').D.ln_mw D.(`controls') [pw = wgt_c
> bsa100], ///
>         absorb(`absorb') vce(cluster `cluster') nocons
 88. 
.         preserve
 89.                 coefplot, vertical base gen
 90.                 keep __at __b __se
 91.                 rename (__at __b __se) (at b_wgt se_wgt)
 92.                 tset at
 93. 
.                 local winspan = 2*`w' + 1
 94.                 keep if _n<=`winspan'
 95.                 keep if !missing(at)
 96. 
.                 gen b_wgt_lb = b_wgt - `t_plot'*se_wgt
 97.                 gen b_wgt_ub = b_wgt + `t_plot'*se_wgt
 98.                         
.                 gen cumsum_b_wgt = b_wgt[1]
 99.                 replace cumsum_b_wgt = cumsum_b_wgt[_n-1] + b_wgt[_n] if _
> n > 1
100.                 merge 1:1 at using "../temp/plot_coeffs_base.dta", nogen a
> ssert(1 2 3)
101.                 merge 1:1 at using "../temp/cumsum_base.dta", nogen assert
> (1 2 3)
102.                 merge 1:1 at using "../temp/cumsum_wgt.dta", nogen assert(
> 1 2 3)
103. 
.                 sort at
104.                 foreach var in cumsum_base_b cumsum_base_lb cumsum_base_ub
>  cumsum_wgt_b cumsum_wgt_lb cumsum_wgt_ub {
105.                         replace `var' = 0 if at == `w'
106.                 }
107.                 // To prevent lines from overlapping perfectly
.                 gen at_full = at - `offset'
108.                 gen at_base = at + `offset'
109. 
.                 // Figure
.                 make_plot_xlabels, w(`w')
110.                 local xlab "`r(xlab)'"
111. 
.                 twoway (scatter b_full at_base, mcol(navy)) (rcap b_full_lb b
> _full_ub at_base, lcol(navy) lw(thin)) ///
>                            (scatter b_wgt at_full, mcol(maroon)) (rcap b_wgt_
> lb b_wgt_ub at_full, col(maroon) lw(thin)) ///
>                            (line cumsum_base_b at, col(navy)) ///
>                                         (line cumsum_base_lb at, col(navy) lw
> (thin) lp(dash)) (line cumsum_base_ub at, col(navy) lw(thin) lp(dash)) ///
>                            (line cumsum_wgt_b at, col(maroon)) ///
>                                         (line cumsum_wgt_lb at, col(maroon) l
> w(thin) lp(dash)) (line cumsum_wgt_ub at, col(maroon) lw(thin) lp(dash)), ///
>                            yline(0, lcol(black)) ///
>                            xlabel(`xlab', labsize(small)) xtitle("") ///
>                            ylabel(-0.06(0.02).16, grid labsize(small)) ytitle
> ("Coefficient") ///
>                            legend(order(1 "Baseline dynamic model" 3 "Reweigh
> ted dynamic model" 5 "Cumulative baseline" 8 "Cumulative reweighted") size(vs
> mall)) ///
>                            graphregion(color(white)) bgcolor(white)
112.                 graph export "../output/fd_model_comparison_wgt.png", repl
> ace
113.                 graph export "../output/fd_model_comparison_wgt.eps", repl
> ace
114. 
.         restore 
115. end

. 
. program make_plot_xlabels, rclass 
  1.         syntax, w(int)
  2. 
.         local xlab ""
  3.         forval lead = 1/`w' {
  4.                 local leadlab = `lead' - `w' - 1
  5.                 local xlab `"`xlab' `lead' "`leadlab'""'
  6.         }
  7.         local zero = `w' + 1
  8.         local xlab `"`xlab' `zero' "0""'
  9.         forval lag = 1/`w' {
 10.                 local coeflag = `zero' + `lag'
 11.                 local xlab `"`xlab' `coeflag' "`lag'""'
 12.         }
 13. 
.         return local xlab `xlab'
 14. end

. 
. 
. main 
Confidence interval for formula:
D1.ln_mw

------------------------------------------------------------------------------
D.           |
ln_med_ren~c |      Coef.   Std. Err.      t    P>|t|     [95% Conf. Interval]
-------------+----------------------------------------------------------------
         (1) |   .0259413   .0124122     2.09   0.043     .0008553    .0510273
------------------------------------------------------------------------------
Confidence interval for formula:
D1.ln_mw+L1D.ln_mw

------------------------------------------------------------------------------
D.           |
ln_med_ren~c |      Coef.   Std. Err.      t    P>|t|     [95% Conf. Interval]
-------------+----------------------------------------------------------------
         (1) |   .0404985    .015996     2.53   0.015     .0081694    .0728277
------------------------------------------------------------------------------
Confidence interval for formula:
D1.ln_mw+L1D.ln_mw+L2D.ln_mw

------------------------------------------------------------------------------
D.           |
ln_med_ren~c |      Coef.   Std. Err.      t    P>|t|     [95% Conf. Interval]
-------------+----------------------------------------------------------------
         (1) |   .0341097   .0268803     1.27   0.212    -.0202174    .0884368
------------------------------------------------------------------------------
Confidence interval for formula:
D1.ln_mw+L1D.ln_mw+L2D.ln_mw+L3D.ln_mw

------------------------------------------------------------------------------
D.           |
ln_med_ren~c |      Coef.   Std. Err.      t    P>|t|     [95% Conf. Interval]
-------------+----------------------------------------------------------------
         (1) |   .0380598   .0317415     1.20   0.238    -.0260923    .1022118
------------------------------------------------------------------------------
Confidence interval for formula:
D1.ln_mw+L1D.ln_mw+L2D.ln_mw+L3D.ln_mw+L4D.ln_mw

------------------------------------------------------------------------------
D.           |
ln_med_ren~c |      Coef.   Std. Err.      t    P>|t|     [95% Conf. Interval]
-------------+----------------------------------------------------------------
         (1) |   .0476856   .0345821     1.38   0.176    -.0222073    .1175786
------------------------------------------------------------------------------
Confidence interval for formula:
D1.ln_mw+L1D.ln_mw+L2D.ln_mw+L3D.ln_mw+L4D.ln_mw+L5D.ln_mw

------------------------------------------------------------------------------
D.           |
ln_med_ren~c |      Coef.   Std. Err.      t    P>|t|     [95% Conf. Interval]
-------------+----------------------------------------------------------------
         (1) |   .0575442   .0341687     1.68   0.100    -.0115134    .1266017
------------------------------------------------------------------------------
(156,594 observations deleted)
(6 real changes made)
(note: file ../temp/cumsum_base.dta not found)
file ../temp/cumsum_base.dta saved

Generated variables:
              storage   display    value
variable name   type    format     label      variable label
-------------------------------------------------------------------------------
__by            byte    %9.0g      __by       subgraph ID
__plot          byte    %9.0g      __plot     plot ID
__at            byte    %9.0g                 plot position (category axis)
__mlbl          str1    %9s                   marker label
__mlpos         byte    %9.0g                 marker label position
__b             float   %9.0g                 coefficient
__V             float   %9.0g                 variance
__se            float   %9.0g                 standard error
__t             float   %9.0g                 t or z statistic
__df            byte    %9.0g                 degrees of freedom
__pval          float   %9.0g                 p-value
__ll1           float   %9.0g                 CI1: lower limit
__ul1           float   %9.0g                 CI1: upper limit
(156,589 observations deleted)
(0 observations deleted)
(note: file ../temp/plot_coeffs_base.dta not found)
file ../temp/plot_coeffs_base.dta saved
Confidence interval for formula:
D1.ln_mw

------------------------------------------------------------------------------
D.           |
ln_med_ren~c |      Coef.   Std. Err.      t    P>|t|     [95% Conf. Interval]
-------------+----------------------------------------------------------------
         (1) |   .0390547   .0132092     2.96   0.005     .0123579    .0657516
------------------------------------------------------------------------------
Confidence interval for formula:
D1.ln_mw+L1D.ln_mw

------------------------------------------------------------------------------
D.           |
ln_med_ren~c |      Coef.   Std. Err.      t    P>|t|     [95% Conf. Interval]
-------------+----------------------------------------------------------------
         (1) |   .0493072    .016405     3.01   0.005     .0161513     .082463
------------------------------------------------------------------------------
Confidence interval for formula:
D1.ln_mw+L1D.ln_mw+L2D.ln_mw

------------------------------------------------------------------------------
D.           |
ln_med_ren~c |      Coef.   Std. Err.      t    P>|t|     [95% Conf. Interval]
-------------+----------------------------------------------------------------
         (1) |   .0432523   .0308844     1.40   0.169    -.0191673    .1056719
------------------------------------------------------------------------------
Confidence interval for formula:
D1.ln_mw+L1D.ln_mw+L2D.ln_mw+L3D.ln_mw

------------------------------------------------------------------------------
D.           |
ln_med_ren~c |      Coef.   Std. Err.      t    P>|t|     [95% Conf. Interval]
-------------+----------------------------------------------------------------
         (1) |   .0515937   .0340157     1.52   0.137    -.0171546    .1203421
------------------------------------------------------------------------------
Confidence interval for formula:
D1.ln_mw+L1D.ln_mw+L2D.ln_mw+L3D.ln_mw+L4D.ln_mw

------------------------------------------------------------------------------
D.           |
ln_med_ren~c |      Coef.   Std. Err.      t    P>|t|     [95% Conf. Interval]
-------------+----------------------------------------------------------------
         (1) |   .0618741   .0394843     1.57   0.125    -.0179267    .1416749
------------------------------------------------------------------------------
Confidence interval for formula:
D1.ln_mw+L1D.ln_mw+L2D.ln_mw+L3D.ln_mw+L4D.ln_mw+L5D.ln_mw

------------------------------------------------------------------------------
D.           |
ln_med_ren~c |      Coef.   Std. Err.      t    P>|t|     [95% Conf. Interval]
-------------+----------------------------------------------------------------
         (1) |   .0725687   .0434316     1.67   0.103    -.0152097    .1603472
------------------------------------------------------------------------------
(156,594 observations deleted)
(6 real changes made)
(note: file ../temp/cumsum_wgt.dta not found)
file ../temp/cumsum_wgt.dta saved

Generated variables:
              storage   display    value
variable name   type    format     label      variable label
-------------------------------------------------------------------------------
__by            byte    %9.0g      __by       subgraph ID
__plot          byte    %9.0g      __plot     plot ID
__at            byte    %9.0g                 plot position (category axis)
__mlbl          str1    %9s                   marker label
__mlpos         byte    %9.0g                 marker label position
__b             float   %9.0g                 coefficient
__V             float   %9.0g                 variance
__se            float   %9.0g                 standard error
__t             float   %9.0g                 t or z statistic
__df            byte    %9.0g                 degrees of freedom
__pval          float   %9.0g                 p-value
__ll1           float   %9.0g                 CI1: lower limit
__ul1           float   %9.0g                 CI1: upper limit
        time variable:  at, 1 to 20
                delta:  1 unit
(156,589 observations deleted)
(0 observations deleted)
(10 real changes made)

    Result                           # of obs.
    -----------------------------------------
    not matched                             0
    matched                                11  
    -----------------------------------------
(note: variable at was byte, now double to accommodate using data's values)

    Result                           # of obs.
    -----------------------------------------
    not matched                             5
        from master                         5  
        from using                          0  

    matched                                 6  
    -----------------------------------------

    Result                           # of obs.
    -----------------------------------------
    not matched                             5
        from master                         5  
        from using                          0  

    matched                                 6  
    -----------------------------------------
(1 real change made)
(1 real change made)
(1 real change made)
(1 real change made)
(1 real change made)
(1 real change made)
(note: file ../output/fd_model_comparison_wgt.png not found)
(file ../output/fd_model_comparison_wgt.png written in PNG format)
(note: file ../output/fd_model_comparison_wgt.eps not found)
(file ../output/fd_model_comparison_wgt.eps written in EPS format)

. 
end of do-file


Execute:  StataMP-64 /e do "./estimates.do"

  ___  ____  ____  ____  ____ (R)
 /__    /   ____/   /   ____/
___/   /   /___/   /   /___/   15.1   Copyright 1985-2017 StataCorp LLC
  Statistics/Data Analysis            StataCorp
                                      4905 Lakeway Drive
     MP - Parallel Edition            College Station, Texas 77845 USA
                                      800-STATA-PC        http://www.stata.com
                                      979-696-4600        stata@stata.com
                                      979-696-4601 (fax)

Single-user 32-core Stata perpetual license:
       Serial number:  501506205566
         Licensed to:  KU Leuven FEB (CES)
                       KU Leuven

Notes:
      1.  Stata is running in batch mode.
      2.  Unicode is supported; see help unicode_advice.
      3.  More than 2 billion observations are allowed; see help obs_advice.
      4.  Maximum number of variables is set to 5000; see help set_maxvar.

. do ./estimates.do 

. clear all

. set more off

. adopath + ../../../lib/stata/gslab_misc/ado
  [1]  (BASE)      "C:\Program Files\Stata15\ado\base/"
  [2]  (SITE)      "C:\Program Files\Stata15\ado\site/"
  [3]              "."
  [4]  (PERSONAL)  "c:\ado\personal/"
  [5]  (PLUS)      "c:\ado\plus/"
  [6]  (OLDPLACE)  "c:\ado/"
  [7]              "../../../lib/stata/gslab_misc/ado"

. adopath + ../../../lib/stata/min_wage/ado
  [1]  (BASE)      "C:\Program Files\Stata15\ado\base/"
  [2]  (SITE)      "C:\Program Files\Stata15\ado\site/"
  [3]              "."
  [4]  (PERSONAL)  "c:\ado\personal/"
  [5]  (PLUS)      "c:\ado\plus/"
  [6]  (OLDPLACE)  "c:\ado/"
  [7]              "../../../lib/stata/gslab_misc/ado"
  [8]              "../../../lib/stata/min_wage/ado"

. set maxvar 32000


. 
. program main
  1.         local instub "../temp"
  2.         local outstub "../output"
  3. 
.         use "`instub'/fd_rent_panel.dta", clear
  4. 
.         make_results_labels, w(5)
  5.         local estlabels_dyn "`r(estlabels_dyn)'"
  6.         local estlabels_static "`r(estlabels_static)'"
  7. 
. 
.         static_dynamic_comp, depvar(ln_med_rent_psqft_sfcc) absorb(year_month
> ) ///
>                 cluster(statefips) add_unbal(yes)
  8.         esttab using "`outstub'/static_dynamic_comptable.tex", replace com
> press se substitute(\_ _) ///
>         keep(D.ln_mw) b(%9.4f) se(%9.4f) coeflabels(D.ln_mw "Static Effect") 
> ///
>         stats(space cumsum_b cumsum_V space ctrl_wage ctrl_emp ctrl_estab r2 
> N,  ///
>         fmt(%s1 %s7 %s7 %s1 %s3 %s3 %s3 %9.3f %9.0gc) ///
>         labels("\vspace{-1mm}" "Cumulative effect" " " "\hline" ///
>                 "Wage controls" "Employment controls" "Establishment-count co
> ntrols"  ///
>                         "R-squared" "Observations")) ///
>         mtitles("Baseline" "Reweighted" "Unbalanced")  ///
>         star(* 0.10 ** 0.05 *** 0.01) nonote
  9. 
. end 

. 
. 
. program static_dynamic_comp 
  1.         syntax, depvar(str) absorb(str) cluster(str) [w(int 5) t_plot(real
>  1.645) add_unbal(str)] 
  2. 
.         eststo clear 
  3.         define_controls
  4. 
.         local emp_ctrls "`r(emp_ctrls)'"
  5.         local estcount_ctrls "`r(estcount_ctrls)'"
  6.         local avgwwage_ctrls "`r(avgwwage_ctrls)'"
  7. 
.         local controls `"`emp_ctrls' `estcount_ctrls' `avgwwage_ctrls'"'
  8. 
.         local lincomest_coeffs "D1.ln_mw + LD.ln_mw"
  9.         local pretrend_test "(F1D.ln_mw = 0)"
 10.         forvalues i = 2(1)`w'{
 11.                 local lincomest_coeffs "`lincomest_coeffs' + L`i'D.ln_mw"
 12.             local pretrend_test " `pretrend_test' (F`i'D.ln_mw = 0)"
 13.         }
 14. 
.         *baseline 
.         qui reghdfe D.`depvar' L(0/`w').D.ln_mw D.(`controls'), absorb(`absor
> b') vce(cluster `cluster') nocons  
 15.         add_cumsum, coefficients(`lincomest_coeffs') i(1)
 16. 
.         local cumsum_b "`r(cumsum_b)'"
 17.         local cumsum_V "`r(cumsum_V)'"
 18. 
.         eststo: qui reghdfe D.`depvar' D.ln_mw D.(`controls'), ///
>                 absorb(`absorb') vce(cluster `cluster') nocons
 19.         comment_table_control, emp("Yes") estab("Yes") wage("Yes") housing
> ("No")
 20.         estadd local space ""
 21.         estadd local cumsum_b "`cumsum_b'"
 22.         estadd local cumsum_V "`cumsum_V'"
 23. 
.         *weighted 
.         qui reghdfe D.`depvar' L(0/`w').D.ln_mw D.(`controls') [pw = wgt_cbsa
> 100], absorb(`absorb') vce(cluster `cluster') nocons       
 24. 
.         add_cumsum, coefficients(`lincomest_coeffs') i(1)
 25. 
.         local cumsum_b "`r(cumsum_b)'"
 26.         local cumsum_V "`r(cumsum_V)'"
 27. 
.         eststo: qui reghdfe D.`depvar' D.ln_mw D.(`controls') [pw = wgt_cbsa1
> 00], ///
>                 absorb(`absorb') vce(cluster `cluster') nocons
 28.         comment_table_control, emp("Yes") estab("Yes") wage("Yes") housing
> ("No")
 29.         estadd local space ""
 30.         estadd local cumsum_b "`cumsum_b'"
 31.         estadd local cumsum_V "`cumsum_V'"
 32. 
.         if "`add_unbal'"=="yes" {
 33.                 use "../../first_differences_unbal/temp/unbal_fd_rent_pane
> l.dta", clear
 34. 
.                 *Unbalanced
.                 qui reghdfe D.`depvar' L(0/`w').D.ln_mw D.(`controls'), absor
> b(`absorb' entry_sfcc#year_month) vce(cluster `cluster') nocons    
 35. 
.                 add_cumsum, coefficients(`lincomest_coeffs') i(1)
 36. 
.                 local cumsum_b "`r(cumsum_b)'"
 37.                 local cumsum_V "`r(cumsum_V)'"
 38. 
.                 eststo: qui reghdfe D.`depvar' D.ln_mw D.(`controls'), ///
>                         absorb(`absorb' entry_sfcc#year_month) vce(cluster `c
> luster') nocons
 39.                 comment_table_control, emp("Yes") estab("Yes") wage("Yes")
>  housing("No")
 40.                 estadd local space ""
 41.                 estadd local cumsum_b "`cumsum_b'"
 42.                 estadd local cumsum_V "`cumsum_V'"
 43.         }
 44. 
. end 

. 
. 
. 
. 
. 
. 
. 
. program add_cumsum, rclass
  1.         syntax, coefficients(str) i(int)
  2.         lincomest `coefficients'
  3.         mat b = e(b)
  4.         mat V = e(V)
  5.         local b_digits = round(b[1,1], 0.0001)
  6.         local se_digits = round(V[1,1]^.5, 0.0001)
  7.         if abs(b[1,1]/(V[1,1]^.5)) > 1.96 {
  8.                 local star = "\sym{**}"
  9.         }
 10.         else if abs(b[1,1]/(V[1,1]^.5)) > 1.65 {
 11.                 local star = "\sym{*}"
 12.         }
 13.         else {
 14.                 local star = ""
 15.         }
 16. 
.         local cumsum_b = "0`b_digits'`star'"
 17.         local cumsum_V = "(0`se_digits')"
 18. 
.         return local cumsum_b `cumsum_b'
 19.         return local cumsum_V `cumsum_V'
 20.         *estadd scalar cumsum_V = V[1,1]^.5: reg_`i'
. end

. 
. program comment_table_control
  1.         syntax, emp(str) estab(str) wage(str) housing(str)
  2. 
.         estadd local ctrl_emp   "`emp'"
  3.         estadd local ctrl_estab "`estab'"
  4.         estadd local ctrl_wage  "`wage'"
  5.         estadd local ctrl_building "`housing'"
  6. end

. 
. 
. main 
Confidence interval for formula:
D1.ln_mw+LD.ln_mw+L2D.ln_mw+L3D.ln_mw+L4D.ln_mw+L5D.ln_mw

------------------------------------------------------------------------------
D.           |
ln_med_ren~c |      Coef.   Std. Err.      t    P>|t|     [95% Conf. Interval]
-------------+----------------------------------------------------------------
         (1) |    .059398   .0342699     1.73   0.091     -.009864      .12866
------------------------------------------------------------------------------
(est1 stored)

added macro:
           e(ctrl_emp) : "Yes"

added macro:
         e(ctrl_estab) : "Yes"

added macro:
          e(ctrl_wage) : "Yes"

added macro:
      e(ctrl_building) : "No"

added macro:
              e(space) : ""

added macro:
           e(cumsum_b) : "0.0594\sym"

added macro:
           e(cumsum_V) : "(0.0343)"
Confidence interval for formula:
D1.ln_mw+LD.ln_mw+L2D.ln_mw+L3D.ln_mw+L4D.ln_mw+L5D.ln_mw

------------------------------------------------------------------------------
D.           |
ln_med_ren~c |      Coef.   Std. Err.      t    P>|t|     [95% Conf. Interval]
-------------+----------------------------------------------------------------
         (1) |   .0736722   .0427772     1.72   0.093    -.0127838    .1601282
------------------------------------------------------------------------------
(est2 stored)

added macro:
           e(ctrl_emp) : "Yes"

added macro:
         e(ctrl_estab) : "Yes"

added macro:
          e(ctrl_wage) : "Yes"

added macro:
      e(ctrl_building) : "No"

added macro:
              e(space) : ""

added macro:
           e(cumsum_b) : "0.0737\sym"

added macro:
           e(cumsum_V) : "(0.0428)"
Confidence interval for formula:
D1.ln_mw+LD.ln_mw+L2D.ln_mw+L3D.ln_mw+L4D.ln_mw+L5D.ln_mw

------------------------------------------------------------------------------
D.           |
ln_med_ren~c |      Coef.   Std. Err.      t    P>|t|     [95% Conf. Interval]
-------------+----------------------------------------------------------------
         (1) |   .0532176   .0296352     1.80   0.079     -.006368    .1128032
------------------------------------------------------------------------------
(est3 stored)

added macro:
           e(ctrl_emp) : "Yes"

added macro:
         e(ctrl_estab) : "Yes"

added macro:
          e(ctrl_wage) : "Yes"

added macro:
      e(ctrl_building) : "No"

added macro:
              e(space) : ""

added macro:
           e(cumsum_b) : "0.0532\sym"

added macro:
           e(cumsum_V) : "(0.0296)"
(note: file ../output/static_dynamic_comptable.tex not found)
(output written to ../output/static_dynamic_comptable.tex)

. 
end of do-file

 make.py ended: 2020-12-04 19:10:06
