
  ___  ____  ____  ____  ____ (R)
 /__    /   ____/   /   ____/
___/   /   /___/   /   /___/   16.1   Copyright 1985-2019 StataCorp LLC
  Statistics/Data analysis            StataCorp
                                      4905 Lakeway Drive
     Special Edition                  College Station, Texas 77845 USA
                                      800-STATA-PC        https://www.stata.com
                                      979-696-4600        stata@stata.com
                                      979-696-4601 (fax)

Stata license: 120-user network perpetual
Serial number: 401606201670
  Licensed to: Brown University
               Brown University

Notes:
      1. Stata is running in batch mode.
      2. Unicode is supported; see help unicode_advice.
      3. Maximum number of variables is set to 5,000; see help set_maxvar.

. do ".\figures.do" 

. clear all

. set more off

. adopath + ../../../lib/stata/min_wage/ado
  [1]  (BASE)      "C:\Program Files\Stata16\ado\base/"
  [2]  (SITE)      "C:\Program Files\Stata16\ado\site/"
  [3]              "."
  [4]  (PERSONAL)  "C:\Users\el_he\ado\personal/"
  [5]  (PLUS)      "c:\ado\plus/"
  [6]  (OLDPLACE)  "c:\ado/"
  [7]              "../../../lib/stata/min_wage/ado"

. set maxvar 32000 


. 
. program main
  1.     local instub "../output"
  2.     
.     use "`instub'/estimates_dynamic.dta", replace
  3.     make_bounds
  4.     offset_x_axis
  5.     
.     local y_label    "-0.25(0.05)0.3"
  6.     local mw_wkp_var "mw_wkp_tot_17"
  7.     sum at
  8.     local w = r(max)
  9.     
.     local models "SF CC Studio 1BR 2BR 3BR Mfr5Plus"
 10.     foreach model of local models {
 11.         plot_dynamics_both, model(`model'_rents_dyn) dyn_var(`mw_wkp_var')
>  ///
>             legend_dyn_var(Workplace MW) y_label(`y_label') ///
>             color_dyn_var(navy) symbol_dyn_var(cirlce) ///
>             stat_var(mw_res) legend_stat_var(Residence MW) ///
>             color_stat_var(maroon) symbol_stat_var(square) ///
>             x_label(-6(1)6) name(fd_`model'_both_mw_wkp_only_dyn)
 12.     }
 13.     
.         plot_dynamics_both, model(time_fe_baseline_rents) dyn_var(`mw_wkp_var
> ') ///
>         legend_dyn_var(Workplace MW) y_label(`y_label') ///
>         color_dyn_var(navy) symbol_dyn_var(cirlce) ///
>         stat_var(mw_res) legend_stat_var(Residence MW) ///
>         color_stat_var(maroon) symbol_stat_var(square) ///
>         x_label(-6(1)6) name(fd_time_fe_baseline_wkp_dyn)
 14.         
.     foreach geo in statefips cbsa county {
 15.         plot_dynamics_both, model(time_fe_`geo'_rents) dyn_var(`mw_wkp_var
> ') ///
>             legend_dyn_var(Workplace MW) y_label(`y_label') ///
>             color_dyn_var(navy) symbol_dyn_var(cirlce) ///
>             stat_var(mw_res) legend_stat_var(Residence MW) ///
>             color_stat_var(maroon) symbol_stat_var(square) ///
>             x_label(-6(1)6) name(fd_time_fe_`geo'_wkp_dyn)
 16.     }
 17. 
.         plot_dynamics_both, model(monthly_listings) dyn_var(`mw_wkp_var') ///
>                 legend_dyn_var(Workplace MW) y_label(-1(0.2)1) ///
>                 color_dyn_var(navy) symbol_dyn_var(cirlce) ///
>                 stat_var(mw_res) legend_stat_var(Residence MW) ///
>                 color_stat_var(maroon) symbol_stat_var(square) ///
>                 x_label(-6(1)6) name(fd_monthly_listings_both_mw_wkp_only_dyn
> )
 18.                 
.         plot_dynamics_both, model(monthly_listings_by_cbsa) dyn_var(`mw_wkp_v
> ar') ///
>                 legend_dyn_var(Workplace MW) y_label(-1(0.2)1) ///
>                 color_dyn_var(navy) symbol_dyn_var(cirlce) ///
>                 stat_var(mw_res) legend_stat_var(Residence MW) ///
>                 color_stat_var(maroon) symbol_stat_var(square) ///
>                 x_label(-6(1)6) name(fd_monthly_listings_both_mw_wkp_only_dyn
> _by_cbsa)
 19.                 
.         plot_dynamics_both, model(prices_psqft) dyn_var(`mw_wkp_var') ///
>                 legend_dyn_var(Workplace MW) y_label(-0.1(0.05)0.1) ///
>                 color_dyn_var(navy) symbol_dyn_var(cirlce) ///
>                 stat_var(mw_res) legend_stat_var(Residence MW) ///
>                 color_stat_var(maroon) symbol_stat_var(square) ///
>                 x_label(-6(1)6) name(fd_prices_psqft_both_mw_wkp_only_dyn)
 20.                 
.         plot_dynamics_both, model(prices_psqft_by_cbsa) dyn_var(`mw_wkp_var')
>  ///
>                 legend_dyn_var(Workplace MW) y_label(-0.1(0.05)0.1) ///
>                 color_dyn_var(navy) symbol_dyn_var(cirlce) ///
>                 stat_var(mw_res) legend_stat_var(Residence MW) ///
>                 color_stat_var(maroon) symbol_stat_var(square) ///
>                 x_label(-6(1)6) name(fd_prices_psqft_both_mw_wkp_only_dyn_by_
> cbsa)
 21. end

. 
. main

    Variable |        Obs        Mean    Std. Dev.       Min        Max
-------------+---------------------------------------------------------
          at |        330    .9090909    3.415178         -6          6
(308 observations deleted)
(note:  named style cirlce not found in class symbol, default attributes
    used)
(note:  named style cirlce not found in class symbol, default attributes
    used)
(note:  named style grey not found in class color, default attributes used)
(file ../output/fd_SF_both_mw_wkp_only_dyn.png written in PNG format)
(file ../output/fd_SF_both_mw_wkp_only_dyn.eps written in EPS format)
(308 observations deleted)
(note:  named style cirlce not found in class symbol, default attributes
    used)
(note:  named style cirlce not found in class symbol, default attributes
    used)
(note:  named style grey not found in class color, default attributes used)
(file ../output/fd_CC_both_mw_wkp_only_dyn.png written in PNG format)
(file ../output/fd_CC_both_mw_wkp_only_dyn.eps written in EPS format)
(308 observations deleted)
(note:  named style cirlce not found in class symbol, default attributes
    used)
(note:  named style cirlce not found in class symbol, default attributes
    used)
(note:  named style grey not found in class color, default attributes used)
(file ../output/fd_Studio_both_mw_wkp_only_dyn.png written in PNG format)
(file ../output/fd_Studio_both_mw_wkp_only_dyn.eps written in EPS format)
(308 observations deleted)
(note:  named style cirlce not found in class symbol, default attributes
    used)
(note:  named style cirlce not found in class symbol, default attributes
    used)
(note:  named style grey not found in class color, default attributes used)
(file ../output/fd_1BR_both_mw_wkp_only_dyn.png written in PNG format)
(file ../output/fd_1BR_both_mw_wkp_only_dyn.eps written in EPS format)
(308 observations deleted)
(note:  named style cirlce not found in class symbol, default attributes
    used)
(note:  named style cirlce not found in class symbol, default attributes
    used)
(note:  named style grey not found in class color, default attributes used)
(file ../output/fd_2BR_both_mw_wkp_only_dyn.png written in PNG format)
(file ../output/fd_2BR_both_mw_wkp_only_dyn.eps written in EPS format)
(308 observations deleted)
(note:  named style cirlce not found in class symbol, default attributes
    used)
(note:  named style cirlce not found in class symbol, default attributes
    used)
(note:  named style grey not found in class color, default attributes used)
(file ../output/fd_3BR_both_mw_wkp_only_dyn.png written in PNG format)
(file ../output/fd_3BR_both_mw_wkp_only_dyn.eps written in EPS format)
(308 observations deleted)
(note:  named style cirlce not found in class symbol, default attributes
    used)
(note:  named style cirlce not found in class symbol, default attributes
    used)
(note:  named style grey not found in class color, default attributes used)
(file ../output/fd_Mfr5Plus_both_mw_wkp_only_dyn.png written in PNG format)
(file ../output/fd_Mfr5Plus_both_mw_wkp_only_dyn.eps written in EPS format)
(308 observations deleted)
(note:  named style cirlce not found in class symbol, default attributes
    used)
(note:  named style cirlce not found in class symbol, default attributes
    used)
(note:  named style grey not found in class color, default attributes used)
(note: file ../output/fd_time_fe_baseline_wkp_dyn.png not found)
(file ../output/fd_time_fe_baseline_wkp_dyn.png written in PNG format)
(note: file ../output/fd_time_fe_baseline_wkp_dyn.eps not found)
(file ../output/fd_time_fe_baseline_wkp_dyn.eps written in EPS format)
(308 observations deleted)
(note:  named style cirlce not found in class symbol, default attributes
    used)
(note:  named style cirlce not found in class symbol, default attributes
    used)
(note:  named style grey not found in class color, default attributes used)
(note: file ../output/fd_time_fe_statefips_wkp_dyn.png not found)
(file ../output/fd_time_fe_statefips_wkp_dyn.png written in PNG format)
(note: file ../output/fd_time_fe_statefips_wkp_dyn.eps not found)
(file ../output/fd_time_fe_statefips_wkp_dyn.eps written in EPS format)
(308 observations deleted)
(note:  named style cirlce not found in class symbol, default attributes
    used)
(note:  named style cirlce not found in class symbol, default attributes
    used)
(note:  named style grey not found in class color, default attributes used)
(note: file ../output/fd_time_fe_cbsa_wkp_dyn.png not found)
(file ../output/fd_time_fe_cbsa_wkp_dyn.png written in PNG format)
(note: file ../output/fd_time_fe_cbsa_wkp_dyn.eps not found)
(file ../output/fd_time_fe_cbsa_wkp_dyn.eps written in EPS format)
(308 observations deleted)
(note:  named style cirlce not found in class symbol, default attributes
    used)
(note:  named style cirlce not found in class symbol, default attributes
    used)
(note:  named style grey not found in class color, default attributes used)
(note: file ../output/fd_time_fe_county_wkp_dyn.png not found)
(file ../output/fd_time_fe_county_wkp_dyn.png written in PNG format)
(note: file ../output/fd_time_fe_county_wkp_dyn.eps not found)
(file ../output/fd_time_fe_county_wkp_dyn.eps written in EPS format)
(308 observations deleted)
(note:  named style cirlce not found in class symbol, default attributes
    used)
(note:  named style cirlce not found in class symbol, default attributes
    used)
(note:  named style grey not found in class color, default attributes used)
(file ../output/fd_monthly_listings_both_mw_wkp_only_dyn.png written in PNG for
> mat)
(file ../output/fd_monthly_listings_both_mw_wkp_only_dyn.eps written in EPS for
> mat)
(308 observations deleted)
(note:  named style cirlce not found in class symbol, default attributes
    used)
(note:  named style cirlce not found in class symbol, default attributes
    used)
(note:  named style grey not found in class color, default attributes used)
(file ../output/fd_monthly_listings_both_mw_wkp_only_dyn_by_cbsa.png written in
>  PNG format)
(file ../output/fd_monthly_listings_both_mw_wkp_only_dyn_by_cbsa.eps written in
>  EPS format)
(308 observations deleted)
(note:  named style cirlce not found in class symbol, default attributes
    used)
(note:  named style cirlce not found in class symbol, default attributes
    used)
(note:  named style grey not found in class color, default attributes used)
(file ../output/fd_prices_psqft_both_mw_wkp_only_dyn.png written in PNG format)
(file ../output/fd_prices_psqft_both_mw_wkp_only_dyn.eps written in EPS format)
(308 observations deleted)
(note:  named style cirlce not found in class symbol, default attributes
    used)
(note:  named style cirlce not found in class symbol, default attributes
    used)
(note:  named style grey not found in class color, default attributes used)
(file ../output/fd_prices_psqft_both_mw_wkp_only_dyn_by_cbsa.png written in PNG
>  format)
(file ../output/fd_prices_psqft_both_mw_wkp_only_dyn_by_cbsa.eps written in EPS
>  format)

. 
end of do-file
