
 make.py started: 2020-06-24 20:11:10 C:\Users\shermo\Documents\GitHub\min_wage_rent\analysis\bootstrap_passthrough\code 




Execute:  StataMP-64 /e do "./preclean.do"

  ___  ____  ____  ____  ____ (R)
 /__    /   ____/   /   ____/
___/   /   /___/   /   /___/   15.1   Copyright 1985-2017 StataCorp LLC
  Statistics/Data Analysis            StataCorp
                                      4905 Lakeway Drive
     MP - Parallel Edition            College Station, Texas 77845 USA
                                      800-STATA-PC        http://www.stata.com
                                      979-696-4600        stata@stata.com
                                      979-696-4601 (fax)

Single-user 32-core Stata perpetual license:
       Serial number:  501506205566
         Licensed to:  KU Leuven FEB (CES)
                       KU Leuven

Notes:
      1.  Stata is running in batch mode.
      2.  Unicode is supported; see help unicode_advice.
      3.  More than 2 billion observations are allowed; see help obs_advice.
      4.  Maximum number of variables is set to 5000; see help set_maxvar.

. do ./preclean.do 

. clear all

. set more off

. adopath + ../../../lib/stata/mental_coupons/ado
  [1]  (BASE)      "C:\Program Files\Stata15\ado\base/"
  [2]  (SITE)      "C:\Program Files\Stata15\ado\site/"
  [3]              "."
  [4]  (PERSONAL)  "c:\ado\personal/"
  [5]  (PLUS)      "c:\ado\plus/"
  [6]  (OLDPLACE)  "c:\ado/"
  [7]              "../../../lib/stata/mental_coupons/ado"

. adopath + ../../../lib/stata/gslab_misc/ado
  [1]  (BASE)      "C:\Program Files\Stata15\ado\base/"
  [2]  (SITE)      "C:\Program Files\Stata15\ado\site/"
  [3]              "."
  [4]  (PERSONAL)  "c:\ado\personal/"
  [5]  (PLUS)      "c:\ado\plus/"
  [6]  (OLDPLACE)  "c:\ado/"
  [7]              "../../../lib/stata/mental_coupons/ado"
  [8]              "../../../lib/stata/gslab_misc/ado"

. set maxvar 32000 


. 
. program main
  1.     local instub  "../../../drive/derived_large/output"
  2.     local outstub "../temp"
  3.     local logfile "../output/data_file_manifest.log"
  4.     
.     use "`instub'/baseline_rent_panel.dta", clear
  5.     
.     create_latest_event_vars, event_dummy(mw_event025) w(6)                  
>   ///
>         time(year_month) geo(zipcode) panel_end(2019m12)
  6.     
.     create_latest_event_vars, event_dummy(sal_mw_event) w(6)                 
>   ///
>         time(year_month) geo(zipcode) panel_end(2019m12)
  7.     
.     create_latest_event_vars, event_dummy(mw_event075) w(6)                  
>   ///
>         time(year_month) geo(zipcode) panel_end(2019m12)
  8.     
.     save_data "`outstub'/baseline_rent_panel_6.dta", key(zipcode year_month) 
>   ///
>         replace log(`logfile')
  9. end

. 
. program create_latest_event_vars
  1.     syntax, event_dummy(str) w(int) time(str) geo(str) panel_end(str)
  2.     
.     local window_span = `w'*2 + 1 
  3. 
.     gen `event_dummy'_`time' = `time' if `event_dummy' == 1
  4.     format `event_dummy'_`time' %tm
  5. 
.     gen months_until_panel_ends = `=tm(`panel_end')' - `time'
  6. 
.     preserve
  7.         keep if months_until_panel_ends >= (`w' + 1)
  8.         collapse (max) last_`event_dummy'_`time' = `event_dummy'_`time', b
> y(`geo')
  9. 
.         format last_`event_dummy'_`time' %tm
 10.         keep `geo' last_`event_dummy'_`time'
 11. 
.         save_data "../temp/last_event`w'_by_`geo'.dta", key(`geo') replace
 12.     restore
 13.     
.     merge m:1 `geo' using "../temp/last_event`w'_by_`geo'.dta",              
>             ///
>         nogen assert(3) keep(3)
 14.     
.     gen last_`event_dummy'_rel_months`w' = `time' - last_`event_dummy'_`time'
 15.     replace last_`event_dummy'_rel_months`w' = last_`event_dummy'_rel_mont
> hs`w' + `w' + 1
 16.     
.     gen treated_`event_dummy'_`w' = !missing(last_`event_dummy'_rel_months`w'
> )
 17. 
.     replace last_`event_dummy'_rel_months`w' = 0                             
>             /// 0 is pre-period
>                 if last_`event_dummy'_rel_months`w' <= 0 & treated_`event_dum
> my'_`w'
 18.     replace last_`event_dummy'_rel_months`w' = 1000                       
>                /// 1000 is post-period
>                 if last_`event_dummy'_rel_months`w' > `window_span' & treated
> _`event_dummy'_`w'
 19.     replace last_`event_dummy'_rel_months`w' = 5000    if !treated_`event_
> dummy'_`w'     /// 5000 means never treated
> 
 20.     gen unused_`event_dummy'_`w' = (mw_event == 1 & last_`event_dummy'_rel
> _months`w' != (`w' + 1))
 21.     bysort `geo' (`time'): gen c_unused_`event_dummy'_`w' = sum(unused_`ev
> ent_dummy'_`w')
 22.     
.     drop `event_dummy'_`time' last_`event_dummy'_`time' months_until_panel_en
> ds
 23. end

. 
. main
(153,791 missing values generated)
(9,135 observations deleted)
(data already sorted by zipcode)
  variable last_mw_event025_year_month was float now int
  (2,610 bytes saved)
============================================================================
File: ../temp/last_event6_by_zipcode.dta
Key: zipcode
============================================================================
  1305:2(71212):3196199008:493955382

    Variable |        Obs        Mean    Std. Dev.       Min        Max
-------------+---------------------------------------------------------
     zipcode |      1,305    51920.57    29196.87       2113      99577
last_mw_ev~h |        837    673.3297    40.77847        606        708




(note: file ../temp/last_event6_by_zipcode.dta not found)
file ../temp/last_event6_by_zipcode.dta saved

    Result                           # of obs.
    -----------------------------------------
    not matched                             0
    matched                           156,600  
    -----------------------------------------
(56,160 missing values generated)
(100,440 real changes made)
(55,574 real changes made)
(33,204 real changes made)
(56,160 real changes made)
(154,501 missing values generated)
(9,135 observations deleted)
(data already sorted by zipcode)
  variable last_sal_mw_event_year_month was float now int
  (2,610 bytes saved)
============================================================================
File: ../temp/last_event6_by_zipcode.dta
Key: zipcode
============================================================================
  1305:2(80974):672235969:1069367951

    Variable |        Obs        Mean    Std. Dev.       Min        Max
-------------+---------------------------------------------------------
     zipcode |      1,305    51920.57    29196.87       2113      99577
last_sal_m~h |        573    693.7155    28.87036        606        708




file ../temp/last_event6_by_zipcode.dta saved

    Result                           # of obs.
    -----------------------------------------
    not matched                             0
    matched                           156,600  
    -----------------------------------------
(87,840 missing values generated)
(68,760 real changes made)
(49,729 real changes made)
(11,050 real changes made)
(87,840 real changes made)
(155,326 missing values generated)
(9,135 observations deleted)
(data already sorted by zipcode)
  variable last_mw_event075_year_month was float now int
  (2,610 bytes saved)
============================================================================
File: ../temp/last_event6_by_zipcode.dta
Key: zipcode
============================================================================
  1305:2(71245):4074591316:543612335

    Variable |        Obs        Mean    Std. Dev.       Min        Max
-------------+---------------------------------------------------------
     zipcode |      1,305    51920.57    29196.87       2113      99577
last_mw_ev~h |        506    690.2866    19.98531        636        708




file ../temp/last_event6_by_zipcode.dta saved

    Result                           # of obs.
    -----------------------------------------
    not matched                             0
    matched                           156,600  
    -----------------------------------------
(95,880 missing values generated)
(60,720 real changes made)
(42,143 real changes made)
(11,493 real changes made)
(95,880 real changes made)
(data already sorted by zipcode year_month)
  variable last_mw_event025_rel_months6 was float now int
  variable treated_mw_event025_6 was float now byte
  variable unused_mw_event025_6 was float now byte
  variable c_unused_mw_event025_6 was float now byte
  variable last_sal_mw_event_rel_months6 was float now int
  variable treated_sal_mw_event_6 was float now byte
  variable unused_sal_mw_event_6 was float now byte
  variable c_unused_sal_mw_event_6 was float now byte
  variable last_mw_event075_rel_months6 was float now int
  variable treated_mw_event075_6 was float now byte
  variable unused_mw_event075_6 was float now byte
  variable c_unused_mw_event075_6 was float now byte
  (5,167,800 bytes saved)
============================================================================
File: ../temp/baseline_rent_panel_6.dta
Key: zipcode year_month
============================================================================
  156600:80(96013):1311849101:3407787756

    Variable |        Obs        Mean    Std. Dev.       Min        Max
-------------+---------------------------------------------------------
     zipcode |    156,600    51920.57    29185.78       2113      99577
  year_month |    156,600       659.5    34.63992        600        719
  place_code |    129,840    40657.65    22564.03        410      87240
   placetype |          0
  countyfips |    156,240    24077.04    16484.28       1003      56021
-------------+---------------------------------------------------------
      county |          0
   statefips |    156,600    23.97854    16.42626          1         56
medre~e_sfcc |    125,644    1651.102    702.9949        595       6595
      fed_mw |    156,600        7.25           0       7.25       7.25
    state_mw |    156,600    8.016521    1.074868       7.25         14
-------------+---------------------------------------------------------
   county_mw |      8,400    9.085036    1.582498       7.25      14.25
county_abo~w |      8,400        .305    .4604348          0          1
    local_mw |      9,720    9.504039    1.904531       7.25         16
local_abov~w |      9,720     .369856    .4827903          0          1
   actual_mw |    156,600    8.077733    1.207496       7.25         16
-------------+---------------------------------------------------------
    which_mw |    156,600    2.137701    .4837252          2          4
  dactual_mw |    156,600    .0151952    .1121177          0       2.21
    mw_event |    156,600    .0338506     .180845          0          1
 state_event |    156,600    .0300255    .1706581          0          1
county_event |    156,600    .0009962    .0315465          0          1
-------------+---------------------------------------------------------
 local_event |    156,600    .0028289    .0531119          0          1
   fed_event |    156,600           0           0          0          0
calendar_m~h |    156,600         6.5    3.452064          1         12
         msa |    156,600    436.1801    240.1675         12        860
       trend |    156,600       225.5    34.63992        166        285
-------------+---------------------------------------------------------
    trend_sq |    156,600    52050.17    15659.42      27556      81225
    trend_cu |    156,600    1.23e+07     5408203    4574296   2.31e+07
sal_mw_event |    156,600    .0134036    .1149957          0          1
 mw_event025 |    156,600    .0179374    .1327245          0          1
 mw_event075 |    156,600    .0081354     .089829          0          1
-------------+---------------------------------------------------------
m~e_mfr5plus |     47,091     1715.37    757.3231        450       6095
medren~e_2br |     32,426    1996.785    1014.866        495       6800
medre~t_sfcc |    113,375    1.188344    .7824813   .4180214   6.731387
medren~t_2br |     24,789     1.84165    .9184999   .5015197   6.499599
m~t_mfr5plus |     37,588    1.842276    1.001968   .5106889    6.48415
-------------+---------------------------------------------------------
     pop2010 |    156,600    5094.666    2053.232   1134.729   29439.89
urb_sha~2010 |    156,600    .9672256    .0773197   .2883417          1
white_s~2010 |    156,600    .5450552    .2217932   .0036694   .9396675
black_s~2010 |    156,600    .1651694    .2005277   .0034277   .9753516
hisp_sh~2010 |    156,600    .1888204     .170269   .0072045   .9338689
-------------+---------------------------------------------------------
asian_s~2010 |    156,600    .0694605    .0849161   .0004593    .689378
natam_s~2010 |    156,600    .0016674    .0054796          0   .0926286
child_s~2010 |    156,600    .1949678    .0525717   .0183688   .3495505
teen_sh~2010 |    156,600    .0936518    .0332365   .0099649   .4035518
youngad~2010 |    156,600    .2025643    .0731132   .0293848    .625282
-------------+---------------------------------------------------------
adult_s~2010 |    156,600    .3950195    .0471422   .1545396   .5850629
elder_s~2010 |    156,600    .1137966    .0604392   .0093771   .7075161
housing~2010 |    156,600     2154.05    835.5169   808.8774   13289.88
hh_couple_s~ |    156,600     .537118    .1326535   .1637825   .8152068
h~child_sh~0 |    156,600    .4511574    .1031615   .0341987   .7473651
-------------+---------------------------------------------------------
renthou~2010 |    156,600    .3799848    .1759554    .062864   .9660729
work_c~20105 |    156,600    .7582464    .2010222   .1421741   .9951102
worktravel.. |    156,600    .0968771    .0454301   .0054477   .3653359
worktravel.. |    156,600    .8210624    .0594933    .565174   .9481063
worktravel.. |    156,600    .0820605    .0578614   .0080907    .362708
-------------+---------------------------------------------------------
colleg~20105 |    156,600    .4411882    .1670347   .0860239   .9081349
poor_s~20105 |    156,600    .1349342    .0819292   .0123633   .5788661
lo_hhi~20105 |    156,600    .3756629    .1473196   .0449036   .8225102
hi_hhi~20105 |    156,600     .275351    .1501347   .0254453   .7851244
med_hh~20105 |    156,600    66919.72    24575.33   20527.66   191553.2
-------------+---------------------------------------------------------
unemp_~20105 |    156,600    .0936933    .0418548   .0211286   .3385852
employ~20105 |    156,600    .9009183     .039899   .6807186   .9719977
med_earn_h~5 |    155,040    27237.46    14110.53       2499     250001
m~tectserv~5 |    155,280    48087.58    20765.34       2499     250001
med_earn_f~5 |    156,480    16558.06    7029.657   4436.876   136515.3
-------------+---------------------------------------------------------
med_earn_c~5 |    155,040     22797.4    11990.55       2499   246364.8
med_~e_20105 |    156,600    19792.87    10529.06       2499     250001
med~sp_20105 |    156,480    34127.94    11516.45   15005.94   193485.7
l~25_rel_m~6 |    156,600     2005.62    2270.478          0       5000
treated~25_6 |    156,600    .6413793    .4795971          0          1
-------------+---------------------------------------------------------
unused_~25_6 |    156,600    .0285057    .1664132          0          1
c_unuse~25_6 |    156,600    1.552612    2.163527          0          9
last_sal_m~6 |    156,600    2875.493    2413.531          0       5000
treated_sa~6 |    156,600    .4390805    .4962765          0          1
unused_sal~6 |    156,600    .0301916    .1711147          0          1
-------------+---------------------------------------------------------
c_unused_s~6 |    156,600    1.705881    2.350182          0          9
l~75_rel_m~6 |    156,600    3134.988    2356.225          0       5000
treated~75_6 |    156,600    .3877395    .4872362          0          1
unused_~75_6 |    156,600    .0306194    .1722848          0          1
c_unuse~75_6 |    156,600    1.706047    2.301755          0          9




(note: file ../temp/baseline_rent_panel_6.dta not found)
file ../temp/baseline_rent_panel_6.dta saved

. 
end of do-file


Execute:  StataMP-64 /e do "./bootstrap.do"

  ___  ____  ____  ____  ____ (R)
 /__    /   ____/   /   ____/
___/   /   /___/   /   /___/   15.1   Copyright 1985-2017 StataCorp LLC
  Statistics/Data Analysis            StataCorp
                                      4905 Lakeway Drive
     MP - Parallel Edition            College Station, Texas 77845 USA
                                      800-STATA-PC        http://www.stata.com
                                      979-696-4600        stata@stata.com
                                      979-696-4601 (fax)

Single-user 32-core Stata perpetual license:
       Serial number:  501506205566
         Licensed to:  KU Leuven FEB (CES)
                       KU Leuven

Notes:
      1.  Stata is running in batch mode.
      2.  Unicode is supported; see help unicode_advice.
      3.  More than 2 billion observations are allowed; see help obs_advice.
      4.  Maximum number of variables is set to 5000; see help set_maxvar.

. do ./bootstrap.do 

. clear all

. set more off

. adopath + ../../../lib/stata/gslab_misc/ado
  [1]  (BASE)      "C:\Program Files\Stata15\ado\base/"
  [2]  (SITE)      "C:\Program Files\Stata15\ado\site/"
  [3]              "."
  [4]  (PERSONAL)  "c:\ado\personal/"
  [5]  (PLUS)      "c:\ado\plus/"
  [6]  (OLDPLACE)  "c:\ado/"
  [7]              "../../../lib/stata/gslab_misc/ado"

. adopath + ../../../lib/stata/min_wage/ado
  [1]  (BASE)      "C:\Program Files\Stata15\ado\base/"
  [2]  (SITE)      "C:\Program Files\Stata15\ado\site/"
  [3]              "."
  [4]  (PERSONAL)  "c:\ado\personal/"
  [5]  (PLUS)      "c:\ado\plus/"
  [6]  (OLDPLACE)  "c:\ado/"
  [7]              "../../../lib/stata/gslab_misc/ado"
  [8]              "../../../lib/stata/min_wage/ado"

. set maxvar 32000 


. 
. program main
  1.     local instub "../temp"
  2.     local outstub "../output"
  3. 
.     local reps = 50
  4.     local seed = 8
  5.     local ZFE_trend "zipcode year_month c.trend#i.countyfips c.trend_sq#i.
> countyfips"
  6.     local cluster_se "statefips"
  7. 
.     use "`instub'/baseline_rent_panel_6.dta", clear
  8. 
.     xtset, clear
  9.     eststo clear
 10.     foreach event_var in mw_event025 sal_mw_event mw_event075 {
 11.         eststo: bootstrap effect_per_sqft = r(effect_per_sqft)            
>               ///
>             incr_sf_monthly_income = r(incr_sf_monthly_income)               
>            ///
>             total_rent_increase1000 = r(total_rent_increase1000)             
>            ///
>             total_rent_increase1500 = r(total_rent_increase1500)             
>            ///
>             total_rent_increase2000 = r(total_rent_increase2000)             
>            ///
>             passthrough1000 = r(passthrough1000)                             
>            ///
>             passthrough1500 = r(passthrough1500)                             
>            ///
>             passthrough2000 = r(passthrough2000), rep(`reps') seed(`seed')   
>            ///
>             cluster(`cluster_se'): thing_to_bootstrap, depvar(medrentpricepsq
> ft_sfcc)   ///
>             event_var(`event_var') w(6)                                      
>            ///
>             absorb(`ZFE_trend')
 12.             
.         sum dactual_mw if (last_`event_var'_rel_months6 == 7 & !missing(medre
> ntpricepsqft_sfcc))
 13.         estadd local avg_mw_change = round(r(mean),0.01)
 14.     }
 15. 
.     esttab * using "`outstub'/bootstrap_rent.tex", ci replace                
>                ///
>         mtitle("MW changes of at least \\$0.25" "MW changes of at least \\$0.
> 5" "MW changes of at least \\$0.75") ///
>         coeflabels(effect_per_sqft "Rent $ \\Delta$ per square foot"         
>                ///
>         total_rent_increase1000 "Total increase in rent (1000 sq feet)"      
>                ///
>         total_rent_increase1500 "Total increase in rent (1500 sq feet)"      
>                ///
>         total_rent_increase2000 "Total increase in rent (2000 sq feet)"      
>                ///
>         incr_sf_monthly_income "Increase in income"                          
>                ///
>         passthrough1000 "Implied passthrough (1000 sq feet)"                 
>                ///
>         passthrough1500 "Implied passthrough (1500 sq feet)"                 
>                ///
>         passthrough2000 "Implied passthrough (2000 sq feet)")                
>                ///
>         stats(avg_mw_change N N_clust N_reps,  fmt(%9.0g %9.0g %9.0g %9.0g)  
>                ///
>         labels("Average MW change" "Full sample size"                        
>                ///
>         "Number of clusters" "Number of bootstrap repetitions")) nonotes
 16. end

. 
. program thing_to_bootstrap, rclass
  1.     syntax, depvar(str) event_var(str) w(int) absorb(str)
  2. 
.     local people_per_hh = 2
  3.     local hs_per_week   = 40
  4.     local weeks_per_month = 4.35
  5. 
.     local window_plus1 = `w' + 1
  6.     local window_span = 2*`w' + 1
  7.     
.     local rel_time_dummies "i0.last_`event_var'_rel_months`w'#1.treated_`even
> t_var'_`w'"
  8.     forvalues i = 1(1)`window_span' {
  9.         if `i' != `w' {
 10.             local rel_time_dummies "`rel_time_dummies' i`i'.last_`event_va
> r'_rel_months`w'#1.treated_`event_var'_`w'"
 11.         }
 12.     }
 13.     local rel_time_dummies "`rel_time_dummies' i1000.last_`event_var'_rel_
> months`w'#1.treated_`event_var'_`w'"
 14. 
.     reghdfe `depvar' `rel_time_dummies' `controls' `if', nocons     ///
>         absorb(`absorb')
 15. 
.     local sum_coeffs = 0
 16.     forval i = `window_plus1'(1)`window_span' {
 17.         local sum_coeffs = `sum_coeffs' + _b[`i'.last_`event_var'_rel_mont
> hs`w'#1.treated_`event_var'_`w']
 18.         local effect_per_sqft = `sum_coeffs'/`window_plus1'
 19.     }
 20.     
.     sum dactual_mw if (last_`event_var'_rel_months6 == `window_plus1' & !miss
> ing(`depvar'))
 21.     local used_mw_change = round(r(mean),0.01)
 22.     local incr_sf_monthly_income = (`people_per_hh'*`hs_per_week'*`weeks_p
> er_month')*`used_mw_change'
 23.     
.        
.     return scalar effect_per_sqft = `effect_per_sqft'
 24.     return scalar incr_sf_monthly_income = `incr_sf_monthly_income'
 25. 
.     forvalues home_size = 1000(500)2000 {
 26.         return scalar total_rent_increase`home_size' = `home_size'*`effect
> _per_sqft'
 27.         return scalar passthrough`home_size' = (`home_size'*`effect_per_sq
> ft')/`incr_sf_monthly_income'
 28.     }
 29. end

. 
. main
(running thing_to_bootstrap on estimation sample)

Bootstrap replications (50)
----+--- 1 ---+--- 2 ---+--- 3 ---+--- 4 ---+--- 5 
..................................................    50

Bootstrap results                               Number of obs     =    113,071
                                                Replications      =         50

      command:  thing_to_bootstrap, depvar(medrentpricepsqft_sfcc)
                    event_var(mw_event025) w(6) absorb(zipcode year_month
                    c.trend#i.countyfips c.trend_sq#i.countyfips)
effect_per_~t:  r(effect_per_sqft)
incr_sf_mon~e:  r(incr_sf_monthly_income)
total_re~1000:  r(total_rent_increase1000)
total_re~1500:  r(total_rent_increase1500)
total_re~2000:  r(total_rent_increase2000)
passthro~1000:  r(passthrough1000)
passthro~1500:  r(passthrough1500)
passthro~2000:  r(passthrough2000)

                              (Replications based on 41 clusters in statefips)
------------------------------------------------------------------------------
             |   Observed   Bootstrap                         Normal-based
             |      Coef.   Std. Err.      z    P>|z|     [95% Conf. Interval]
-------------+----------------------------------------------------------------
effect_per~t |   .0089458   .0094936     0.94   0.346    -.0096612    .0275529
incr_sf_mo~e |     219.24   35.26737     6.22   0.000     150.1172    288.3628
total_r~1000 |   8.945826   9.493573     0.94   0.346    -9.661235    27.55289
total_r~1500 |   13.41874   14.24036     0.94   0.346    -14.49185    41.32933
total_r~2000 |   17.89165   18.98715     0.94   0.346    -19.32247    55.10578
passthr~1000 |   .0408038   .0375111     1.09   0.277    -.0327165    .1143241
passthr~1500 |   .0612057   .0562666     1.09   0.277    -.0490748    .1714862
passthr~2000 |   .0816076   .0750221     1.09   0.277     -.065433    .2286482
------------------------------------------------------------------------------
(est1 stored)

    Variable |        Obs        Mean    Std. Dev.       Min        Max
-------------+---------------------------------------------------------
  dactual_mw |        652    .6336043    .2919368        .25          2

added macro:
      e(avg_mw_change) : ".63"
(running thing_to_bootstrap on estimation sample)

Bootstrap replications (50)
----+--- 1 ---+--- 2 ---+--- 3 ---+--- 4 ---+--- 5 
..................................................    50

Bootstrap results                               Number of obs     =    113,071
                                                Replications      =         50

      command:  thing_to_bootstrap, depvar(medrentpricepsqft_sfcc)
                    event_var(sal_mw_event) w(6) absorb(zipcode year_month
                    c.trend#i.countyfips c.trend_sq#i.countyfips)
effect_per_~t:  r(effect_per_sqft)
incr_sf_mon~e:  r(incr_sf_monthly_income)
total_re~1000:  r(total_rent_increase1000)
total_re~1500:  r(total_rent_increase1500)
total_re~2000:  r(total_rent_increase2000)
passthro~1000:  r(passthrough1000)
passthro~1500:  r(passthrough1500)
passthro~2000:  r(passthrough2000)

                              (Replications based on 41 clusters in statefips)
------------------------------------------------------------------------------
             |   Observed   Bootstrap                         Normal-based
             |      Coef.   Std. Err.      z    P>|z|     [95% Conf. Interval]
-------------+----------------------------------------------------------------
effect_per~t |   .0167202   .0119482     1.40   0.162    -.0066978    .0401383
incr_sf_mo~e |      278.4   26.47387    10.52   0.000     226.5122    330.2878
total_r~1000 |   16.72023   11.94819     1.40   0.162    -6.697798    40.13826
total_r~1500 |   25.08035   17.92229     1.40   0.162     -10.0467    60.20739
total_r~2000 |   33.44046   23.89639     1.40   0.162     -13.3956    80.27652
passthr~1000 |   .0600583   .0418431     1.44   0.151    -.0219526    .1420692
passthr~1500 |   .0900874   .0627646     1.44   0.151    -.0329289    .2131038
passthr~2000 |   .1201166   .0836861     1.44   0.151    -.0439052    .2841384
------------------------------------------------------------------------------
(est2 stored)

    Variable |        Obs        Mean    Std. Dev.       Min        Max
-------------+---------------------------------------------------------
  dactual_mw |        432     .802662    .2384669         .5          2

added macro:
      e(avg_mw_change) : ".8"
(running thing_to_bootstrap on estimation sample)

Bootstrap replications (50)
----+--- 1 ---+--- 2 ---+--- 3 ---+--- 4 ---+--- 5 
..................................................    50

Bootstrap results                               Number of obs     =    113,071
                                                Replications      =         50

      command:  thing_to_bootstrap, depvar(medrentpricepsqft_sfcc)
                    event_var(mw_event075) w(6) absorb(zipcode year_month
                    c.trend#i.countyfips c.trend_sq#i.countyfips)
effect_per_~t:  r(effect_per_sqft)
incr_sf_mon~e:  r(incr_sf_monthly_income)
total_re~1000:  r(total_rent_increase1000)
total_re~1500:  r(total_rent_increase1500)
total_re~2000:  r(total_rent_increase2000)
passthro~1000:  r(passthrough1000)
passthro~1500:  r(passthrough1500)
passthro~2000:  r(passthrough2000)

                              (Replications based on 41 clusters in statefips)
------------------------------------------------------------------------------
             |   Observed   Bootstrap                         Normal-based
             |      Coef.   Std. Err.      z    P>|z|     [95% Conf. Interval]
-------------+----------------------------------------------------------------
effect_per~t |   .0151278   .0128717     1.18   0.240    -.0101002    .0403558
incr_sf_mo~e |     403.68   63.42327     6.36   0.000     279.3727    527.9873
total_r~1000 |   15.12779   12.87167     1.18   0.240    -10.10023     40.3558
total_r~1500 |   22.69168   19.30751     1.18   0.240    -15.15034     60.5337
total_r~2000 |   30.25558   25.74334     1.18   0.240    -20.20045     80.7116
passthr~1000 |   .0374747   .0414183     0.90   0.366    -.0437037    .1186531
passthr~1500 |   .0562121   .0621274     0.90   0.366    -.0655555    .1779796
passthr~2000 |   .0749494   .0828366     0.90   0.366    -.0874073    .2373062
------------------------------------------------------------------------------
(est3 stored)

    Variable |        Obs        Mean    Std. Dev.       Min        Max
-------------+---------------------------------------------------------
  dactual_mw |        408    1.160564    .4342515        .75          2

added macro:
      e(avg_mw_change) : "1.16"
(note: file ../output/bootstrap_rent.tex not found)
(output written to ../output/bootstrap_rent.tex)

. 
end of do-file

 make.py ended: 2020-06-25 03:18:14
