
 make.py started: 2020-05-14 20:03:03 C:\Users\diegog\Desktop\Diego\min_wage_rent\analysis\bootstrap_passthrough\code 




Execute:  StataMP-64 /e do "./preclean.do"

  ___  ____  ____  ____  ____ (R)
 /__    /   ____/   /   ____/
___/   /   /___/   /   /___/   15.1   Copyright 1985-2017 StataCorp LLC
  Statistics/Data Analysis            StataCorp
                                      4905 Lakeway Drive
     MP - Parallel Edition            College Station, Texas 77845 USA
                                      800-STATA-PC        http://www.stata.com
                                      979-696-4600        stata@stata.com
                                      979-696-4601 (fax)

Single-user 32-core Stata perpetual license:
       Serial number:  501506205566
         Licensed to:  KU Leuven FEB (CES)
                       KU Leuven

Notes:
      1.  Stata is running in batch mode.
      2.  Unicode is supported; see help unicode_advice.
      3.  More than 2 billion observations are allowed; see help obs_advice.
      4.  Maximum number of variables is set to 5000; see help set_maxvar.

. do ./preclean.do 

. clear all

. set more off

. adopath + ../../../lib/stata/mental_coupons/ado
  [1]  (BASE)      "C:\Program Files\Stata15\ado\base/"
  [2]  (SITE)      "C:\Program Files\Stata15\ado\site/"
  [3]              "."
  [4]  (PERSONAL)  "c:\ado\personal/"
  [5]  (PLUS)      "c:\ado\plus/"
  [6]  (OLDPLACE)  "c:\ado/"
  [7]              "../../../lib/stata/mental_coupons/ado"

. adopath + ../../../lib/stata/gslab_misc/ado
  [1]  (BASE)      "C:\Program Files\Stata15\ado\base/"
  [2]  (SITE)      "C:\Program Files\Stata15\ado\site/"
  [3]              "."
  [4]  (PERSONAL)  "c:\ado\personal/"
  [5]  (PLUS)      "c:\ado\plus/"
  [6]  (OLDPLACE)  "c:\ado/"
  [7]              "../../../lib/stata/mental_coupons/ado"
  [8]              "../../../lib/stata/gslab_misc/ado"

. set maxvar 32000 


. 
. program main
  1.         use "../../../drive/derived_large/output/baseline_rent_panel.dta",
>  clear
  2.         
.         create_latest_event_vars, event_dummy(mw_event025) window(6)         
>        ///
>                 time_var(year_month) geo_unit(zipcode) panel_end(2019m12)
  3.                 
.         create_latest_event_vars, event_dummy(sal_mw_event) window(6)        
>         ///
>                 time_var(year_month) geo_unit(zipcode) panel_end(2019m12)
  4.                 
.         create_latest_event_vars, event_dummy(mw_event075) window(6)         
>        ///
>                 time_var(year_month) geo_unit(zipcode) panel_end(2019m12)
  5. 
.         save_data "../temp/baseline_rent_panel_6.dta", key(zipcode year_month
> )            ///
>                 replace log(none)
  6. end

. 
. program create_latest_event_vars
  1.         syntax, event_dummy(str) window(int) time_var(str) ///
>             geo_unit(str) panel_end(str)
  2.         
.         local window_span = `window'*2 + 1 
  3. 
.         gen `event_dummy'_`time_var' = `time_var' if `event_dummy' == 1
  4.         format `event_dummy'_`time_var' %tm
  5. 
.         cap gen months_until_panel_ends = `=tm(`panel_end')' - `time_var'
  6.     
.         preserve
  7.         keep if months_until_panel_ends >= (`window' + 1)
  8.         collapse (max) last_`event_dummy'_`time_var' = `event_dummy'_`time
> _var', by(`geo_unit')
  9.         format last_`event_dummy'_`time_var' %tm
 10.         keep `geo_unit' last_`event_dummy'_`time_var'
 11.         save_data "../temp/last_event`window'_by_`geo_unit'.dta", key(`geo
> _unit') replace
 12.         restore
 13.         
.         merge m:1 `geo_unit' using "../temp/last_event`window'_by_`geo_unit'.
> dta", ///
>             nogen assert(3) keep(3)
 14.         
.         gen last_`event_dummy'_rel_months`window' = `time_var' - last_`event_
> dummy'_`time_var'
 15.         replace last_`event_dummy'_rel_months`window' = last_`event_dummy'
> _rel_months`window' + `window' + 1
 16.         replace last_`event_dummy'_rel_months`window' = 0 ///
>             if last_`event_dummy'_rel_months`window' <= 0
 17.         replace last_`event_dummy'_rel_months`window' = 1000 ///
>             if (last_`event_dummy'_rel_months`window' > `window_span' & ///
>                 !missing(last_`event_dummy'_rel_months`window'))
 18.         
.     gen unused_mw_event`event_dummy'_`window' = ///
>             (mw_event == 1 & last_`event_dummy'_rel_months`window' != (`windo
> w' + 1))
 19.         bysort zipcode (year_month): gen c_nbr_unused_`event_dummy'_`windo
> w' = ///
>             sum(unused_mw_event`event_dummy'_`window')
 20.                 
.         drop `event_dummy'_`time_var' last_`event_dummy'_`time_var'
 21. end

. 
. main
(120,608 missing values generated)
(7,168 observations deleted)
(data already sorted by zipcode)
  variable last_mw_event025_year_month was float now int
  (2,048 bytes saved)
===============================================================================
> ===================
File: ../temp/last_event6_by_zipcode.dta
Key: zipcode
===============================================================================
> ===================
  1024:2(71212):1288917072:3147190862

    Variable |        Obs        Mean    Std. Dev.       Min        Max
-------------+---------------------------------------------------------
     zipcode |      1,024    49322.44    29170.24       2113      98513
last_mw_ev~h |        698     670.606    41.53018        606        708




(note: file ../temp/last_event6_by_zipcode.dta not found)
file ../temp/last_event6_by_zipcode.dta saved

    Result                           # of obs.
    -----------------------------------------
    not matched                             0
    matched                           122,880  
    -----------------------------------------
(39,120 missing values generated)
(83,760 real changes made)
(44,447 real changes made)
(29,591 real changes made)
(121,202 missing values generated)
(7,168 observations deleted)
(data already sorted by zipcode)
  variable last_sal_mw_event_year_month was float now int
  (2,048 bytes saved)
===============================================================================
> ===================
File: ../temp/last_event6_by_zipcode.dta
Key: zipcode
===============================================================================
> ===================
  1024:2(80974):2685972913:4094539828

    Variable |        Obs        Mean    Std. Dev.       Min        Max
-------------+---------------------------------------------------------
     zipcode |      1,024    49322.44    29170.24       2113      98513
last_sal_m~h |        458     692.548    30.54019        606        708




file ../temp/last_event6_by_zipcode.dta saved

    Result                           # of obs.
    -----------------------------------------
    not matched                             0
    matched                           122,880  
    -----------------------------------------
(67,920 missing values generated)
(54,960 real changes made)
(39,219 real changes made)
(9,367 real changes made)
(121,902 missing values generated)
(7,168 observations deleted)
(data already sorted by zipcode)
  variable last_mw_event075_year_month was float now int
  (2,048 bytes saved)
===============================================================================
> ===================
File: ../temp/last_event6_by_zipcode.dta
Key: zipcode
===============================================================================
> ===================
  1024:2(71245):2231156864:2718057910

    Variable |        Obs        Mean    Std. Dev.       Min        Max
-------------+---------------------------------------------------------
     zipcode |      1,024    49322.44    29170.24       2113      98513
last_mw_ev~h |        403    688.5955    20.33666        636        708




file ../temp/last_event6_by_zipcode.dta saved

    Result                           # of obs.
    -----------------------------------------
    not matched                             0
    matched                           122,880  
    -----------------------------------------
(74,520 missing values generated)
(48,360 real changes made)
(32,883 real changes made)
(9,835 real changes made)
(data already sorted by zipcode year_month)
  variable months_until_panel_ends was float now int
  variable last_mw_event025_rel_months6 was float now int
  variable unused_mw_eventmw_event025_6 was float now byte
  variable c_nbr_unused_mw_event025_6 was float now byte
  variable last_sal_mw_event_rel_months6 was float now int
  variable unused_mw_eventsal_mw_event_6 was float now byte
  variable c_nbr_unused_sal_mw_event_6 was float now byte
  variable last_mw_event075_rel_months6 was float now int
  variable unused_mw_eventmw_event075_6 was float now byte
  variable c_nbr_unused_mw_event075_6 was float now byte
  (3,194,880 bytes saved)
===============================================================================
> ===================
File: ../temp/baseline_rent_panel_6.dta
Key: zipcode year_month
===============================================================================
> ===================
  122880:37(71790):3730696197:2590966418

    Variable |        Obs        Mean    Std. Dev.       Min        Max
-------------+---------------------------------------------------------
     zipcode |    122,880    49322.44    29156.11       2113      98513
  year_month |    122,880       659.5    34.63995        600        719
  place_code |    101,280    40993.51    22595.77        410      87240
   placetype |          0
  countyfips |    122,520     22590.6    15821.37       1031      53067
-------------+---------------------------------------------------------
      county |          0
   statefips |    122,880        22.5    15.76432          1         53
medre~e_sfcc |    105,676    1624.073    687.6454        595       6500
      fed_mw |    122,880        7.25           0       7.25       7.25
    state_mw |    122,880    8.047639    1.075387       7.25         14
-------------+---------------------------------------------------------
   county_mw |      6,000    9.054825    1.570738       7.25      14.25
county_abo~w |      6,000    .3111667    .4630094          0          1
    local_mw |      5,880    9.366736    1.693663       7.25         16
local_abov~w |      5,880    .3370748    .4727509          0          1
   actual_mw |    122,880    8.096899    1.170335       7.25         16
-------------+---------------------------------------------------------
  dactual_mw |    122,880     .015557    .1122101          0       2.21
    mw_event |    122,880    .0360433    .1863987          0          1
calendar_m~h |    122,880         6.5    3.452067          1         12
         msa |    122,880    446.5908    241.7032         12        860
sal_mw_event |    122,880    .0136556     .116057          0          1
-------------+---------------------------------------------------------
 mw_event025 |    122,880    .0184896     .134714          0          1
 mw_event075 |    122,880     .007959    .0888578          0          1
m~e_mfr5plus |     34,000    1758.531     763.244        450     5297.5
medren~e_2br |     23,205    2015.554    1034.631        495       6800
medre~t_sfcc |     90,698    1.100866    .5975347   .4180214   5.586398
-------------+---------------------------------------------------------
m~t_mfr5plus |     23,822    1.727384    .8756273   .5106889   6.213753
medren~t_2br |     16,418    1.772505    .8480586   .5357143          6
months_unt~s |    122,880        59.5    34.63995          0        119
l~25_rel_m~6 |     83,760    354.0415    477.4383          0       1000
unused_~25_6 |    122,880     .030363    .1715846          0          1
-------------+---------------------------------------------------------
c_nbr_u~25_6 |    122,880    1.649284    2.184675          0          9
last_sal_m~6 |     54,960    171.1914    375.6806          0       1000
unused_m~t_6 |    122,880    .0323161    .1768389          0          1
c_nbr_un~t_6 |    122,880    1.827539    2.393036          0          9
l~75_rel_m~6 |     48,360    204.1289    402.1345          0       1000
-------------+---------------------------------------------------------
unused_~75_6 |    122,880    .0327637    .1780182          0          1
c_nbr_u~75_6 |    122,880    1.826864    2.335372          0          9




(note: file ../temp/baseline_rent_panel_6.dta not found)
file ../temp/baseline_rent_panel_6.dta saved

. 
end of do-file


Execute:  StataMP-64 /e do "./bootstrap.do"

  ___  ____  ____  ____  ____ (R)
 /__    /   ____/   /   ____/
___/   /   /___/   /   /___/   15.1   Copyright 1985-2017 StataCorp LLC
  Statistics/Data Analysis            StataCorp
                                      4905 Lakeway Drive
     MP - Parallel Edition            College Station, Texas 77845 USA
                                      800-STATA-PC        http://www.stata.com
                                      979-696-4600        stata@stata.com
                                      979-696-4601 (fax)

Single-user 32-core Stata perpetual license:
       Serial number:  501506205566
         Licensed to:  KU Leuven FEB (CES)
                       KU Leuven

Notes:
      1.  Stata is running in batch mode.
      2.  Unicode is supported; see help unicode_advice.
      3.  More than 2 billion observations are allowed; see help obs_advice.
      4.  Maximum number of variables is set to 5000; see help set_maxvar.

. do ./bootstrap.do 

. clear all

. set more off

. adopath + ../../../lib/stata/mental_coupons/ado
  [1]  (BASE)      "C:\Program Files\Stata15\ado\base/"
  [2]  (SITE)      "C:\Program Files\Stata15\ado\site/"
  [3]              "."
  [4]  (PERSONAL)  "c:\ado\personal/"
  [5]  (PLUS)      "c:\ado\plus/"
  [6]  (OLDPLACE)  "c:\ado/"
  [7]              "../../../lib/stata/mental_coupons/ado"

. adopath + ../../../lib/stata/gslab_misc/ado
  [1]  (BASE)      "C:\Program Files\Stata15\ado\base/"
  [2]  (SITE)      "C:\Program Files\Stata15\ado\site/"
  [3]              "."
  [4]  (PERSONAL)  "c:\ado\personal/"
  [5]  (PLUS)      "c:\ado\plus/"
  [6]  (OLDPLACE)  "c:\ado/"
  [7]              "../../../lib/stata/mental_coupons/ado"
  [8]              "../../../lib/stata/gslab_misc/ado"

. adopath + ../../../lib/stata/min_wage/ado
  [1]  (BASE)      "C:\Program Files\Stata15\ado\base/"
  [2]  (SITE)      "C:\Program Files\Stata15\ado\site/"
  [3]              "."
  [4]  (PERSONAL)  "c:\ado\personal/"
  [5]  (PLUS)      "c:\ado\plus/"
  [6]  (OLDPLACE)  "c:\ado/"
  [7]              "../../../lib/stata/mental_coupons/ado"
  [8]              "../../../lib/stata/gslab_misc/ado"
  [9]              "../../../lib/stata/min_wage/ado"

. set maxvar 32000 


. 
. program main    
  1.         local reps = 200
  2.         local seed = 8
  3.         
.         use "../temp/baseline_rent_panel_6.dta", clear
  4.     xtset, clear
  5.         eststo clear
  6.         foreach event_var in mw_event025 sal_mw_event mw_event075 {
  7.                 eststo: bootstrap effect_per_sqft = r(effect_per_sqft) ///
>                         total_rent_increase1000 = r(total_rent_increase1000) 
> ///
>                         total_rent_increase1500 = r(total_rent_increase1500) 
> ///
>                         total_rent_increase2000 = r(total_rent_increase2000) 
> ///
>                         incr_sf_monthly_income = r(incr_sf_monthly_income) //
> /
>                         passthrough1000 = r(passthrough1000) ///
>                         passthrough1500 = r(passthrough1500) ///
>                         passthrough2000 = r(passthrough2000), rep(`reps') see
> d(`seed') ///
>                         cluster(zipcode): thing_to_bootstrap, depvar(medrentp
> ricepsqft_sfcc) ///
>                         event_var(`event_var') window(6) ///
>                         fe(zipcode calendar_month#countyfips year_month#state
> fips)
  8.                         
.                 sum dactual_mw if (last_`event_var'_rel_months6 == 7 & !missi
> ng(medrentpricepsqft_sfcc))
  9.                 estadd local avg_mw_change = round(r(mean),0.01)
 10. }
 11. 
.         esttab * using "../output/bootstrap_rent.tex", ci replace ///
>             mtitle("MW changes of at least \\$0.25" "MW changes of at least \
> \$0.5" "MW changes of at least \\$0.75") ///
>             coeflabels(effect_per_sqft "Rent increase per square feet" ///
>                 total_rent_increase1000 "Total rent increase (assuming 1000 s
> quare feet)" ///
>                 total_rent_increase1500 "Total rent increase (assuming 1500 s
> quare feet)" ///
>                 total_rent_increase2000 "Total rent increase (assuming 2000 s
> quare feet)" ///
>                 incr_sf_monthly_income "Increase in income of a household wit
> h 2 full time minimum wages" ///
>                 passthrough1000 "Implied passthrough from MW to rents (assumi
> ng 1000 square feet)" ///
>             passthrough1500 "Implied passthrough from MW to rents (assuming 1
> 500 square feet)" ///
>                 passthrough2000 "Implied passthrough from MW to rents (assumi
> ng 2000 square feet)") ///
>                 stats(min_mw_change avg_mw_change max_mw_change N N_clust N_r
> eps, ///
>                 fmt(%9.0g %9.0g %9.0g %9.0g %9.0g %9.0g) ///
>             labels("Minimum MW change" "Average MW change" "Maximum MW change
> " ///
>                 "Number of zipcode-months" "Number of Zipcodes" "Number of bo
> otstrap repetitions")) nonotes
 12. end

. 
. program thing_to_bootstrap, rclass
  1.     syntax, depvar(str) event_var(str) window(int) fe(str)
  2. 
.         local window_plus1 = `window' + 1
  3.         local window_span = 2*`window' + 1
  4.         
.     reghdfe `depvar' ib`window'.last_`event_var'_rel_months`window' ///
>             i.c_nbr_unused_`event_var'_`window', nocons ///
>         absorb(`fe')
  5.         local sum_coeffs = 0
  6.         forval i = `window_plus1'(1)`window_span' {
  7.         local sum_coeffs = `sum_coeffs' + _b[`i'.last_`event_var'_rel_mont
> hs`window']
  8.                 local effect_per_sqft = `sum_coeffs'/`window_plus1'
  9.         }
 10.         
.         sum dactual_mw if (last_`event_var'_rel_months6 == `window_plus1' & !
> missing(`depvar'))
 11.         local used_mw_change = round(r(mean),0.01)
 12.         local incr_sf_monthly_income = (2*40*4.35)*`used_mw_change'
 13.         
.         local home_size1000 = 1000
 14.         local home_size1500 = 1500
 15.         local home_size2000 = 2000
 16.         
.         return scalar effect_per_sqft = `effect_per_sqft'
 17.         
.         return scalar total_rent_increase1000 = `home_size1000'*`effect_per_s
> qft'
 18.         return scalar total_rent_increase1500 = `home_size1500'*`effect_pe
> r_sqft'
 19.         return scalar total_rent_increase2000 = `home_size2000'*`effect_pe
> r_sqft'
 20. 
.         return scalar incr_sf_monthly_income = `incr_sf_monthly_income'
 21.         
.     return scalar passthrough1000 = (`home_size1000'*`effect_per_sqft')/`incr
> _sf_monthly_income'
 22.     return scalar passthrough1500 = (`home_size1500'*`effect_per_sqft')/`i
> ncr_sf_monthly_income'
 23.     return scalar passthrough2000 = (`home_size2000'*`effect_per_sqft')/`i
> ncr_sf_monthly_income'
 24. 
. end

. 
. main
(running thing_to_bootstrap on estimation sample)

Bootstrap replications (200)
----+--- 1 ---+--- 2 ---+--- 3 ---+--- 4 ---+--- 5 
.......x....x.x.............x.....................    50
....................x...........x......x.x........   100
............x......x..........x....x............x.   150
...................x....xx..........x....x.....x..   200

Bootstrap results                               Number of obs     =     59,899
                                                Replications      =        181

      command:  thing_to_bootstrap, depvar(medrentpricepsqft_sfcc)
                    event_var(mw_event025) window(6) fe(zipcode
                    calendar_month#countyfips year_month#statefips)
effect_per_~t:  r(effect_per_sqft)
total_re~1000:  r(total_rent_increase1000)
total_re~1500:  r(total_rent_increase1500)
total_re~2000:  r(total_rent_increase2000)
incr_sf_mon~e:  r(incr_sf_monthly_income)
passthro~1000:  r(passthrough1000)
passthro~1500:  r(passthrough1500)
passthro~2000:  r(passthrough2000)

                               (Replications based on 572 clusters in zipcode)
------------------------------------------------------------------------------
             |   Observed   Bootstrap                         Normal-based
             |      Coef.   Std. Err.      z    P>|z|     [95% Conf. Interval]
-------------+----------------------------------------------------------------
effect_per~t |   .0139324   .0107619     1.29   0.195    -.0071606    .0350253
total_r~1000 |   13.93236   10.76191     1.29   0.195    -7.160588    35.02531
total_r~1500 |   20.89854   16.14286     1.29   0.195    -10.74088    52.53796
total_r~2000 |   27.86472   21.52381     1.29   0.195    -14.32118    70.05062
incr_sf_mo~e |      208.8   4.612278    45.27   0.000     199.7601    217.8399
passthr~1000 |   .0667259   .0519997     1.28   0.199    -.0351916    .1686433
passthr~1500 |   .1000888   .0779995     1.28   0.199    -.0527874     .252965
passthr~2000 |   .1334517   .1039993     1.28   0.199    -.0703832    .3372867
------------------------------------------------------------------------------
Note: One or more parameters could not be estimated in 19 bootstrap replicates;
      standard-error estimates include only complete replications.
(est1 stored)

    Variable |        Obs        Mean    Std. Dev.       Min        Max
-------------+---------------------------------------------------------
  dactual_mw |        520    .5959039    .2807195        .25       1.25

added macro:
      e(avg_mw_change) : ".6"
(running thing_to_bootstrap on estimation sample)

Bootstrap replications (200)
----+--- 1 ---+--- 2 ---+--- 3 ---+--- 4 ---+--- 5 
........................x.........................    50
.............x...x.....xx................x........   100
x..........x........x........x....x.......x.....x.   150
.....xx........x..........x....x....x......x.xx...   200

Bootstrap results                               Number of obs     =     36,535
                                                Replications      =        178

      command:  thing_to_bootstrap, depvar(medrentpricepsqft_sfcc)
                    event_var(sal_mw_event) window(6) fe(zipcode
                    calendar_month#countyfips year_month#statefips)
effect_per_~t:  r(effect_per_sqft)
total_re~1000:  r(total_rent_increase1000)
total_re~1500:  r(total_rent_increase1500)
total_re~2000:  r(total_rent_increase2000)
incr_sf_mon~e:  r(incr_sf_monthly_income)
passthro~1000:  r(passthrough1000)
passthro~1500:  r(passthrough1500)
passthro~2000:  r(passthrough2000)

                               (Replications based on 353 clusters in zipcode)
------------------------------------------------------------------------------
             |   Observed   Bootstrap                         Normal-based
             |      Coef.   Std. Err.      z    P>|z|     [95% Conf. Interval]
-------------+----------------------------------------------------------------
effect_per~t |   .0729732   .0303101     2.41   0.016     .0135666    .1323799
total_r~1000 |   72.97322   30.31006     2.41   0.016     13.56658    132.3799
total_r~1500 |   109.4598    45.4651     2.41   0.016     20.34987    198.5698
total_r~2000 |   145.9464   60.62013     2.41   0.016     27.13317    264.7597
incr_sf_mo~e |     274.92   4.392599    62.59   0.000     266.3107    283.5293
passthr~1000 |   .2654344   .1098931     2.42   0.016     .0500479    .4808209
passthr~1500 |   .3981516   .1648397     2.42   0.016     .0750718    .7212314
passthr~2000 |   .5308688   .2197862     2.42   0.016     .1000957    .9616418
------------------------------------------------------------------------------
Note: One or more parameters could not be estimated in 22 bootstrap replicates;
      standard-error estimates include only complete replications.
(est2 stored)

    Variable |        Obs        Mean    Std. Dev.       Min        Max
-------------+---------------------------------------------------------
  dactual_mw |        316    .7852848    .2340403         .5       1.25

added macro:
      e(avg_mw_change) : ".79"
(running thing_to_bootstrap on estimation sample)

Bootstrap replications (200)
----+--- 1 ---+--- 2 ---+--- 3 ---+--- 4 ---+--- 5 
...x......x...............x...x.......x..........x    50
....................x......x.....x...............x   100
x......x.....x..x..x...............x..............   150
.........x.....x.....x.............x....xx.x.x....   200

Bootstrap results                               Number of obs     =     30,893
                                                Replications      =        176

      command:  thing_to_bootstrap, depvar(medrentpricepsqft_sfcc)
                    event_var(mw_event075) window(6) fe(zipcode
                    calendar_month#countyfips year_month#statefips)
effect_per_~t:  r(effect_per_sqft)
total_re~1000:  r(total_rent_increase1000)
total_re~1500:  r(total_rent_increase1500)
total_re~2000:  r(total_rent_increase2000)
incr_sf_mon~e:  r(incr_sf_monthly_income)
passthro~1000:  r(passthrough1000)
passthro~1500:  r(passthrough1500)
passthro~2000:  r(passthrough2000)

                               (Replications based on 299 clusters in zipcode)
------------------------------------------------------------------------------
             |   Observed   Bootstrap                         Normal-based
             |      Coef.   Std. Err.      z    P>|z|     [95% Conf. Interval]
-------------+----------------------------------------------------------------
effect_per~t |   .0687296   .0190752     3.60   0.000     .0313428    .1061163
total_r~1000 |   68.72958   19.07522     3.60   0.000     31.34284    106.1163
total_r~1500 |   103.0944   28.61282     3.60   0.000     47.01426    159.1745
total_r~2000 |   137.4592   38.15043     3.60   0.000     62.68568    212.2326
incr_sf_mo~e |     424.56    9.17708    46.26   0.000     406.5733    442.5467
passthr~1000 |   .1618842   .0448243     3.61   0.000     .0740302    .2497383
passthr~1500 |   .2428264   .0672365     3.61   0.000     .1110453    .3746074
passthr~2000 |   .3237685   .0896486     3.61   0.000     .1480604    .4994765
------------------------------------------------------------------------------
Note: One or more parameters could not be estimated in 24 bootstrap replicates;
      standard-error estimates include only complete replications.
(est3 stored)

    Variable |        Obs        Mean    Std. Dev.       Min        Max
-------------+---------------------------------------------------------
  dactual_mw |        299    1.221204    .4561355        .75       1.95

added macro:
      e(avg_mw_change) : "1.22"
(note: file ../output/bootstrap_rent.tex not found)
(output written to ../output/bootstrap_rent.tex)

. 
end of do-file

 make.py ended: 2020-05-14 20:15:19
