
 make.py started: 2020-05-14 21:07:54 C:\Users\diegog\Desktop\Diego\min_wage_rent\analysis\bootstrap_passthrough\code 




Execute:  StataMP-64 /e do "./preclean.do"

  ___  ____  ____  ____  ____ (R)
 /__    /   ____/   /   ____/
___/   /   /___/   /   /___/   15.1   Copyright 1985-2017 StataCorp LLC
  Statistics/Data Analysis            StataCorp
                                      4905 Lakeway Drive
     MP - Parallel Edition            College Station, Texas 77845 USA
                                      800-STATA-PC        http://www.stata.com
                                      979-696-4600        stata@stata.com
                                      979-696-4601 (fax)

Single-user 32-core Stata perpetual license:
       Serial number:  501506205566
         Licensed to:  KU Leuven FEB (CES)
                       KU Leuven

Notes:
      1.  Stata is running in batch mode.
      2.  Unicode is supported; see help unicode_advice.
      3.  More than 2 billion observations are allowed; see help obs_advice.
      4.  Maximum number of variables is set to 5000; see help set_maxvar.

. do ./preclean.do 

. clear all

. set more off

. adopath + ../../../lib/stata/mental_coupons/ado
  [1]  (BASE)      "C:\Program Files\Stata15\ado\base/"
  [2]  (SITE)      "C:\Program Files\Stata15\ado\site/"
  [3]              "."
  [4]  (PERSONAL)  "c:\ado\personal/"
  [5]  (PLUS)      "c:\ado\plus/"
  [6]  (OLDPLACE)  "c:\ado/"
  [7]              "../../../lib/stata/mental_coupons/ado"

. adopath + ../../../lib/stata/gslab_misc/ado
  [1]  (BASE)      "C:\Program Files\Stata15\ado\base/"
  [2]  (SITE)      "C:\Program Files\Stata15\ado\site/"
  [3]              "."
  [4]  (PERSONAL)  "c:\ado\personal/"
  [5]  (PLUS)      "c:\ado\plus/"
  [6]  (OLDPLACE)  "c:\ado/"
  [7]              "../../../lib/stata/mental_coupons/ado"
  [8]              "../../../lib/stata/gslab_misc/ado"

. set maxvar 32000 


. 
. program main
  1.         use "../../../drive/derived_large/output/baseline_rent_panel.dta",
>  clear
  2.         
.         create_latest_event_vars, event_dummy(mw_event025) window(6)         
>        ///
>                 time_var(year_month) geo_unit(zipcode) panel_end(2019m12)
  3.                 
.         create_latest_event_vars, event_dummy(sal_mw_event) window(6)        
>         ///
>                 time_var(year_month) geo_unit(zipcode) panel_end(2019m12)
  4.                 
.         create_latest_event_vars, event_dummy(mw_event075) window(6)         
>        ///
>                 time_var(year_month) geo_unit(zipcode) panel_end(2019m12)
  5. 
.         save_data "../temp/baseline_rent_panel_6.dta", key(zipcode year_month
> )            ///
>                 replace log(none)
  6. end

. 
. program create_latest_event_vars
  1.         syntax, event_dummy(str) window(int) time_var(str) ///
>             geo_unit(str) panel_end(str)
  2.         
.         local window_span = `window'*2 + 1 
  3. 
.         gen `event_dummy'_`time_var' = `time_var' if `event_dummy' == 1
  4.         format `event_dummy'_`time_var' %tm
  5. 
.         cap gen months_until_panel_ends = `=tm(`panel_end')' - `time_var'
  6.     
.         preserve
  7.         keep if months_until_panel_ends >= (`window' + 1)
  8.         collapse (max) last_`event_dummy'_`time_var' = `event_dummy'_`time
> _var', by(`geo_unit')
  9.         format last_`event_dummy'_`time_var' %tm
 10.         keep `geo_unit' last_`event_dummy'_`time_var'
 11.         save_data "../temp/last_event`window'_by_`geo_unit'.dta", key(`geo
> _unit') replace
 12.         restore
 13.         
.         merge m:1 `geo_unit' using "../temp/last_event`window'_by_`geo_unit'.
> dta", ///
>             nogen assert(3) keep(3)
 14.         
.         gen last_`event_dummy'_rel_months`window' = `time_var' - last_`event_
> dummy'_`time_var'
 15.         replace last_`event_dummy'_rel_months`window' = last_`event_dummy'
> _rel_months`window' + `window' + 1
 16.         replace last_`event_dummy'_rel_months`window' = 0 ///
>             if last_`event_dummy'_rel_months`window' <= 0
 17.         replace last_`event_dummy'_rel_months`window' = 1000 ///
>             if (last_`event_dummy'_rel_months`window' > `window_span' & ///
>                 !missing(last_`event_dummy'_rel_months`window'))
 18.         
.     gen unused_mw_event`event_dummy'_`window' = ///
>             (mw_event == 1 & last_`event_dummy'_rel_months`window' != (`windo
> w' + 1))
 19.         bysort zipcode (year_month): gen c_nbr_unused_`event_dummy'_`windo
> w' = ///
>             sum(unused_mw_event`event_dummy'_`window')
 20.                 
.         drop `event_dummy'_`time_var' last_`event_dummy'_`time_var'
 21. end

. 
. main
(147,709 missing values generated)
(8,771 observations deleted)
(data already sorted by zipcode)
  variable last_mw_event025_year_month was float now int
  (2,506 bytes saved)
===============================================================================
> ===================
File: ../temp/last_event6_by_zipcode.dta
Key: zipcode
===============================================================================
> ===================
  1253:2(71212):2074968706:1696188245

    Variable |        Obs        Mean    Std. Dev.       Min        Max
-------------+---------------------------------------------------------
     zipcode |      1,253    51319.01    29015.52       2113      99577
last_mw_ev~h |        799    672.5069    40.95143        606        708




(note: file ../temp/last_event6_by_zipcode.dta not found)
file ../temp/last_event6_by_zipcode.dta saved

    Result                           # of obs.
    -----------------------------------------
    not matched                             0
    matched                           150,360  
    -----------------------------------------
(54,480 missing values generated)
(95,880 real changes made)
(52,394 real changes made)
(32,354 real changes made)
(148,388 missing values generated)
(8,771 observations deleted)
(data already sorted by zipcode)
  variable last_sal_mw_event_year_month was float now int
  (2,506 bytes saved)
===============================================================================
> ===================
File: ../temp/last_event6_by_zipcode.dta
Key: zipcode
===============================================================================
> ===================
  1253:2(80974):3576531851:1730511765

    Variable |        Obs        Mean    Std. Dev.       Min        Max
-------------+---------------------------------------------------------
     zipcode |      1,253    51319.01    29015.52       2113      99577
last_sal_m~h |        539    693.4156    29.10687        606        708




file ../temp/last_event6_by_zipcode.dta saved

    Result                           # of obs.
    -----------------------------------------
    not matched                             0
    matched                           150,360  
    -----------------------------------------
(85,680 missing values generated)
(64,680 real changes made)
(46,617 real changes made)
(10,556 real changes made)
(149,165 missing values generated)
(8,771 observations deleted)
(data already sorted by zipcode)
  variable last_mw_event075_year_month was float now int
  (2,506 bytes saved)
===============================================================================
> ===================
File: ../temp/last_event6_by_zipcode.dta
Key: zipcode
===============================================================================
> ===================
  1253:2(71245):3917202500:2391888169

    Variable |        Obs        Mean    Std. Dev.       Min        Max
-------------+---------------------------------------------------------
     zipcode |      1,253    51319.01    29015.52       2113      99577
last_mw_ev~h |        477    689.8637     20.1217        636        708




file ../temp/last_event6_by_zipcode.dta saved

    Result                           # of obs.
    -----------------------------------------
    not matched                             0
    matched                           150,360  
    -----------------------------------------
(93,120 missing values generated)
(57,240 real changes made)
(39,526 real changes made)
(11,036 real changes made)
(data already sorted by zipcode year_month)
  variable months_until_panel_ends was float now int
  variable last_mw_event025_rel_months6 was float now int
  variable unused_mw_eventmw_event025_6 was float now byte
  variable c_nbr_unused_mw_event025_6 was float now byte
  variable last_sal_mw_event_rel_months6 was float now int
  variable unused_mw_eventsal_mw_event_6 was float now byte
  variable c_nbr_unused_sal_mw_event_6 was float now byte
  variable last_mw_event075_rel_months6 was float now int
  variable unused_mw_eventmw_event075_6 was float now byte
  variable c_nbr_unused_mw_event075_6 was float now byte
  (3,909,360 bytes saved)
===============================================================================
> ===================
File: ../temp/baseline_rent_panel_6.dta
Key: zipcode year_month
===============================================================================
> ===================
  150360:37(71790):916274497:1237043937

    Variable |        Obs        Mean    Std. Dev.       Min        Max
-------------+---------------------------------------------------------
     zipcode |    150,360    51319.01    29004.04       2113      99577
  year_month |    150,360       659.5    34.63993        600        719
  place_code |    124,200       40791    22611.89        410      87240
   placetype |          0
  countyfips |    150,000    24129.28    16433.47       1003      56021
-------------+---------------------------------------------------------
      county |          0
   statefips |    150,360    24.02953    16.37417          1         56
medre~e_sfcc |    122,702    1641.121    693.2088        595       6595
      fed_mw |    150,360        7.25           0       7.25       7.25
    state_mw |    150,360     8.00464    1.065423       7.25         14
-------------+---------------------------------------------------------
   county_mw |      8,160    9.073235    1.572141       7.25      14.25
county_abo~w |      8,160    .3026961     .459453          0          1
    local_mw |      8,760    9.411226    1.795166       7.25         16
local_abov~w |      8,760    .3366438    .4725889          0          1
   actual_mw |    150,360     8.06152    1.184424       7.25         16
-------------+---------------------------------------------------------
  dactual_mw |    150,360    .0149334    .1110563          0       2.21
    mw_event |    150,360    .0335528    .1800756          0          1
calendar_m~h |    150,360         6.5    3.452064          1         12
         msa |    150,360    436.0295    241.1196         12        860
sal_mw_event |    150,360    .0131152    .1137685          0          1
-------------+---------------------------------------------------------
 mw_event025 |    150,360     .017631    .1316065          0          1
 mw_event075 |    150,360    .0079476    .0887946          0          1
m~e_mfr5plus |     43,854    1717.106    754.5874        450       6095
medren~e_2br |     30,748    1998.906    1020.178        495       6800
medre~t_sfcc |    109,861    1.182011    .7855536   .4180214   6.731387
-------------+---------------------------------------------------------
m~t_mfr5plus |     34,604    1.845265    1.008575   .5106889   6.471716
medren~t_2br |     23,145    1.855966    .9358948   .5015197   6.499599
months_unt~s |    150,360        59.5    34.63993          0        119
l~25_rel_m~6 |     95,880     338.201    472.3049          0       1000
unused_~25_6 |    150,360    .0282389    .1656552          0          1
-------------+---------------------------------------------------------
c_nbr_u~25_6 |    150,360     1.53332    2.145836          0          9
last_sal_m~6 |     64,680    163.9618    369.2275          0       1000
unused_m~t_6 |    150,360    .0299681    .1704998          0          1
c_nbr_un~t_6 |    150,360    1.690396     2.33942          0          9
l~75_rel_m~6 |     57,240    193.5606    394.1397          0       1000
-------------+---------------------------------------------------------
unused_~75_6 |    150,360    .0303804    .1716323          0          1
c_nbr_u~75_6 |    150,360     1.69009    2.290124          0          9




(note: file ../temp/baseline_rent_panel_6.dta not found)
file ../temp/baseline_rent_panel_6.dta saved

. 
end of do-file


Execute:  StataMP-64 /e do "./bootstrap.do"

  ___  ____  ____  ____  ____ (R)
 /__    /   ____/   /   ____/
___/   /   /___/   /   /___/   15.1   Copyright 1985-2017 StataCorp LLC
  Statistics/Data Analysis            StataCorp
                                      4905 Lakeway Drive
     MP - Parallel Edition            College Station, Texas 77845 USA
                                      800-STATA-PC        http://www.stata.com
                                      979-696-4600        stata@stata.com
                                      979-696-4601 (fax)

Single-user 32-core Stata perpetual license:
       Serial number:  501506205566
         Licensed to:  KU Leuven FEB (CES)
                       KU Leuven

Notes:
      1.  Stata is running in batch mode.
      2.  Unicode is supported; see help unicode_advice.
      3.  More than 2 billion observations are allowed; see help obs_advice.
      4.  Maximum number of variables is set to 5000; see help set_maxvar.

. do ./bootstrap.do 

. clear all

. set more off

. adopath + ../../../lib/stata/mental_coupons/ado
  [1]  (BASE)      "C:\Program Files\Stata15\ado\base/"
  [2]  (SITE)      "C:\Program Files\Stata15\ado\site/"
  [3]              "."
  [4]  (PERSONAL)  "c:\ado\personal/"
  [5]  (PLUS)      "c:\ado\plus/"
  [6]  (OLDPLACE)  "c:\ado/"
  [7]              "../../../lib/stata/mental_coupons/ado"

. adopath + ../../../lib/stata/gslab_misc/ado
  [1]  (BASE)      "C:\Program Files\Stata15\ado\base/"
  [2]  (SITE)      "C:\Program Files\Stata15\ado\site/"
  [3]              "."
  [4]  (PERSONAL)  "c:\ado\personal/"
  [5]  (PLUS)      "c:\ado\plus/"
  [6]  (OLDPLACE)  "c:\ado/"
  [7]              "../../../lib/stata/mental_coupons/ado"
  [8]              "../../../lib/stata/gslab_misc/ado"

. adopath + ../../../lib/stata/min_wage/ado
  [1]  (BASE)      "C:\Program Files\Stata15\ado\base/"
  [2]  (SITE)      "C:\Program Files\Stata15\ado\site/"
  [3]              "."
  [4]  (PERSONAL)  "c:\ado\personal/"
  [5]  (PLUS)      "c:\ado\plus/"
  [6]  (OLDPLACE)  "c:\ado/"
  [7]              "../../../lib/stata/mental_coupons/ado"
  [8]              "../../../lib/stata/gslab_misc/ado"
  [9]              "../../../lib/stata/min_wage/ado"

. set maxvar 32000 


. 
. program main    
  1.         local reps = 200
  2.         local seed = 8
  3.         
.         use "../temp/baseline_rent_panel_6.dta", clear
  4.     xtset, clear
  5.         eststo clear
  6.         foreach event_var in mw_event025 sal_mw_event mw_event075 {
  7.                 eststo: bootstrap effect_per_sqft = r(effect_per_sqft) ///
>                         total_rent_increase1000 = r(total_rent_increase1000) 
> ///
>                         total_rent_increase1500 = r(total_rent_increase1500) 
> ///
>                         total_rent_increase2000 = r(total_rent_increase2000) 
> ///
>                         incr_sf_monthly_income = r(incr_sf_monthly_income) //
> /
>                         passthrough1000 = r(passthrough1000) ///
>                         passthrough1500 = r(passthrough1500) ///
>                         passthrough2000 = r(passthrough2000), rep(`reps') see
> d(`seed') ///
>                         cluster(zipcode): thing_to_bootstrap, depvar(medrentp
> ricepsqft_sfcc) ///
>                         event_var(`event_var') window(6) ///
>                         fe(zipcode calendar_month#countyfips year_month#state
> fips)
  8.                         
.                 sum dactual_mw if (last_`event_var'_rel_months6 == 7 & !missi
> ng(medrentpricepsqft_sfcc))
  9.                 estadd local avg_mw_change = round(r(mean),0.01)
 10. }
 11. 
.         esttab * using "../output/bootstrap_rent.tex", ci replace ///
>             mtitle("MW changes of at least \\$0.25" "MW changes of at least \
> \$0.5" "MW changes of at least \\$0.75") ///
>             coeflabels(effect_per_sqft "Rent increase per square feet" ///
>                 total_rent_increase1000 "Total rent increase (assuming 1000 s
> quare feet)" ///
>                 total_rent_increase1500 "Total rent increase (assuming 1500 s
> quare feet)" ///
>                 total_rent_increase2000 "Total rent increase (assuming 2000 s
> quare feet)" ///
>                 incr_sf_monthly_income "Increase in income of a household wit
> h 2 full time minimum wages" ///
>                 passthrough1000 "Implied passthrough from MW to rents (assumi
> ng 1000 square feet)" ///
>             passthrough1500 "Implied passthrough from MW to rents (assuming 1
> 500 square feet)" ///
>                 passthrough2000 "Implied passthrough from MW to rents (assumi
> ng 2000 square feet)") ///
>                 stats(min_mw_change avg_mw_change max_mw_change N N_clust N_r
> eps, ///
>                 fmt(%9.0g %9.0g %9.0g %9.0g %9.0g %9.0g) ///
>             labels("Minimum MW change" "Average MW change" "Maximum MW change
> " ///
>                 "Number of zipcode-months" "Number of Zipcodes" "Number of bo
> otstrap repetitions")) nonotes
 12. end

. 
. program thing_to_bootstrap, rclass
  1.     syntax, depvar(str) event_var(str) window(int) fe(str)
  2. 
.         local window_plus1 = `window' + 1
  3.         local window_span = 2*`window' + 1
  4.         
.     reghdfe `depvar' ib`window'.last_`event_var'_rel_months`window' ///
>             i.c_nbr_unused_`event_var'_`window', nocons ///
>         absorb(`fe')
  5.         local sum_coeffs = 0
  6.         forval i = `window_plus1'(1)`window_span' {
  7.         local sum_coeffs = `sum_coeffs' + _b[`i'.last_`event_var'_rel_mont
> hs`window']
  8.                 local effect_per_sqft = `sum_coeffs'/`window_plus1'
  9.         }
 10.         
.         sum dactual_mw if (last_`event_var'_rel_months6 == `window_plus1' & !
> missing(`depvar'))
 11.         local used_mw_change = round(r(mean),0.01)
 12.         local incr_sf_monthly_income = (2*40*4.35)*`used_mw_change'
 13.         
.         local home_size1000 = 1000
 14.         local home_size1500 = 1500
 15.         local home_size2000 = 2000
 16.         
.         return scalar effect_per_sqft = `effect_per_sqft'
 17.         
.         return scalar total_rent_increase1000 = `home_size1000'*`effect_per_s
> qft'
 18.         return scalar total_rent_increase1500 = `home_size1500'*`effect_pe
> r_sqft'
 19.         return scalar total_rent_increase2000 = `home_size2000'*`effect_pe
> r_sqft'
 20. 
.         return scalar incr_sf_monthly_income = `incr_sf_monthly_income'
 21.         
.     return scalar passthrough1000 = (`home_size1000'*`effect_per_sqft')/`incr
> _sf_monthly_income'
 22.     return scalar passthrough1500 = (`home_size1500'*`effect_per_sqft')/`i
> ncr_sf_monthly_income'
 23.     return scalar passthrough2000 = (`home_size2000'*`effect_per_sqft')/`i
> ncr_sf_monthly_income'
 24. 
. end

. 
. main
(running thing_to_bootstrap on estimation sample)

Bootstrap replications (200)
----+--- 1 ---+--- 2 ---+--- 3 ---+--- 4 ---+--- 5 
..................................................    50
..................................................   100
.............x.............x...........x........x.   150
..................................................   200

Bootstrap results                               Number of obs     =     68,713
                                                Replications      =        196

      command:  thing_to_bootstrap, depvar(medrentpricepsqft_sfcc)
                    event_var(mw_event025) window(6) fe(zipcode
                    calendar_month#countyfips year_month#statefips)
effect_per_~t:  r(effect_per_sqft)
total_re~1000:  r(total_rent_increase1000)
total_re~1500:  r(total_rent_increase1500)
total_re~2000:  r(total_rent_increase2000)
incr_sf_mon~e:  r(incr_sf_monthly_income)
passthro~1000:  r(passthrough1000)
passthro~1500:  r(passthrough1500)
passthro~2000:  r(passthrough2000)

                               (Replications based on 676 clusters in zipcode)
------------------------------------------------------------------------------
             |   Observed   Bootstrap                         Normal-based
             |      Coef.   Std. Err.      z    P>|z|     [95% Conf. Interval]
-------------+----------------------------------------------------------------
effect_per~t |   .0233334   .0109888     2.12   0.034     .0017957     .044871
total_r~1000 |   23.33336   10.98878     2.12   0.034     1.795745    44.87098
total_r~1500 |   35.00004   16.48317     2.12   0.034     2.693618    67.30647
total_r~2000 |   46.66673   21.97757     2.12   0.034      3.59149    89.74196
incr_sf_mo~e |     219.24   3.925501    55.85   0.000     211.5462    226.9338
passthr~1000 |   .1064284   .0504026     2.11   0.035     .0076412    .2052156
passthr~1500 |   .1596426   .0756039     2.11   0.035     .0114618    .3078234
passthr~2000 |   .2128568   .1008051     2.11   0.035     .0152824    .4104312
------------------------------------------------------------------------------
Note: One or more parameters could not be estimated in 4 bootstrap replicates;
      standard-error estimates include only complete replications.
(est1 stored)

    Variable |        Obs        Mean    Std. Dev.       Min        Max
-------------+---------------------------------------------------------
  dactual_mw |        621    .6263607    .2894716        .25          2

added macro:
      e(avg_mw_change) : ".63"
(running thing_to_bootstrap on estimation sample)

Bootstrap replications (200)
----+--- 1 ---+--- 2 ---+--- 3 ---+--- 4 ---+--- 5 
..................................................    50
.............x....................................   100
..................................................   150
..................................................   200

Bootstrap results                               Number of obs     =     43,716
                                                Replications      =        199

      command:  thing_to_bootstrap, depvar(medrentpricepsqft_sfcc)
                    event_var(sal_mw_event) window(6) fe(zipcode
                    calendar_month#countyfips year_month#statefips)
effect_per_~t:  r(effect_per_sqft)
total_re~1000:  r(total_rent_increase1000)
total_re~1500:  r(total_rent_increase1500)
total_re~2000:  r(total_rent_increase2000)
incr_sf_mon~e:  r(incr_sf_monthly_income)
passthro~1000:  r(passthrough1000)
passthro~1500:  r(passthrough1500)
passthro~2000:  r(passthrough2000)

                               (Replications based on 440 clusters in zipcode)
------------------------------------------------------------------------------
             |   Observed   Bootstrap                         Normal-based
             |      Coef.   Std. Err.      z    P>|z|     [95% Conf. Interval]
-------------+----------------------------------------------------------------
effect_per~t |   .1196123   .0359099     3.33   0.001     .0492302    .1899943
total_r~1000 |   119.6123   35.90987     3.33   0.001     49.23021    189.9943
total_r~1500 |   179.4184    53.8648     3.33   0.001     73.84531    284.9914
total_r~2000 |   239.2245   71.81973     3.33   0.001     98.46042    379.9886
incr_sf_mo~e |      278.4   4.543407    61.28   0.000     269.4951    287.3049
passthr~1000 |   .4296417   .1288577     3.33   0.001     .1770852    .6821982
passthr~1500 |   .6444626   .1932866     3.33   0.001     .2656278    1.023297
passthr~2000 |   .8592834   .2577155     3.33   0.001     .3541704    1.364396
------------------------------------------------------------------------------
Note: One or more parameters could not be estimated in 1 bootstrap replicate;
      standard-error estimates include only complete replications.
(est2 stored)

    Variable |        Obs        Mean    Std. Dev.       Min        Max
-------------+---------------------------------------------------------
  dactual_mw |        405    .8001235    .2356132         .5          2

added macro:
      e(avg_mw_change) : ".8"
(running thing_to_bootstrap on estimation sample)

Bootstrap replications (200)
----+--- 1 ---+--- 2 ---+--- 3 ---+--- 4 ---+--- 5 
..................................................    50
..........x................x......................   100
...........x.......................x..............   150
..................................................   200

Bootstrap results                               Number of obs     =     37,837
                                                Replications      =        196

      command:  thing_to_bootstrap, depvar(medrentpricepsqft_sfcc)
                    event_var(mw_event075) window(6) fe(zipcode
                    calendar_month#countyfips year_month#statefips)
effect_per_~t:  r(effect_per_sqft)
total_re~1000:  r(total_rent_increase1000)
total_re~1500:  r(total_rent_increase1500)
total_re~2000:  r(total_rent_increase2000)
incr_sf_mon~e:  r(incr_sf_monthly_income)
passthro~1000:  r(passthrough1000)
passthro~1500:  r(passthrough1500)
passthro~2000:  r(passthrough2000)

                               (Replications based on 383 clusters in zipcode)
------------------------------------------------------------------------------
             |   Observed   Bootstrap                         Normal-based
             |      Coef.   Std. Err.      z    P>|z|     [95% Conf. Interval]
-------------+----------------------------------------------------------------
effect_per~t |   .0850283   .0153613     5.54   0.000     .0549207     .115136
total_r~1000 |   85.02833   15.36133     5.54   0.000     54.92069     115.136
total_r~1500 |   127.5425   23.04199     5.54   0.000     82.38103     172.704
total_r~2000 |   170.0567   30.72265     5.54   0.000     109.8414    230.2719
incr_sf_mo~e |     403.68   7.852028    51.41   0.000     388.2903    419.0697
passthr~1000 |    .210633   .0383468     5.49   0.000     .1354747    .2857913
passthr~1500 |   .3159495   .0575201     5.49   0.000     .2032121    .4286869
passthr~2000 |    .421266   .0766935     5.49   0.000     .2709495    .5715825
------------------------------------------------------------------------------
Note: One or more parameters could not be estimated in 4 bootstrap replicates;
      standard-error estimates include only complete replications.
(est3 stored)

    Variable |        Obs        Mean    Std. Dev.       Min        Max
-------------+---------------------------------------------------------
  dactual_mw |        385    1.163507    .4379723        .75          2

added macro:
      e(avg_mw_change) : "1.16"
(note: file ../output/bootstrap_rent.tex not found)
(output written to ../output/bootstrap_rent.tex)

. 
end of do-file

 make.py ended: 2020-05-14 21:25:37
