
 make.py started: 2020-06-07 13:39:09 C:\Users\diegog\Desktop\Diego\min_wage_rent\analysis\bootstrap_passthrough\code 




Execute:  StataMP-64 /e do "./preclean.do"

  ___  ____  ____  ____  ____ (R)
 /__    /   ____/   /   ____/
___/   /   /___/   /   /___/   15.1   Copyright 1985-2017 StataCorp LLC
  Statistics/Data Analysis            StataCorp
                                      4905 Lakeway Drive
     MP - Parallel Edition            College Station, Texas 77845 USA
                                      800-STATA-PC        http://www.stata.com
                                      979-696-4600        stata@stata.com
                                      979-696-4601 (fax)

Single-user 32-core Stata perpetual license:
       Serial number:  501506205566
         Licensed to:  KU Leuven FEB (CES)
                       KU Leuven

Notes:
      1.  Stata is running in batch mode.
      2.  Unicode is supported; see help unicode_advice.
      3.  More than 2 billion observations are allowed; see help obs_advice.
      4.  Maximum number of variables is set to 5000; see help set_maxvar.

. do ./preclean.do 

. clear all

. set more off

. adopath + ../../../lib/stata/mental_coupons/ado
  [1]  (BASE)      "C:\Program Files\Stata15\ado\base/"
  [2]  (SITE)      "C:\Program Files\Stata15\ado\site/"
  [3]              "."
  [4]  (PERSONAL)  "c:\ado\personal/"
  [5]  (PLUS)      "c:\ado\plus/"
  [6]  (OLDPLACE)  "c:\ado/"
  [7]              "../../../lib/stata/mental_coupons/ado"

. adopath + ../../../lib/stata/gslab_misc/ado
  [1]  (BASE)      "C:\Program Files\Stata15\ado\base/"
  [2]  (SITE)      "C:\Program Files\Stata15\ado\site/"
  [3]              "."
  [4]  (PERSONAL)  "c:\ado\personal/"
  [5]  (PLUS)      "c:\ado\plus/"
  [6]  (OLDPLACE)  "c:\ado/"
  [7]              "../../../lib/stata/mental_coupons/ado"
  [8]              "../../../lib/stata/gslab_misc/ado"

. set maxvar 32000 


. 
. program main
  1.         use "../../../drive/derived_large/output/baseline_rent_panel.dta",
>  clear
  2.         
.         create_latest_event_vars, event_dummy(mw_event025) window(6)         
>        ///
>                 time_var(year_month) geo_unit(zipcode) panel_end(2019m12)
  3.                 
.         create_latest_event_vars, event_dummy(sal_mw_event) window(6)        
>         ///
>                 time_var(year_month) geo_unit(zipcode) panel_end(2019m12)
  4.                 
.         create_latest_event_vars, event_dummy(mw_event075) window(6)         
>        ///
>                 time_var(year_month) geo_unit(zipcode) panel_end(2019m12)
  5. 
.         save_data "../temp/baseline_rent_panel_6.dta", key(zipcode year_month
> )            ///
>                 replace log(none)
  6. end

. 
. program create_latest_event_vars
  1.         syntax, event_dummy(str) window(int) time_var(str) ///
>             geo_unit(str) panel_end(str)
  2.         
.         local window_span = `window'*2 + 1 
  3. 
.         gen `event_dummy'_`time_var' = `time_var' if `event_dummy' == 1
  4.         format `event_dummy'_`time_var' %tm
  5. 
.         cap gen months_until_panel_ends = `=tm(`panel_end')' - `time_var'
  6.     
.         preserve
  7.         keep if months_until_panel_ends >= (`window' + 1)
  8.         collapse (max) last_`event_dummy'_`time_var' = `event_dummy'_`time
> _var', by(`geo_unit')
  9.         format last_`event_dummy'_`time_var' %tm
 10.         keep `geo_unit' last_`event_dummy'_`time_var'
 11.         save_data "../temp/last_event`window'_by_`geo_unit'.dta", key(`geo
> _unit') replace
 12.         restore
 13.         
.         merge m:1 `geo_unit' using "../temp/last_event`window'_by_`geo_unit'.
> dta", ///
>             nogen assert(3) keep(3)
 14.         
.         gen last_`event_dummy'_rel_months`window' = `time_var' - last_`event_
> dummy'_`time_var'
 15.         replace last_`event_dummy'_rel_months`window' = last_`event_dummy'
> _rel_months`window' + `window' + 1
 16.         replace last_`event_dummy'_rel_months`window' = 0 ///
>             if last_`event_dummy'_rel_months`window' <= 0
 17.         replace last_`event_dummy'_rel_months`window' = 1000 ///
>             if (last_`event_dummy'_rel_months`window' > `window_span' & ///
>                 !missing(last_`event_dummy'_rel_months`window'))
 18.         
.     gen unused_mw_event`event_dummy'_`window' = ///
>             (mw_event == 1 & last_`event_dummy'_rel_months`window' != (`windo
> w' + 1))
 19.         bysort zipcode (year_month): gen c_nbr_unused_`event_dummy'_`windo
> w' = ///
>             sum(unused_mw_event`event_dummy'_`window')
 20.                 
.         drop `event_dummy'_`time_var' last_`event_dummy'_`time_var'
 21. end

. 
. main
(147,708 missing values generated)
(8,771 observations deleted)
(data already sorted by zipcode)
  variable last_mw_event025_year_month was float now int
  (2,506 bytes saved)
============================================================================
File: ../temp/last_event6_by_zipcode.dta
Key: zipcode
============================================================================
  1253:2(71212):2294585753:3298387990

    Variable |        Obs        Mean    Std. Dev.       Min        Max
-------------+---------------------------------------------------------
     zipcode |      1,253    51319.01    29015.52       2113      99577
last_mw_ev~h |        799    672.4881    40.93858        606        708




(note: file ../temp/last_event6_by_zipcode.dta not found)
file ../temp/last_event6_by_zipcode.dta saved

    Result                           # of obs.
    -----------------------------------------
    not matched                             0
    matched                           150,360  
    -----------------------------------------
(54,480 missing values generated)
(95,880 real changes made)
(52,379 real changes made)
(32,369 real changes made)
(148,387 missing values generated)
(8,771 observations deleted)
(data already sorted by zipcode)
  variable last_sal_mw_event_year_month was float now int
  (2,506 bytes saved)
============================================================================
File: ../temp/last_event6_by_zipcode.dta
Key: zipcode
============================================================================
  1253:2(80974):3812991907:3332711510

    Variable |        Obs        Mean    Std. Dev.       Min        Max
-------------+---------------------------------------------------------
     zipcode |      1,253    51319.01    29015.52       2113      99577
last_sal_m~h |        539    693.3878    29.10007        606        708




file ../temp/last_event6_by_zipcode.dta saved

    Result                           # of obs.
    -----------------------------------------
    not matched                             0
    matched                           150,360  
    -----------------------------------------
(85,680 missing values generated)
(64,680 real changes made)
(46,602 real changes made)
(10,571 real changes made)
(149,164 missing values generated)
(8,771 observations deleted)
(data already sorted by zipcode)
  variable last_mw_event075_year_month was float now int
  (2,506 bytes saved)
============================================================================
File: ../temp/last_event6_by_zipcode.dta
Key: zipcode
============================================================================
  1253:2(71245):4136819547:3977376490

    Variable |        Obs        Mean    Std. Dev.       Min        Max
-------------+---------------------------------------------------------
     zipcode |      1,253    51319.01    29015.52       2113      99577
last_mw_ev~h |        477    689.8323    20.10501        636        708




file ../temp/last_event6_by_zipcode.dta saved

    Result                           # of obs.
    -----------------------------------------
    not matched                             0
    matched                           150,360  
    -----------------------------------------
(93,120 missing values generated)
(57,240 real changes made)
(39,511 real changes made)
(11,051 real changes made)
(data already sorted by zipcode year_month)
  variable months_until_panel_ends was float now int
  variable last_mw_event025_rel_months6 was float now int
  variable unused_mw_eventmw_event025_6 was float now byte
  variable c_nbr_unused_mw_event025_6 was float now byte
  variable last_sal_mw_event_rel_months6 was float now int
  variable unused_mw_eventsal_mw_event_6 was float now byte
  variable c_nbr_unused_sal_mw_event_6 was float now byte
  variable last_mw_event075_rel_months6 was float now int
  variable unused_mw_eventmw_event075_6 was float now byte
  variable c_nbr_unused_mw_event075_6 was float now byte
  (3,909,360 bytes saved)
============================================================================
File: ../temp/baseline_rent_panel_6.dta
Key: zipcode year_month
============================================================================
  150360:37(57618):1603368108:3029471443

    Variable |        Obs        Mean    Std. Dev.       Min        Max
-------------+---------------------------------------------------------
     zipcode |    150,360    51319.01    29004.04       2113      99577
  year_month |    150,360       659.5    34.63993        600        719
  place_code |    124,200       40791    22611.89        410      87240
   placetype |          0
  countyfips |    150,000    24129.28    16433.47       1003      56021
-------------+---------------------------------------------------------
      county |          0
   statefips |    150,360    24.02953    16.37417          1         56
medre~e_sfcc |    122,702    1641.121    693.2088        595       6595
      fed_mw |    150,360        7.25           0       7.25       7.25
    state_mw |    150,360     8.00464    1.065423       7.25         14
-------------+---------------------------------------------------------
   county_mw |      8,160    9.078529    1.577343       7.25      14.25
county_abo~w |      8,160    .3058824    .4608084          0          1
    local_mw |      8,760    9.512664     1.87633       7.25         16
local_abov~w |      8,760    .3606164    .4802068          0          1
   actual_mw |    150,360    8.063602    1.192165       7.25         16
-------------+---------------------------------------------------------
  dactual_mw |    150,360    .0149477    .1111675          0       2.21
    mw_event |    150,360    .0335595    .1800929          0          1
calendar_m~h |    150,360         6.5    3.452064          1         12
         msa |    150,360    436.0295    241.1196         12        860
sal_mw_event |    150,360    .0131218    .1137969          0          1
-------------+---------------------------------------------------------
 mw_event025 |    150,360    .0176377    .1316309          0          1
 mw_event075 |    150,360    .0079542    .0888314          0          1
m~e_mfr5plus |     43,854    1717.106    754.5874        450       6095
medren~e_2br |     30,748    1998.906    1020.178        495       6800
medre~t_sfcc |    109,861    1.182011    .7855536   .4180214   6.731387
-------------+---------------------------------------------------------
medren~t_2br |     23,145    1.855966    .9358948   .5015197   6.499599
m~t_mfr5plus |     34,604    1.845265    1.008575   .5106889   6.471716
months_unt~s |    150,360        59.5    34.63993          0        119
l~25_rel_m~6 |     95,880    338.3574    472.3584          0       1000
unused_~25_6 |    150,360    .0282455    .1656741          0          1
-------------+---------------------------------------------------------
c_nbr_u~25_6 |    150,360     1.53338    2.146003          0          9
last_sal_m~6 |     64,680    164.1937    369.4384          0       1000
unused_m~t_6 |    150,360    .0299747    .1705181          0          1
c_nbr_un~t_6 |    150,360    1.690456    2.339568          0          9
l~75_rel_m~6 |     57,240    193.8226    394.3433          0       1000
-------------+---------------------------------------------------------
unused_~75_6 |    150,360    .0303871    .1716505          0          1
c_nbr_u~75_6 |    150,360     1.69015    2.290276          0          9




(note: file ../temp/baseline_rent_panel_6.dta not found)
file ../temp/baseline_rent_panel_6.dta saved

. 
end of do-file


Execute:  StataMP-64 /e do "./bootstrap.do"

  ___  ____  ____  ____  ____ (R)
 /__    /   ____/   /   ____/
___/   /   /___/   /   /___/   15.1   Copyright 1985-2017 StataCorp LLC
  Statistics/Data Analysis            StataCorp
                                      4905 Lakeway Drive
     MP - Parallel Edition            College Station, Texas 77845 USA
                                      800-STATA-PC        http://www.stata.com
                                      979-696-4600        stata@stata.com
                                      979-696-4601 (fax)

Single-user 32-core Stata perpetual license:
       Serial number:  501506205566
         Licensed to:  KU Leuven FEB (CES)
                       KU Leuven

Notes:
      1.  Stata is running in batch mode.
      2.  Unicode is supported; see help unicode_advice.
      3.  More than 2 billion observations are allowed; see help obs_advice.
      4.  Maximum number of variables is set to 5000; see help set_maxvar.

. do ./bootstrap.do 

. clear all

. set more off

. adopath + ../../../lib/stata/gslab_misc/ado
  [1]  (BASE)      "C:\Program Files\Stata15\ado\base/"
  [2]  (SITE)      "C:\Program Files\Stata15\ado\site/"
  [3]              "."
  [4]  (PERSONAL)  "c:\ado\personal/"
  [5]  (PLUS)      "c:\ado\plus/"
  [6]  (OLDPLACE)  "c:\ado/"
  [7]              "../../../lib/stata/gslab_misc/ado"

. adopath + ../../../lib/stata/min_wage/ado
  [1]  (BASE)      "C:\Program Files\Stata15\ado\base/"
  [2]  (SITE)      "C:\Program Files\Stata15\ado\site/"
  [3]              "."
  [4]  (PERSONAL)  "c:\ado\personal/"
  [5]  (PLUS)      "c:\ado\plus/"
  [6]  (OLDPLACE)  "c:\ado/"
  [7]              "../../../lib/stata/gslab_misc/ado"
  [8]              "../../../lib/stata/min_wage/ado"

. set maxvar 32000 


. 
. program main
  1.         local instub "../temp"
  2.         local outstub "../output"
  3. 
.         local reps = 200
  4.         local seed = 8
  5.         
.         use "`instub'/baseline_rent_panel_6.dta", clear
  6. 
.     xtset, clear
  7.         eststo clear
  8.         foreach event_var in mw_event025 sal_mw_event mw_event075 {
  9.                 eststo: bootstrap effect_per_sqft = r(effect_per_sqft)    
>                               ///
>                         total_rent_increase1000 = r(total_rent_increase1000) 
>                            ///
>                         total_rent_increase1500 = r(total_rent_increase1500) 
>                            ///
>                         total_rent_increase2000 = r(total_rent_increase2000) 
>                            ///
>                         incr_sf_monthly_income = r(incr_sf_monthly_income)   
>                                    ///
>                         passthrough1000 = r(passthrough1000)                 
>                                            ///
>                         passthrough1500 = r(passthrough1500)                 
>                                            ///
>                         passthrough2000 = r(passthrough2000), rep(`reps') see
> d(`seed')          ///
>                         cluster(zipcode): thing_to_bootstrap, depvar(medrentp
> ricepsqft_sfcc) ///
>                         event_var(`event_var') window(6)                     
>                                                    ///
>                         fe(zipcode calendar_month#countyfips year_month#state
> fips)
 10.                         
.                 sum dactual_mw if (last_`event_var'_rel_months6 == 7 & !missi
> ng(medrentpricepsqft_sfcc))
 11.                 estadd local avg_mw_change = round(r(mean),0.01)
 12. }
 13. 
.         esttab * using "`outstub'/bootstrap_rent.tex", ci replace            
>                                            ///
>             mtitle("MW changes of at least \\$0.25" "MW changes of at least \
> \$0.5" "MW changes of at least \\$0.75") ///
>             coeflabels(effect_per_sqft "Rent increase per square feet"       
>                                    ///
>                 total_rent_increase1000 "Total rent increase (assuming 1000 s
> q feet)"                   ///
>                 total_rent_increase1500 "Total rent increase (assuming 1500 s
> q feet)"                   ///
>                 total_rent_increase2000 "Total rent increase (assuming 2000 s
> q feet)"                   ///
>                 incr_sf_monthly_income "Increase in income of a household wit
> h 2 full time minimum wages" ///
>                 passthrough1000 "Implied passthrough from MW to rents (assumi
> ng 1000 sq feet)"  ///
>             passthrough1500 "Implied passthrough from MW to rents (assuming 1
> 500 sq feet)"      ///
>                 passthrough2000 "Implied passthrough from MW to rents (assumi
> ng 2000 sq feet)") ///
>                 stats(avg_mw_change N N_clust N_reps,                        
>                                                            ///
>                 fmt(%9.0g %9.0g %9.0g %9.0g %9.0g %9.0g)                     
>                                                            ///
>             labels("Average MW change" "Number of zipcode-months"            
>                                            ///
>                 "Number of Zipcodes" "Number of bootstrap repetitions")) nono
> tes
 14. end

. 
. program thing_to_bootstrap, rclass
  1.     syntax, depvar(str) event_var(str) window(int) fe(str)
  2. 
.     local people_per_hh = 2
  3.     local hs_per_week   = 40
  4.     local weeks_per_month = 4.35
  5. 
.         local window_plus1 = `window' + 1
  6.         local window_span = 2*`window' + 1
  7.         
.     reghdfe `depvar' ib`window'.last_`event_var'_rel_months`window'          
>            ///
>             i.c_nbr_unused_`event_var'_`window', nocons                      
>                                    ///
>         absorb(`fe')
  8.         local sum_coeffs = 0
  9.         forval i = `window_plus1'(1)`window_span' {
 10.         local sum_coeffs = `sum_coeffs' + _b[`i'.last_`event_var'_rel_mont
> hs`window']
 11.                 local effect_per_sqft = `sum_coeffs'/`window_plus1'
 12.         }
 13.         
.         sum dactual_mw if (last_`event_var'_rel_months6 == `window_plus1' & !
> missing(`depvar'))
 14.         local used_mw_change = round(r(mean),0.01)
 15.         local incr_sf_monthly_income = (`people_per_hh'*`hs_per_week'*`wee
> ks_per_month')*`used_mw_change'
 16.         
.         local home_size1000 = 1000
 17.         local home_size1500 = 1500
 18.         local home_size2000 = 2000
 19.         
.         return scalar effect_per_sqft = `effect_per_sqft'
 20.         
.         return scalar total_rent_increase1000 = `home_size1000'*`effect_per_s
> qft'
 21.         return scalar total_rent_increase1500 = `home_size1500'*`effect_pe
> r_sqft'
 22.         return scalar total_rent_increase2000 = `home_size2000'*`effect_pe
> r_sqft'
 23. 
.         return scalar incr_sf_monthly_income = `incr_sf_monthly_income'
 24.         
.     return scalar passthrough1000 = (`home_size1000'*`effect_per_sqft')/`incr
> _sf_monthly_income'
 25.     return scalar passthrough1500 = (`home_size1500'*`effect_per_sqft')/`i
> ncr_sf_monthly_income'
 26.     return scalar passthrough2000 = (`home_size2000'*`effect_per_sqft')/`i
> ncr_sf_monthly_income'
 27. end

. 
. main
(running thing_to_bootstrap on estimation sample)

Bootstrap replications (200)
----+--- 1 ---+--- 2 ---+--- 3 ---+--- 4 ---+--- 5 
..................................................    50
..................................................   100
.............x.............x...........x........x.   150
..................................................   200

Bootstrap results                               Number of obs     =     68,713
                                                Replications      =        196

      command:  thing_to_bootstrap, depvar(medrentpricepsqft_sfcc)
                    event_var(mw_event025) window(6) fe(zipcode
                    calendar_month#countyfips year_month#statefips)
effect_per_~t:  r(effect_per_sqft)
total_re~1000:  r(total_rent_increase1000)
total_re~1500:  r(total_rent_increase1500)
total_re~2000:  r(total_rent_increase2000)
incr_sf_mon~e:  r(incr_sf_monthly_income)
passthro~1000:  r(passthrough1000)
passthro~1500:  r(passthrough1500)
passthro~2000:  r(passthrough2000)

                               (Replications based on 676 clusters in zipcode)
------------------------------------------------------------------------------
             |   Observed   Bootstrap                         Normal-based
             |      Coef.   Std. Err.      z    P>|z|     [95% Conf. Interval]
-------------+----------------------------------------------------------------
effect_per~t |    .021618   .0103848     2.08   0.037     .0012642    .0419719
total_r~1000 |   21.61803    10.3848     2.08   0.037     1.264191    41.97187
total_r~1500 |   32.42705    15.5772     2.08   0.037     1.896286    62.95781
total_r~2000 |   43.23606   20.76961     2.08   0.037     2.528382    83.94374
incr_sf_mo~e |     219.24   3.961938    55.34   0.000     211.4747    227.0053
passthr~1000 |   .0986044   .0476411     2.07   0.038     .0052295    .1919793
passthr~1500 |   .1479066   .0714617     2.07   0.038     .0078443     .287969
passthr~2000 |   .1972088   .0952823     2.07   0.038      .010459    .3839586
------------------------------------------------------------------------------
Note: One or more parameters could not be estimated in 4 bootstrap replicates;
      standard-error estimates include only complete replications.
(est1 stored)

    Variable |        Obs        Mean    Std. Dev.       Min        Max
-------------+---------------------------------------------------------
  dactual_mw |        621    .6270048     .291107        .25          2

added macro:
      e(avg_mw_change) : ".63"
(running thing_to_bootstrap on estimation sample)

Bootstrap replications (200)
----+--- 1 ---+--- 2 ---+--- 3 ---+--- 4 ---+--- 5 
..................................................    50
.............x....................................   100
..................................................   150
..................................................   200

Bootstrap results                               Number of obs     =     43,716
                                                Replications      =        199

      command:  thing_to_bootstrap, depvar(medrentpricepsqft_sfcc)
                    event_var(sal_mw_event) window(6) fe(zipcode
                    calendar_month#countyfips year_month#statefips)
effect_per_~t:  r(effect_per_sqft)
total_re~1000:  r(total_rent_increase1000)
total_re~1500:  r(total_rent_increase1500)
total_re~2000:  r(total_rent_increase2000)
incr_sf_mon~e:  r(incr_sf_monthly_income)
passthro~1000:  r(passthrough1000)
passthro~1500:  r(passthrough1500)
passthro~2000:  r(passthrough2000)

                               (Replications based on 440 clusters in zipcode)
------------------------------------------------------------------------------
             |   Observed   Bootstrap                         Normal-based
             |      Coef.   Std. Err.      z    P>|z|     [95% Conf. Interval]
-------------+----------------------------------------------------------------
effect_per~t |   .1026157   .0302136     3.40   0.001     .0433982    .1618333
total_r~1000 |   102.6157   30.21359     3.40   0.001     43.39821    161.8333
total_r~1500 |   153.9236   45.32038     3.40   0.001     65.09731    242.7499
total_r~2000 |   205.2315   60.42717     3.40   0.001     86.79641    323.6666
incr_sf_mo~e |      278.4   4.736174    58.78   0.000     269.1173    287.6827
passthr~1000 |    .368591   .1082397     3.41   0.001     .1564452    .5807369
passthr~1500 |   .5528866   .1623595     3.41   0.001     .2346677    .8711054
passthr~2000 |   .7371821   .2164794     3.41   0.001     .3128903    1.161474
------------------------------------------------------------------------------
Note: One or more parameters could not be estimated in 1 bootstrap replicate;
      standard-error estimates include only complete replications.
(est2 stored)

    Variable |        Obs        Mean    Std. Dev.       Min        Max
-------------+---------------------------------------------------------
  dactual_mw |        405    .8011111    .2379627         .5          2

added macro:
      e(avg_mw_change) : ".8"
(running thing_to_bootstrap on estimation sample)

Bootstrap replications (200)
----+--- 1 ---+--- 2 ---+--- 3 ---+--- 4 ---+--- 5 
..................................................    50
..........x................x......................   100
...........x.......................x..............   150
..................................................   200

Bootstrap results                               Number of obs     =     37,837
                                                Replications      =        196

      command:  thing_to_bootstrap, depvar(medrentpricepsqft_sfcc)
                    event_var(mw_event075) window(6) fe(zipcode
                    calendar_month#countyfips year_month#statefips)
effect_per_~t:  r(effect_per_sqft)
total_re~1000:  r(total_rent_increase1000)
total_re~1500:  r(total_rent_increase1500)
total_re~2000:  r(total_rent_increase2000)
incr_sf_mon~e:  r(incr_sf_monthly_income)
passthro~1000:  r(passthrough1000)
passthro~1500:  r(passthrough1500)
passthro~2000:  r(passthrough2000)

                               (Replications based on 383 clusters in zipcode)
------------------------------------------------------------------------------
             |   Observed   Bootstrap                         Normal-based
             |      Coef.   Std. Err.      z    P>|z|     [95% Conf. Interval]
-------------+----------------------------------------------------------------
effect_per~t |    .081191    .013896     5.84   0.000     .0539552    .1084267
total_r~1000 |   81.19097   13.89603     5.84   0.000     53.95524    108.4267
total_r~1500 |   121.7865   20.84405     5.84   0.000     80.93287      162.64
total_r~2000 |   162.3819   27.79207     5.84   0.000     107.9105    216.8534
incr_sf_mo~e |     403.68    7.98847    50.53   0.000     388.0229    419.3371
passthr~1000 |   .2011271   .0347646     5.79   0.000     .1329896    .2692645
passthr~1500 |   .3016906    .052147     5.79   0.000     .1994844    .4038968
passthr~2000 |   .4022541   .0695293     5.79   0.000     .2659792     .538529
------------------------------------------------------------------------------
Note: One or more parameters could not be estimated in 4 bootstrap replicates;
      standard-error estimates include only complete replications.
(est3 stored)

    Variable |        Obs        Mean    Std. Dev.       Min        Max
-------------+---------------------------------------------------------
  dactual_mw |        385    1.164545    .4384441        .75          2

added macro:
      e(avg_mw_change) : "1.16"
(note: file ../output/bootstrap_rent.tex not found)
(output written to ../output/bootstrap_rent.tex)

. 
end of do-file

 make.py ended: 2020-06-07 13:55:52
