
 make.py started: 2021-09-16 14:43:30 C:\Users\diegog\Desktop\Diego\min_wage_rent\analysis\maps\code 




Execute:  R CMD BATCH --no-save "./plot_descriptive_maps.R" plot_descriptive_maps.Rout

R version 4.0.3 (2020-10-10) -- "Bunny-Wunnies Freak Out"
Copyright (C) 2020 The R Foundation for Statistical Computing
Platform: x86_64-w64-mingw32/x64 (64-bit)

R is free software and comes with ABSOLUTELY NO WARRANTY.
You are welcome to redistribute it under certain conditions.
Type 'license()' or 'licence()' for distribution details.

  Natural language support but running in an English locale

R is a collaborative project with many contributors.
Type 'contributors()' for more information and
'citation()' on how to cite R or R packages in publications.

Type 'demo()' for some demos, 'help()' for on-line help, or
'help.start()' for an HTML browser interface to help.
Type 'q()' to quit R.

> remove(list = ls())
> 
> library(sf)
Linking to GEOS 3.9.0, GDAL 3.2.1, PROJ 7.2.1
Warning message:
package 'sf' was built under R version 4.0.5 
> library(data.table)
> library(dplyr)

Attaching package: 'dplyr'

The following objects are masked from 'package:data.table':

    between, first, last

The following objects are masked from 'package:stats':

    filter, lag

The following objects are masked from 'package:base':

    intersect, setdiff, setequal, union

> library(spData)
> library(tmap)
Warning message:
package 'tmap' was built under R version 4.0.5 
> library(tmaptools)
Warning message:
package 'tmaptools' was built under R version 4.0.5 
> library(leaflet)
Warning message:
package 'leaflet' was built under R version 4.0.5 
> library(ggplot2)
> 
> USPS_zipcodes <- read_sf(dsn = "../../../drive/raw_data/shapefiles/USPS_zipcodes", 
+                          layer = "USPS_zipcodes_July2020")
> USPS_zipcodes <- USPS_zipcodes %>%
+   select(ZIP_CODE, PO_NAME, STATE, POPULATION, SQMI, POP_SQMI) %>%
+   rename(zipcode = ZIP_CODE, zipcode_name = PO_NAME,
+          state_name = STATE, pop2020 = POPULATION, 
+          area_sq_miles = SQMI, pop2020_per_sq_miles = POP_SQMI)
> 
> zipcodes <- fread("../../../drive/derived_large/zipcode/zipcode_cross.csv",
+                     colClasses = c(zipcode ="character", place_code ="character", 
+                                    countyfips = "character", cbsa10 = "character",
+                                    zcta ="character", place_name = "character", 
+                                    county_name = "character", cbsa10_name = "character",
+                                    state_abb = "character", statefips = "character"))
> merged <- left_join(USPS_zipcodes, zipcodes, by = "zipcode") %>%
+   filter(is.na(area_sq_miles) == FALSE) %>%
+   mutate(in_zillow = case_when(n_months_zillow_rents > 0 ~ 1,
+                                TRUE ~ 0))
> 
> matched <- merged %>%
+   filter(is.na(houses_zcta_place_county) == FALSE)
> 
> merged_for_maps <- merged %>%
+   filter(state_abb != "AK" & state_abb != "HI")
> 
> USPS_zipcodes_density_map <- tm_shape(merged_for_maps) + 
+   tm_fill(col = "pop2020_per_sq_miles",
+           title = "Population density",
+           style = "quantile",
+           n = 10,
+           palette = "Reds") +
+   tm_borders(lwd = .0001, alpha = 0.1) +
+   tmap_mode("plot") + tmap_options(check.and.fix = TRUE)
tmap mode set to plotting
> USPS_zipcodes_density_map
Warning message:
The shape merged_for_maps is invalid. See sf::st_is_valid 
> tmap_save(USPS_zipcodes_density_map, 
+           "../output/USPS_zipcodes_pop_density.png",
+           dpi = 50)
Map saved to C:\Users\diegog\Desktop\Diego\min_wage_rent\analysis\maps\output\USPS_zipcodes_pop_density.png
Resolution: 477.0996 by 256.7598 pixels
Size: 9.541991 by 5.135196 inches (50 dpi)
Warning messages:
1: The shape merged_for_maps is invalid. See sf::st_is_valid 
2: The shape merged_for_maps is invalid. See sf::st_is_valid 
> 
> USPS_zipcodes_zillow_data <- tm_shape(merged_for_maps) + 
+   tm_fill(col = "in_zillow",
+           title = "Has Zillow rents data",
+           style ="cat", 
+           palette = "Reds") +
+   tm_borders(lwd = .0001, alpha = 0.1) +
+   tmap_mode("plot") + tmap_options(check.and.fix = TRUE)
tmap mode set to plotting
> USPS_zipcodes_zillow_data
Warning message:
The shape merged_for_maps is invalid. See sf::st_is_valid 
> tmap_save(USPS_zipcodes_zillow_data, 
+           "../output/USPS_zipcodes_zillow_data.png",
+           dpi = 50)
Map saved to C:\Users\diegog\Desktop\Diego\min_wage_rent\analysis\maps\output\USPS_zipcodes_zillow_data.png
Resolution: 477.0996 by 256.7598 pixels
Size: 9.541991 by 5.135196 inches (50 dpi)
Warning messages:
1: The shape merged_for_maps is invalid. See sf::st_is_valid 
2: The shape merged_for_maps is invalid. See sf::st_is_valid 
> 
> proc.time()
   user  system elapsed 
1300.81  198.64 1523.42 


Execute:  R CMD BATCH --no-save "./plot_mw_rents_maps.R" plot_mw_rents_maps.Rout

R version 4.0.3 (2020-10-10) -- "Bunny-Wunnies Freak Out"
Copyright (C) 2020 The R Foundation for Statistical Computing
Platform: x86_64-w64-mingw32/x64 (64-bit)

R is free software and comes with ABSOLUTELY NO WARRANTY.
You are welcome to redistribute it under certain conditions.
Type 'license()' or 'licence()' for distribution details.

  Natural language support but running in an English locale

R is a collaborative project with many contributors.
Type 'contributors()' for more information and
'citation()' on how to cite R or R packages in publications.

Type 'demo()' for some demos, 'help()' for on-line help, or
'help.start()' for an HTML browser interface to help.
Type 'q()' to quit R.

> remove(list = ls())
> 
> library(sf)
Linking to GEOS 3.9.0, GDAL 3.2.1, PROJ 7.2.1
Warning message:
package 'sf' was built under R version 4.0.5 
> library(data.table)
> library(dplyr)

Attaching package: 'dplyr'

The following objects are masked from 'package:data.table':

    between, first, last

The following objects are masked from 'package:stats':

    filter, lag

The following objects are masked from 'package:base':

    intersect, setdiff, setequal, union

> library(spData)
> library(tmap)
Warning message:
package 'tmap' was built under R version 4.0.5 
> library(tmaptools)
Warning message:
package 'tmaptools' was built under R version 4.0.5 
> library(leaflet)
Warning message:
package 'leaflet' was built under R version 4.0.5 
> library(ggplot2)
> 
> main <- function(){
+   USPS_zipcodes <- read_sf(dsn = "../../../drive/raw_data/shapefiles/USPS_zipcodes", 
+                            layer = "USPS_zipcodes_July2020")
+   USPS_zipcodes <- USPS_zipcodes %>%
+     select(ZIP_CODE, PO_NAME, STATE, POPULATION, SQMI, POP_SQMI) %>%
+     rename(zipcode = ZIP_CODE, zipcode_name = PO_NAME,
+            state_name = STATE, pop2020 = POPULATION, 
+            area_sq_miles = SQMI, pop2020_per_sq_miles = POP_SQMI)
+   
+   mw_rent_data <- fread("../../../drive/derived_large/estimation_samples/all_zipcode_months.csv",
+                         colClasses = c(zipcode ="character", place_code ="character", 
+                                        countyfips = "character", cbsa10 = "character",
+                                        zcta ="character", place_name = "character", 
+                                        county_name = "character", cbsa10_name = "character",
+                                        state_abb = "character", statefips = "character")) %>%
+     select(zipcode, cbsa10, year, month, actual_mw, exp_ln_mw, medrentpricepsqft_SFCC) %>%
+     mutate(ln_actual_mw = log(actual_mw),
+            ln_rent_var = log(medrentpricepsqft_SFCC))
+   
+   merged <- left_join(USPS_zipcodes, mw_rent_data, by = "zipcode")
+   
+   cbsa10_code_san_diego <- 41740
+   cbsa10_code_seattle <- 42660
+   cbsa10_code_nyc <- 35620
+   cbsa10_code_kc <- 28140
+   
+   san_diego <- restrict_and_build_changes(merged, cbsa10_code_san_diego, 
+                                           2018, 10, 
+                                           2019, 3)
+   seattle <- restrict_and_build_changes(merged, cbsa10_code_seattle, 
+                                           2018, 10, 
+                                           2019, 3)
+   nyc <- restrict_and_build_changes(merged, cbsa10_code_nyc, 
+                                           2018, 10, 
+                                           2019, 3)
+   kc <- restrict_and_build_changes(merged, cbsa10_code_kc, 
+                                           2018, 10, 
+                                           2019, 3)
+ 
+   for(cbsa in c("san_diego", "seattle", "nyc", "kc")){
+     build_map(get(cbsa), "change_ln_actual_mw", 
+               "Change in log(MW)", paste0(cbsa, "_ln_mw_change"))
+     build_map(get(cbsa), "change_exp_ln_mw", 
+               "Change in experienced log(MW)", paste0(cbsa, "_exp_ln_mw_change"))
+     build_map(get(cbsa), "change_ln_rents", 
+               "Change in log(MW)", paste0(cbsa, "_ln_rents_change"))
+   }
+ }
> 
> restrict_and_build_changes <- function(data, cbsa10_code, year_lb, month_lb, 
+                                        year_ub, month_ub){
+   restricted <- data %>%
+     filter(cbsa10 == cbsa10_code) %>%
+     filter((year == year_lb & month == month_lb) | (year == year_ub & month == month_ub)) %>%
+     group_by(zipcode) %>%
+     summarise(change_actual_mw = last(actual_mw) - first(actual_mw), 
+               change_ln_actual_mw = last(ln_actual_mw) - first(ln_actual_mw),
+               change_exp_ln_mw = last(exp_ln_mw) - first(exp_ln_mw),
+               change_ln_rents = last(ln_rent_var) - first(ln_rent_var))
+ }
> 
> build_map <- function(data, var, var_legend, map_name){
+   map <- tm_shape(data) + 
+     tm_fill(col = var,
+             title = var_legend,
+             style = "cont",
+             palette = "BuGn") +
+     tm_borders(lwd = .01, alpha = 0.5) +
+     tm_layout(legend.position = c("left", "bottom"))
+   tmap_save(map, 
+             paste0("../output/", map_name, ".png"),
+             dpi = 50)  
+ }
> 
> main()
`summarise()` ungrouping output (override with `.groups` argument)
although coordinates are longitude/latitude, st_union assumes that they are planar
although coordinates are longitude/latitude, st_union assumes that they are planar
although coordinates are longitude/latitude, st_union assumes that they are planar
although coordinates are longitude/latitude, st_union assumes that they are planar
although coordinates are longitude/latitude, st_union assumes that they are planar
although coordinates are longitude/latitude, st_union assumes that they are planar
although coordinates are longitude/latitude, st_union assumes that they are planar
although coordinates are longitude/latitude, st_union assumes that they are planar
although coordinates are longitude/latitude, st_union assumes that they are planar
although coordinates are longitude/latitude, st_union assumes that they are planar
although coordinates are longitude/latitude, st_union assumes that they are planar
although coordinates are longitude/latitude, st_union assumes that they are planar
although coordinates are longitude/latitude, st_union assumes that they are planar
although coordinates are longitude/latitude, st_union assumes that they are planar
although coordinates are longitude/latitude, st_union assumes that they are planar
although coordinates are longitude/latitude, st_union assumes that they are planar
although coordinates are longitude/latitude, st_union assumes that they are planar
although coordinates are longitude/latitude, st_union assumes that they are planar
although coordinates are longitude/latitude, st_union assumes that they are planar
although coordinates are longitude/latitude, st_union assumes that they are planar
although coordinates are longitude/latitude, st_union assumes that they are planar
although coordinates are longitude/latitude, st_union assumes that they are planar
although coordinates are longitude/latitude, st_union assumes that they are planar
although coordinates are longitude/latitude, st_union assumes that they are planar
although coordinates are longitude/latitude, st_union assumes that they are planar
although coordinates are longitude/latitude, st_union assumes that they are planar
although coordinates are longitude/latitude, st_union assumes that they are planar
although coordinates are longitude/latitude, st_union assumes that they are planar
although coordinates are longitude/latitude, st_union assumes that they are planar
although coordinates are longitude/latitude, st_union assumes that they are planar
although coordinates are longitude/latitude, st_union assumes that they are planar
although coordinates are longitude/latitude, st_union assumes that they are planar
although coordinates are longitude/latitude, st_union assumes that they are planar
although coordinates are longitude/latitude, st_union assumes that they are planar
although coordinates are longitude/latitude, st_union assumes that they are planar
although coordinates are longitude/latitude, st_union assumes that they are planar
although coordinates are longitude/latitude, st_union assumes that they are planar
although coordinates are longitude/latitude, st_union assumes that they are planar
although coordinates are longitude/latitude, st_union assumes that they are planar
although coordinates are longitude/latitude, st_union assumes that they are planar
although coordinates are longitude/latitude, st_union assumes that they are planar
although coordinates are longitude/latitude, st_union assumes that they are planar
although coordinates are longitude/latitude, st_union assumes that they are planar
although coordinates are longitude/latitude, st_union assumes that they are planar
although coordinates are longitude/latitude, st_union assumes that they are planar
although coordinates are longitude/latitude, st_union assumes that they are planar
although coordinates are longitude/latitude, st_union assumes that they are planar
although coordinates are longitude/latitude, st_union assumes that they are planar
although coordinates are longitude/latitude, st_union assumes that they are planar
although coordinates are longitude/latitude, st_union assumes that they are planar
although coordinates are longitude/latitude, st_union assumes that they are planar
although coordinates are longitude/latitude, st_union assumes that they are planar
although coordinates are longitude/latitude, st_union assumes that they are planar
although coordinates are longitude/latitude, st_union assumes that they are planar
although coordinates are longitude/latitude, st_union assumes that they are planar
although coordinates are longitude/latitude, st_union assumes that they are planar
although coordinates are longitude/latitude, st_union assumes that they are planar
although coordinates are longitude/latitude, st_union assumes that they are planar
although coordinates are longitude/latitude, st_union assumes that they are planar
although coordinates are longitude/latitude, st_union assumes that they are planar
although coordinates are longitude/latitude, st_union assumes that they are planar
although coordinates are longitude/latitude, st_union assumes that they are planar
although coordinates are longitude/latitude, st_union assumes that they are planar
although coordinates are longitude/latitude, st_union assumes that they are planar
although coordinates are longitude/latitude, st_union assumes that they are planar
although coordinates are longitude/latitude, st_union assumes that they are planar
although coordinates are longitude/latitude, st_union assumes that they are planar
although coordinates are longitude/latitude, st_union assumes that they are planar
although coordinates are longitude/latitude, st_union assumes that they are planar
although coordinates are longitude/latitude, st_union assumes that they are planar
although coordinates are longitude/latitude, st_union assumes that they are planar
although coordinates are longitude/latitude, st_union assumes that they are planar
although coordinates are longitude/latitude, st_union assumes that they are planar
although coordinates are longitude/latitude, st_union assumes that they are planar
although coordinates are longitude/latitude, st_union assumes that they are planar
although coordinates are longitude/latitude, st_union assumes that they are planar
although coordinates are longitude/latitude, st_union assumes that they are planar
although coordinates are longitude/latitude, st_union assumes that they are planar
although coordinates are longitude/latitude, st_union assumes that they are planar
although coordinates are longitude/latitude, st_union assumes that they are planar
although coordinates are longitude/latitude, st_union assumes that they are planar
although coordinates are longitude/latitude, st_union assumes that they are planar
although coordinates are longitude/latitude, st_union assumes that they are planar
although coordinates are longitude/latitude, st_union assumes that they are planar
although coordinates are longitude/latitude, st_union assumes that they are planar
although coordinates are longitude/latitude, st_union assumes that they are planar
although coordinates are longitude/latitude, st_union assumes that they are planar
although coordinates are longitude/latitude, st_union assumes that they are planar
although coordinates are longitude/latitude, st_union assumes that they are planar
although coordinates are longitude/latitude, st_union assumes that they are planar
although coordinates are longitude/latitude, st_union assumes that they are planar
although coordinates are longitude/latitude, st_union assumes that they are planar
although coordinates are longitude/latitude, st_union assumes that they are planar
although coordinates are longitude/latitude, st_union assumes that they are planar
although coordinates are longitude/latitude, st_union assumes that they are planar
although coordinates are longitude/latitude, st_union assumes that they are planar
although coordinates are longitude/latitude, st_union assumes that they are planar
although coordinates are longitude/latitude, st_union assumes that they are planar
although coordinates are longitude/latitude, st_union assumes that they are planar
although coordinates are longitude/latitude, st_union assumes that they are planar
although coordinates are longitude/latitude, st_union assumes that they are planar
although coordinates are longitude/latitude, st_union assumes that they are planar
although coordinates are longitude/latitude, st_union assumes that they are planar
although coordinates are longitude/latitude, st_union assumes that they are planar
although coordinates are longitude/latitude, st_union assumes that they are planar
although coordinates are longitude/latitude, st_union assumes that they are planar
although coordinates are longitude/latitude, st_union assumes that they are planar
although coordinates are longitude/latitude, st_union assumes that they are planar
although coordinates are longitude/latitude, st_union assumes that they are planar
`summarise()` ungrouping output (override with `.groups` argument)
although coordinates are longitude/latitude, st_union assumes that they are planar
although coordinates are longitude/latitude, st_union assumes that they are planar
although coordinates are longitude/latitude, st_union assumes that they are planar
although coordinates are longitude/latitude, st_union assumes that they are planar
although coordinates are longitude/latitude, st_union assumes that they are planar
although coordinates are longitude/latitude, st_union assumes that they are planar
although coordinates are longitude/latitude, st_union assumes that they are planar
although coordinates are longitude/latitude, st_union assumes that they are planar
although coordinates are longitude/latitude, st_union assumes that they are planar
although coordinates are longitude/latitude, st_union assumes that they are planar
although coordinates are longitude/latitude, st_union assumes that they are planar
although coordinates are longitude/latitude, st_union assumes that they are planar
although coordinates are longitude/latitude, st_union assumes that they are planar
although coordinates are longitude/latitude, st_union assumes that they are planar
although coordinates are longitude/latitude, st_union assumes that they are planar
although coordinates are longitude/latitude, st_union assumes that they are planar
although coordinates are longitude/latitude, st_union assumes that they are planar
although coordinates are longitude/latitude, st_union assumes that they are planar
although coordinates are longitude/latitude, st_union assumes that they are planar
although coordinates are longitude/latitude, st_union assumes that they are planar
although coordinates are longitude/latitude, st_union assumes that they are planar
although coordinates are longitude/latitude, st_union assumes that they are planar
although coordinates are longitude/latitude, st_union assumes that they are planar
although coordinates are longitude/latitude, st_union assumes that they are planar
although coordinates are longitude/latitude, st_union assumes that they are planar
although coordinates are longitude/latitude, st_union assumes that they are planar
although coordinates are longitude/latitude, st_union assumes that they are planar
although coordinates are longitude/latitude, st_union assumes that they are planar
although coordinates are longitude/latitude, st_union assumes that they are planar
although coordinates are longitude/latitude, st_union assumes that they are planar
although coordinates are longitude/latitude, st_union assumes that they are planar
although coordinates are longitude/latitude, st_union assumes that they are planar
although coordinates are longitude/latitude, st_union assumes that they are planar
although coordinates are longitude/latitude, st_union assumes that they are planar
although coordinates are longitude/latitude, st_union assumes that they are planar
although coordinates are longitude/latitude, st_union assumes that they are planar
although coordinates are longitude/latitude, st_union assumes that they are planar
although coordinates are longitude/latitude, st_union assumes that they are planar
although coordinates are longitude/latitude, st_union assumes that they are planar
although coordinates are longitude/latitude, st_union assumes that they are planar
although coordinates are longitude/latitude, st_union assumes that they are planar
although coordinates are longitude/latitude, st_union assumes that they are planar
although coordinates are longitude/latitude, st_union assumes that they are planar
although coordinates are longitude/latitude, st_union assumes that they are planar
although coordinates are longitude/latitude, st_union assumes that they are planar
although coordinates are longitude/latitude, st_union assumes that they are planar
although coordinates are longitude/latitude, st_union assumes that they are planar
although coordinates are longitude/latitude, st_union assumes that they are planar
although coordinates are longitude/latitude, st_union assumes that they are planar
although coordinates are longitude/latitude, st_union assumes that they are planar
although coordinates are longitude/latitude, st_union assumes that they are planar
although coordinates are longitude/latitude, st_union assumes that they are planar
although coordinates are longitude/latitude, st_union assumes that they are planar
although coordinates are longitude/latitude, st_union assumes that they are planar
although coordinates are longitude/latitude, st_union assumes that they are planar
although coordinates are longitude/latitude, st_union assumes that they are planar
although coordinates are longitude/latitude, st_union assumes that they are planar
although coordinates are longitude/latitude, st_union assumes that they are planar
although coordinates are longitude/latitude, st_union assumes that they are planar
although coordinates are longitude/latitude, st_union assumes that they are planar
although coordinates are longitude/latitude, st_union assumes that they are planar
although coordinates are longitude/latitude, st_union assumes that they are planar
although coordinates are longitude/latitude, st_union assumes that they are planar
although coordinates are longitude/latitude, st_union assumes that they are planar
although coordinates are longitude/latitude, st_union assumes that they are planar
although coordinates are longitude/latitude, st_union assumes that they are planar
although coordinates are longitude/latitude, st_union assumes that they are planar
although coordinates are longitude/latitude, st_union assumes that they are planar
although coordinates are longitude/latitude, st_union assumes that they are planar
although coordinates are longitude/latitude, st_union assumes that they are planar
although coordinates are longitude/latitude, st_union assumes that they are planar
although coordinates are longitude/latitude, st_union assumes that they are planar
although coordinates are longitude/latitude, st_union assumes that they are planar
although coordinates are longitude/latitude, st_union assumes that they are planar
although coordinates are longitude/latitude, st_union assumes that they are planar
although coordinates are longitude/latitude, st_union assumes that they are planar
although coordinates are longitude/latitude, st_union assumes that they are planar
although coordinates are longitude/latitude, st_union assumes that they are planar
although coordinates are longitude/latitude, st_union assumes that they are planar
although coordinates are longitude/latitude, st_union assumes that they are planar
although coordinates are longitude/latitude, st_union assumes that they are planar
although coordinates are longitude/latitude, st_union assumes that they are planar
although coordinates are longitude/latitude, st_union assumes that they are planar
although coordinates are longitude/latitude, st_union assumes that they are planar
although coordinates are longitude/latitude, st_union assumes that they are planar
although coordinates are longitude/latitude, st_union assumes that they are planar
although coordinates are longitude/latitude, st_union assumes that they are planar
although coordinates are longitude/latitude, st_union assumes that they are planar
although coordinates are longitude/latitude, st_union assumes that they are planar
although coordinates are longitude/latitude, st_union assumes that they are planar
although coordinates are longitude/latitude, st_union assumes that they are planar
although coordinates are longitude/latitude, st_union assumes that they are planar
although coordinates are longitude/latitude, st_union assumes that they are planar
although coordinates are longitude/latitude, st_union assumes that they are planar
although coordinates are longitude/latitude, st_union assumes that they are planar
although coordinates are longitude/latitude, st_union assumes that they are planar
although coordinates are longitude/latitude, st_union assumes that they are planar
although coordinates are longitude/latitude, st_union assumes that they are planar
although coordinates are longitude/latitude, st_union assumes that they are planar
although coordinates are longitude/latitude, st_union assumes that they are planar
although coordinates are longitude/latitude, st_union assumes that they are planar
although coordinates are longitude/latitude, st_union assumes that they are planar
although coordinates are longitude/latitude, st_union assumes that they are planar
although coordinates are longitude/latitude, st_union assumes that they are planar
although coordinates are longitude/latitude, st_union assumes that they are planar
although coordinates are longitude/latitude, st_union assumes that they are planar
although coordinates are longitude/latitude, st_union assumes that they are planar
although coordinates are longitude/latitude, st_union assumes that they are planar
although coordinates are longitude/latitude, st_union assumes that they are planar
although coordinates are longitude/latitude, st_union assumes that they are planar
although coordinates are longitude/latitude, st_union assumes that they are planar
although coordinates are longitude/latitude, st_union assumes that they are planar
although coordinates are longitude/latitude, st_union assumes that they are planar
although coordinates are longitude/latitude, st_union assumes that they are planar
although coordinates are longitude/latitude, st_union assumes that they are planar
although coordinates are longitude/latitude, st_union assumes that they are planar
although coordinates are longitude/latitude, st_union assumes that they are planar
although coordinates are longitude/latitude, st_union assumes that they are planar
although coordinates are longitude/latitude, st_union assumes that they are planar
although coordinates are longitude/latitude, st_union assumes that they are planar
although coordinates are longitude/latitude, st_union assumes that they are planar
although coordinates are longitude/latitude, st_union assumes that they are planar
although coordinates are longitude/latitude, st_union assumes that they are planar
although coordinates are longitude/latitude, st_union assumes that they are planar
although coordinates are longitude/latitude, st_union assumes that they are planar
although coordinates are longitude/latitude, st_union assumes that they are planar
although coordinates are longitude/latitude, st_union assumes that they are planar
although coordinates are longitude/latitude, st_union assumes that they are planar
although coordinates are longitude/latitude, st_union assumes that they are planar
although coordinates are longitude/latitude, st_union assumes that they are planar
although coordinates are longitude/latitude, st_union assumes that they are planar
although coordinates are longitude/latitude, st_union assumes that they are planar
although coordinates are longitude/latitude, st_union assumes that they are planar
although coordinates are longitude/latitude, st_union assumes that they are planar
although coordinates are longitude/latitude, st_union assumes that they are planar
although coordinates are longitude/latitude, st_union assumes that they are planar
although coordinates are longitude/latitude, st_union assumes that they are planar
although coordinates are longitude/latitude, st_union assumes that they are planar
although coordinates are longitude/latitude, st_union assumes that they are planar
although coordinates are longitude/latitude, st_union assumes that they are planar
although coordinates are longitude/latitude, st_union assumes that they are planar
although coordinates are longitude/latitude, st_union assumes that they are planar
although coordinates are longitude/latitude, st_union assumes that they are planar
although coordinates are longitude/latitude, st_union assumes that they are planar
although coordinates are longitude/latitude, st_union assumes that they are planar
although coordinates are longitude/latitude, st_union assumes that they are planar
although coordinates are longitude/latitude, st_union assumes that they are planar
although coordinates are longitude/latitude, st_union assumes that they are planar
although coordinates are longitude/latitude, st_union assumes that they are planar
although coordinates are longitude/latitude, st_union assumes that they are planar
although coordinates are longitude/latitude, st_union assumes that they are planar
although coordinates are longitude/latitude, st_union assumes that they are planar
although coordinates are longitude/latitude, st_union assumes that they are planar
although coordinates are longitude/latitude, st_union assumes that they are planar
although coordinates are longitude/latitude, st_union assumes that they are planar
although coordinates are longitude/latitude, st_union assumes that they are planar
although coordinates are longitude/latitude, st_union assumes that they are planar
although coordinates are longitude/latitude, st_union assumes that they are planar
although coordinates are longitude/latitude, st_union assumes that they are planar
although coordinates are longitude/latitude, st_union assumes that they are planar
although coordinates are longitude/latitude, st_union assumes that they are planar
`summarise()` ungrouping output (override with `.groups` argument)
although coordinates are longitude/latitude, st_union assumes that they are planar
although coordinates are longitude/latitude, st_union assumes that they are planar
although coordinates are longitude/latitude, st_union assumes that they are planar
although coordinates are longitude/latitude, st_union assumes that they are planar
although coordinates are longitude/latitude, st_union assumes that they are planar
although coordinates are longitude/latitude, st_union assumes that they are planar
although coordinates are longitude/latitude, st_union assumes that they are planar
although coordinates are longitude/latitude, st_union assumes that they are planar
although coordinates are longitude/latitude, st_union assumes that they are planar
although coordinates are longitude/latitude, st_union assumes that they are planar
although coordinates are longitude/latitude, st_union assumes that they are planar
although coordinates are longitude/latitude, st_union assumes that they are planar
although coordinates are longitude/latitude, st_union assumes that they are planar
although coordinates are longitude/latitude, st_union assumes that they are planar
although coordinates are longitude/latitude, st_union assumes that they are planar
although coordinates are longitude/latitude, st_union assumes that they are planar
although coordinates are longitude/latitude, st_union assumes that they are planar
although coordinates are longitude/latitude, st_union assumes that they are planar
although coordinates are longitude/latitude, st_union assumes that they are planar
although coordinates are longitude/latitude, st_union assumes that they are planar
although coordinates are longitude/latitude, st_union assumes that they are planar
although coordinates are longitude/latitude, st_union assumes that they are planar
although coordinates are longitude/latitude, st_union assumes that they are planar
although coordinates are longitude/latitude, st_union assumes that they are planar
although coordinates are longitude/latitude, st_union assumes that they are planar
although coordinates are longitude/latitude, st_union assumes that they are planar
although coordinates are longitude/latitude, st_union assumes that they are planar
although coordinates are longitude/latitude, st_union assumes that they are planar
although coordinates are longitude/latitude, st_union assumes that they are planar
although coordinates are longitude/latitude, st_union assumes that they are planar
although coordinates are longitude/latitude, st_union assumes that they are planar
although coordinates are longitude/latitude, st_union assumes that they are planar
although coordinates are longitude/latitude, st_union assumes that they are planar
although coordinates are longitude/latitude, st_union assumes that they are planar
although coordinates are longitude/latitude, st_union assumes that they are planar
although coordinates are longitude/latitude, st_union assumes that they are planar
although coordinates are longitude/latitude, st_union assumes that they are planar
although coordinates are longitude/latitude, st_union assumes that they are planar
although coordinates are longitude/latitude, st_union assumes that they are planar
although coordinates are longitude/latitude, st_union assumes that they are planar
although coordinates are longitude/latitude, st_union assumes that they are planar
although coordinates are longitude/latitude, st_union assumes that they are planar
although coordinates are longitude/latitude, st_union assumes that they are planar
although coordinates are longitude/latitude, st_union assumes that they are planar
although coordinates are longitude/latitude, st_union assumes that they are planar
although coordinates are longitude/latitude, st_union assumes that they are planar
although coordinates are longitude/latitude, st_union assumes that they are planar
although coordinates are longitude/latitude, st_union assumes that they are planar
although coordinates are longitude/latitude, st_union assumes that they are planar
although coordinates are longitude/latitude, st_union assumes that they are planar
although coordinates are longitude/latitude, st_union assumes that they are planar
although coordinates are longitude/latitude, st_union assumes that they are planar
although coordinates are longitude/latitude, st_union assumes that they are planar
although coordinates are longitude/latitude, st_union assumes that they are planar
although coordinates are longitude/latitude, st_union assumes that they are planar
although coordinates are longitude/latitude, st_union assumes that they are planar
although coordinates are longitude/latitude, st_union assumes that they are planar
although coordinates are longitude/latitude, st_union assumes that they are planar
although coordinates are longitude/latitude, st_union assumes that they are planar
although coordinates are longitude/latitude, st_union assumes that they are planar
although coordinates are longitude/latitude, st_union assumes that they are planar
although coordinates are longitude/latitude, st_union assumes that they are planar
although coordinates are longitude/latitude, st_union assumes that they are planar
although coordinates are longitude/latitude, st_union assumes that they are planar
although coordinates are longitude/latitude, st_union assumes that they are planar
although coordinates are longitude/latitude, st_union assumes that they are planar
although coordinates are longitude/latitude, st_union assumes that they are planar
although coordinates are longitude/latitude, st_union assumes that they are planar
although coordinates are longitude/latitude, st_union assumes that they are planar
although coordinates are longitude/latitude, st_union assumes that they are planar
although coordinates are longitude/latitude, st_union assumes that they are planar
although coordinates are longitude/latitude, st_union assumes that they are planar
although coordinates are longitude/latitude, st_union assumes that they are planar
although coordinates are longitude/latitude, st_union assumes that they are planar
although coordinates are longitude/latitude, st_union assumes that they are planar
although coordinates are longitude/latitude, st_union assumes that they are planar
although coordinates are longitude/latitude, st_union assumes that they are planar
although coordinates are longitude/latitude, st_union assumes that they are planar
although coordinates are longitude/latitude, st_union assumes that they are planar
although coordinates are longitude/latitude, st_union assumes that they are planar
although coordinates are longitude/latitude, st_union assumes that they are planar
although coordinates are longitude/latitude, st_union assumes that they are planar
although coordinates are longitude/latitude, st_union assumes that they are planar
although coordinates are longitude/latitude, st_union assumes that they are planar
although coordinates are longitude/latitude, st_union assumes that they are planar
although coordinates are longitude/latitude, st_union assumes that they are planar
although coordinates are longitude/latitude, st_union assumes that they are planar
although coordinates are longitude/latitude, st_union assumes that they are planar
although coordinates are longitude/latitude, st_union assumes that they are planar
although coordinates are longitude/latitude, st_union assumes that they are planar
although coordinates are longitude/latitude, st_union assumes that they are planar
although coordinates are longitude/latitude, st_union assumes that they are planar
although coordinates are longitude/latitude, st_union assumes that they are planar
although coordinates are longitude/latitude, st_union assumes that they are planar
although coordinates are longitude/latitude, st_union assumes that they are planar
although coordinates are longitude/latitude, st_union assumes that they are planar
although coordinates are longitude/latitude, st_union assumes that they are planar
although coordinates are longitude/latitude, st_union assumes that they are planar
although coordinates are longitude/latitude, st_union assumes that they are planar
although coordinates are longitude/latitude, st_union assumes that they are planar
although coordinates are longitude/latitude, st_union assumes that they are planar
although coordinates are longitude/latitude, st_union assumes that they are planar
although coordinates are longitude/latitude, st_union assumes that they are planar
although coordinates are longitude/latitude, st_union assumes that they are planar
although coordinates are longitude/latitude, st_union assumes that they are planar
although coordinates are longitude/latitude, st_union assumes that they are planar
although coordinates are longitude/latitude, st_union assumes that they are planar
although coordinates are longitude/latitude, st_union assumes that they are planar
although coordinates are longitude/latitude, st_union assumes that they are planar
although coordinates are longitude/latitude, st_union assumes that they are planar
although coordinates are longitude/latitude, st_union assumes that they are planar
although coordinates are longitude/latitude, st_union assumes that they are planar
although coordinates are longitude/latitude, st_union assumes that they are planar
although coordinates are longitude/latitude, st_union assumes that they are planar
although coordinates are longitude/latitude, st_union assumes that they are planar
although coordinates are longitude/latitude, st_union assumes that they are planar
although coordinates are longitude/latitude, st_union assumes that they are planar
although coordinates are longitude/latitude, st_union assumes that they are planar
although coordinates are longitude/latitude, st_union assumes that they are planar
although coordinates are longitude/latitude, st_union assumes that they are planar
although coordinates are longitude/latitude, st_union assumes that they are planar
although coordinates are longitude/latitude, st_union assumes that they are planar
although coordinates are longitude/latitude, st_union assumes that they are planar
although coordinates are longitude/latitude, st_union assumes that they are planar
although coordinates are longitude/latitude, st_union assumes that they are planar
although coordinates are longitude/latitude, st_union assumes that they are planar
although coordinates are longitude/latitude, st_union assumes that they are planar
although coordinates are longitude/latitude, st_union assumes that they are planar
although coordinates are longitude/latitude, st_union assumes that they are planar
although coordinates are longitude/latitude, st_union assumes that they are planar
although coordinates are longitude/latitude, st_union assumes that they are planar
although coordinates are longitude/latitude, st_union assumes that they are planar
although coordinates are longitude/latitude, st_union assumes that they are planar
although coordinates are longitude/latitude, st_union assumes that they are planar
although coordinates are longitude/latitude, st_union assumes that they are planar
although coordinates are longitude/latitude, st_union assumes that they are planar
although coordinates are longitude/latitude, st_union assumes that they are planar
although coordinates are longitude/latitude, st_union assumes that they are planar
although coordinates are longitude/latitude, st_union assumes that they are planar
although coordinates are longitude/latitude, st_union assumes that they are planar
although coordinates are longitude/latitude, st_union assumes that they are planar
although coordinates are longitude/latitude, st_union assumes that they are planar
although coordinates are longitude/latitude, st_union assumes that they are planar
although coordinates are longitude/latitude, st_union assumes that they are planar
although coordinates are longitude/latitude, st_union assumes that they are planar
although coordinates are longitude/latitude, st_union assumes that they are planar
although coordinates are longitude/latitude, st_union assumes that they are planar
although coordinates are longitude/latitude, st_union assumes that they are planar
although coordinates are longitude/latitude, st_union assumes that they are planar
although coordinates are longitude/latitude, st_union assumes that they are planar
although coordinates are longitude/latitude, st_union assumes that they are planar
although coordinates are longitude/latitude, st_union assumes that they are planar
although coordinates are longitude/latitude, st_union assumes that they are planar
although coordinates are longitude/latitude, st_union assumes that they are planar
although coordinates are longitude/latitude, st_union assumes that they are planar
although coordinates are longitude/latitude, st_union assumes that they are planar
although coordinates are longitude/latitude, st_union assumes that they are planar
although coordinates are longitude/latitude, st_union assumes that they are planar
although coordinates are longitude/latitude, st_union assumes that they are planar
although coordinates are longitude/latitude, st_union assumes that they are planar
although coordinates are longitude/latitude, st_union assumes that they are planar
although coordinates are longitude/latitude, st_union assumes that they are planar
although coordinates are longitude/latitude, st_union assumes that they are planar
although coordinates are longitude/latitude, st_union assumes that they are planar
although coordinates are longitude/latitude, st_union assumes that they are planar
although coordinates are longitude/latitude, st_union assumes that they are planar
although coordinates are longitude/latitude, st_union assumes that they are planar
although coordinates are longitude/latitude, st_union assumes that they are planar
although coordinates are longitude/latitude, st_union assumes that they are planar
although coordinates are longitude/latitude, st_union assumes that they are planar
although coordinates are longitude/latitude, st_union assumes that they are planar
although coordinates are longitude/latitude, st_union assumes that they are planar
although coordinates are longitude/latitude, st_union assumes that they are planar
although coordinates are longitude/latitude, st_union assumes that they are planar
although coordinates are longitude/latitude, st_union assumes that they are planar
although coordinates are longitude/latitude, st_union assumes that they are planar
although coordinates are longitude/latitude, st_union assumes that they are planar
although coordinates are longitude/latitude, st_union assumes that they are planar
although coordinates are longitude/latitude, st_union assumes that they are planar
although coordinates are longitude/latitude, st_union assumes that they are planar
although coordinates are longitude/latitude, st_union assumes that they are planar
although coordinates are longitude/latitude, st_union assumes that they are planar
although coordinates are longitude/latitude, st_union assumes that they are planar
although coordinates are longitude/latitude, st_union assumes that they are planar
although coordinates are longitude/latitude, st_union assumes that they are planar
although coordinates are longitude/latitude, st_union assumes that they are planar
although coordinates are longitude/latitude, st_union assumes that they are planar
although coordinates are longitude/latitude, st_union assumes that they are planar
although coordinates are longitude/latitude, st_union assumes that they are planar
although coordinates are longitude/latitude, st_union assumes that they are planar
although coordinates are longitude/latitude, st_union assumes that they are planar
although coordinates are longitude/latitude, st_union assumes that they are planar
although coordinates are longitude/latitude, st_union assumes that they are planar
although coordinates are longitude/latitude, st_union assumes that they are planar
although coordinates are longitude/latitude, st_union assumes that they are planar
although coordinates are longitude/latitude, st_union assumes that they are planar
although coordinates are longitude/latitude, st_union assumes that they are planar
although coordinates are longitude/latitude, st_union assumes that they are planar
although coordinates are longitude/latitude, st_union assumes that they are planar
although coordinates are longitude/latitude, st_union assumes that they are planar
although coordinates are longitude/latitude, st_union assumes that they are planar
although coordinates are longitude/latitude, st_union assumes that they are planar
although coordinates are longitude/latitude, st_union assumes that they are planar
although coordinates are longitude/latitude, st_union assumes that they are planar
although coordinates are longitude/latitude, st_union assumes that they are planar
although coordinates are longitude/latitude, st_union assumes that they are planar
although coordinates are longitude/latitude, st_union assumes that they are planar
although coordinates are longitude/latitude, st_union assumes that they are planar
although coordinates are longitude/latitude, st_union assumes that they are planar
although coordinates are longitude/latitude, st_union assumes that they are planar
although coordinates are longitude/latitude, st_union assumes that they are planar
although coordinates are longitude/latitude, st_union assumes that they are planar
although coordinates are longitude/latitude, st_union assumes that they are planar
although coordinates are longitude/latitude, st_union assumes that they are planar
although coordinates are longitude/latitude, st_union assumes that they are planar
although coordinates are longitude/latitude, st_union assumes that they are planar
although coordinates are longitude/latitude, st_union assumes that they are planar
although coordinates are longitude/latitude, st_union assumes that they are planar
although coordinates are longitude/latitude, st_union assumes that they are planar
although coordinates are longitude/latitude, st_union assumes that they are planar
although coordinates are longitude/latitude, st_union assumes that they are planar
although coordinates are longitude/latitude, st_union assumes that they are planar
although coordinates are longitude/latitude, st_union assumes that they are planar
although coordinates are longitude/latitude, st_union assumes that they are planar
although coordinates are longitude/latitude, st_union assumes that they are planar
although coordinates are longitude/latitude, st_union assumes that they are planar
although coordinates are longitude/latitude, st_union assumes that they are planar
although coordinates are longitude/latitude, st_union assumes that they are planar
although coordinates are longitude/latitude, st_union assumes that they are planar
although coordinates are longitude/latitude, st_union assumes that they are planar
although coordinates are longitude/latitude, st_union assumes that they are planar
although coordinates are longitude/latitude, st_union assumes that they are planar
although coordinates are longitude/latitude, st_union assumes that they are planar
although coordinates are longitude/latitude, st_union assumes that they are planar
although coordinates are longitude/latitude, st_union assumes that they are planar
although coordinates are longitude/latitude, st_union assumes that they are planar
although coordinates are longitude/latitude, st_union assumes that they are planar
although coordinates are longitude/latitude, st_union assumes that they are planar
although coordinates are longitude/latitude, st_union assumes that they are planar
although coordinates are longitude/latitude, st_union assumes that they are planar
although coordinates are longitude/latitude, st_union assumes that they are planar
although coordinates are longitude/latitude, st_union assumes that they are planar
although coordinates are longitude/latitude, st_union assumes that they are planar
although coordinates are longitude/latitude, st_union assumes that they are planar
although coordinates are longitude/latitude, st_union assumes that they are planar
although coordinates are longitude/latitude, st_union assumes that they are planar
although coordinates are longitude/latitude, st_union assumes that they are planar
although coordinates are longitude/latitude, st_union assumes that they are planar
although coordinates are longitude/latitude, st_union assumes that they are planar
although coordinates are longitude/latitude, st_union assumes that they are planar
although coordinates are longitude/latitude, st_union assumes that they are planar
although coordinates are longitude/latitude, st_union assumes that they are planar
although coordinates are longitude/latitude, st_union assumes that they are planar
although coordinates are longitude/latitude, st_union assumes that they are planar
although coordinates are longitude/latitude, st_union assumes that they are planar
although coordinates are longitude/latitude, st_union assumes that they are planar
although coordinates are longitude/latitude, st_union assumes that they are planar
although coordinates are longitude/latitude, st_union assumes that they are planar
although coordinates are longitude/latitude, st_union assumes that they are planar
although coordinates are longitude/latitude, st_union assumes that they are planar
although coordinates are longitude/latitude, st_union assumes that they are planar
although coordinates are longitude/latitude, st_union assumes that they are planar
although coordinates are longitude/latitude, st_union assumes that they are planar
although coordinates are longitude/latitude, st_union assumes that they are planar
although coordinates are longitude/latitude, st_union assumes that they are planar
although coordinates are longitude/latitude, st_union assumes that they are planar
although coordinates are longitude/latitude, st_union assumes that they are planar
although coordinates are longitude/latitude, st_union assumes that they are planar
although coordinates are longitude/latitude, st_union assumes that they are planar
although coordinates are longitude/latitude, st_union assumes that they are planar
although coordinates are longitude/latitude, st_union assumes that they are planar
although coordinates are longitude/latitude, st_union assumes that they are planar
although coordinates are longitude/latitude, st_union assumes that they are planar
although coordinates are longitude/latitude, st_union assumes that they are planar
although coordinates are longitude/latitude, st_union assumes that they are planar
although coordinates are longitude/latitude, st_union assumes that they are planar
although coordinates are longitude/latitude, st_union assumes that they are planar
although coordinates are longitude/latitude, st_union assumes that they are planar
although coordinates are longitude/latitude, st_union assumes that they are planar
although coordinates are longitude/latitude, st_union assumes that they are planar
although coordinates are longitude/latitude, st_union assumes that they are planar
although coordinates are longitude/latitude, st_union assumes that they are planar
although coordinates are longitude/latitude, st_union assumes that they are planar
although coordinates are longitude/latitude, st_union assumes that they are planar
although coordinates are longitude/latitude, st_union assumes that they are planar
although coordinates are longitude/latitude, st_union assumes that they are planar
although coordinates are longitude/latitude, st_union assumes that they are planar
although coordinates are longitude/latitude, st_union assumes that they are planar
although coordinates are longitude/latitude, st_union assumes that they are planar
although coordinates are longitude/latitude, st_union assumes that they are planar
although coordinates are longitude/latitude, st_union assumes that they are planar
although coordinates are longitude/latitude, st_union assumes that they are planar
although coordinates are longitude/latitude, st_union assumes that they are planar
although coordinates are longitude/latitude, st_union assumes that they are planar
although coordinates are longitude/latitude, st_union assumes that they are planar
although coordinates are longitude/latitude, st_union assumes that they are planar
although coordinates are longitude/latitude, st_union assumes that they are planar
although coordinates are longitude/latitude, st_union assumes that they are planar
although coordinates are longitude/latitude, st_union assumes that they are planar
although coordinates are longitude/latitude, st_union assumes that they are planar
although coordinates are longitude/latitude, st_union assumes that they are planar
although coordinates are longitude/latitude, st_union assumes that they are planar
although coordinates are longitude/latitude, st_union assumes that they are planar
although coordinates are longitude/latitude, st_union assumes that they are planar
although coordinates are longitude/latitude, st_union assumes that they are planar
although coordinates are longitude/latitude, st_union assumes that they are planar
although coordinates are longitude/latitude, st_union assumes that they are planar
although coordinates are longitude/latitude, st_union assumes that they are planar
although coordinates are longitude/latitude, st_union assumes that they are planar
although coordinates are longitude/latitude, st_union assumes that they are planar
although coordinates are longitude/latitude, st_union assumes that they are planar
although coordinates are longitude/latitude, st_union assumes that they are planar
although coordinates are longitude/latitude, st_union assumes that they are planar
although coordinates are longitude/latitude, st_union assumes that they are planar
although coordinates are longitude/latitude, st_union assumes that they are planar
although coordinates are longitude/latitude, st_union assumes that they are planar
although coordinates are longitude/latitude, st_union assumes that they are planar
although coordinates are longitude/latitude, st_union assumes that they are planar
although coordinates are longitude/latitude, st_union assumes that they are planar
although coordinates are longitude/latitude, st_union assumes that they are planar
although coordinates are longitude/latitude, st_union assumes that they are planar
although coordinates are longitude/latitude, st_union assumes that they are planar
although coordinates are longitude/latitude, st_union assumes that they are planar
although coordinates are longitude/latitude, st_union assumes that they are planar
although coordinates are longitude/latitude, st_union assumes that they are planar
although coordinates are longitude/latitude, st_union assumes that they are planar
although coordinates are longitude/latitude, st_union assumes that they are planar
although coordinates are longitude/latitude, st_union assumes that they are planar
although coordinates are longitude/latitude, st_union assumes that they are planar
although coordinates are longitude/latitude, st_union assumes that they are planar
although coordinates are longitude/latitude, st_union assumes that they are planar
although coordinates are longitude/latitude, st_union assumes that they are planar
although coordinates are longitude/latitude, st_union assumes that they are planar
although coordinates are longitude/latitude, st_union assumes that they are planar
although coordinates are longitude/latitude, st_union assumes that they are planar
although coordinates are longitude/latitude, st_union assumes that they are planar
although coordinates are longitude/latitude, st_union assumes that they are planar
although coordinates are longitude/latitude, st_union assumes that they are planar
although coordinates are longitude/latitude, st_union assumes that they are planar
although coordinates are longitude/latitude, st_union assumes that they are planar
although coordinates are longitude/latitude, st_union assumes that they are planar
although coordinates are longitude/latitude, st_union assumes that they are planar
although coordinates are longitude/latitude, st_union assumes that they are planar
although coordinates are longitude/latitude, st_union assumes that they are planar
although coordinates are longitude/latitude, st_union assumes that they are planar
although coordinates are longitude/latitude, st_union assumes that they are planar
although coordinates are longitude/latitude, st_union assumes that they are planar
although coordinates are longitude/latitude, st_union assumes that they are planar
although coordinates are longitude/latitude, st_union assumes that they are planar
although coordinates are longitude/latitude, st_union assumes that they are planar
although coordinates are longitude/latitude, st_union assumes that they are planar
although coordinates are longitude/latitude, st_union assumes that they are planar
although coordinates are longitude/latitude, st_union assumes that they are planar
although coordinates are longitude/latitude, st_union assumes that they are planar
although coordinates are longitude/latitude, st_union assumes that they are planar
although coordinates are longitude/latitude, st_union assumes that they are planar
although coordinates are longitude/latitude, st_union assumes that they are planar
although coordinates are longitude/latitude, st_union assumes that they are planar
although coordinates are longitude/latitude, st_union assumes that they are planar
although coordinates are longitude/latitude, st_union assumes that they are planar
although coordinates are longitude/latitude, st_union assumes that they are planar
although coordinates are longitude/latitude, st_union assumes that they are planar
although coordinates are longitude/latitude, st_union assumes that they are planar
although coordinates are longitude/latitude, st_union assumes that they are planar
although coordinates are longitude/latitude, st_union assumes that they are planar
although coordinates are longitude/latitude, st_union assumes that they are planar
although coordinates are longitude/latitude, st_union assumes that they are planar
although coordinates are longitude/latitude, st_union assumes that they are planar
although coordinates are longitude/latitude, st_union assumes that they are planar
although coordinates are longitude/latitude, st_union assumes that they are planar
although coordinates are longitude/latitude, st_union assumes that they are planar
although coordinates are longitude/latitude, st_union assumes that they are planar
although coordinates are longitude/latitude, st_union assumes that they are planar
although coordinates are longitude/latitude, st_union assumes that they are planar
although coordinates are longitude/latitude, st_union assumes that they are planar
although coordinates are longitude/latitude, st_union assumes that they are planar
although coordinates are longitude/latitude, st_union assumes that they are planar
although coordinates are longitude/latitude, st_union assumes that they are planar
although coordinates are longitude/latitude, st_union assumes that they are planar
although coordinates are longitude/latitude, st_union assumes that they are planar
although coordinates are longitude/latitude, st_union assumes that they are planar
although coordinates are longitude/latitude, st_union assumes that they are planar
although coordinates are longitude/latitude, st_union assumes that they are planar
although coordinates are longitude/latitude, st_union assumes that they are planar
although coordinates are longitude/latitude, st_union assumes that they are planar
although coordinates are longitude/latitude, st_union assumes that they are planar
although coordinates are longitude/latitude, st_union assumes that they are planar
although coordinates are longitude/latitude, st_union assumes that they are planar
although coordinates are longitude/latitude, st_union assumes that they are planar
although coordinates are longitude/latitude, st_union assumes that they are planar
although coordinates are longitude/latitude, st_union assumes that they are planar
although coordinates are longitude/latitude, st_union assumes that they are planar
although coordinates are longitude/latitude, st_union assumes that they are planar
although coordinates are longitude/latitude, st_union assumes that they are planar
although coordinates are longitude/latitude, st_union assumes that they are planar
although coordinates are longitude/latitude, st_union assumes that they are planar
although coordinates are longitude/latitude, st_union assumes that they are planar
although coordinates are longitude/latitude, st_union assumes that they are planar
although coordinates are longitude/latitude, st_union assumes that they are planar
although coordinates are longitude/latitude, st_union assumes that they are planar
although coordinates are longitude/latitude, st_union assumes that they are planar
although coordinates are longitude/latitude, st_union assumes that they are planar
although coordinates are longitude/latitude, st_union assumes that they are planar
although coordinates are longitude/latitude, st_union assumes that they are planar
although coordinates are longitude/latitude, st_union assumes that they are planar
although coordinates are longitude/latitude, st_union assumes that they are planar
although coordinates are longitude/latitude, st_union assumes that they are planar
although coordinates are longitude/latitude, st_union assumes that they are planar
although coordinates are longitude/latitude, st_union assumes that they are planar
although coordinates are longitude/latitude, st_union assumes that they are planar
although coordinates are longitude/latitude, st_union assumes that they are planar
although coordinates are longitude/latitude, st_union assumes that they are planar
although coordinates are longitude/latitude, st_union assumes that they are planar
although coordinates are longitude/latitude, st_union assumes that they are planar
although coordinates are longitude/latitude, st_union assumes that they are planar
although coordinates are longitude/latitude, st_union assumes that they are planar
although coordinates are longitude/latitude, st_union assumes that they are planar
although coordinates are longitude/latitude, st_union assumes that they are planar
although coordinates are longitude/latitude, st_union assumes that they are planar
although coordinates are longitude/latitude, st_union assumes that they are planar
although coordinates are longitude/latitude, st_union assumes that they are planar
although coordinates are longitude/latitude, st_union assumes that they are planar
although coordinates are longitude/latitude, st_union assumes that they are planar
although coordinates are longitude/latitude, st_union assumes that they are planar
although coordinates are longitude/latitude, st_union assumes that they are planar
although coordinates are longitude/latitude, st_union assumes that they are planar
although coordinates are longitude/latitude, st_union assumes that they are planar
although coordinates are longitude/latitude, st_union assumes that they are planar
although coordinates are longitude/latitude, st_union assumes that they are planar
although coordinates are longitude/latitude, st_union assumes that they are planar
although coordinates are longitude/latitude, st_union assumes that they are planar
although coordinates are longitude/latitude, st_union assumes that they are planar
although coordinates are longitude/latitude, st_union assumes that they are planar
although coordinates are longitude/latitude, st_union assumes that they are planar
although coordinates are longitude/latitude, st_union assumes that they are planar
although coordinates are longitude/latitude, st_union assumes that they are planar
although coordinates are longitude/latitude, st_union assumes that they are planar
although coordinates are longitude/latitude, st_union assumes that they are planar
although coordinates are longitude/latitude, st_union assumes that they are planar
although coordinates are longitude/latitude, st_union assumes that they are planar
although coordinates are longitude/latitude, st_union assumes that they are planar
although coordinates are longitude/latitude, st_union assumes that they are planar
although coordinates are longitude/latitude, st_union assumes that they are planar
although coordinates are longitude/latitude, st_union assumes that they are planar
although coordinates are longitude/latitude, st_union assumes that they are planar
although coordinates are longitude/latitude, st_union assumes that they are planar
although coordinates are longitude/latitude, st_union assumes that they are planar
although coordinates are longitude/latitude, st_union assumes that they are planar
although coordinates are longitude/latitude, st_union assumes that they are planar
although coordinates are longitude/latitude, st_union assumes that they are planar
although coordinates are longitude/latitude, st_union assumes that they are planar
although coordinates are longitude/latitude, st_union assumes that they are planar
although coordinates are longitude/latitude, st_union assumes that they are planar
although coordinates are longitude/latitude, st_union assumes that they are planar
although coordinates are longitude/latitude, st_union assumes that they are planar
although coordinates are longitude/latitude, st_union assumes that they are planar
although coordinates are longitude/latitude, st_union assumes that they are planar
although coordinates are longitude/latitude, st_union assumes that they are planar
although coordinates are longitude/latitude, st_union assumes that they are planar
although coordinates are longitude/latitude, st_union assumes that they are planar
although coordinates are longitude/latitude, st_union assumes that they are planar
although coordinates are longitude/latitude, st_union assumes that they are planar
although coordinates are longitude/latitude, st_union assumes that they are planar
although coordinates are longitude/latitude, st_union assumes that they are planar
although coordinates are longitude/latitude, st_union assumes that they are planar
although coordinates are longitude/latitude, st_union assumes that they are planar
although coordinates are longitude/latitude, st_union assumes that they are planar
although coordinates are longitude/latitude, st_union assumes that they are planar
although coordinates are longitude/latitude, st_union assumes that they are planar
although coordinates are longitude/latitude, st_union assumes that they are planar
although coordinates are longitude/latitude, st_union assumes that they are planar
although coordinates are longitude/latitude, st_union assumes that they are planar
although coordinates are longitude/latitude, st_union assumes that they are planar
although coordinates are longitude/latitude, st_union assumes that they are planar
although coordinates are longitude/latitude, st_union assumes that they are planar
although coordinates are longitude/latitude, st_union assumes that they are planar
although coordinates are longitude/latitude, st_union assumes that they are planar
although coordinates are longitude/latitude, st_union assumes that they are planar
although coordinates are longitude/latitude, st_union assumes that they are planar
although coordinates are longitude/latitude, st_union assumes that they are planar
although coordinates are longitude/latitude, st_union assumes that they are planar
although coordinates are longitude/latitude, st_union assumes that they are planar
although coordinates are longitude/latitude, st_union assumes that they are planar
although coordinates are longitude/latitude, st_union assumes that they are planar
although coordinates are longitude/latitude, st_union assumes that they are planar
although coordinates are longitude/latitude, st_union assumes that they are planar
although coordinates are longitude/latitude, st_union assumes that they are planar
although coordinates are longitude/latitude, st_union assumes that they are planar
although coordinates are longitude/latitude, st_union assumes that they are planar
although coordinates are longitude/latitude, st_union assumes that they are planar
although coordinates are longitude/latitude, st_union assumes that they are planar
although coordinates are longitude/latitude, st_union assumes that they are planar
although coordinates are longitude/latitude, st_union assumes that they are planar
although coordinates are longitude/latitude, st_union assumes that they are planar
although coordinates are longitude/latitude, st_union assumes that they are planar
although coordinates are longitude/latitude, st_union assumes that they are planar
although coordinates are longitude/latitude, st_union assumes that they are planar
although coordinates are longitude/latitude, st_union assumes that they are planar
although coordinates are longitude/latitude, st_union assumes that they are planar
although coordinates are longitude/latitude, st_union assumes that they are planar
although coordinates are longitude/latitude, st_union assumes that they are planar
although coordinates are longitude/latitude, st_union assumes that they are planar
although coordinates are longitude/latitude, st_union assumes that they are planar
although coordinates are longitude/latitude, st_union assumes that they are planar
although coordinates are longitude/latitude, st_union assumes that they are planar
although coordinates are longitude/latitude, st_union assumes that they are planar
although coordinates are longitude/latitude, st_union assumes that they are planar
although coordinates are longitude/latitude, st_union assumes that they are planar
although coordinates are longitude/latitude, st_union assumes that they are planar
although coordinates are longitude/latitude, st_union assumes that they are planar
although coordinates are longitude/latitude, st_union assumes that they are planar
although coordinates are longitude/latitude, st_union assumes that they are planar
although coordinates are longitude/latitude, st_union assumes that they are planar
although coordinates are longitude/latitude, st_union assumes that they are planar
although coordinates are longitude/latitude, st_union assumes that they are planar
although coordinates are longitude/latitude, st_union assumes that they are planar
although coordinates are longitude/latitude, st_union assumes that they are planar
although coordinates are longitude/latitude, st_union assumes that they are planar
although coordinates are longitude/latitude, st_union assumes that they are planar
although coordinates are longitude/latitude, st_union assumes that they are planar
although coordinates are longitude/latitude, st_union assumes that they are planar
although coordinates are longitude/latitude, st_union assumes that they are planar
although coordinates are longitude/latitude, st_union assumes that they are planar
although coordinates are longitude/latitude, st_union assumes that they are planar
although coordinates are longitude/latitude, st_union assumes that they are planar
although coordinates are longitude/latitude, st_union assumes that they are planar
although coordinates are longitude/latitude, st_union assumes that they are planar
although coordinates are longitude/latitude, st_union assumes that they are planar
although coordinates are longitude/latitude, st_union assumes that they are planar
although coordinates are longitude/latitude, st_union assumes that they are planar
although coordinates are longitude/latitude, st_union assumes that they are planar
although coordinates are longitude/latitude, st_union assumes that they are planar
although coordinates are longitude/latitude, st_union assumes that they are planar
although coordinates are longitude/latitude, st_union assumes that they are planar
although coordinates are longitude/latitude, st_union assumes that they are planar
although coordinates are longitude/latitude, st_union assumes that they are planar
although coordinates are longitude/latitude, st_union assumes that they are planar
although coordinates are longitude/latitude, st_union assumes that they are planar
although coordinates are longitude/latitude, st_union assumes that they are planar
although coordinates are longitude/latitude, st_union assumes that they are planar
although coordinates are longitude/latitude, st_union assumes that they are planar
although coordinates are longitude/latitude, st_union assumes that they are planar
although coordinates are longitude/latitude, st_union assumes that they are planar
although coordinates are longitude/latitude, st_union assumes that they are planar
although coordinates are longitude/latitude, st_union assumes that they are planar
although coordinates are longitude/latitude, st_union assumes that they are planar
although coordinates are longitude/latitude, st_union assumes that they are planar
although coordinates are longitude/latitude, st_union assumes that they are planar
although coordinates are longitude/latitude, st_union assumes that they are planar
although coordinates are longitude/latitude, st_union assumes that they are planar
although coordinates are longitude/latitude, st_union assumes that they are planar
although coordinates are longitude/latitude, st_union assumes that they are planar
although coordinates are longitude/latitude, st_union assumes that they are planar
although coordinates are longitude/latitude, st_union assumes that they are planar
although coordinates are longitude/latitude, st_union assumes that they are planar
although coordinates are longitude/latitude, st_union assumes that they are planar
although coordinates are longitude/latitude, st_union assumes that they are planar
although coordinates are longitude/latitude, st_union assumes that they are planar
although coordinates are longitude/latitude, st_union assumes that they are planar
although coordinates are longitude/latitude, st_union assumes that they are planar
although coordinates are longitude/latitude, st_union assumes that they are planar
although coordinates are longitude/latitude, st_union assumes that they are planar
although coordinates are longitude/latitude, st_union assumes that they are planar
although coordinates are longitude/latitude, st_union assumes that they are planar
although coordinates are longitude/latitude, st_union assumes that they are planar
although coordinates are longitude/latitude, st_union assumes that they are planar
although coordinates are longitude/latitude, st_union assumes that they are planar
although coordinates are longitude/latitude, st_union assumes that they are planar
although coordinates are longitude/latitude, st_union assumes that they are planar
although coordinates are longitude/latitude, st_union assumes that they are planar
although coordinates are longitude/latitude, st_union assumes that they are planar
although coordinates are longitude/latitude, st_union assumes that they are planar
although coordinates are longitude/latitude, st_union assumes that they are planar
although coordinates are longitude/latitude, st_union assumes that they are planar
although coordinates are longitude/latitude, st_union assumes that they are planar
although coordinates are longitude/latitude, st_union assumes that they are planar
although coordinates are longitude/latitude, st_union assumes that they are planar
although coordinates are longitude/latitude, st_union assumes that they are planar
although coordinates are longitude/latitude, st_union assumes that they are planar
although coordinates are longitude/latitude, st_union assumes that they are planar
although coordinates are longitude/latitude, st_union assumes that they are planar
although coordinates are longitude/latitude, st_union assumes that they are planar
although coordinates are longitude/latitude, st_union assumes that they are planar
although coordinates are longitude/latitude, st_union assumes that they are planar
although coordinates are longitude/latitude, st_union assumes that they are planar
although coordinates are longitude/latitude, st_union assumes that they are planar
although coordinates are longitude/latitude, st_union assumes that they are planar
although coordinates are longitude/latitude, st_union assumes that they are planar
although coordinates are longitude/latitude, st_union assumes that they are planar
although coordinates are longitude/latitude, st_union assumes that they are planar
although coordinates are longitude/latitude, st_union assumes that they are planar
although coordinates are longitude/latitude, st_union assumes that they are planar
although coordinates are longitude/latitude, st_union assumes that they are planar
although coordinates are longitude/latitude, st_union assumes that they are planar
although coordinates are longitude/latitude, st_union assumes that they are planar
although coordinates are longitude/latitude, st_union assumes that they are planar
although coordinates are longitude/latitude, st_union assumes that they are planar
although coordinates are longitude/latitude, st_union assumes that they are planar
although coordinates are longitude/latitude, st_union assumes that they are planar
although coordinates are longitude/latitude, st_union assumes that they are planar
although coordinates are longitude/latitude, st_union assumes that they are planar
although coordinates are longitude/latitude, st_union assumes that they are planar
although coordinates are longitude/latitude, st_union assumes that they are planar
although coordinates are longitude/latitude, st_union assumes that they are planar
although coordinates are longitude/latitude, st_union assumes that they are planar
although coordinates are longitude/latitude, st_union assumes that they are planar
although coordinates are longitude/latitude, st_union assumes that they are planar
although coordinates are longitude/latitude, st_union assumes that they are planar
although coordinates are longitude/latitude, st_union assumes that they are planar
although coordinates are longitude/latitude, st_union assumes that they are planar
although coordinates are longitude/latitude, st_union assumes that they are planar
although coordinates are longitude/latitude, st_union assumes that they are planar
although coordinates are longitude/latitude, st_union assumes that they are planar
although coordinates are longitude/latitude, st_union assumes that they are planar
although coordinates are longitude/latitude, st_union assumes that they are planar
although coordinates are longitude/latitude, st_union assumes that they are planar
although coordinates are longitude/latitude, st_union assumes that they are planar
although coordinates are longitude/latitude, st_union assumes that they are planar
although coordinates are longitude/latitude, st_union assumes that they are planar
although coordinates are longitude/latitude, st_union assumes that they are planar
although coordinates are longitude/latitude, st_union assumes that they are planar
although coordinates are longitude/latitude, st_union assumes that they are planar
although coordinates are longitude/latitude, st_union assumes that they are planar
although coordinates are longitude/latitude, st_union assumes that they are planar
although coordinates are longitude/latitude, st_union assumes that they are planar
although coordinates are longitude/latitude, st_union assumes that they are planar
although coordinates are longitude/latitude, st_union assumes that they are planar
although coordinates are longitude/latitude, st_union assumes that they are planar
although coordinates are longitude/latitude, st_union assumes that they are planar
although coordinates are longitude/latitude, st_union assumes that they are planar
although coordinates are longitude/latitude, st_union assumes that they are planar
although coordinates are longitude/latitude, st_union assumes that they are planar
although coordinates are longitude/latitude, st_union assumes that they are planar
although coordinates are longitude/latitude, st_union assumes that they are planar
although coordinates are longitude/latitude, st_union assumes that they are planar
although coordinates are longitude/latitude, st_union assumes that they are planar
although coordinates are longitude/latitude, st_union assumes that they are planar
although coordinates are longitude/latitude, st_union assumes that they are planar
although coordinates are longitude/latitude, st_union assumes that they are planar
although coordinates are longitude/latitude, st_union assumes that they are planar
although coordinates are longitude/latitude, st_union assumes that they are planar
although coordinates are longitude/latitude, st_union assumes that they are planar
although coordinates are longitude/latitude, st_union assumes that they are planar
although coordinates are longitude/latitude, st_union assumes that they are planar
although coordinates are longitude/latitude, st_union assumes that they are planar
although coordinates are longitude/latitude, st_union assumes that they are planar
although coordinates are longitude/latitude, st_union assumes that they are planar
although coordinates are longitude/latitude, st_union assumes that they are planar
although coordinates are longitude/latitude, st_union assumes that they are planar
although coordinates are longitude/latitude, st_union assumes that they are planar
although coordinates are longitude/latitude, st_union assumes that they are planar
although coordinates are longitude/latitude, st_union assumes that they are planar
although coordinates are longitude/latitude, st_union assumes that they are planar
although coordinates are longitude/latitude, st_union assumes that they are planar
although coordinates are longitude/latitude, st_union assumes that they are planar
although coordinates are longitude/latitude, st_union assumes that they are planar
although coordinates are longitude/latitude, st_union assumes that they are planar
although coordinates are longitude/latitude, st_union assumes that they are planar
although coordinates are longitude/latitude, st_union assumes that they are planar
although coordinates are longitude/latitude, st_union assumes that they are planar
although coordinates are longitude/latitude, st_union assumes that they are planar
although coordinates are longitude/latitude, st_union assumes that they are planar
although coordinates are longitude/latitude, st_union assumes that they are planar
although coordinates are longitude/latitude, st_union assumes that they are planar
although coordinates are longitude/latitude, st_union assumes that they are planar
although coordinates are longitude/latitude, st_union assumes that they are planar
although coordinates are longitude/latitude, st_union assumes that they are planar
although coordinates are longitude/latitude, st_union assumes that they are planar
although coordinates are longitude/latitude, st_union assumes that they are planar
although coordinates are longitude/latitude, st_union assumes that they are planar
although coordinates are longitude/latitude, st_union assumes that they are planar
although coordinates are longitude/latitude, st_union assumes that they are planar
although coordinates are longitude/latitude, st_union assumes that they are planar
although coordinates are longitude/latitude, st_union assumes that they are planar
although coordinates are longitude/latitude, st_union assumes that they are planar
although coordinates are longitude/latitude, st_union assumes that they are planar
although coordinates are longitude/latitude, st_union assumes that they are planar
although coordinates are longitude/latitude, st_union assumes that they are planar
although coordinates are longitude/latitude, st_union assumes that they are planar
although coordinates are longitude/latitude, st_union assumes that they are planar
although coordinates are longitude/latitude, st_union assumes that they are planar
although coordinates are longitude/latitude, st_union assumes that they are planar
although coordinates are longitude/latitude, st_union assumes that they are planar
although coordinates are longitude/latitude, st_union assumes that they are planar
although coordinates are longitude/latitude, st_union assumes that they are planar
although coordinates are longitude/latitude, st_union assumes that they are planar
although coordinates are longitude/latitude, st_union assumes that they are planar
although coordinates are longitude/latitude, st_union assumes that they are planar
although coordinates are longitude/latitude, st_union assumes that they are planar
although coordinates are longitude/latitude, st_union assumes that they are planar
although coordinates are longitude/latitude, st_union assumes that they are planar
although coordinates are longitude/latitude, st_union assumes that they are planar
although coordinates are longitude/latitude, st_union assumes that they are planar
although coordinates are longitude/latitude, st_union assumes that they are planar
although coordinates are longitude/latitude, st_union assumes that they are planar
although coordinates are longitude/latitude, st_union assumes that they are planar
although coordinates are longitude/latitude, st_union assumes that they are planar
although coordinates are longitude/latitude, st_union assumes that they are planar
although coordinates are longitude/latitude, st_union assumes that they are planar
although coordinates are longitude/latitude, st_union assumes that they are planar
although coordinates are longitude/latitude, st_union assumes that they are planar
although coordinates are longitude/latitude, st_union assumes that they are planar
although coordinates are longitude/latitude, st_union assumes that they are planar
although coordinates are longitude/latitude, st_union assumes that they are planar
although coordinates are longitude/latitude, st_union assumes that they are planar
although coordinates are longitude/latitude, st_union assumes that they are planar
although coordinates are longitude/latitude, st_union assumes that they are planar
although coordinates are longitude/latitude, st_union assumes that they are planar
although coordinates are longitude/latitude, st_union assumes that they are planar
although coordinates are longitude/latitude, st_union assumes that they are planar
although coordinates are longitude/latitude, st_union assumes that they are planar
although coordinates are longitude/latitude, st_union assumes that they are planar
although coordinates are longitude/latitude, st_union assumes that they are planar
although coordinates are longitude/latitude, st_union assumes that they are planar
although coordinates are longitude/latitude, st_union assumes that they are planar
although coordinates are longitude/latitude, st_union assumes that they are planar
although coordinates are longitude/latitude, st_union assumes that they are planar
although coordinates are longitude/latitude, st_union assumes that they are planar
although coordinates are longitude/latitude, st_union assumes that they are planar
although coordinates are longitude/latitude, st_union assumes that they are planar
although coordinates are longitude/latitude, st_union assumes that they are planar
although coordinates are longitude/latitude, st_union assumes that they are planar
although coordinates are longitude/latitude, st_union assumes that they are planar
although coordinates are longitude/latitude, st_union assumes that they are planar
although coordinates are longitude/latitude, st_union assumes that they are planar
although coordinates are longitude/latitude, st_union assumes that they are planar
although coordinates are longitude/latitude, st_union assumes that they are planar
although coordinates are longitude/latitude, st_union assumes that they are planar
although coordinates are longitude/latitude, st_union assumes that they are planar
although coordinates are longitude/latitude, st_union assumes that they are planar
although coordinates are longitude/latitude, st_union assumes that they are planar
although coordinates are longitude/latitude, st_union assumes that they are planar
although coordinates are longitude/latitude, st_union assumes that they are planar
although coordinates are longitude/latitude, st_union assumes that they are planar
although coordinates are longitude/latitude, st_union assumes that they are planar
although coordinates are longitude/latitude, st_union assumes that they are planar
although coordinates are longitude/latitude, st_union assumes that they are planar
although coordinates are longitude/latitude, st_union assumes that they are planar
although coordinates are longitude/latitude, st_union assumes that they are planar
although coordinates are longitude/latitude, st_union assumes that they are planar
although coordinates are longitude/latitude, st_union assumes that they are planar
although coordinates are longitude/latitude, st_union assumes that they are planar
although coordinates are longitude/latitude, st_union assumes that they are planar
although coordinates are longitude/latitude, st_union assumes that they are planar
although coordinates are longitude/latitude, st_union assumes that they are planar
although coordinates are longitude/latitude, st_union assumes that they are planar
although coordinates are longitude/latitude, st_union assumes that they are planar
although coordinates are longitude/latitude, st_union assumes that they are planar
although coordinates are longitude/latitude, st_union assumes that they are planar
although coordinates are longitude/latitude, st_union assumes that they are planar
although coordinates are longitude/latitude, st_union assumes that they are planar
although coordinates are longitude/latitude, st_union assumes that they are planar
although coordinates are longitude/latitude, st_union assumes that they are planar
although coordinates are longitude/latitude, st_union assumes that they are planar
although coordinates are longitude/latitude, st_union assumes that they are planar
although coordinates are longitude/latitude, st_union assumes that they are planar
although coordinates are longitude/latitude, st_union assumes that they are planar
although coordinates are longitude/latitude, st_union assumes that they are planar
although coordinates are longitude/latitude, st_union assumes that they are planar
although coordinates are longitude/latitude, st_union assumes that they are planar
although coordinates are longitude/latitude, st_union assumes that they are planar
although coordinates are longitude/latitude, st_union assumes that they are planar
although coordinates are longitude/latitude, st_union assumes that they are planar
although coordinates are longitude/latitude, st_union assumes that they are planar
although coordinates are longitude/latitude, st_union assumes that they are planar
although coordinates are longitude/latitude, st_union assumes that they are planar
although coordinates are longitude/latitude, st_union assumes that they are planar
although coordinates are longitude/latitude, st_union assumes that they are planar
although coordinates are longitude/latitude, st_union assumes that they are planar
although coordinates are longitude/latitude, st_union assumes that they are planar
although coordinates are longitude/latitude, st_union assumes that they are planar
although coordinates are longitude/latitude, st_union assumes that they are planar
although coordinates are longitude/latitude, st_union assumes that they are planar
although coordinates are longitude/latitude, st_union assumes that they are planar
although coordinates are longitude/latitude, st_union assumes that they are planar
although coordinates are longitude/latitude, st_union assumes that they are planar
although coordinates are longitude/latitude, st_union assumes that they are planar
although coordinates are longitude/latitude, st_union assumes that they are planar
although coordinates are longitude/latitude, st_union assumes that they are planar
although coordinates are longitude/latitude, st_union assumes that they are planar
although coordinates are longitude/latitude, st_union assumes that they are planar
although coordinates are longitude/latitude, st_union assumes that they are planar
although coordinates are longitude/latitude, st_union assumes that they are planar
although coordinates are longitude/latitude, st_union assumes that they are planar
although coordinates are longitude/latitude, st_union assumes that they are planar
although coordinates are longitude/latitude, st_union assumes that they are planar
although coordinates are longitude/latitude, st_union assumes that they are planar
although coordinates are longitude/latitude, st_union assumes that they are planar
although coordinates are longitude/latitude, st_union assumes that they are planar
although coordinates are longitude/latitude, st_union assumes that they are planar
although coordinates are longitude/latitude, st_union assumes that they are planar
although coordinates are longitude/latitude, st_union assumes that they are planar
although coordinates are longitude/latitude, st_union assumes that they are planar
although coordinates are longitude/latitude, st_union assumes that they are planar
although coordinates are longitude/latitude, st_union assumes that they are planar
although coordinates are longitude/latitude, st_union assumes that they are planar
although coordinates are longitude/latitude, st_union assumes that they are planar
although coordinates are longitude/latitude, st_union assumes that they are planar
although coordinates are longitude/latitude, st_union assumes that they are planar
although coordinates are longitude/latitude, st_union assumes that they are planar
although coordinates are longitude/latitude, st_union assumes that they are planar
although coordinates are longitude/latitude, st_union assumes that they are planar
although coordinates are longitude/latitude, st_union assumes that they are planar
although coordinates are longitude/latitude, st_union assumes that they are planar
although coordinates are longitude/latitude, st_union assumes that they are planar
although coordinates are longitude/latitude, st_union assumes that they are planar
although coordinates are longitude/latitude, st_union assumes that they are planar
although coordinates are longitude/latitude, st_union assumes that they are planar
although coordinates are longitude/latitude, st_union assumes that they are planar
although coordinates are longitude/latitude, st_union assumes that they are planar
although coordinates are longitude/latitude, st_union assumes that they are planar
although coordinates are longitude/latitude, st_union assumes that they are planar
although coordinates are longitude/latitude, st_union assumes that they are planar
although coordinates are longitude/latitude, st_union assumes that they are planar
although coordinates are longitude/latitude, st_union assumes that they are planar
although coordinates are longitude/latitude, st_union assumes that they are planar
although coordinates are longitude/latitude, st_union assumes that they are planar
although coordinates are longitude/latitude, st_union assumes that they are planar
although coordinates are longitude/latitude, st_union assumes that they are planar
although coordinates are longitude/latitude, st_union assumes that they are planar
although coordinates are longitude/latitude, st_union assumes that they are planar
although coordinates are longitude/latitude, st_union assumes that they are planar
although coordinates are longitude/latitude, st_union assumes that they are planar
although coordinates are longitude/latitude, st_union assumes that they are planar
although coordinates are longitude/latitude, st_union assumes that they are planar
although coordinates are longitude/latitude, st_union assumes that they are planar
although coordinates are longitude/latitude, st_union assumes that they are planar
although coordinates are longitude/latitude, st_union assumes that they are planar
although coordinates are longitude/latitude, st_union assumes that they are planar
although coordinates are longitude/latitude, st_union assumes that they are planar
although coordinates are longitude/latitude, st_union assumes that they are planar
although coordinates are longitude/latitude, st_union assumes that they are planar
although coordinates are longitude/latitude, st_union assumes that they are planar
although coordinates are longitude/latitude, st_union assumes that they are planar
although coordinates are longitude/latitude, st_union assumes that they are planar
although coordinates are longitude/latitude, st_union assumes that they are planar
although coordinates are longitude/latitude, st_union assumes that they are planar
although coordinates are longitude/latitude, st_union assumes that they are planar
although coordinates are longitude/latitude, st_union assumes that they are planar
although coordinates are longitude/latitude, st_union assumes that they are planar
although coordinates are longitude/latitude, st_union assumes that they are planar
although coordinates are longitude/latitude, st_union assumes that they are planar
although coordinates are longitude/latitude, st_union assumes that they are planar
although coordinates are longitude/latitude, st_union assumes that they are planar
although coordinates are longitude/latitude, st_union assumes that they are planar
although coordinates are longitude/latitude, st_union assumes that they are planar
although coordinates are longitude/latitude, st_union assumes that they are planar
although coordinates are longitude/latitude, st_union assumes that they are planar
although coordinates are longitude/latitude, st_union assumes that they are planar
although coordinates are longitude/latitude, st_union assumes that they are planar
although coordinates are longitude/latitude, st_union assumes that they are planar
although coordinates are longitude/latitude, st_union assumes that they are planar
although coordinates are longitude/latitude, st_union assumes that they are planar
although coordinates are longitude/latitude, st_union assumes that they are planar
although coordinates are longitude/latitude, st_union assumes that they are planar
although coordinates are longitude/latitude, st_union assumes that they are planar
although coordinates are longitude/latitude, st_union assumes that they are planar
`summarise()` ungrouping output (override with `.groups` argument)
although coordinates are longitude/latitude, st_union assumes that they are planar
although coordinates are longitude/latitude, st_union assumes that they are planar
although coordinates are longitude/latitude, st_union assumes that they are planar
although coordinates are longitude/latitude, st_union assumes that they are planar
although coordinates are longitude/latitude, st_union assumes that they are planar
although coordinates are longitude/latitude, st_union assumes that they are planar
although coordinates are longitude/latitude, st_union assumes that they are planar
although coordinates are longitude/latitude, st_union assumes that they are planar
although coordinates are longitude/latitude, st_union assumes that they are planar
although coordinates are longitude/latitude, st_union assumes that they are planar
although coordinates are longitude/latitude, st_union assumes that they are planar
although coordinates are longitude/latitude, st_union assumes that they are planar
although coordinates are longitude/latitude, st_union assumes that they are planar
although coordinates are longitude/latitude, st_union assumes that they are planar
although coordinates are longitude/latitude, st_union assumes that they are planar
although coordinates are longitude/latitude, st_union assumes that they are planar
although coordinates are longitude/latitude, st_union assumes that they are planar
although coordinates are longitude/latitude, st_union assumes that they are planar
although coordinates are longitude/latitude, st_union assumes that they are planar
although coordinates are longitude/latitude, st_union assumes that they are planar
although coordinates are longitude/latitude, st_union assumes that they are planar
although coordinates are longitude/latitude, st_union assumes that they are planar
although coordinates are longitude/latitude, st_union assumes that they are planar
although coordinates are longitude/latitude, st_union assumes that they are planar
although coordinates are longitude/latitude, st_union assumes that they are planar
although coordinates are longitude/latitude, st_union assumes that they are planar
although coordinates are longitude/latitude, st_union assumes that they are planar
although coordinates are longitude/latitude, st_union assumes that they are planar
although coordinates are longitude/latitude, st_union assumes that they are planar
although coordinates are longitude/latitude, st_union assumes that they are planar
although coordinates are longitude/latitude, st_union assumes that they are planar
although coordinates are longitude/latitude, st_union assumes that they are planar
although coordinates are longitude/latitude, st_union assumes that they are planar
although coordinates are longitude/latitude, st_union assumes that they are planar
although coordinates are longitude/latitude, st_union assumes that they are planar
although coordinates are longitude/latitude, st_union assumes that they are planar
although coordinates are longitude/latitude, st_union assumes that they are planar
although coordinates are longitude/latitude, st_union assumes that they are planar
although coordinates are longitude/latitude, st_union assumes that they are planar
although coordinates are longitude/latitude, st_union assumes that they are planar
although coordinates are longitude/latitude, st_union assumes that they are planar
although coordinates are longitude/latitude, st_union assumes that they are planar
although coordinates are longitude/latitude, st_union assumes that they are planar
although coordinates are longitude/latitude, st_union assumes that they are planar
although coordinates are longitude/latitude, st_union assumes that they are planar
although coordinates are longitude/latitude, st_union assumes that they are planar
although coordinates are longitude/latitude, st_union assumes that they are planar
although coordinates are longitude/latitude, st_union assumes that they are planar
although coordinates are longitude/latitude, st_union assumes that they are planar
although coordinates are longitude/latitude, st_union assumes that they are planar
although coordinates are longitude/latitude, st_union assumes that they are planar
although coordinates are longitude/latitude, st_union assumes that they are planar
although coordinates are longitude/latitude, st_union assumes that they are planar
although coordinates are longitude/latitude, st_union assumes that they are planar
although coordinates are longitude/latitude, st_union assumes that they are planar
although coordinates are longitude/latitude, st_union assumes that they are planar
although coordinates are longitude/latitude, st_union assumes that they are planar
although coordinates are longitude/latitude, st_union assumes that they are planar
although coordinates are longitude/latitude, st_union assumes that they are planar
although coordinates are longitude/latitude, st_union assumes that they are planar
although coordinates are longitude/latitude, st_union assumes that they are planar
although coordinates are longitude/latitude, st_union assumes that they are planar
although coordinates are longitude/latitude, st_union assumes that they are planar
although coordinates are longitude/latitude, st_union assumes that they are planar
although coordinates are longitude/latitude, st_union assumes that they are planar
although coordinates are longitude/latitude, st_union assumes that they are planar
although coordinates are longitude/latitude, st_union assumes that they are planar
although coordinates are longitude/latitude, st_union assumes that they are planar
although coordinates are longitude/latitude, st_union assumes that they are planar
although coordinates are longitude/latitude, st_union assumes that they are planar
although coordinates are longitude/latitude, st_union assumes that they are planar
although coordinates are longitude/latitude, st_union assumes that they are planar
although coordinates are longitude/latitude, st_union assumes that they are planar
although coordinates are longitude/latitude, st_union assumes that they are planar
although coordinates are longitude/latitude, st_union assumes that they are planar
although coordinates are longitude/latitude, st_union assumes that they are planar
although coordinates are longitude/latitude, st_union assumes that they are planar
although coordinates are longitude/latitude, st_union assumes that they are planar
although coordinates are longitude/latitude, st_union assumes that they are planar
although coordinates are longitude/latitude, st_union assumes that they are planar
although coordinates are longitude/latitude, st_union assumes that they are planar
although coordinates are longitude/latitude, st_union assumes that they are planar
although coordinates are longitude/latitude, st_union assumes that they are planar
although coordinates are longitude/latitude, st_union assumes that they are planar
although coordinates are longitude/latitude, st_union assumes that they are planar
although coordinates are longitude/latitude, st_union assumes that they are planar
although coordinates are longitude/latitude, st_union assumes that they are planar
although coordinates are longitude/latitude, st_union assumes that they are planar
although coordinates are longitude/latitude, st_union assumes that they are planar
although coordinates are longitude/latitude, st_union assumes that they are planar
although coordinates are longitude/latitude, st_union assumes that they are planar
although coordinates are longitude/latitude, st_union assumes that they are planar
although coordinates are longitude/latitude, st_union assumes that they are planar
although coordinates are longitude/latitude, st_union assumes that they are planar
although coordinates are longitude/latitude, st_union assumes that they are planar
although coordinates are longitude/latitude, st_union assumes that they are planar
although coordinates are longitude/latitude, st_union assumes that they are planar
although coordinates are longitude/latitude, st_union assumes that they are planar
although coordinates are longitude/latitude, st_union assumes that they are planar
although coordinates are longitude/latitude, st_union assumes that they are planar
although coordinates are longitude/latitude, st_union assumes that they are planar
although coordinates are longitude/latitude, st_union assumes that they are planar
although coordinates are longitude/latitude, st_union assumes that they are planar
although coordinates are longitude/latitude, st_union assumes that they are planar
although coordinates are longitude/latitude, st_union assumes that they are planar
although coordinates are longitude/latitude, st_union assumes that they are planar
although coordinates are longitude/latitude, st_union assumes that they are planar
although coordinates are longitude/latitude, st_union assumes that they are planar
although coordinates are longitude/latitude, st_union assumes that they are planar
although coordinates are longitude/latitude, st_union assumes that they are planar
although coordinates are longitude/latitude, st_union assumes that they are planar
although coordinates are longitude/latitude, st_union assumes that they are planar
although coordinates are longitude/latitude, st_union assumes that they are planar
although coordinates are longitude/latitude, st_union assumes that they are planar
although coordinates are longitude/latitude, st_union assumes that they are planar
although coordinates are longitude/latitude, st_union assumes that they are planar
although coordinates are longitude/latitude, st_union assumes that they are planar
although coordinates are longitude/latitude, st_union assumes that they are planar
although coordinates are longitude/latitude, st_union assumes that they are planar
although coordinates are longitude/latitude, st_union assumes that they are planar
although coordinates are longitude/latitude, st_union assumes that they are planar
although coordinates are longitude/latitude, st_union assumes that they are planar
although coordinates are longitude/latitude, st_union assumes that they are planar
although coordinates are longitude/latitude, st_union assumes that they are planar
although coordinates are longitude/latitude, st_union assumes that they are planar
although coordinates are longitude/latitude, st_union assumes that they are planar
although coordinates are longitude/latitude, st_union assumes that they are planar
although coordinates are longitude/latitude, st_union assumes that they are planar
although coordinates are longitude/latitude, st_union assumes that they are planar
although coordinates are longitude/latitude, st_union assumes that they are planar
although coordinates are longitude/latitude, st_union assumes that they are planar
although coordinates are longitude/latitude, st_union assumes that they are planar
although coordinates are longitude/latitude, st_union assumes that they are planar
although coordinates are longitude/latitude, st_union assumes that they are planar
although coordinates are longitude/latitude, st_union assumes that they are planar
although coordinates are longitude/latitude, st_union assumes that they are planar
although coordinates are longitude/latitude, st_union assumes that they are planar
although coordinates are longitude/latitude, st_union assumes that they are planar
although coordinates are longitude/latitude, st_union assumes that they are planar
although coordinates are longitude/latitude, st_union assumes that they are planar
although coordinates are longitude/latitude, st_union assumes that they are planar
although coordinates are longitude/latitude, st_union assumes that they are planar
although coordinates are longitude/latitude, st_union assumes that they are planar
although coordinates are longitude/latitude, st_union assumes that they are planar
although coordinates are longitude/latitude, st_union assumes that they are planar
although coordinates are longitude/latitude, st_union assumes that they are planar
although coordinates are longitude/latitude, st_union assumes that they are planar
although coordinates are longitude/latitude, st_union assumes that they are planar
although coordinates are longitude/latitude, st_union assumes that they are planar
although coordinates are longitude/latitude, st_union assumes that they are planar
although coordinates are longitude/latitude, st_union assumes that they are planar
although coordinates are longitude/latitude, st_union assumes that they are planar
although coordinates are longitude/latitude, st_union assumes that they are planar
although coordinates are longitude/latitude, st_union assumes that they are planar
although coordinates are longitude/latitude, st_union assumes that they are planar
although coordinates are longitude/latitude, st_union assumes that they are planar
although coordinates are longitude/latitude, st_union assumes that they are planar
although coordinates are longitude/latitude, st_union assumes that they are planar
although coordinates are longitude/latitude, st_union assumes that they are planar
although coordinates are longitude/latitude, st_union assumes that they are planar
although coordinates are longitude/latitude, st_union assumes that they are planar
although coordinates are longitude/latitude, st_union assumes that they are planar
although coordinates are longitude/latitude, st_union assumes that they are planar
although coordinates are longitude/latitude, st_union assumes that they are planar
although coordinates are longitude/latitude, st_union assumes that they are planar
although coordinates are longitude/latitude, st_union assumes that they are planar
although coordinates are longitude/latitude, st_union assumes that they are planar
although coordinates are longitude/latitude, st_union assumes that they are planar
although coordinates are longitude/latitude, st_union assumes that they are planar
although coordinates are longitude/latitude, st_union assumes that they are planar
although coordinates are longitude/latitude, st_union assumes that they are planar
although coordinates are longitude/latitude, st_union assumes that they are planar
although coordinates are longitude/latitude, st_union assumes that they are planar
although coordinates are longitude/latitude, st_union assumes that they are planar
although coordinates are longitude/latitude, st_union assumes that they are planar
although coordinates are longitude/latitude, st_union assumes that they are planar
although coordinates are longitude/latitude, st_union assumes that they are planar
although coordinates are longitude/latitude, st_union assumes that they are planar
although coordinates are longitude/latitude, st_union assumes that they are planar
although coordinates are longitude/latitude, st_union assumes that they are planar
although coordinates are longitude/latitude, st_union assumes that they are planar
although coordinates are longitude/latitude, st_union assumes that they are planar
although coordinates are longitude/latitude, st_union assumes that they are planar
although coordinates are longitude/latitude, st_union assumes that they are planar
although coordinates are longitude/latitude, st_union assumes that they are planar
although coordinates are longitude/latitude, st_union assumes that they are planar
although coordinates are longitude/latitude, st_union assumes that they are planar
although coordinates are longitude/latitude, st_union assumes that they are planar
although coordinates are longitude/latitude, st_union assumes that they are planar
although coordinates are longitude/latitude, st_union assumes that they are planar
although coordinates are longitude/latitude, st_union assumes that they are planar
although coordinates are longitude/latitude, st_union assumes that they are planar
although coordinates are longitude/latitude, st_union assumes that they are planar
although coordinates are longitude/latitude, st_union assumes that they are planar
although coordinates are longitude/latitude, st_union assumes that they are planar
although coordinates are longitude/latitude, st_union assumes that they are planar
although coordinates are longitude/latitude, st_union assumes that they are planar
although coordinates are longitude/latitude, st_union assumes that they are planar
although coordinates are longitude/latitude, st_union assumes that they are planar
although coordinates are longitude/latitude, st_union assumes that they are planar
although coordinates are longitude/latitude, st_union assumes that they are planar
although coordinates are longitude/latitude, st_union assumes that they are planar
although coordinates are longitude/latitude, st_union assumes that they are planar
although coordinates are longitude/latitude, st_union assumes that they are planar
although coordinates are longitude/latitude, st_union assumes that they are planar
although coordinates are longitude/latitude, st_union assumes that they are planar
although coordinates are longitude/latitude, st_union assumes that they are planar
although coordinates are longitude/latitude, st_union assumes that they are planar
Map saved to C:\Users\diegog\Desktop\Diego\min_wage_rent\analysis\maps\output\san_diego_ln_mw_change.png
Resolution: 408.5674 by 299.8282 pixels
Size: 8.171347 by 5.996563 inches (50 dpi)
Map saved to C:\Users\diegog\Desktop\Diego\min_wage_rent\analysis\maps\output\san_diego_exp_ln_mw_change.png
Resolution: 408.5674 by 299.8282 pixels
Size: 8.171347 by 5.996563 inches (50 dpi)
Map saved to C:\Users\diegog\Desktop\Diego\min_wage_rent\analysis\maps\output\san_diego_ln_rents_change.png
Resolution: 408.5674 by 299.8282 pixels
Size: 8.171347 by 5.996563 inches (50 dpi)
Map saved to C:\Users\diegog\Desktop\Diego\min_wage_rent\analysis\maps\output\seattle_ln_mw_change.png
Resolution: 310.8962 by 394.0222 pixels
Size: 6.217924 by 7.880443 inches (50 dpi)
Map saved to C:\Users\diegog\Desktop\Diego\min_wage_rent\analysis\maps\output\seattle_exp_ln_mw_change.png
Resolution: 310.8962 by 394.0222 pixels
Size: 6.217924 by 7.880443 inches (50 dpi)
Map saved to C:\Users\diegog\Desktop\Diego\min_wage_rent\analysis\maps\output\seattle_ln_rents_change.png
Resolution: 310.8962 by 394.0222 pixels
Size: 6.217924 by 7.880443 inches (50 dpi)
Map saved to C:\Users\diegog\Desktop\Diego\min_wage_rent\analysis\maps\output\nyc_ln_mw_change.png
Resolution: 395.9387 by 309.3913 pixels
Size: 7.918774 by 6.187827 inches (50 dpi)
Map saved to C:\Users\diegog\Desktop\Diego\min_wage_rent\analysis\maps\output\nyc_exp_ln_mw_change.png
Resolution: 395.9387 by 309.3913 pixels
Size: 7.918774 by 6.187827 inches (50 dpi)
Map saved to C:\Users\diegog\Desktop\Diego\min_wage_rent\analysis\maps\output\nyc_ln_rents_change.png
Resolution: 395.9387 by 309.3913 pixels
Size: 7.918774 by 6.187827 inches (50 dpi)
Map saved to C:\Users\diegog\Desktop\Diego\min_wage_rent\analysis\maps\output\kc_ln_mw_change.png
Resolution: 317.2857 by 386.0874 pixels
Size: 6.345714 by 7.721747 inches (50 dpi)
Map saved to C:\Users\diegog\Desktop\Diego\min_wage_rent\analysis\maps\output\kc_exp_ln_mw_change.png
Resolution: 317.2857 by 386.0874 pixels
Size: 6.345714 by 7.721747 inches (50 dpi)
Map saved to C:\Users\diegog\Desktop\Diego\min_wage_rent\analysis\maps\output\kc_ln_rents_change.png
Resolution: 317.2857 by 386.0874 pixels
Size: 6.345714 by 7.721747 inches (50 dpi)
> 
> proc.time()
   user  system elapsed 
 171.06   19.60  155.85 

 make.py ended: 2021-09-16 15:11:55
