
 make.py started: 2020-12-13 07:52:24 C:\Users\shermo\Documents\GitHub\min_wage_rent\derived\county_quarter\code 




Execute:  StataMP-64 /e do "./preclean_qcew.do"

  ___  ____  ____  ____  ____ (R)
 /__    /   ____/   /   ____/
___/   /   /___/   /   /___/   15.1   Copyright 1985-2017 StataCorp LLC
  Statistics/Data Analysis            StataCorp
                                      4905 Lakeway Drive
     MP - Parallel Edition            College Station, Texas 77845 USA
                                      800-STATA-PC        http://www.stata.com
                                      979-696-4600        stata@stata.com
                                      979-696-4601 (fax)

Single-user 32-core Stata perpetual license:
       Serial number:  501506205566
         Licensed to:  KU Leuven FEB (CES)
                       KU Leuven

Notes:
      1.  Stata is running in batch mode.
      2.  Unicode is supported; see help unicode_advice.
      3.  More than 2 billion observations are allowed; see help obs_advice.
      4.  Maximum number of variables is set to 5000; see help set_maxvar.

. do ./preclean_qcew.do 

. set more off

. clear all

. adopath + ../../../lib/stata/gslab_misc/ado
  [1]  (BASE)      "C:\Program Files\Stata15\ado\base/"
  [2]  (SITE)      "C:\Program Files\Stata15\ado\site/"
  [3]              "."
  [4]  (PERSONAL)  "c:\ado\personal/"
  [5]  (PLUS)      "c:\ado\plus/"
  [6]  (OLDPLACE)  "c:\ado/"
  [7]              "../../../lib/stata/gslab_misc/ado"

. adopath + ../../../lib/stata/mental_coupons/ado
  [1]  (BASE)      "C:\Program Files\Stata15\ado\base/"
  [2]  (SITE)      "C:\Program Files\Stata15\ado\site/"
  [3]              "."
  [4]  (PERSONAL)  "c:\ado\personal/"
  [5]  (PLUS)      "c:\ado\plus/"
  [6]  (OLDPLACE)  "c:\ado/"
  [7]              "../../../lib/stata/gslab_misc/ado"
  [8]              "../../../lib/stata/mental_coupons/ado"

. 
. program main
  1.         local instub "../../../base/qcew/output"
  2.         local outstub "../temp"
  3. 
.         use "`instub'/industry_county_qtr_emp_wage.dta", clear
  4.         
.         keep if ownership == "Total Covered"
  5.         drop ownership naics industry
  6.         
.         gen_wage_ranking, base_period(2010q1)
  7.         
.         merge m:1 countyfips using "../temp/wage_rankings_2010q1.dta",  ///
>                 nogen assert(1 3) keep(3)                                    
>                                    ///
>                 keepusing(decile_avg_week_wage above_avg_us_weekly_wage)
  8.         
.         save_data "`outstub'/county_quarter_emp_wage.dta",                   
>            ///
>                 key(year_quarter countyfips) replace log(none)
  9. end

. 
. program gen_wage_ranking
  1.         syntax, base_period(str)
  2. 
.         preserve
  3.                 keep if year_quarter == `=tq(`base_period')'
  4.                 
.                 gen avg_employment_quarter = (employment_month1 + employment_
> month2 + employment_month3)/3
  5.                 egen us_total_employment_quarter = sum(avg_employment_quar
> ter) 
  6.                 egen us_avg_week_wage_num = sum(avg_employment_quarter*avg
> _week_wage)
  7.                 gen us_avg_week_wage = us_avg_week_wage_num/us_total_emplo
> yment_quarter
  8.                 
.                 gen above_avg_us_weekly_wage = (avg_week_wage > us_avg_week_w
> age)
  9. 
.                 egen decile_avg_week_wage = xtile(avg_week_wage), n(10)
 10.                 
.                 save_data "../temp/wage_rankings_2010q1.dta", key(countyfips)
>  replace log(none)
 11.         restore
 12. end

. 
. main
(2,229,729 observations deleted)
(133,975 observations deleted)
(data now sorted by countyfips)
  variable avg_week_wage was long now int
  variable above_avg_us_weekly_wage was float now byte
  variable decile_avg_week_wage was float now byte
  (25,520 bytes saved)
============================================================================
File: ../temp/wage_rankings_2010q1.dta
Key: countyfips
============================================================================
  3190:15(105544):3615584796:523136339

    Variable |        Obs        Mean    Std. Dev.       Min        Max
-------------+---------------------------------------------------------
  countyfips |          0
year_quarter |      3,190         200           0        200        200
      county |          0
   statefips |          0
 estab_count |      3,190    2798.084     10565.8         13     409159
-------------+---------------------------------------------------------
employment~1 |      3,190    39199.66    136926.2         56    3819446
employment~2 |      3,190    39256.37    137207.4         48    3828809
employment~3 |      3,190    39569.98    137958.4         53    3846887
avg_week_w~e |      3,190    633.8693    174.5534        341       2409
avg_employ~r |      3,190       39342    137363.6   52.66667    3831714
-------------+---------------------------------------------------------
us_total_e~r |      3,190    1.26e+08           0   1.26e+08   1.26e+08
us_avg_wee~m |      3,190    1.12e+11           0   1.12e+11   1.12e+11
us_avg_wee~e |      3,190    888.6324           0   888.6324   888.6324
above_avg_~e |      3,190    .0680251    .2518284          0          1
decile_avg~e |      3,190    5.488088     2.87707          1         10




(note: file ../temp/wage_rankings_2010q1.dta not found)
file ../temp/wage_rankings_2010q1.dta saved

    Result                           # of obs.
    -----------------------------------------
    not matched                             0
    matched                           137,113  
    -----------------------------------------
(data now sorted by year_quarter countyfips)
  variable avg_week_wage was long now int
  (274,226 bytes saved)
============================================================================
File: ../temp/county_quarter_emp_wage.dta
Key: year_quarter countyfips
============================================================================
  137113:11(33775):3431618742:2987516707

    Variable |        Obs        Mean    Std. Dev.       Min        Max
-------------+---------------------------------------------------------
year_quarter |    137,113    216.9951     12.4094        196        238
  countyfips |          0
      county |          0
   statefips |          0
 estab_count |    137,113    2961.419    11480.72          8     511616
-------------+---------------------------------------------------------
employment~1 |    137,113    42675.16    150062.3          0    4484785
employment~2 |    137,113    42898.99    150758.7          0    4528403
employment~3 |    137,113    43067.41    151296.5          0    4526194
avg_week_w~e |    137,113    730.2687    196.0078          0       4317
above_avg_~e |    137,113    .0680534    .2518384          0          1
-------------+---------------------------------------------------------
decile_avg~e |    137,113    5.488371    2.876736          1         10




(note: file ../temp/county_quarter_emp_wage.dta not found)
file ../temp/county_quarter_emp_wage.dta saved

. 
end of do-file


Execute:  StataMP-64 /e do "./create_county_quarter_panels.do"

  ___  ____  ____  ____  ____ (R)
 /__    /   ____/   /   ____/
___/   /   /___/   /   /___/   15.1   Copyright 1985-2017 StataCorp LLC
  Statistics/Data Analysis            StataCorp
                                      4905 Lakeway Drive
     MP - Parallel Edition            College Station, Texas 77845 USA
                                      800-STATA-PC        http://www.stata.com
                                      979-696-4600        stata@stata.com
                                      979-696-4601 (fax)

Single-user 32-core Stata perpetual license:
       Serial number:  501506205566
         Licensed to:  KU Leuven FEB (CES)
                       KU Leuven

Notes:
      1.  Stata is running in batch mode.
      2.  Unicode is supported; see help unicode_advice.
      3.  More than 2 billion observations are allowed; see help obs_advice.
      4.  Maximum number of variables is set to 5000; see help set_maxvar.

. do ./create_county_quarter_panels.do 

. set more off

. clear all

. adopath + ../../../lib/stata/gslab_misc/ado
  [1]  (BASE)      "C:\Program Files\Stata15\ado\base/"
  [2]  (SITE)      "C:\Program Files\Stata15\ado\site/"
  [3]              "."
  [4]  (PERSONAL)  "c:\ado\personal/"
  [5]  (PLUS)      "c:\ado\plus/"
  [6]  (OLDPLACE)  "c:\ado/"
  [7]              "../../../lib/stata/gslab_misc/ado"

. adopath + ../../../lib/stata/mental_coupons/ado
  [1]  (BASE)      "C:\Program Files\Stata15\ado\base/"
  [2]  (SITE)      "C:\Program Files\Stata15\ado\site/"
  [3]              "."
  [4]  (PERSONAL)  "c:\ado\personal/"
  [5]  (PLUS)      "c:\ado\plus/"
  [6]  (OLDPLACE)  "c:\ado/"
  [7]              "../../../lib/stata/gslab_misc/ado"
  [8]              "../../../lib/stata/mental_coupons/ado"

. 
. program main
  1.         local instub  "../../../drive/derived_large/output"
  2.         local outstub "../../../drive/derived_large/output"
  3.         local logfile "../output/data_file_manifest.log"
  4. 
.         local rent_var1                 "medrentprice_sfcc"
  5.         local other_rent_vars   "medrentpricepsqft_sfcc"
  6. 
.         local listing_var1               "medlistingprice_sfcc"
  7.         local other_listing_vars "medlistingpricepsqft_sfcc"
  8. 
. 
.         use "`instub'/zipcode_yearmonth_panel_all.dta", clear
  9. 
.         * Build all panel
.         collapse_to_county_quarter, rent_vars(`rent_var1' `other_rent_vars') 
>                    ///
>                                                          listing_vars(`listin
> g_var1' `other_listing_vars')
 10.         
.         add_employment_wages
 11.         add_other_vars
 12.         
.         save_data "`outstub'/county_quarter_panel_all.dta",                  
>                                    ///
>             key(countyfips year_quarter) replace
 13.         
.         * Build baseline panels
.         build_baseline_panel, outstub(`outstub') logfile(`logfile') name(rent
> )                  ///
>                 var1(`rent_var1') other_vars(`other_rent_vars')              
>                                            ///
>                 balance_date(01jan2013) start_date(01jan2010) end_date(12dec2
> 019)
 14. 
.         build_baseline_panel, outstub(`outstub') logfile(`logfile') name(list
> ing)               ///
>                 var1(`listing_var1') other_vars(`other_listing_vars')        
>                                    ///
>                 balance_date(01jan2013) start_date(01jan2010) end_date(12dec2
> 019)
 15. end

. 
. program add_employment_wages
  1. 
.         tostring countyfips, replace
  2.         replace countyfips  = string(real(countyfips),"%05.0f")
  3.         
.         tostring statefips, replace
  4.         replace statefips  = string(real(statefips),"%02.0f")
  5.         
.         merge 1:1 year_quarter countyfips using "../temp/county_quarter_emp_w
> age.dta", ///
>                 nogen keep(1 3) 
  6. end

. 
. program add_other_vars
  1. 
.         qui sum year_quarter
  2.         gen trend = year_quarter - r(min) + 1
  3.         gen trend_sq = trend^2
  4.         gen trend_cu = trend^3
  5. 
.         egen avg_quarter_employment = rowmean(employment_month*)
  6. end

. 
. program collapse_to_county_quarter
  1.         syntax, rent_vars(str) listing_vars(str)
  2.         
.         gen year_quarter = qofd(dofm(year_month))
  3.         format %tq year_quarter
  4.         
.         collapse (mean) `rent_vars' `listing_vars'                           
>                                            ///
>                 (max) mw_event actual_mw dactual_mw sal_mw_event mw_event025 
> mw_event075 ///
>                 calendar_quarter = calendar_month houses10_zip_county,       
>                            ///
>                 by(zipcode year_quarter placename placetype city msa countyfi
> ps county  ///
>                         statefips stateabb)
  5.                 
.         xtset zipcode year_quarter /* to assert is keyed on zipcode year_quar
> ter */
  6.         
.         collapse (mean) `rent_vars' `listing_vars'                           
>                                            ///
>                 (max) mw_event actual_mw dactual_mw sal_mw_event mw_event025 
> mw_event075 ///
>                 [aweight = houses10_zip_county], by(countyfips year_quarter  
>                    ///
>                                                                              
>            calendar_quarter county statefips stateabb)
  7. end

. 
. program build_baseline_panel
  1.         syntax, outstub(str) logfile(str) name(str) var1(str) other_vars(s
> tr)           ///
>                         balance_date(str) start_date(str) end_date(str)
  2. 
.         foreach var in `var1' `other_vars' {
  3.                 create_baseline_panel, var(`var') balance_date(`balance_da
> te')                  ///
>                         start_date(`start_date') end_date(`end_date')
  4.         }
  5.         
.         use "../temp/baseline_`var1'.dta", clear
  6.         foreach var in `other_vars' {
  7.                 merge 1:1 countyfips year_quarter using "../temp/baseline_
> `var'.dta",   ///
>                         nogen keep(1 3)
  8.         }
  9. 
.         save_data "`outstub'/baseline_`name'_county_quarter.dta",            
>                            ///
>                 key(countyfips year_quarter) replace log(`logfile')
 10. end

. 
. program create_baseline_panel
  1.     syntax, var(str) balance_date(str) start_date(str) end_date(str)
  2.         
.         use "../../../drive/derived_large/output/county_quarter_panel_all.dta
> ", clear
  3.         keep if (year_quarter >= `=qofd(td(`start_date'))' &              
>               ///
>                          year_quarter <= `=qofd(td(`end_date'))')
  4. 
.         preserve
  5.                 keep if year_quarter == `=qofd(td(`balance_date'))'
  6.                 keep if !missing(`var')
  7.                 keep countyfips
  8.                 save_data "../temp/`var'_nonmiss_countyfips.dta", replace 
>               ///
>                         key(countyfips) log(none)
  9.         restore
 10.         
.         merge m:1 countyfips using "../temp/`var'_nonmiss_countyfips.dta",   
>    ///
>                 keep(3) nogen
 11.         
.         rename countyfips countyfips_str
 12.         encode countyfips_str, gen(countyfips)
 13.         
.         xtset countyfips year_quarter
 14.         assert r(balanced) == "strongly balanced"
 15.         
.         save_data "../temp/baseline_`var'.dta", key(countyfips year_quarter) 
> ///
>                 replace log(none)
 16. end

. 
. main
       panel variable:  zipcode (unbalanced)
        time variable:  year_quarter, 1996q2 to 2020q1
                delta:  1 quarter
countyfips was long now str5
(28,500 real changes made)
statefips was byte now str2
(28,500 real changes made)
(note: variable county was str28, now str41 to accommodate using data's
       values)

    Result                           # of obs.
    -----------------------------------------
    not matched                       153,531
        from master                   153,531  
        from using                          0  

    matched                           127,995  
    -----------------------------------------
(153531 missing values generated)
(data now sorted by countyfips year_quarter)
  variable year_quarter was float now int
  variable trend was float now byte
  variable trend_sq was float now int
  variable county was str41 now str28
  variable stateabb was str20 now str2
  (10,697,988 bytes saved)
============================================================================
File: ../../../drive/derived_large/output/county_quarter_panel_all.dta
Key: countyfips year_quarter
============================================================================
  281526:27(32503):1356752413:1856374937

    Variable |        Obs        Mean    Std. Dev.       Min        Max
-------------+---------------------------------------------------------
  countyfips |          0
year_quarter |    281,526    192.1075    27.42261        145        239
      county |          0
   statefips |          0
    stateabb |          0
-------------+---------------------------------------------------------
calendar_q~r |    281,526    7.547154    3.339687          3         12
medre~e_sfcc |     10,954    1490.831    947.0542        500      45000
medre~t_sfcc |     10,926     1.10505    .8819042   .1163073   18.90778
medli~e_sfcc |     62,637    211077.8      119739      12500    2315833
medli~t_sfcc |     65,664    123.1965     86.9153   17.67401   1759.438
-------------+---------------------------------------------------------
    mw_event |    281,500    .0822913    .2748085          0          1
   actual_mw |    281,526    6.423575    1.352903       4.25      16.09
  dactual_mw |    281,500    .0419285    .1659036          0       5.81
sal_mw_event |    281,526    .0555721     .229094          0          1
 mw_event025 |    281,526    .0761138    .2651805          0          1
-------------+---------------------------------------------------------
 mw_event075 |    281,526    .0226551    .1488016          0          1
 estab_count |    127,995     2970.99    11707.67         22     511616
employment~1 |    127,995    44723.64    154746.6          0    4484785
employment~2 |    127,995    44951.19    155459.4          0    4528403
employment~3 |    127,995    45127.28    156012.7          0    4526194
-------------+---------------------------------------------------------
avg_week_w~e |    127,995    722.6372    175.1135          0       4317
above_avg_~e |    127,995    .0537521    .2255287          0          1
decile_avg~e |    127,995    5.496785    2.799479          1         10
       trend |    281,526    48.10751    27.42261          1         95
    trend_sq |    281,526    3066.329    2718.561          1       9025
-------------+---------------------------------------------------------
    trend_cu |    281,526    219746.2    247230.4          1     857375
avg_quarte~t |    127,995    44934.04    155404.3          0    4513128




file ../../../drive/derived_large/output/county_quarter_panel_all.dta saved
(162,458 observations deleted)
(116,091 observations deleted)
(2,772 observations deleted)
(data already sorted by countyfips)
  (0 bytes saved)
============================================================================
File: ../temp/medrentprice_sfcc_nonmiss_countyfips.dta
Key: countyfips
============================================================================
  205:1(31446):952867215:3380333700

    Variable |        Obs        Mean    Std. Dev.       Min        Max
-------------+---------------------------------------------------------
  countyfips |          0




(note: file ../temp/medrentprice_sfcc_nonmiss_countyfips.dta not found)
file ../temp/medrentprice_sfcc_nonmiss_countyfips.dta saved

    Result                           # of obs.
    -----------------------------------------
    not matched                             0
    matched                             8,200  
    -----------------------------------------
       panel variable:  countyfips (strongly balanced)
        time variable:  year_quarter, 2010q1 to 2019q4
                delta:  1 quarter
(data already sorted by countyfips year_quarter)
  variable countyfips was long now int
  variable county was str28 now str22
  (65,600 bytes saved)
============================================================================
File: ../temp/baseline_medrentprice_sfcc.dta
Key: countyfips year_quarter
============================================================================
  8200:28(66596):4179709298:2054106882

    Variable |        Obs        Mean    Std. Dev.       Min        Max
-------------+---------------------------------------------------------
  countyfips |      8,200         103    59.18131          1        205
year_quarter |      8,200       219.5     11.5441        200        239
countyfips~r |          0
      county |          0
   statefips |          0
-------------+---------------------------------------------------------
    stateabb |          0
calendar_q~r |      8,200         7.5    3.354307          3         12
medre~e_sfcc |      7,137    1468.096    501.8558   673.3333   4851.595
medre~t_sfcc |      6,928    1.066187    .5986181   .4260571   5.481292
medli~e_sfcc |      8,185    270164.1    150964.9   41791.24    1727956
-------------+---------------------------------------------------------
medli~t_sfcc |      8,200    156.8231    134.6317   47.28387   1759.438
    mw_event |      8,200    .0795122     .270553          0          1
   actual_mw |      8,200    7.923774    1.195871       7.25      16.09
  dactual_mw |      8,200    .0374024    .1866045          0       5.81
sal_mw_event |      8,200    .0326829    .1778162          0          1
-------------+---------------------------------------------------------
 mw_event025 |      8,200    .0445122    .2062427          0          1
 mw_event075 |      8,200    .0210976    .1437184          0          1
 estab_count |      7,995    21095.52    38448.86        424     511616
employment~1 |      7,995    320768.5    473054.5       5649    4484785
employment~2 |      7,995    322594.8    475388.5       5675    4528403
-------------+---------------------------------------------------------
employment~3 |      7,995    323662.6    477141.2       5709    4526194
avg_week_w~e |      7,995    942.9827    262.4728        491       3154
above_avg_~e |      7,995    .3073171    .4614108          0          1
decile_avg~e |      7,995    8.512195    1.765937          2         10
       trend |      8,200        75.5     11.5441         56         95
-------------+---------------------------------------------------------
    trend_sq |      8,200      5833.5    1747.222       3136       9025
    trend_cu |      8,200      460550    201991.7     175616     857375
avg_quarte~t |      7,995    322341.9      475189   5685.333    4513128




(note: file ../temp/baseline_medrentprice_sfcc.dta not found)
file ../temp/baseline_medrentprice_sfcc.dta saved
(162,458 observations deleted)
(116,091 observations deleted)
(2,756 observations deleted)
(data already sorted by countyfips)
  (0 bytes saved)
============================================================================
File: ../temp/medrentpricepsqft_sfcc_nonmiss_countyfips.dta
Key: countyfips
============================================================================
  221:1(31446):2107852048:1725025214

    Variable |        Obs        Mean    Std. Dev.       Min        Max
-------------+---------------------------------------------------------
  countyfips |          0




(note: file ../temp/medrentpricepsqft_sfcc_nonmiss_countyfips.dta not found)
file ../temp/medrentpricepsqft_sfcc_nonmiss_countyfips.dta saved

    Result                           # of obs.
    -----------------------------------------
    not matched                             0
    matched                             8,840  
    -----------------------------------------
       panel variable:  countyfips (strongly balanced)
        time variable:  year_quarter, 2010q1 to 2019q4
                delta:  1 quarter
(data already sorted by countyfips year_quarter)
  variable countyfips was long now int
  variable county was str28 now str22
  (70,720 bytes saved)
============================================================================
File: ../temp/baseline_medrentpricepsqft_sfcc.dta
Key: countyfips year_quarter
============================================================================
  8840:28(66596):4273067343:3151136409

    Variable |        Obs        Mean    Std. Dev.       Min        Max
-------------+---------------------------------------------------------
  countyfips |      8,840         111    63.80016          1        221
year_quarter |      8,840       219.5    11.54405        200        239
countyfips~r |          0
      county |          0
   statefips |          0
-------------+---------------------------------------------------------
    stateabb |          0
calendar_q~r |      8,840         7.5    3.354292          3         12
medre~e_sfcc |      7,293    1464.499    489.7491   673.3333   4851.595
medre~t_sfcc |      7,687    1.043065    .5691622   .4260571   5.481292
medli~e_sfcc |      8,807    267708.2      145561   41791.24    1727956
-------------+---------------------------------------------------------
medli~t_sfcc |      8,840    152.3525    126.1056   47.28387   1759.438
    mw_event |      8,840    .0799774    .2712735          0          1
   actual_mw |      8,840    7.901712    1.180146       7.25      16.09
  dactual_mw |      8,840    .0362885    .1827813          0       5.81
sal_mw_event |      8,840    .0308824    .1730087          0          1
-------------+---------------------------------------------------------
 mw_event025 |      8,840    .0425339    .2018153          0          1
 mw_event075 |      8,840    .0202489    .1408584          0          1
 estab_count |      8,619    19809.11    37191.26        424     511616
employment~1 |      8,619    301997.9    459601.4       5649    4484785
employment~2 |      8,619    303726.6    461869.4       5675    4528403
-------------+---------------------------------------------------------
employment~3 |      8,619    304739.6    463566.5       5709    4526194
avg_week_w~e |      8,619    935.7557    255.2103        491       3154
above_avg_~e |      8,619    .2986425    .4576893          0          1
decile_avg~e |      8,619    8.475113    1.798939          2         10
       trend |      8,840        75.5    11.54405         56         95
-------------+---------------------------------------------------------
    trend_sq |      8,840      5833.5    1747.214       3136       9025
    trend_cu |      8,840      460550    201990.8     175616     857375
avg_quarte~t |      8,619      303488    461673.6   5685.333    4513128




(note: file ../temp/baseline_medrentpricepsqft_sfcc.dta not found)
file ../temp/baseline_medrentpricepsqft_sfcc.dta saved
(label countyfips already defined)

    Result                           # of obs.
    -----------------------------------------
    not matched                             0
    matched                             8,200  
    -----------------------------------------
(data already sorted by countyfips year_quarter)
  (0 bytes saved)
============================================================================
File: ../../../drive/derived_large/output/baseline_rent_county_quarter.dta
Key: countyfips year_quarter
============================================================================
  8200:28(66596):4179709298:2054106882

    Variable |        Obs        Mean    Std. Dev.       Min        Max
-------------+---------------------------------------------------------
  countyfips |      8,200         103    59.18131          1        205
year_quarter |      8,200       219.5     11.5441        200        239
countyfips~r |          0
      county |          0
   statefips |          0
-------------+---------------------------------------------------------
    stateabb |          0
calendar_q~r |      8,200         7.5    3.354307          3         12
medre~e_sfcc |      7,137    1468.096    501.8558   673.3333   4851.595
medre~t_sfcc |      6,928    1.066187    .5986181   .4260571   5.481292
medli~e_sfcc |      8,185    270164.1    150964.9   41791.24    1727956
-------------+---------------------------------------------------------
medli~t_sfcc |      8,200    156.8231    134.6317   47.28387   1759.438
    mw_event |      8,200    .0795122     .270553          0          1
   actual_mw |      8,200    7.923774    1.195871       7.25      16.09
  dactual_mw |      8,200    .0374024    .1866045          0       5.81
sal_mw_event |      8,200    .0326829    .1778162          0          1
-------------+---------------------------------------------------------
 mw_event025 |      8,200    .0445122    .2062427          0          1
 mw_event075 |      8,200    .0210976    .1437184          0          1
 estab_count |      7,995    21095.52    38448.86        424     511616
employment~1 |      7,995    320768.5    473054.5       5649    4484785
employment~2 |      7,995    322594.8    475388.5       5675    4528403
-------------+---------------------------------------------------------
employment~3 |      7,995    323662.6    477141.2       5709    4526194
avg_week_w~e |      7,995    942.9827    262.4728        491       3154
above_avg_~e |      7,995    .3073171    .4614108          0          1
decile_avg~e |      7,995    8.512195    1.765937          2         10
       trend |      8,200        75.5     11.5441         56         95
-------------+---------------------------------------------------------
    trend_sq |      8,200      5833.5    1747.222       3136       9025
    trend_cu |      8,200      460550    201991.7     175616     857375
avg_quarte~t |      7,995    322341.9      475189   5685.333    4513128




file ../../../drive/derived_large/output/baseline_rent_county_quarter.dta saved
(162,458 observations deleted)
(116,091 observations deleted)
(1,605 observations deleted)
(data already sorted by countyfips)
  (0 bytes saved)
============================================================================
File: ../temp/medlistingprice_sfcc_nonmiss_countyfips.dta
Key: countyfips
============================================================================
  1372:1(31446):3204630304:3488022995

    Variable |        Obs        Mean    Std. Dev.       Min        Max
-------------+---------------------------------------------------------
  countyfips |          0




(note: file ../temp/medlistingprice_sfcc_nonmiss_countyfips.dta not found)
file ../temp/medlistingprice_sfcc_nonmiss_countyfips.dta saved

    Result                           # of obs.
    -----------------------------------------
    not matched                             0
    matched                            54,880  
    -----------------------------------------
       panel variable:  countyfips (strongly balanced)
        time variable:  year_quarter, 2010q1 to 2019q4
                delta:  1 quarter
(data already sorted by countyfips year_quarter)
  variable countyfips was long now int
  (109,760 bytes saved)
============================================================================
File: ../temp/baseline_medlistingprice_sfcc.dta
Key: countyfips year_quarter
============================================================================
  54880:28(66596):324462836:3067911011

    Variable |        Obs        Mean    Std. Dev.       Min        Max
-------------+---------------------------------------------------------
  countyfips |     54,880       686.5    396.0658          1       1372
year_quarter |     54,880       219.5     11.5435        200        239
countyfips~r |          0
      county |          0
   statefips |          0
-------------+---------------------------------------------------------
    stateabb |          0
calendar_q~r |     54,880         7.5    3.354133          3         12
medre~e_sfcc |     10,773    1488.995    949.8931        500      45000
medre~t_sfcc |     10,707    1.094978    .8310544   .1163073   18.90778
medli~e_sfcc |     53,874    213908.6    111823.6   41791.24    1727956
-------------+---------------------------------------------------------
medli~t_sfcc |     48,641    127.9874    82.92887   39.39242   1759.438
    mw_event |     54,880    .0667274    .2495516          0          1
   actual_mw |     54,880    7.791695    .9860803       7.25      16.09
  dactual_mw |     54,880    .0289841    .1459298          0       5.81
sal_mw_event |     54,880    .0270408    .1622039          0          1
-------------+---------------------------------------------------------
 mw_event025 |     54,880    .0388484    .1932353          0          1
 mw_event075 |     54,880    .0154155    .1231994          0          1
 estab_count |     53,508    5892.988    16878.66         63     511616
employment~1 |     53,508    90132.09    220756.8        753    4484785
employment~2 |     53,508    90628.34    221869.6        743    4528403
-------------+---------------------------------------------------------
employment~3 |     53,508    90998.42    222709.5        743    4526194
avg_week_w~e |     53,508    785.4781    185.7546        413       3240
above_avg_~e |     53,508    .0838192    .2771191          0          1
decile_avg~e |     53,508     6.78207    2.442635          1         10
       trend |     54,880        75.5     11.5435         56         95
-------------+---------------------------------------------------------
    trend_sq |     54,880      5833.5    1747.131       3136       9025
    trend_cu |     54,880      460550    201981.2     175616     857375
avg_quarte~t |     53,508    90586.28      221776        747    4513128




(note: file ../temp/baseline_medlistingprice_sfcc.dta not found)
file ../temp/baseline_medlistingprice_sfcc.dta saved
(162,458 observations deleted)
(116,091 observations deleted)
(1,450 observations deleted)
(data already sorted by countyfips)
  (0 bytes saved)
============================================================================
File: ../temp/medlistingpricepsqft_sfcc_nonmiss_countyfips.dta
Key: countyfips
============================================================================
  1527:1(31446):699690221:3979500170

    Variable |        Obs        Mean    Std. Dev.       Min        Max
-------------+---------------------------------------------------------
  countyfips |          0




(note: file ../temp/medlistingpricepsqft_sfcc_nonmiss_countyfips.dta not found)
file ../temp/medlistingpricepsqft_sfcc_nonmiss_countyfips.dta saved

    Result                           # of obs.
    -----------------------------------------
    not matched                             0
    matched                            61,080  
    -----------------------------------------
       panel variable:  countyfips (strongly balanced)
        time variable:  year_quarter, 2010q1 to 2019q4
                delta:  1 quarter
(data already sorted by countyfips year_quarter)
  variable countyfips was long now int
  (122,160 bytes saved)
============================================================================
File: ../temp/baseline_medlistingpricepsqft_sfcc.dta
Key: countyfips year_quarter
============================================================================
  61080:28(66596):2483645946:859302831

    Variable |        Obs        Mean    Std. Dev.       Min        Max
-------------+---------------------------------------------------------
  countyfips |     61,080         764    440.8104          1       1527
year_quarter |     61,080       219.5    11.54349        200        239
countyfips~r |          0
      county |          0
   statefips |          0
-------------+---------------------------------------------------------
    stateabb |          0
calendar_q~r |     61,080         7.5    3.354129          3         12
medre~e_sfcc |     10,724    1496.551    954.8492        500      45000
medre~t_sfcc |     10,883    1.105099    .8831959   .1163073   18.90778
medli~e_sfcc |     51,639    219445.4    125277.2   41791.24    2315833
-------------+---------------------------------------------------------
medli~t_sfcc |     60,228    124.9489    89.16766   17.67401   1759.438
    mw_event |     61,080    .0672724    .2504953          0          1
   actual_mw |     61,080    7.766366    .9690329       7.25      16.09
  dactual_mw |     61,080    .0285616    .1443922          0       5.81
sal_mw_event |     61,080    .0268009    .1615025          0          1
-------------+---------------------------------------------------------
 mw_event025 |     61,080    .0372626    .1894062          0          1
 mw_event075 |     61,080    .0155534    .1237405          0          1
 estab_count |     59,553    5336.475    16083.28         63     511616
employment~1 |     59,553    81337.04    210786.6        753    4484785
employment~2 |     59,553    81784.23    211850.7        743    4528403
-------------+---------------------------------------------------------
employment~3 |     59,553    82122.88    212651.8        743    4526194
avg_week_w~e |     59,553    774.2393    185.0259        413       3240
above_avg_~e |     59,553     .081205    .2731519          0          1
decile_avg~e |     59,553    6.521284    2.553068          1         10
       trend |     61,080        75.5    11.54349         56         95
-------------+---------------------------------------------------------
    trend_sq |     61,080      5833.5    1747.129       3136       9025
    trend_cu |     61,080      460550      201981     175616     857375
avg_quarte~t |     59,553    81748.05    211760.5        747    4513128




(note: file ../temp/baseline_medlistingpricepsqft_sfcc.dta not found)
file ../temp/baseline_medlistingpricepsqft_sfcc.dta saved
(label countyfips already defined)

    Result                           # of obs.
    -----------------------------------------
    not matched                             0
    matched                            54,880  
    -----------------------------------------
(data already sorted by countyfips year_quarter)
  (0 bytes saved)
============================================================================
File: ../../../drive/derived_large/output/baseline_listing_county_quarter.dta
Key: countyfips year_quarter
============================================================================
  54880:28(66596):324462836:3067911011

    Variable |        Obs        Mean    Std. Dev.       Min        Max
-------------+---------------------------------------------------------
  countyfips |     54,880       686.5    396.0658          1       1372
year_quarter |     54,880       219.5     11.5435        200        239
countyfips~r |          0
      county |          0
   statefips |          0
-------------+---------------------------------------------------------
    stateabb |          0
calendar_q~r |     54,880         7.5    3.354133          3         12
medre~e_sfcc |     10,773    1488.995    949.8931        500      45000
medre~t_sfcc |     10,707    1.094978    .8310544   .1163073   18.90778
medli~e_sfcc |     53,874    213908.6    111823.6   41791.24    1727956
-------------+---------------------------------------------------------
medli~t_sfcc |     48,641    127.9874    82.92887   39.39242   1759.438
    mw_event |     54,880    .0667274    .2495516          0          1
   actual_mw |     54,880    7.791695    .9860803       7.25      16.09
  dactual_mw |     54,880    .0289841    .1459298          0       5.81
sal_mw_event |     54,880    .0270408    .1622039          0          1
-------------+---------------------------------------------------------
 mw_event025 |     54,880    .0388484    .1932353          0          1
 mw_event075 |     54,880    .0154155    .1231994          0          1
 estab_count |     53,508    5892.988    16878.66         63     511616
employment~1 |     53,508    90132.09    220756.8        753    4484785
employment~2 |     53,508    90628.34    221869.6        743    4528403
-------------+---------------------------------------------------------
employment~3 |     53,508    90998.42    222709.5        743    4526194
avg_week_w~e |     53,508    785.4781    185.7546        413       3240
above_avg_~e |     53,508    .0838192    .2771191          0          1
decile_avg~e |     53,508     6.78207    2.442635          1         10
       trend |     54,880        75.5     11.5435         56         95
-------------+---------------------------------------------------------
    trend_sq |     54,880      5833.5    1747.131       3136       9025
    trend_cu |     54,880      460550    201981.2     175616     857375
avg_quarte~t |     53,508    90586.28      221776        747    4513128




file ../../../drive/derived_large/output/baseline_listing_county_quarter.dta sa
> ved

. 
end of do-file


Execute:  StataMP-64 /e do "./make_mw_qcewcontrol_ctyquarter.do"

  ___  ____  ____  ____  ____ (R)
 /__    /   ____/   /   ____/
___/   /   /___/   /   /___/   15.1   Copyright 1985-2017 StataCorp LLC
  Statistics/Data Analysis            StataCorp
                                      4905 Lakeway Drive
     MP - Parallel Edition            College Station, Texas 77845 USA
                                      800-STATA-PC        http://www.stata.com
                                      979-696-4600        stata@stata.com
                                      979-696-4601 (fax)

Single-user 32-core Stata perpetual license:
       Serial number:  501506205566
         Licensed to:  KU Leuven FEB (CES)
                       KU Leuven

Notes:
      1.  Stata is running in batch mode.
      2.  Unicode is supported; see help unicode_advice.
      3.  More than 2 billion observations are allowed; see help obs_advice.
      4.  Maximum number of variables is set to 5000; see help set_maxvar.

. do ./make_mw_qcewcontrol_ctyquarter.do 

. set more off

. clear all

. adopath + ../../../lib/stata/gslab_misc/ado
  [1]  (BASE)      "C:\Program Files\Stata15\ado\base/"
  [2]  (SITE)      "C:\Program Files\Stata15\ado\site/"
  [3]              "."
  [4]  (PERSONAL)  "c:\ado\personal/"
  [5]  (PLUS)      "c:\ado\plus/"
  [6]  (OLDPLACE)  "c:\ado/"
  [7]              "../../../lib/stata/gslab_misc/ado"

. 
. program main 
  1.         local instub_mw    "../../../drive/base_large/output"
  2.         local instub_wages "../../../base/qcew/output"
  3.         local instub_xwalk "../../../raw/crosswalk"
  4.         local outstub      "../output"
  5. 
.         prepare_aux_data, instub_xwalk(`instub_xwalk') instub_mw(`instub_mw')
  6. 
.         use `instub_mw'/zip_mw.dta, clear
  7.         clean_zip_mw
  8.         merge 1:1 zipcode year_month using ../temp/exp_mw.dta, nogen asser
> t(1 2 3)
  9. 
.         merge m:1 zipcode countyfips using ../temp/zip_cty_wgt.dta, nogen ass
> ert(1 2 3) keep(3)
 10.         gsort countyfips year_month
 11.         *collapse geography
.         gcollapse (mean) actual_mw dactual_mw treated_mw ln_mw exp_mw ln_expm
> w [aw = zhu], by(county year_month) 
 12. 
.         merge m:1 countyfips year_month using `instub_wages'/ind_emp_wage_cou
> ntymonth.dta, ///
>                 nogen assert(1 2 3) keep(3)
 13.         merge m:1 countyfips year_month using `instub_wages'/tot_emp_wage_
> countymonth.dta, ///
>                 nogen assert(1 2 3) keep(3)
 14. 
.         prepare_panel, sectors(bizserv fin info const eduhe leis manu natres 
> transp tot)
 15. 
.         * GB: when checking 7790 notmatched from master zippanel, 95 percents
>  are PO boxes and the remaning 5 looks like universities, 
.         *               very small rural areas. This means we probably can us
> e zcta/zip interchangeably
.         *used the below to check zipcode type 
.         *merge m:1 zipcode using ../temp/zip_zcta_xwalk.dta, nogen assert(1 2
>  3)
. 
.         save_data `outstub'/qcew_controls_countyquarter_panel.dta, key(county
> fips quarter) replace
 16. end 

. 
. 
. program prepare_aux_data        
  1.         syntax, instub_xwalk(str) instub_mw(str)
  2. 
.         import delim `instub_xwalk'/zcta_county_rel_10.txt, delim(",") clear
  3.         rename (zcta5 geoid) (zipcode countyfips)
  4.         keep if zhupct >=50
  5.         duplicates tag zipcode, g(dup)
  6.         bys zipcode: egen morepop = max(zpoppct) if dup==1
  7.         drop if dup==1 & zpoppct!=morepop
  8.         drop morepop dup
  9.         *keep housing units as weights
.         keep zipcode countyfips hupt zhu 
 10.         save ../temp/zip_cty_wgt.dta, replace 
 11. 
.         import excel `instub_xwalk'/zip_to_zcta_2019.xlsx, first clear
 12.         rename (ZIP_CODE ZCTA) (zipcode zcta)
 13.         drop if zcta=="No ZCTA"
 14.         destring zipcode zcta, replace 
 15.         keep zipcode zcta zip_join_type ZIP_TYPE
 16.         save ../temp/zip_zcta_xwalk.dta, replace
 17. 
.         use `instub_mw'/exp_mw.dta, clear 
 18.         g year_month = mofd(yearmonth)
 19.         format year_month %tm
 20.         drop yearmonth exp_mw_job_lowinc exp_mw_job_young
 21.         rename exp_mw_totjob exp_mw
 22.         g ln_expmw = log(exp_mw)
 23.         save ../temp/exp_mw.dta, replace
 24. end

. 
. 
. program clean_zip_mw 
  1.         destring countyfips, replace 
  2.         destring statefips, replace
  3. 
.         drop county_above local_above
  4. 
.         gen temp = mofd(year_month)
  5.         order temp, after(year_month)
  6.         drop year_month
  7.         rename temp year_month
  8.         format year_month %tm
  9. 
.         xtset zipcode year_month
 10.         gen ln_mw = log(actual_mw)
 11. 
.         keep zipcode countyfips year_month ///
>                  ln_mw actual_mw dactual_mw treated_mw
 12. end 

. 
. 
. program prepare_panel
  1.         syntax, sectors(str)
  2. 
.         local contlist ""
  3.         foreach s in `sectors' {
  4.                 unab this_s : *_`s'
  5. 
.                 g avgmwage_`s' = avgwwage_`s' * 4.35
  6.                 g ln_wwage_`s' = log(avgwwage_`s')
  7.                 g ln_mwage_`s' = log(avgmwage_`s')
  8.                 g ln_emp_`s'   = log(emp_`s')
  9.                 g ln_est_`s'   = log(estcount_`s')
 10. 
.                 local contlist `"`contlist' avgwwage_`s' avgmwage_`s' ln_wwag
> e_`s' ln_mwage_`s' emp_`s' ln_emp_`s' estcount_`s' ln_est_`s'"'
 11.         }
 12. 
.         keep year_month countyfips ///
>                 ln_mw actual_mw dactual_mw treated_mw exp_mw ln_expmw ///
>                 `contlist'
 13. 
.         g quarter = qofd(dofm(year_month))
 14.         order quarter, after(year_month)
 15.         format quarter %tq
 16. 
.         unab quartervar : estcount_* avgwwage_* avgmwage_* ln_wwage_* ln_mwag
> e_* ln_est_*
 17.         unab monthvar : emp_* ln_emp_*  
 18. 
.         preserve 
 19.                 xtset countyfips year_month
 20.                 foreach var in ln_mw ln_expmw `monthvar' {
 21.                         bys countyfips (year_month): g d_`var' = D.`var'
 22.                 }
 23.                 g statefips = string(countyfips, "%05.0f")
 24.                 replace statefips = substr(statefips, 1, 2)
 25.                 destring statefips, replace
 26.                 order statefips, after(countyfips)      
 27.                 
.                 save_data ../output/qcew_controls_countymonth.dta, key(county
> fips year_month) replace 
 28.         restore
 29. 
.         gcollapse (first) `quartervar' ///
>                   (last) actual_mw dactual_mw treated_mw ln_mw exp_mw ln_expm
> w `monthvar', by(countyfips quarter) 
 30. 
.         xtset countyfips quarter
 31. 
.         foreach var in ln_mw ln_expmw `monthvar' {
 32.                 bys countyfips (quarter): g d_`var' = (1/3)*D.`var'
 33.         }
 34.         foreach var in `quartervar' {
 35.                 bys countyfips (quarter): g avg_d_`var' = (1/3)*D.`var'
 36.         }
 37. 
.         g statefips = string(countyfips, "%05.0f")
 38.         replace statefips = substr(statefips, 1, 2)
 39.         destring statefips, replace
 40.         order statefips, after(countyfips)      
 41. end 

. 
. 
. main
(24 vars, 44,410 obs)
(11,709 observations deleted)

Duplicates in terms of zipcode
(32697 missing values generated)
(2 observations deleted)
(note: file ../temp/zip_cty_wgt.dta not found)
file ../temp/zip_cty_wgt.dta saved
(9 observations deleted)
zipcode: all characters numeric; replaced as long
zcta: all characters numeric; replaced as long
(note: file ../temp/zip_zcta_xwalk.dta not found)
file ../temp/zip_zcta_xwalk.dta saved
(note: file ../temp/exp_mw.dta not found)
file ../temp/exp_mw.dta saved
countyfips: all characters numeric; replaced as long
statefips: all characters numeric; replaced as byte
       panel variable:  zipcode (strongly balanced)
        time variable:  year_month, 2010m1 to 2019m12
                delta:  1 month

    Result                           # of obs.
    -----------------------------------------
    not matched                       318,120
        from master                   254,760  
        from using                     63,360  

    matched                         4,587,720  
    -----------------------------------------

    Result                           # of obs.
    -----------------------------------------
    not matched                             0
    matched                         3,907,680  
    -----------------------------------------

    Result                           # of obs.
    -----------------------------------------
    not matched                             0
    matched                           366,459  
    -----------------------------------------

    Result                           # of obs.
    -----------------------------------------
    not matched                             0
    matched                           366,459  
    -----------------------------------------
(1,002 missing values generated)
(22,602 missing values generated)
(22,602 missing values generated)
(22,603 missing values generated)
(1,002 missing values generated)
(1,176 missing values generated)
(18,234 missing values generated)
(18,234 missing values generated)
(18,234 missing values generated)
(1,176 missing values generated)
(12,519 missing values generated)
(84,870 missing values generated)
(84,870 missing values generated)
(84,870 missing values generated)
(12,519 missing values generated)
(1,311 missing values generated)
(40,263 missing values generated)
(40,263 missing values generated)
(40,264 missing values generated)
(1,311 missing values generated)
(1,857 missing values generated)
(15,099 missing values generated)
(15,099 missing values generated)
(15,099 missing values generated)
(1,857 missing values generated)
(1,050 missing values generated)
(9,588 missing values generated)
(9,588 missing values generated)
(9,588 missing values generated)
(1,050 missing values generated)
(7,017 missing values generated)
(43,764 missing values generated)
(43,764 missing values generated)
(43,764 missing values generated)
(7,017 missing values generated)
(2,604 missing values generated)
(34,815 missing values generated)
(34,815 missing values generated)
(34,817 missing values generated)
(2,604 missing values generated)
(72 missing values generated)
(1,029 missing values generated)
(1,029 missing values generated)
(1,029 missing values generated)
(72 missing values generated)
(36 missing values generated)
(36 missing values generated)
(36 missing values generated)
       panel variable:  countyfips (unbalanced)
        time variable:  year_month, 2010m1 to 2019m9
                delta:  1 month
(3,133 missing values generated)
(3,133 missing values generated)
(4,149 missing values generated)
(4,451 missing values generated)
(4,994 missing values generated)
(4,318 missing values generated)
(15,653 missing values generated)
(4,191 missing values generated)
(10,156 missing values generated)
(5,755 missing values generated)
(3,208 missing values generated)
(3,133 missing values generated)
(26,898 missing values generated)
(22,146 missing values generated)
(89,108 missing values generated)
(44,977 missing values generated)
(18,762 missing values generated)
(13,244 missing values generated)
(47,563 missing values generated)
(39,332 missing values generated)
(4,202 missing values generated)
(3,179 missing values generated)
(366,459 real changes made)
statefips: all characters numeric; replaced as byte
(data already sorted by countyfips year_month)
  variable year_month was float now int
  variable quarter was float now int
  variable d_emp_bizserv was float now int
  variable d_emp_const was float now int
  variable d_emp_fin was float now int
  variable d_emp_leis was float now int
  variable d_emp_manu was float now int
  variable d_emp_natres was float now int
  variable d_emp_transp was float now int
  (6,596,262 bytes saved)
============================================================================
File: ../output/qcew_controls_countymonth.dta
Key: countyfips year_month
============================================================================
  366459:112(67789):3926088216:2130653693

    Variable |        Obs        Mean    Std. Dev.       Min        Max
-------------+---------------------------------------------------------
  countyfips |    366,459    30335.97    15138.46       1001      56045
  year_month |    366,459    657.9908    33.77312        600        716
   statefips |    366,459    30.23378    15.12225          1         56
     quarter |    366,459    218.9969    11.25442        200        238
   actual_mw |    366,459    7.666027    .8047888       7.25      15.59
-------------+---------------------------------------------------------
  dactual_mw |    363,326     .007693     .072579      -2.85       1.95
  treated_mw |    366,459     .019075    .1367075          0          1
       ln_mw |    366,459    2.032022    .0943101   1.981001    2.74663
      exp_mw |    366,459    7.649672    .8038058   5.831239   14.77125
    ln_expmw |    366,459    2.029847    .0945671   1.758456   2.692637
-------------+---------------------------------------------------------
estcount_b~v |    365,457    480.3436     1871.11          1      56758
avgwwage_b~v |    365,457    762.1672    394.3848          0      26956
 emp_bizserv |    365,457    5751.362    26313.03          0     640795
estcount_c~t |    365,148    237.3144    647.6557          1      17066
avgwwage_c~t |    365,148    748.5371     351.585          0       8024
-------------+---------------------------------------------------------
   emp_const |    365,148    1935.025    6620.906          0     173791
estcount_e~e |    364,602    434.2079    3608.025          1     245237
avgwwage_e~e |    364,602    646.3505    221.6497          0       2749
   emp_eduhe |    364,602    6607.751    24333.21          0     832830
estcount_fin |    365,283    259.5831    958.6936          1      30405
-------------+---------------------------------------------------------
avgwwage_fin |    365,283    823.8624    369.4562          0      12775
     emp_fin |    365,283    2416.603    11741.22          0     397839
estcount_i~o |    353,940    44.06968    237.7817          1      13271
avgwwage_i~o |    353,940    684.3354    499.4056          0      16227
    emp_info |    353,940    864.6813    5796.582          0     238776
-------------+---------------------------------------------------------
estcount_l~s |    365,409    253.4744    901.0963          1      39458
avgwwage_l~s |    365,409    274.6573    100.8357          0       2473
    emp_leis |    365,409    4699.511     17512.6          0     551950
estcount_m~u |    359,442    106.8815    366.9414          1      13469
avgwwage_m~u |    359,442     822.336    405.7986          0       7592
-------------+---------------------------------------------------------
    emp_manu |    359,442    3908.514    12112.07          0     376653
estcount_n~s |    363,855    42.28037    86.47756          1       1859
avgwwage_n~s |    363,855    745.1992    438.4644          0      23770
  emp_natres |    363,855     604.036    2806.969          0      97846
estcount_t~p |    366,387    558.2627    1826.689          1      59615
-------------+---------------------------------------------------------
avgwwage_t~p |    366,387    650.7988    183.2475          0      11257
  emp_transp |    366,387    8125.147     28209.8          0     872187
estcount_tot |    366,459    2840.675     11501.3          8     511616
avgwwage_tot |    366,459    729.0063    178.7446          0       4317
     emp_tot |    366,459    43009.88      152806          0    4528403
-------------+---------------------------------------------------------
avgmwage_b~v |    365,457    3315.427    1715.574          0   117258.6
ln_wwage_b~v |    343,857    6.628799    .3576629   4.248495   10.20196
ln_mwage_b~v |    343,857    8.098974    .3576629   5.718671   11.67214
ln_emp_biz~v |    343,856    6.354424    2.060695          0   13.37047
ln_est_biz~v |    365,457    4.335811    1.754034          0   10.94655
-------------+---------------------------------------------------------
avgmwage_fin |    365,283    3583.802    1607.134          0   55571.25
ln_wwage_fin |    348,225    6.713117    .2955094   5.099866   9.455245
ln_mwage_fin |    348,225    8.183293    .2955094   6.570042   10.92542
  ln_emp_fin |    348,225    5.878416    1.715063   .6931472    12.8938
  ln_est_fin |    365,283    4.042056    1.592302          0   10.32236
-------------+---------------------------------------------------------
avgmwage_i~o |    353,940    2976.859    2172.414          0   70587.45
ln_wwage_i~o |    281,589    6.678755    .3856592   4.219508   9.694432
ln_mwage_i~o |    281,589    8.148931    .3856592   5.689683   11.16461
 ln_emp_info |    281,589    4.920094    1.734345          0   12.38328
 ln_est_info |    353,940    2.306967    1.418331          0   9.493337
-------------+---------------------------------------------------------
avgmwage_c~t |    365,148    3256.136    1529.395          0    34904.4
ln_wwage_c~t |    326,196    6.689632    .2862263   4.736198   8.990192
ln_mwage_c~t |    326,196    8.159808    .2862263   6.206374   10.46037
ln_emp_const |    326,195    6.147072    1.673915          0   12.06561
ln_est_const |    365,148    4.202246    1.534356          0   9.744843
-------------+---------------------------------------------------------
avgmwage_e~e |    364,602    2811.625    964.1763          0   11958.15
ln_wwage_e~e |    351,360    6.468641    .2883021   3.663562   7.918993
ln_mwage_e~e |    351,360    7.938817    .2883022   5.133738   9.389169
ln_emp_eduhe |    351,360    7.095079     1.78608   .6931472   13.63258
ln_est_eduhe |    364,602    4.293074    1.687951          0   12.40998
-------------+---------------------------------------------------------
avgmwage_l~s |    365,409    1194.759    438.6352          0   10757.55
ln_wwage_l~s |    356,871    5.595716    .2863324   3.912023   7.813187
ln_mwage_l~s |    356,871    7.065892    .2863324   5.382199   9.283363
 ln_emp_leis |    356,871     6.75312    1.819085   .6931472   13.22121
 ln_est_leis |    365,409    4.166335    1.543124          0   10.58299
-------------+---------------------------------------------------------
avgmwage_m~u |    359,442    3577.162    1765.224          0    33025.2
ln_wwage_m~u |    322,695    6.769582    .3144923   4.624973   8.934851
ln_mwage_m~u |    322,695    8.239758    .3144924   6.095149   10.40503
 ln_emp_manu |    322,695     7.02307    1.753869   .6931472   12.83908
 ln_est_manu |    359,442    3.397686    1.518309          0   9.508146
-------------+---------------------------------------------------------
avgmwage_n~s |    363,855    3241.617     1907.32          0   103399.5
ln_wwage_n~s |    331,644    6.628193    .3750268   4.532599   10.07618
ln_mwage_n~s |    331,644    8.098369    .3750268   6.002775   11.54636
ln_emp_nat~s |    331,642    5.357423    1.303962   .6931472   11.49115
ln_est_nat~s |    363,855    3.097245    1.083374          0   7.527794
-------------+---------------------------------------------------------
avgmwage_t~p |    366,387    2830.975    797.1267          0   48967.95
ln_wwage_t~p |    365,430    6.449795    .2425354   4.983607   9.328746
ln_mwage_t~p |    365,430    7.919971    .2425354   6.453783   10.79892
ln_emp_tra~p |    365,430    7.449441    1.679854   .6931472   13.67876
ln_est_tra~p |    366,387     5.09202    1.423968          0   10.99566
-------------+---------------------------------------------------------
avgmwage_tot |    366,459    3171.178     777.539          0   18778.95
ln_wwage_tot |    366,423    6.566796    .2163328   5.765191   8.370316
ln_mwage_tot |    366,423    8.036972    .2163328   7.235367   9.840492
  ln_emp_tot |    366,423    9.141096    1.620901   3.332205   15.32588
  ln_est_tot |    366,459    6.621409    1.427382   2.079442   13.14533
-------------+---------------------------------------------------------
     d_ln_mw |    363,326    .0008835    .0082624   -.331534    .216913
  d_ln_expmw |    363,326    .0009101    .0079673  -.2565122   .2169056
d_emp_bizs~v |    362,310    12.67442    342.2084     -30138      14905
 d_emp_const |    362,008    6.692943    199.7658     -15465      15698
 d_emp_eduhe |    361,465     12.8263     346.522     -13457     141815
-------------+---------------------------------------------------------
   d_emp_fin |    362,141    2.201745     110.817      -9296      10144
  d_emp_info |    350,806    .2071173    240.1281     -32619      40481
  d_emp_leis |    362,268    11.96333    367.5685     -16238      10463
  d_emp_manu |    356,303    3.920323     177.913     -22355      22127
d_emp_natres |    360,704    1.267513    315.0266     -21690      20151
-------------+---------------------------------------------------------
d_emp_transp |    363,251    8.748094    443.2689     -30216      23057
   d_emp_tot |    363,326    61.39562    1739.461    -246222      71252
d_ln_emp_b~v |    339,561    .0020171    .0867335  -2.268683   3.367296
d_ln_emp_fin |    344,313   -.0001339    .0452087  -2.249424   1.998472
d_ln_emp_i~o |    277,351   -.0018382    .0745357  -2.153053   2.397895
-------------+---------------------------------------------------------
d_ln_emp_c~t |    321,482    .0032454    .0989781  -2.665491   2.484907
d_ln_emp_e~e |    347,697    .0008619    .0429901  -1.810628   2.206441
d_ln_emp_l~s |    353,215    .0022561    .0893354  -2.273095   2.224624
d_ln_emp_m~u |    318,896    .0013182    .0619114  -2.197224   3.088198
d_ln_emp_n~s |    327,127    .0025177    .1337996  -2.370609   2.555133
-------------+---------------------------------------------------------
d_ln_emp_t~p |    362,257    .0006264    .0378793  -1.518222   1.121131
d_ln_emp_tot |    363,280    .0008641    .0354747  -1.141574   1.105046




(note: file ../output/qcew_controls_countymonth.dta not found)
file ../output/qcew_controls_countymonth.dta saved
       panel variable:  countyfips (unbalanced)
        time variable:  quarter, 2010q1 to 2019q3
                delta:  1 quarter
(3,133 missing values generated)
(3,133 missing values generated)
(3,481 missing values generated)
(3,577 missing values generated)
(3,756 missing values generated)
(3,534 missing values generated)
(7,307 missing values generated)
(3,491 missing values generated)
(5,478 missing values generated)
(4,019 missing values generated)
(3,160 missing values generated)
(3,133 missing values generated)
(11,829 missing values generated)
(9,990 missing values generated)
(32,528 missing values generated)
(18,133 missing values generated)
(8,696 missing values generated)
(6,852 missing values generated)
(18,387 missing values generated)
(16,119 missing values generated)
(3,516 missing values generated)
(3,155 missing values generated)
(3,481 missing values generated)
(3,577 missing values generated)
(3,756 missing values generated)
(3,534 missing values generated)
(7,307 missing values generated)
(3,491 missing values generated)
(5,478 missing values generated)
(4,019 missing values generated)
(3,160 missing values generated)
(3,133 missing values generated)
(3,481 missing values generated)
(3,577 missing values generated)
(3,756 missing values generated)
(3,534 missing values generated)
(7,307 missing values generated)
(3,491 missing values generated)
(5,478 missing values generated)
(4,019 missing values generated)
(3,160 missing values generated)
(3,133 missing values generated)
(3,481 missing values generated)
(3,534 missing values generated)
(7,307 missing values generated)
(3,577 missing values generated)
(3,756 missing values generated)
(3,491 missing values generated)
(5,478 missing values generated)
(4,019 missing values generated)
(3,160 missing values generated)
(3,133 missing values generated)
(11,829 missing values generated)
(9,990 missing values generated)
(32,528 missing values generated)
(18,133 missing values generated)
(8,696 missing values generated)
(6,852 missing values generated)
(18,387 missing values generated)
(16,119 missing values generated)
(3,516 missing values generated)
(3,155 missing values generated)
(11,829 missing values generated)
(9,990 missing values generated)
(32,528 missing values generated)
(18,133 missing values generated)
(8,696 missing values generated)
(6,852 missing values generated)
(18,387 missing values generated)
(16,119 missing values generated)
(3,516 missing values generated)
(3,155 missing values generated)
(3,481 missing values generated)
(3,534 missing values generated)
(7,307 missing values generated)
(3,577 missing values generated)
(3,756 missing values generated)
(3,491 missing values generated)
(5,478 missing values generated)
(4,019 missing values generated)
(3,160 missing values generated)
(3,133 missing values generated)
(122,153 real changes made)
statefips: all characters numeric; replaced as byte
(data already sorted by countyfips quarter)
  variable quarter was float now int
  (244,306 bytes saved)
============================================================================
File: ../output/qcew_controls_countyquarter_panel.dta
Key: countyfips quarter
============================================================================
  122153:171(91283):68290223:3468197894

    Variable |        Obs        Mean    Std. Dev.       Min        Max
-------------+---------------------------------------------------------
  countyfips |    122,153    30335.97     15138.5       1001      56045
     quarter |    122,153    218.9969    11.25445        200        238
   statefips |    122,153    30.23378    15.12229          1         56
estcount_b~v |    121,819    480.3436    1871.115          1      56758
estcount_c~t |    121,716    237.3144    647.6574          1      17066
-------------+---------------------------------------------------------
estcount_e~e |    121,534    434.2079    3608.035          1     245237
estcount_fin |    121,761    259.5831    958.6962          1      30405
estcount_i~o |    117,980    44.06968    237.7824          1      13271
estcount_l~s |    121,803    253.4744    901.0988          1      39458
estcount_m~u |    119,814    106.8815    366.9424          1      13469
-------------+---------------------------------------------------------
estcount_n~s |    121,285    42.28037     86.4778          1       1859
estcount_t~p |    122,129    558.2627    1826.694          1      59615
estcount_tot |    122,153    2840.675    11501.34          8     511616
avgwwage_b~v |    121,819    762.1672    394.3859          0      26956
avgwwage_c~t |    121,716    748.5371    351.5859          0       8024
-------------+---------------------------------------------------------
avgwwage_e~e |    121,534    646.3505    221.6503          0       2749
avgwwage_fin |    121,761    823.8624    369.4572          0      12775
avgwwage_i~o |    117,980    684.3354     499.407          0      16227
avgwwage_l~s |    121,803    274.6573     100.836          0       2473
avgwwage_m~u |    119,814     822.336    405.7997          0       7592
-------------+---------------------------------------------------------
avgwwage_n~s |    121,285    745.1992    438.4656          0      23770
avgwwage_t~p |    122,129    650.7988     183.248          0      11257
avgwwage_tot |    122,153    729.0063    178.7451          0       4317
avgmwage_b~v |    121,819    3315.427    1715.579          0   117258.6
avgmwage_fin |    121,761    3583.802    1607.139          0   55571.25
-------------+---------------------------------------------------------
avgmwage_i~o |    117,980    2976.859     2172.42          0   70587.45
avgmwage_c~t |    121,716    3256.136    1529.399          0    34904.4
avgmwage_e~e |    121,534    2811.625    964.1789          0   11958.15
avgmwage_l~s |    121,803    1194.759    438.6364          0   10757.55
avgmwage_m~u |    119,814    3577.162    1765.229          0    33025.2
-------------+---------------------------------------------------------
avgmwage_n~s |    121,285    3241.617    1907.326          0   103399.5
avgmwage_t~p |    122,129    2830.975    797.1289          0   48967.95
avgmwage_tot |    122,153    3171.178    777.5411          0   18778.95
ln_wwage_b~v |    114,619    6.628799    .3576639   4.248495   10.20196
ln_wwage_fin |    116,075    6.713117    .2955102   5.099866   9.455245
-------------+---------------------------------------------------------
ln_wwage_i~o |     93,863    6.678755    .3856606   4.219508   9.694432
ln_wwage_c~t |    108,732    6.689632    .2862272   4.736198   8.990192
ln_wwage_e~e |    117,120    6.468641     .288303   3.663562   7.918993
ln_wwage_l~s |    118,957    5.595716    .2863332   3.912023   7.813187
ln_wwage_m~u |    107,565    6.769582    .3144933   4.624973   8.934851
-------------+---------------------------------------------------------
ln_wwage_n~s |    110,548    6.628193    .3750279   4.532599   10.07618
ln_wwage_t~p |    121,810    6.449795    .2425361   4.983607   9.328746
ln_wwage_tot |    122,141    6.566796    .2163333   5.765191   8.370316
ln_mwage_b~v |    114,619    8.098974    .3576639   5.718671   11.67214
ln_mwage_fin |    116,075    8.183293    .2955103   6.570042   10.92542
-------------+---------------------------------------------------------
ln_mwage_i~o |     93,863    8.148931    .3856606   5.689683   11.16461
ln_mwage_c~t |    108,732    8.159808    .2862272   6.206374   10.46037
ln_mwage_e~e |    117,120    7.938817     .288303   5.133738   9.389169
ln_mwage_l~s |    118,957    7.065892    .2863332   5.382199   9.283363
ln_mwage_m~u |    107,565    8.239758    .3144933   6.095149   10.40503
-------------+---------------------------------------------------------
ln_mwage_n~s |    110,548    8.098369    .3750279   6.002775   11.54636
ln_mwage_t~p |    121,810    7.919971    .2425361   6.453783   10.79892
ln_mwage_tot |    122,141    8.036972    .2163334   7.235367   9.840492
ln_est_biz~v |    121,819    4.335811    1.754039          0   10.94655
  ln_est_fin |    121,761    4.042056    1.592306          0   10.32236
-------------+---------------------------------------------------------
 ln_est_info |    117,980    2.306967    1.418335          0   9.493337
ln_est_const |    121,716    4.202246    1.534361          0   9.744843
ln_est_eduhe |    121,534    4.293074    1.687955          0   12.40998
 ln_est_leis |    121,803    4.166335    1.543128          0   10.58299
 ln_est_manu |    119,814    3.397686    1.518313          0   9.508146
-------------+---------------------------------------------------------
ln_est_nat~s |    121,285    3.097245    1.083377          0   7.527794
ln_est_tra~p |    122,129     5.09202    1.423972          0   10.99566
  ln_est_tot |    122,153    6.621409    1.427386   2.079442   13.14533
   actual_mw |    122,153    7.668379    .8079206       7.25      15.59
  dactual_mw |    122,153    .0026422    .0428315      -2.85   1.036105
-------------+---------------------------------------------------------
  treated_mw |    122,153    .0050658    .0709288          0          1
       ln_mw |    122,153    2.032295    .0946414   1.981001    2.74663
      exp_mw |    122,153    7.652054    .8068017   5.831239   14.77125
    ln_expmw |    122,153    2.030125    .0948866   1.758456   2.692637
 emp_bizserv |    121,819    5767.733    26400.11          0     638851
-------------+---------------------------------------------------------
   emp_const |    121,716    1943.288    6647.119          0     173791
   emp_eduhe |    121,534    6623.687    24402.12          0     832830
     emp_fin |    121,761    2419.883    11760.23          0     392278
    emp_info |    117,980    865.3113    5805.527          0     229261
    emp_leis |    121,803    4720.679     17592.8          0     551950
-------------+---------------------------------------------------------
    emp_manu |    119,814    3916.546    12129.32          0     376653
  emp_natres |    121,285    604.4326    2799.002          0      97846
  emp_transp |    122,129    8159.728    28335.92          0     872187
     emp_tot |    122,153    43208.49    153449.9          0    4526194
ln_emp_biz~v |    114,619    6.356595     2.06038   1.098612   13.36743
-------------+---------------------------------------------------------
  ln_emp_fin |    116,075    5.879793    1.714888   1.098612   12.87973
 ln_emp_info |     93,863    4.920023    1.733729   1.098612   12.34262
ln_emp_const |    108,732    6.153061    1.671444   1.098612   12.06561
ln_emp_eduhe |    117,120    7.096194    1.786725   1.098612   13.63258
 ln_emp_leis |    118,957    6.757848    1.818805   1.098612   13.22121
-------------+---------------------------------------------------------
 ln_emp_manu |    107,565    7.025458    1.753176   1.098612   12.83908
ln_emp_nat~s |    110,548    5.360836    1.301007   1.098612   11.49115
ln_emp_tra~p |    121,810    7.452401     1.68027   1.098612   13.67876
  ln_emp_tot |    122,141    9.147085    1.619616   3.332205   15.32539
     d_ln_mw |    119,020     .000899    .0047486  -.0775841   .0723043
-------------+---------------------------------------------------------
  d_ln_expmw |    119,020    .0009261    .0045723  -.0593835   .0723019
d_emp_bizs~v |    118,672    12.36126    193.8045      -9223   5882.333
 d_emp_const |    118,576    6.704426    125.8725      -5155   5246.333
 d_emp_eduhe |    118,397    12.50183    194.9422  -3959.333   49969.67
   d_emp_fin |    118,619    2.219897    60.65451  -2894.667       3034
-------------+---------------------------------------------------------
  d_emp_info |    114,846    .2209335    88.42495     -10150   5637.667
  d_emp_leis |    118,662    11.26733    248.6009  -3758.667       8665
  d_emp_manu |    116,675    3.950624    102.1325  -7451.667   7451.667
d_emp_natres |    118,134    1.197688    232.4776  -11776.67   11036.67
d_emp_transp |    118,993    9.175503     330.139  -12989.67   12285.67
-------------+---------------------------------------------------------
   d_emp_tot |    119,020    59.38508    911.2925     -73656   35598.33
d_ln_emp_b~v |    110,324    .0015459    .0456016  -.7164051   .8167191
d_ln_emp_fin |    112,163   -.0001845    .0241186  -.8016214   .6569965
d_ln_emp_i~o |     89,625    -.001996    .0371735  -.7176844   .7324082
d_ln_emp_c~t |    104,020    .0027578    .0576421  -.7067544    .818727
-------------+---------------------------------------------------------
d_ln_emp_e~e |    113,457    .0007657    .0216866  -.5706974   .7198281
d_ln_emp_l~s |    115,301     .001911    .0562865  -1.024654    .970966
d_ln_emp_m~u |    103,766    .0010934    .0336779  -.8196437   1.638927
d_ln_emp_n~s |    106,034    .0019976    .0715066  -.8101395   .9162908
d_ln_emp_t~p |    118,637    .0006118    .0226785  -.5206324   .5648652
-------------+---------------------------------------------------------
d_ln_emp_tot |    118,998    .0007604    .0201342  -.4590084   .6032984
avg_d_estc~v |    118,672    .7986916    12.06749  -1386.333        638
avg_d_est~st |    118,576    .0943867    4.831818  -594.3333   225.6667
avg_d_estc~e |    118,397    2.458004    155.3715  -1406.333   49769.67
avg_d_estc~n |    118,619     .233858    4.975594  -481.3333   405.6667
-------------+---------------------------------------------------------
avg_d_estc~o |    114,846    .0676558    2.374904       -207   285.6667
avg_d_est~is |    118,662    .4068727    5.149195  -355.3333   486.3333
avg_d_estc~u |    116,675     .003774     1.77932  -271.3333   107.6667
avg_d_est~es |    118,134    .0391871    .6577536        -38   21.33333
avg_d_estc~p |    118,993    .1615305    8.502431       -775   612.6667
-------------+---------------------------------------------------------
avg_d_est~ot |    119,020    3.224562    102.9801     -16778   17422.67
avg_d_avgw~v |    118,672    1.907159    91.99374  -8820.333   8817.333
avg_d_avgw.. |    118,576    2.416074    72.23775      -2388   2674.667
avg_d_avgw~e |    118,397    1.588996    30.40675  -690.6667   657.6667
avg_d_avgw~n |    118,619    1.631003    75.16503  -2676.667   4076.667
-------------+---------------------------------------------------------
avg_d_avgw~o |    114,846    1.401462    82.61316  -3472.667   4925.667
avg_d_avgw.. |    118,662     .778334    16.29213  -672.6667   677.6667
avg_d_avgw~u |    116,675    1.551049    61.19189      -1920   1924.667
avg_d_avgw.. |    118,134    1.740509     93.6926      -7617   7549.333
avg_d_avgw~p |    118,993     1.48339    33.61086  -3280.667   3253.667
-------------+---------------------------------------------------------
avg_d_avgw.. |    119,020    1.578628     21.0719  -985.6667       1039
avg_d_avgm~v |    118,672     8.29614    400.1728  -38368.45    38355.4
avg_d_avgm~n |    118,619    7.094865    326.9679   -11643.5    17733.5
avg_d_avgm~o |    114,846    6.096361    359.3672   -15106.1   21426.65
avg_d_avgm.. |    118,576    10.50992    314.2342   -10387.8    11634.8
-------------+---------------------------------------------------------
avg_d_avgm~e |    118,397    6.912132    132.2694    -3004.4    2860.85
avg_d_avgm.. |    118,662    3.385753    70.87075    -2926.1    2947.85
avg_d_avgm~u |    116,675    6.747064    266.1847      -8352     8372.3
avg_d_avgm.. |    118,134    7.571216    407.5628  -33133.95    32839.6
avg_d_avgm~p |    118,993    6.452745    146.2072   -14270.9   14153.45
-------------+---------------------------------------------------------
avg_d_avgm.. |    119,020    6.867033    91.66277   -4287.65    4519.65
avg_d_ln_w~v |    110,324    .0026728     .059487  -1.332468   1.326462
avg_d_ln_w~n |    112,163    .0022557    .0531979  -.7412246   1.051486
avg_d_ln_w~o |     89,625    .0021536    .0505719  -.8890761   .8136044
avg_d_ln_w.. |    104,020    .0034986    .0537534   -.752011   .8431811
-------------+---------------------------------------------------------
avg_d_ln_w~e |    113,457     .002488    .0323084  -.7046968    .416048
avg_d_ln_w.. |    115,301    .0028532    .0336263  -.5718083   .5754707
avg_d_ln_w~u |    103,766    .0022276    .0435346  -.7106881   .7167646
avg_d_ln_w.. |    106,034    .0026861    .0646715  -1.084298    1.01777
avg_d_ln_w~p |    118,637    .0024079    .0336347  -.8563647   .7340713
-------------+---------------------------------------------------------
a~_wwage_tot |    118,998    .0022559    .0248111  -.3850252   .4267462
avg_d_ln_m~v |    110,324    .0026728     .059487  -1.332468   1.326462
avg_d_ln_m~n |    112,163    .0022557    .0531979  -.7412246   1.051487
avg_d_ln_m~o |     89,625    .0021536    .0505719  -.8890761   .8136044
avg_d_ln_m.. |    104,020    .0034986    .0537534  -.7520111   .8431811
-------------+---------------------------------------------------------
avg_d_ln_m~e |    113,457     .002488    .0323084  -.7046968    .416048
avg_d_ln_m.. |    115,301    .0028532    .0336263  -.5718083   .5754709
avg_d_ln_m~u |    103,766    .0022276    .0435346  -.7106879   .7167647
avg_d_ln_m.. |    106,034    .0026861    .0646715  -1.084298    1.01777
avg_d_ln_m~p |    118,637    .0024079    .0336347  -.8563647   .7340714
-------------+---------------------------------------------------------
a~_mwage_tot |    118,998    .0022559    .0248111  -.3850254   .4267464
avg_d_ln_e~v |    118,672    .0010551    .0185917  -.5878629    .488779
avg_d_ln_e~n |    118,619    .0000163    .0161947  -.8549831   .8157222
avg_d_ln_e~o |    114,846   -.0006422      .03075  -.7324082   .5364793
avg~st_const |    118,576   -.0004383     .019496  -.4620981   .4620981
-------------+---------------------------------------------------------
avg_d_ln_e~e |    118,397    .0025344    .0279059  -.5555322   .9518185
avg_~st_leis |    118,662    .0005546    .0173846  -.3662041   .5013592
avg_d_ln_e~u |    116,675   -.0002638    .0212259  -.3662041   .4620981
av~st_natres |    118,134    .0013695    .0223553  -.3662041   .3900237
avg_d_ln_e~p |    118,993   -.0000892     .009683  -.3662041   .2458663
-------------+---------------------------------------------------------
avg_d~st_tot |    119,020    .0004107    .0061437   -.286157   .3387914




(note: file ../output/qcew_controls_countyquarter_panel.dta not found)
file ../output/qcew_controls_countyquarter_panel.dta saved

. 
end of do-file

 make.py ended: 2020-12-13 07:55:58
