
 make.py started: 2020-06-06 11:37:05 C:\Users\shermo\Documents\GitHub\min_wage_rent\derived\county_quarter\code 




Execute:  StataMP-64 /e do "./preclean_qcew.do"

  ___  ____  ____  ____  ____ (R)
 /__    /   ____/   /   ____/
___/   /   /___/   /   /___/   15.1   Copyright 1985-2017 StataCorp LLC
  Statistics/Data Analysis            StataCorp
                                      4905 Lakeway Drive
     MP - Parallel Edition            College Station, Texas 77845 USA
                                      800-STATA-PC        http://www.stata.com
                                      979-696-4600        stata@stata.com
                                      979-696-4601 (fax)

Single-user 32-core Stata perpetual license:
       Serial number:  501506205566
         Licensed to:  KU Leuven FEB (CES)
                       KU Leuven

Notes:
      1.  Stata is running in batch mode.
      2.  Unicode is supported; see help unicode_advice.
      3.  More than 2 billion observations are allowed; see help obs_advice.
      4.  Maximum number of variables is set to 5000; see help set_maxvar.

. do ./preclean_qcew.do 

. set more off

. clear all

. adopath + ../../../lib/stata/gslab_misc/ado
  [1]  (BASE)      "C:\Program Files\Stata15\ado\base/"
  [2]  (SITE)      "C:\Program Files\Stata15\ado\site/"
  [3]              "."
  [4]  (PERSONAL)  "c:\ado\personal/"
  [5]  (PLUS)      "c:\ado\plus/"
  [6]  (OLDPLACE)  "c:\ado/"
  [7]              "../../../lib/stata/gslab_misc/ado"

. adopath + ../../../lib/stata/mental_coupons/ado
  [1]  (BASE)      "C:\Program Files\Stata15\ado\base/"
  [2]  (SITE)      "C:\Program Files\Stata15\ado\site/"
  [3]              "."
  [4]  (PERSONAL)  "c:\ado\personal/"
  [5]  (PLUS)      "c:\ado\plus/"
  [6]  (OLDPLACE)  "c:\ado/"
  [7]              "../../../lib/stata/gslab_misc/ado"
  [8]              "../../../lib/stata/mental_coupons/ado"

. 
. program main
  1.         local instub "../../../base/qcew/output"
  2.         local outstub "../temp"
  3. 
.         use "`instub'/industry_county_qtr_emp_wage.dta", clear
  4.         
.         keep if ownership == "Total Covered"
  5.         drop ownership naics industry
  6.         
.         gen_wage_ranking, base_period(2010q1)
  7.         
.         merge m:1 countyfips using "../temp/wage_rankings_2010q1.dta",  ///
>                 nogen assert(1 3) keep(3)                                    
>                                    ///
>                 keepusing(decile_avg_week_wage above_avg_us_weekly_wage)
  8.         
.         save_data "`outstub'/county_quarter_emp_wage.dta",                   
>            ///
>                 key(year_quarter countyfips) replace log(none)
  9. end

. 
. program gen_wage_ranking
  1.         syntax, base_period(str)
  2. 
.         preserve
  3.                 keep if year_quarter == `=tq(`base_period')'
  4.                 
.                 gen avg_employment_quarter = (employment_month1 + employment_
> month2 + employment_month3)/3
  5.                 egen us_total_employment_quarter = sum(avg_employment_quar
> ter) 
  6.                 egen us_avg_week_wage_num = sum(avg_employment_quarter*avg
> _week_wage)
  7.                 gen us_avg_week_wage = us_avg_week_wage_num/us_total_emplo
> yment_quarter
  8.                 
.                 gen above_avg_us_weekly_wage = (avg_week_wage > us_avg_week_w
> age)
  9. 
.                 egen decile_avg_week_wage = xtile(avg_week_wage), n(10)
 10.                 
.                 save_data "../temp/wage_rankings_2010q1.dta", key(countyfips)
>  replace log(none)
 11.         restore
 12. end

. 
. main
(2,229,729 observations deleted)
(133,975 observations deleted)
(data now sorted by countyfips)
  variable avg_week_wage was long now int
  variable above_avg_us_weekly_wage was float now byte
  variable decile_avg_week_wage was float now byte
  (25,520 bytes saved)
============================================================================
File: ../temp/wage_rankings_2010q1.dta
Key: countyfips
============================================================================
  3190:15(105544):3615584796:523136339

    Variable |        Obs        Mean    Std. Dev.       Min        Max
-------------+---------------------------------------------------------
  countyfips |          0
year_quarter |      3,190         200           0        200        200
      county |          0
   statefips |          0
 estab_count |      3,190    2798.084     10565.8         13     409159
-------------+---------------------------------------------------------
employment~1 |      3,190    39199.66    136926.2         56    3819446
employment~2 |      3,190    39256.37    137207.4         48    3828809
employment~3 |      3,190    39569.98    137958.4         53    3846887
avg_week_w~e |      3,190    633.8693    174.5534        341       2409
avg_employ~r |      3,190       39342    137363.6   52.66667    3831714
-------------+---------------------------------------------------------
us_total_e~r |      3,190    1.26e+08           0   1.26e+08   1.26e+08
us_avg_wee~m |      3,190    1.12e+11           0   1.12e+11   1.12e+11
us_avg_wee~e |      3,190    888.6324           0   888.6324   888.6324
above_avg_~e |      3,190    .0680251    .2518284          0          1
decile_avg~e |      3,190    5.488088     2.87707          1         10




(note: file ../temp/wage_rankings_2010q1.dta not found)
file ../temp/wage_rankings_2010q1.dta saved

    Result                           # of obs.
    -----------------------------------------
    not matched                             0
    matched                           137,113  
    -----------------------------------------
(data now sorted by year_quarter countyfips)
  variable avg_week_wage was long now int
  (274,226 bytes saved)
============================================================================
File: ../temp/county_quarter_emp_wage.dta
Key: year_quarter countyfips
============================================================================
  137113:11(33775):3431618742:2987516707

    Variable |        Obs        Mean    Std. Dev.       Min        Max
-------------+---------------------------------------------------------
year_quarter |    137,113    216.9951     12.4094        196        238
  countyfips |          0
      county |          0
   statefips |          0
 estab_count |    137,113    2961.419    11480.72          8     511616
-------------+---------------------------------------------------------
employment~1 |    137,113    42675.16    150062.3          0    4484785
employment~2 |    137,113    42898.99    150758.7          0    4528403
employment~3 |    137,113    43067.41    151296.5          0    4526194
avg_week_w~e |    137,113    730.2687    196.0078          0       4317
above_avg_~e |    137,113    .0680534    .2518384          0          1
-------------+---------------------------------------------------------
decile_avg~e |    137,113    5.488371    2.876736          1         10




(note: file ../temp/county_quarter_emp_wage.dta not found)
file ../temp/county_quarter_emp_wage.dta saved

. 
end of do-file


Execute:  StataMP-64 /e do "./create_county_quarter_panels.do"

  ___  ____  ____  ____  ____ (R)
 /__    /   ____/   /   ____/
___/   /   /___/   /   /___/   15.1   Copyright 1985-2017 StataCorp LLC
  Statistics/Data Analysis            StataCorp
                                      4905 Lakeway Drive
     MP - Parallel Edition            College Station, Texas 77845 USA
                                      800-STATA-PC        http://www.stata.com
                                      979-696-4600        stata@stata.com
                                      979-696-4601 (fax)

Single-user 32-core Stata perpetual license:
       Serial number:  501506205566
         Licensed to:  KU Leuven FEB (CES)
                       KU Leuven

Notes:
      1.  Stata is running in batch mode.
      2.  Unicode is supported; see help unicode_advice.
      3.  More than 2 billion observations are allowed; see help obs_advice.
      4.  Maximum number of variables is set to 5000; see help set_maxvar.

. do ./create_county_quarter_panels.do 

. set more off

. clear all

. adopath + ../../../lib/stata/gslab_misc/ado
  [1]  (BASE)      "C:\Program Files\Stata15\ado\base/"
  [2]  (SITE)      "C:\Program Files\Stata15\ado\site/"
  [3]              "."
  [4]  (PERSONAL)  "c:\ado\personal/"
  [5]  (PLUS)      "c:\ado\plus/"
  [6]  (OLDPLACE)  "c:\ado/"
  [7]              "../../../lib/stata/gslab_misc/ado"

. adopath + ../../../lib/stata/mental_coupons/ado
  [1]  (BASE)      "C:\Program Files\Stata15\ado\base/"
  [2]  (SITE)      "C:\Program Files\Stata15\ado\site/"
  [3]              "."
  [4]  (PERSONAL)  "c:\ado\personal/"
  [5]  (PLUS)      "c:\ado\plus/"
  [6]  (OLDPLACE)  "c:\ado/"
  [7]              "../../../lib/stata/gslab_misc/ado"
  [8]              "../../../lib/stata/mental_coupons/ado"

. 
. program main
  1.         local instub "../../../drive/derived_large/output"
  2.         local outstub "../../../drive/derived_large/output"
  3.         local logfile "../output/data_file_manifest.log"
  4. 
.         local rent_var1                 "medrentprice_sfcc"
  5.         local other_rent_vars   "medrentpricepsqft_sfcc"
  6. 
.         local listing_var1              "medlistingprice_sfcc"
  7.         local other_listing_vars "medlistingpricepsqft_sfcc"
  8. 
. 
.         use "`instub'/zipcode_yearmonth_panel_all.dta", clear
  9. 
.         * Build all panel
.         collapse_to_county_quarter, rent_vars(`rent_var1' `other_rent_vars') 
>                    ///
>                                                          listing_vars(`listin
> g_var1' `other_listing_vars')
 10.         
.         add_employment_wages
 11.         
.         save_data "`outstub'/county_quarter_panel_all.dta",                  
>                                    ///
>             key(countyfips year_quarter) replace
 12.         
.         * Build baseline panels
.         build_baseline_panel, outstub(`outstub') logfile(`logfile') name(rent
> )                  ///
>                 var1(`rent_var1') other_vars(`other_rent_vars')              
>                                            ///
>                 balance_date(01jan2013) start_date(01jan2010) end_date(12dec2
> 019)
 13. 
.         build_baseline_panel, outstub(`outstub') logfile(`logfile') name(list
> ing)               ///
>                 var1(`listing_var1') other_vars(`other_listing_vars')        
>                                    ///
>                 balance_date(01jan2013) start_date(01jan2010) end_date(12dec2
> 019)
 14. end

. 
. program add_employment_wages
  1. 
.         tostring countyfips, replace
  2.         replace countyfips  = string(real(countyfips),"%05.0f")
  3.         
.         tostring statefips, replace
  4.         replace statefips  = string(real(statefips),"%02.0f")
  5.         
.         merge 1:1 year_quarter countyfips using "../temp/county_quarter_emp_w
> age.dta", ///
>                 nogen keep(1 3) 
  6. end

. 
. program collapse_to_county_quarter
  1.         syntax, rent_vars(str) listing_vars(str)
  2.         
.         gen year_quarter = qofd(dofm(year_month))
  3.         format %tq year_quarter
  4.         
.         collapse (mean) `rent_vars' `listing_vars'                           
>                                            ///
>                 (max) mw_event actual_mw dactual_mw sal_mw_event mw_event025 
> mw_event075 ///
>                 calendar_quarter = calendar_month houses10_zip_county,       
>                            ///
>                 by(zipcode year_quarter placename placetype city msa countyfi
> ps county  ///
>                         statefips stateabb)
  5.                 
.         xtset zipcode year_quarter /* to assert is keyed on zipcode year_quar
> ter */
  6.         
.         collapse (mean) `rent_vars' `listing_vars'                           
>                                            ///
>                 (max) mw_event actual_mw dactual_mw sal_mw_event mw_event025 
> mw_event075 ///
>                 [aweight = houses10_zip_county], by(countyfips year_quarter  
>                    ///
>                                                                              
>            calendar_quarter county statefips stateabb)
  7. end

. 
. program build_baseline_panel
  1.         syntax, outstub(str) logfile(str) name(str) var1(str) other_vars(s
> tr)           ///
>                         balance_date(str) start_date(str) end_date(str)
  2. 
.         foreach var in `var1' `other_vars' {
  3.                 create_baseline_panel, var(`var') balance_date(`balance_da
> te')                  ///
>                         start_date(`start_date') end_date(`end_date')
  4.         }
  5.         
.         use "../temp/baseline_`var1'.dta", clear
  6.         foreach var in `other_vars' {
  7.                 merge 1:1 countyfips year_quarter using "../temp/baseline_
> `var'.dta",   ///
>                         nogen keep(1 3)
  8.         }
  9. 
.         save_data "`outstub'/baseline_`name'_county_quarter.dta",            
>                            ///
>                 key(countyfips year_quarter) replace log(`logfile')
 10. end

. 
. program create_baseline_panel
  1.     syntax, var(str) balance_date(str) start_date(str) end_date(str)
  2.         
.         use "../../../drive/derived_large/output/county_quarter_panel_all.dta
> ", clear
  3.         keep if (year_quarter >= `=qofd(td(`start_date'))' &              
>               ///
>                          year_quarter <= `=qofd(td(`end_date'))')
  4. 
.         preserve
  5.                 keep if year_quarter == `=qofd(td(`balance_date'))'
  6.                 keep if !missing(`var')
  7.                 keep countyfips
  8.                 save_data "../temp/`var'_nonmiss_countyfips.dta", replace 
>               ///
>                         key(countyfips) log(none)
  9.         restore
 10.         
.         merge m:1 countyfips using "../temp/`var'_nonmiss_countyfips.dta",   
>    ///
>                 keep(3) nogen
 11.         
.         rename countyfips countyfips_str
 12.         encode countyfips_str, gen(countyfips)
 13.         
.         xtset countyfips year_quarter
 14.         assert r(balanced) == "strongly balanced"
 15.         
.         save_data "../temp/baseline_`var'.dta", key(countyfips year_quarter) 
> ///
>                 replace log(none)
 16. end

. 
. main
       panel variable:  zipcode (unbalanced)
        time variable:  year_quarter, 1996q2 to 2020q1
                delta:  1 quarter
countyfips was long now str5
(28,500 real changes made)
statefips was byte now str2
(28,500 real changes made)
(note: variable county was str28, now str41 to accommodate using data's
       values)

    Result                           # of obs.
    -----------------------------------------
    not matched                       153,531
        from master                   153,531  
        from using                          0  

    matched                           127,995  
    -----------------------------------------
(data now sorted by countyfips year_quarter)
  variable year_quarter was float now int
  variable county was str41 now str28
  variable stateabb was str20 now str2
  (9,290,358 bytes saved)
============================================================================
File: ../../../drive/derived_large/output/county_quarter_panel_all.dta
Key: countyfips year_quarter
============================================================================
  281526:23(36905):3837018224:1122922035

    Variable |        Obs        Mean    Std. Dev.       Min        Max
-------------+---------------------------------------------------------
  countyfips |          0
year_quarter |    281,526    192.1075    27.42261        145        239
      county |          0
   statefips |          0
    stateabb |          0
-------------+---------------------------------------------------------
calendar_q~r |    281,526    7.547154    3.339687          3         12
medre~e_sfcc |     10,954    1490.831    947.0542        500      45000
medre~t_sfcc |     10,926     1.10505    .8819042   .1163073   18.90778
medli~e_sfcc |     62,637    211077.8      119739      12500    2315833
medli~t_sfcc |     65,664    123.1965     86.9153   17.67401   1759.438
-------------+---------------------------------------------------------
    mw_event |    281,500    .0822913    .2748085          0          1
   actual_mw |    281,526    6.423575    1.352903       4.25      16.09
  dactual_mw |    281,500    .0419285    .1659036          0       5.81
sal_mw_event |    281,526    .0555721     .229094          0          1
 mw_event025 |    281,526    .0761138    .2651805          0          1
-------------+---------------------------------------------------------
 mw_event075 |    281,526    .0226551    .1488016          0          1
 estab_count |    127,995     2970.99    11707.67         22     511616
employment~1 |    127,995    44723.64    154746.6          0    4484785
employment~2 |    127,995    44951.19    155459.4          0    4528403
employment~3 |    127,995    45127.28    156012.7          0    4526194
-------------+---------------------------------------------------------
avg_week_w~e |    127,995    722.6372    175.1135          0       4317
above_avg_~e |    127,995    .0537521    .2255287          0          1
decile_avg~e |    127,995    5.496785    2.799479          1         10




file ../../../drive/derived_large/output/county_quarter_panel_all.dta saved
(162,458 observations deleted)
(116,091 observations deleted)
(2,772 observations deleted)
(data already sorted by countyfips)
  (0 bytes saved)
============================================================================
File: ../temp/medrentprice_sfcc_nonmiss_countyfips.dta
Key: countyfips
============================================================================
  205:1(31446):952867215:3380333700

    Variable |        Obs        Mean    Std. Dev.       Min        Max
-------------+---------------------------------------------------------
  countyfips |          0




(note: file ../temp/medrentprice_sfcc_nonmiss_countyfips.dta not found)
file ../temp/medrentprice_sfcc_nonmiss_countyfips.dta saved

    Result                           # of obs.
    -----------------------------------------
    not matched                             0
    matched                             8,200  
    -----------------------------------------
       panel variable:  countyfips (strongly balanced)
        time variable:  year_quarter, 2010q1 to 2019q4
                delta:  1 quarter
(data already sorted by countyfips year_quarter)
  variable countyfips was long now int
  variable county was str28 now str22
  (65,600 bytes saved)
============================================================================
File: ../temp/baseline_medrentprice_sfcc.dta
Key: countyfips year_quarter
============================================================================
  8200:24(70999):3893363983:3429273003

    Variable |        Obs        Mean    Std. Dev.       Min        Max
-------------+---------------------------------------------------------
  countyfips |      8,200         103    59.18131          1        205
year_quarter |      8,200       219.5     11.5441        200        239
countyfips~r |          0
      county |          0
   statefips |          0
-------------+---------------------------------------------------------
    stateabb |          0
calendar_q~r |      8,200         7.5    3.354307          3         12
medre~e_sfcc |      7,137    1468.096    501.8558   673.3333   4851.595
medre~t_sfcc |      6,928    1.066187    .5986181   .4260571   5.481292
medli~e_sfcc |      8,185    270164.1    150964.9   41791.24    1727956
-------------+---------------------------------------------------------
medli~t_sfcc |      8,200    156.8231    134.6317   47.28387   1759.438
    mw_event |      8,200    .0795122     .270553          0          1
   actual_mw |      8,200    7.923774    1.195871       7.25      16.09
  dactual_mw |      8,200    .0374024    .1866045          0       5.81
sal_mw_event |      8,200    .0326829    .1778162          0          1
-------------+---------------------------------------------------------
 mw_event025 |      8,200    .0445122    .2062427          0          1
 mw_event075 |      8,200    .0210976    .1437184          0          1
 estab_count |      7,995    21095.52    38448.86        424     511616
employment~1 |      7,995    320768.5    473054.5       5649    4484785
employment~2 |      7,995    322594.8    475388.5       5675    4528403
-------------+---------------------------------------------------------
employment~3 |      7,995    323662.6    477141.2       5709    4526194
avg_week_w~e |      7,995    942.9827    262.4728        491       3154
above_avg_~e |      7,995    .3073171    .4614108          0          1
decile_avg~e |      7,995    8.512195    1.765937          2         10




(note: file ../temp/baseline_medrentprice_sfcc.dta not found)
file ../temp/baseline_medrentprice_sfcc.dta saved
(162,458 observations deleted)
(116,091 observations deleted)
(2,756 observations deleted)
(data already sorted by countyfips)
  (0 bytes saved)
============================================================================
File: ../temp/medrentpricepsqft_sfcc_nonmiss_countyfips.dta
Key: countyfips
============================================================================
  221:1(31446):2107852048:1725025214

    Variable |        Obs        Mean    Std. Dev.       Min        Max
-------------+---------------------------------------------------------
  countyfips |          0




(note: file ../temp/medrentpricepsqft_sfcc_nonmiss_countyfips.dta not found)
file ../temp/medrentpricepsqft_sfcc_nonmiss_countyfips.dta saved

    Result                           # of obs.
    -----------------------------------------
    not matched                             0
    matched                             8,840  
    -----------------------------------------
       panel variable:  countyfips (strongly balanced)
        time variable:  year_quarter, 2010q1 to 2019q4
                delta:  1 quarter
(data already sorted by countyfips year_quarter)
  variable countyfips was long now int
  variable county was str28 now str22
  (70,720 bytes saved)
============================================================================
File: ../temp/baseline_medrentpricepsqft_sfcc.dta
Key: countyfips year_quarter
============================================================================
  8840:24(70999):2249545817:107549741

    Variable |        Obs        Mean    Std. Dev.       Min        Max
-------------+---------------------------------------------------------
  countyfips |      8,840         111    63.80016          1        221
year_quarter |      8,840       219.5    11.54405        200        239
countyfips~r |          0
      county |          0
   statefips |          0
-------------+---------------------------------------------------------
    stateabb |          0
calendar_q~r |      8,840         7.5    3.354292          3         12
medre~e_sfcc |      7,293    1464.499    489.7491   673.3333   4851.595
medre~t_sfcc |      7,687    1.043065    .5691622   .4260571   5.481292
medli~e_sfcc |      8,807    267708.2      145561   41791.24    1727956
-------------+---------------------------------------------------------
medli~t_sfcc |      8,840    152.3525    126.1056   47.28387   1759.438
    mw_event |      8,840    .0799774    .2712735          0          1
   actual_mw |      8,840    7.901712    1.180146       7.25      16.09
  dactual_mw |      8,840    .0362885    .1827813          0       5.81
sal_mw_event |      8,840    .0308824    .1730087          0          1
-------------+---------------------------------------------------------
 mw_event025 |      8,840    .0425339    .2018153          0          1
 mw_event075 |      8,840    .0202489    .1408584          0          1
 estab_count |      8,619    19809.11    37191.26        424     511616
employment~1 |      8,619    301997.9    459601.4       5649    4484785
employment~2 |      8,619    303726.6    461869.4       5675    4528403
-------------+---------------------------------------------------------
employment~3 |      8,619    304739.6    463566.5       5709    4526194
avg_week_w~e |      8,619    935.7557    255.2103        491       3154
above_avg_~e |      8,619    .2986425    .4576893          0          1
decile_avg~e |      8,619    8.475113    1.798939          2         10




(note: file ../temp/baseline_medrentpricepsqft_sfcc.dta not found)
file ../temp/baseline_medrentpricepsqft_sfcc.dta saved
(label countyfips already defined)

    Result                           # of obs.
    -----------------------------------------
    not matched                             0
    matched                             8,200  
    -----------------------------------------
(data already sorted by countyfips year_quarter)
  (0 bytes saved)
============================================================================
File: ../../../drive/derived_large/output/baseline_rent_county_quarter.dta
Key: countyfips year_quarter
============================================================================
  8200:24(70999):3893363983:3429273003

    Variable |        Obs        Mean    Std. Dev.       Min        Max
-------------+---------------------------------------------------------
  countyfips |      8,200         103    59.18131          1        205
year_quarter |      8,200       219.5     11.5441        200        239
countyfips~r |          0
      county |          0
   statefips |          0
-------------+---------------------------------------------------------
    stateabb |          0
calendar_q~r |      8,200         7.5    3.354307          3         12
medre~e_sfcc |      7,137    1468.096    501.8558   673.3333   4851.595
medre~t_sfcc |      6,928    1.066187    .5986181   .4260571   5.481292
medli~e_sfcc |      8,185    270164.1    150964.9   41791.24    1727956
-------------+---------------------------------------------------------
medli~t_sfcc |      8,200    156.8231    134.6317   47.28387   1759.438
    mw_event |      8,200    .0795122     .270553          0          1
   actual_mw |      8,200    7.923774    1.195871       7.25      16.09
  dactual_mw |      8,200    .0374024    .1866045          0       5.81
sal_mw_event |      8,200    .0326829    .1778162          0          1
-------------+---------------------------------------------------------
 mw_event025 |      8,200    .0445122    .2062427          0          1
 mw_event075 |      8,200    .0210976    .1437184          0          1
 estab_count |      7,995    21095.52    38448.86        424     511616
employment~1 |      7,995    320768.5    473054.5       5649    4484785
employment~2 |      7,995    322594.8    475388.5       5675    4528403
-------------+---------------------------------------------------------
employment~3 |      7,995    323662.6    477141.2       5709    4526194
avg_week_w~e |      7,995    942.9827    262.4728        491       3154
above_avg_~e |      7,995    .3073171    .4614108          0          1
decile_avg~e |      7,995    8.512195    1.765937          2         10




file ../../../drive/derived_large/output/baseline_rent_county_quarter.dta saved
(162,458 observations deleted)
(116,091 observations deleted)
(1,605 observations deleted)
(data already sorted by countyfips)
  (0 bytes saved)
============================================================================
File: ../temp/medlistingprice_sfcc_nonmiss_countyfips.dta
Key: countyfips
============================================================================
  1372:1(31446):3204630304:3488022995

    Variable |        Obs        Mean    Std. Dev.       Min        Max
-------------+---------------------------------------------------------
  countyfips |          0




(note: file ../temp/medlistingprice_sfcc_nonmiss_countyfips.dta not found)
file ../temp/medlistingprice_sfcc_nonmiss_countyfips.dta saved

    Result                           # of obs.
    -----------------------------------------
    not matched                             0
    matched                            54,880  
    -----------------------------------------
       panel variable:  countyfips (strongly balanced)
        time variable:  year_quarter, 2010q1 to 2019q4
                delta:  1 quarter
(data already sorted by countyfips year_quarter)
  variable countyfips was long now int
  (109,760 bytes saved)
============================================================================
File: ../temp/baseline_medlistingprice_sfcc.dta
Key: countyfips year_quarter
============================================================================
  54880:24(70999):401818116:2832742310

    Variable |        Obs        Mean    Std. Dev.       Min        Max
-------------+---------------------------------------------------------
  countyfips |     54,880       686.5    396.0658          1       1372
year_quarter |     54,880       219.5     11.5435        200        239
countyfips~r |          0
      county |          0
   statefips |          0
-------------+---------------------------------------------------------
    stateabb |          0
calendar_q~r |     54,880         7.5    3.354133          3         12
medre~e_sfcc |     10,773    1488.995    949.8931        500      45000
medre~t_sfcc |     10,707    1.094978    .8310544   .1163073   18.90778
medli~e_sfcc |     53,874    213908.6    111823.6   41791.24    1727956
-------------+---------------------------------------------------------
medli~t_sfcc |     48,641    127.9874    82.92887   39.39242   1759.438
    mw_event |     54,880    .0667274    .2495516          0          1
   actual_mw |     54,880    7.791695    .9860803       7.25      16.09
  dactual_mw |     54,880    .0289841    .1459298          0       5.81
sal_mw_event |     54,880    .0270408    .1622039          0          1
-------------+---------------------------------------------------------
 mw_event025 |     54,880    .0388484    .1932353          0          1
 mw_event075 |     54,880    .0154155    .1231994          0          1
 estab_count |     53,508    5892.988    16878.66         63     511616
employment~1 |     53,508    90132.09    220756.8        753    4484785
employment~2 |     53,508    90628.34    221869.6        743    4528403
-------------+---------------------------------------------------------
employment~3 |     53,508    90998.42    222709.5        743    4526194
avg_week_w~e |     53,508    785.4781    185.7546        413       3240
above_avg_~e |     53,508    .0838192    .2771191          0          1
decile_avg~e |     53,508     6.78207    2.442635          1         10




(note: file ../temp/baseline_medlistingprice_sfcc.dta not found)
file ../temp/baseline_medlistingprice_sfcc.dta saved
(162,458 observations deleted)
(116,091 observations deleted)
(1,450 observations deleted)
(data already sorted by countyfips)
  (0 bytes saved)
============================================================================
File: ../temp/medlistingpricepsqft_sfcc_nonmiss_countyfips.dta
Key: countyfips
============================================================================
  1527:1(31446):699690221:3979500170

    Variable |        Obs        Mean    Std. Dev.       Min        Max
-------------+---------------------------------------------------------
  countyfips |          0




(note: file ../temp/medlistingpricepsqft_sfcc_nonmiss_countyfips.dta not found)
file ../temp/medlistingpricepsqft_sfcc_nonmiss_countyfips.dta saved

    Result                           # of obs.
    -----------------------------------------
    not matched                             0
    matched                            61,080  
    -----------------------------------------
       panel variable:  countyfips (strongly balanced)
        time variable:  year_quarter, 2010q1 to 2019q4
                delta:  1 quarter
(data already sorted by countyfips year_quarter)
  variable countyfips was long now int
  (122,160 bytes saved)
============================================================================
File: ../temp/baseline_medlistingpricepsqft_sfcc.dta
Key: countyfips year_quarter
============================================================================
  61080:24(70999):1801215342:2021268601

    Variable |        Obs        Mean    Std. Dev.       Min        Max
-------------+---------------------------------------------------------
  countyfips |     61,080         764    440.8104          1       1527
year_quarter |     61,080       219.5    11.54349        200        239
countyfips~r |          0
      county |          0
   statefips |          0
-------------+---------------------------------------------------------
    stateabb |          0
calendar_q~r |     61,080         7.5    3.354129          3         12
medre~e_sfcc |     10,724    1496.551    954.8492        500      45000
medre~t_sfcc |     10,883    1.105099    .8831959   .1163073   18.90778
medli~e_sfcc |     51,639    219445.4    125277.2   41791.24    2315833
-------------+---------------------------------------------------------
medli~t_sfcc |     60,228    124.9489    89.16766   17.67401   1759.438
    mw_event |     61,080    .0672724    .2504953          0          1
   actual_mw |     61,080    7.766366    .9690329       7.25      16.09
  dactual_mw |     61,080    .0285616    .1443922          0       5.81
sal_mw_event |     61,080    .0268009    .1615025          0          1
-------------+---------------------------------------------------------
 mw_event025 |     61,080    .0372626    .1894062          0          1
 mw_event075 |     61,080    .0155534    .1237405          0          1
 estab_count |     59,553    5336.475    16083.28         63     511616
employment~1 |     59,553    81337.04    210786.6        753    4484785
employment~2 |     59,553    81784.23    211850.7        743    4528403
-------------+---------------------------------------------------------
employment~3 |     59,553    82122.88    212651.8        743    4526194
avg_week_w~e |     59,553    774.2393    185.0259        413       3240
above_avg_~e |     59,553     .081205    .2731519          0          1
decile_avg~e |     59,553    6.521284    2.553068          1         10




(note: file ../temp/baseline_medlistingpricepsqft_sfcc.dta not found)
file ../temp/baseline_medlistingpricepsqft_sfcc.dta saved
(label countyfips already defined)

    Result                           # of obs.
    -----------------------------------------
    not matched                             0
    matched                            54,880  
    -----------------------------------------
(data already sorted by countyfips year_quarter)
  (0 bytes saved)
============================================================================
File: ../../../drive/derived_large/output/baseline_listing_county_quarter.dta
Key: countyfips year_quarter
============================================================================
  54880:24(70999):401818116:2832742310

    Variable |        Obs        Mean    Std. Dev.       Min        Max
-------------+---------------------------------------------------------
  countyfips |     54,880       686.5    396.0658          1       1372
year_quarter |     54,880       219.5     11.5435        200        239
countyfips~r |          0
      county |          0
   statefips |          0
-------------+---------------------------------------------------------
    stateabb |          0
calendar_q~r |     54,880         7.5    3.354133          3         12
medre~e_sfcc |     10,773    1488.995    949.8931        500      45000
medre~t_sfcc |     10,707    1.094978    .8310544   .1163073   18.90778
medli~e_sfcc |     53,874    213908.6    111823.6   41791.24    1727956
-------------+---------------------------------------------------------
medli~t_sfcc |     48,641    127.9874    82.92887   39.39242   1759.438
    mw_event |     54,880    .0667274    .2495516          0          1
   actual_mw |     54,880    7.791695    .9860803       7.25      16.09
  dactual_mw |     54,880    .0289841    .1459298          0       5.81
sal_mw_event |     54,880    .0270408    .1622039          0          1
-------------+---------------------------------------------------------
 mw_event025 |     54,880    .0388484    .1932353          0          1
 mw_event075 |     54,880    .0154155    .1231994          0          1
 estab_count |     53,508    5892.988    16878.66         63     511616
employment~1 |     53,508    90132.09    220756.8        753    4484785
employment~2 |     53,508    90628.34    221869.6        743    4528403
-------------+---------------------------------------------------------
employment~3 |     53,508    90998.42    222709.5        743    4526194
avg_week_w~e |     53,508    785.4781    185.7546        413       3240
above_avg_~e |     53,508    .0838192    .2771191          0          1
decile_avg~e |     53,508     6.78207    2.442635          1         10




file ../../../drive/derived_large/output/baseline_listing_county_quarter.dta sa
> ved

. 
end of do-file

 make.py ended: 2020-06-06 11:39:05
