
 make.py started: 2022-02-08 05:33:19 C:\Users\diegog\Desktop\Diego\min_wage_rent\descriptive\maps_US\code 




Execute:  R CMD BATCH --no-save "./plot_US.R" plot_US.Rout

R version 4.1.1 (2021-08-10) -- "Kick Things"
Copyright (C) 2021 The R Foundation for Statistical Computing
Platform: x86_64-w64-mingw32/x64 (64-bit)

R is free software and comes with ABSOLUTELY NO WARRANTY.
You are welcome to redistribute it under certain conditions.
Type 'license()' or 'licence()' for distribution details.

  Natural language support but running in an English locale

R is a collaborative project with many contributors.
Type 'contributors()' for more information and
'citation()' on how to cite R or R packages in publications.

Type 'demo()' for some demos, 'help()' for on-line help, or
'help.start()' for an HTML browser interface to help.
Type 'q()' to quit R.

> remove(list = ls())
> 
> library(sf)
Linking to GEOS 3.9.1, GDAL 3.2.1, PROJ 7.2.1
> library(dplyr)

Attaching package: 'dplyr'

The following objects are masked from 'package:stats':

    filter, lag

The following objects are masked from 'package:base':

    intersect, setdiff, setequal, union

> library(tmap)
> library(tmaptools)
> library(leaflet)
> library(ggplot2)
> 
> main <- function(){
+   in_map_states  <- "../../../drive/raw_data/shapefiles/states"
+   in_map <- "../../../drive/raw_data/shapefiles/USPS_zipcodes"
+   in_zip <- "../../../drive/derived_large/zipcode"
+ 
+   data_states <- read_sf(dsn = in_map_states, layer = "state") %>%
+     select(STPOSTAL) %>%
+     rename(state_name = STPOSTAL) %>%
+     filter(state_name != "AK" & state_name != "HI" & state_name != "VI" & state_name != "MP"
+            & state_name != "PR" & state_name != "GU" & state_name != "AS")
+   data_states <- data_states[st_is_valid(data_states),]
+   
+   df_all <- prepare_data(in_map, in_zip)
+ 
+   #matched <- df_all %>%
+   #  filter(!is.na(houses_zcta_place_county))
+     
+   pop_density_map <- tm_shape(data_states) +
+     tm_polygons(lwd = 0.5) +
+     tm_shape(df_all) + 
+     tm_fill(col   = "pop2020_per_sq_miles",
+             title = "Population\ndensity",
+             style = "quantile",
+             n     = 5,
+             palette = c("white", "#fff0f0", "#ffd6d6", "#ff9494", "#ff0000"),
+             alpha = 0.8) +
+     tmap_mode("plot") + 
+     tmap_options(check.and.fix = TRUE)
+ 
+   tmap_save(pop_density_map,
+             "../output/USPS_zipcodes_pop_density.eps")
+   tmap_save(pop_density_map,
+             "../output/USPS_zipcodes_pop_density.png",
+             dpi = 600)
+   
+   zillow_zipcodes_map <- tm_shape(data_states) +
+     tm_polygons(lwd = 0.5) +
+     tm_shape(df_all) + 
+     tm_fill(col   = "in_zillow",
+             title = "Has Zillow\nrents data",
+             style ="cat", 
+             palette = c("white", "red"),
+             alpha = 0.8) +
+     tmap_mode("plot") + 
+     tmap_options(check.and.fix = TRUE)
+ 
+   tmap_save(zillow_zipcodes_map, 
+             "../output/USPS_zipcodes_zillow_data.eps")
+   tmap_save(zillow_zipcodes_map, 
+             "../output/USPS_zipcodes_zillow_data.png",
+             dpi = 600)
+ }
> 
> 
> prepare_data <- function(in_map, in_zip) {
+   
+   map <- read_sf(dsn = in_map, 
+                            layer = "USPS_zipcodes_July2020") %>%
+     select(ZIP_CODE, PO_NAME, STATE, POPULATION, SQMI, POP_SQMI) %>%
+     rename(zipcode = ZIP_CODE, zipcode_name = PO_NAME,
+            state_name = STATE, pop2020 = POPULATION, 
+            area_sq_miles = SQMI, pop2020_per_sq_miles = POP_SQMI)
+   
+   zips <- data.table::fread(file.path(in_zip, "zipcode_cross.csv"),
+                             colClasses = c(zipcode ="character", place_code ="character", 
+                                            countyfips = "character", cbsa10 = "character",
+                                            zcta ="character", place_name = "character", 
+                                            county_name = "character", cbsa10_name = "character",
+                                            state_abb = "character", statefips = "character"))
+   
+   left_join(map, zips, by = "zipcode") %>%
+     filter(is.na(area_sq_miles) == FALSE) %>%
+     mutate(in_zillow = case_when(n_months_zillow_rents > 0 ~ 1,
+                                  TRUE ~ 0)) %>%
+     filter(state_abb != "AK" & state_abb != "HI")
+ }
> 
> 
> main()
tmap mode set to plotting
Map saved to C:\Users\diegog\Desktop\Diego\min_wage_rent\descriptive\maps_US\output\USPS_zipcodes_pop_density.eps
Size: 9.542006 by 5.135189 inches
Map saved to C:\Users\diegog\Desktop\Diego\min_wage_rent\descriptive\maps_US\output\USPS_zipcodes_pop_density.png
Resolution: 5725.204 by 3081.113 pixels
Size: 9.542006 by 5.135189 inches (600 dpi)
tmap mode set to plotting
Map saved to C:\Users\diegog\Desktop\Diego\min_wage_rent\descriptive\maps_US\output\USPS_zipcodes_zillow_data.eps
Size: 9.542006 by 5.135189 inches
Map saved to C:\Users\diegog\Desktop\Diego\min_wage_rent\descriptive\maps_US\output\USPS_zipcodes_zillow_data.png
Resolution: 5725.204 by 3081.113 pixels
Size: 9.542006 by 5.135189 inches (600 dpi)
Warning messages:
1: The shape df_all is invalid. See sf::st_is_valid 
2: The shape df_all is invalid. See sf::st_is_valid 
3: In grid.Call.graphics(C_path, x$x, x$y, index, switch(x$rule, winding = 1L,  :
  semi-transparency is not supported on this device: reported only once per page
4: The shape df_all is invalid. See sf::st_is_valid 
5: The shape df_all is invalid. See sf::st_is_valid 
6: The shape df_all is invalid. See sf::st_is_valid 
7: The shape df_all is invalid. See sf::st_is_valid 
8: In grid.Call.graphics(C_path, x$x, x$y, index, switch(x$rule, winding = 1L,  :
  semi-transparency is not supported on this device: reported only once per page
9: The shape df_all is invalid. See sf::st_is_valid 
10: The shape df_all is invalid. See sf::st_is_valid 
> 
> proc.time()
    user   system  elapsed 
 5650.87  2926.68 10333.73 

 make.py ended: 2022-02-08 08:25:35
