
 make.py started: 2021-09-17 07:20:51 C:\Users\diegog\Desktop\Diego\min_wage_rent\analysis\maps_US\code 




Execute:  R CMD BATCH --no-save "./plot_US.R" plot_US.Rout

R version 4.0.3 (2020-10-10) -- "Bunny-Wunnies Freak Out"
Copyright (C) 2020 The R Foundation for Statistical Computing
Platform: x86_64-w64-mingw32/x64 (64-bit)

R is free software and comes with ABSOLUTELY NO WARRANTY.
You are welcome to redistribute it under certain conditions.
Type 'license()' or 'licence()' for distribution details.

  Natural language support but running in an English locale

R is a collaborative project with many contributors.
Type 'contributors()' for more information and
'citation()' on how to cite R or R packages in publications.

Type 'demo()' for some demos, 'help()' for on-line help, or
'help.start()' for an HTML browser interface to help.
Type 'q()' to quit R.

> remove(list = ls())
> 
> library(sf)
Linking to GEOS 3.9.0, GDAL 3.2.1, PROJ 7.2.1
Warning message:
package 'sf' was built under R version 4.0.5 
> library(dplyr)

Attaching package: 'dplyr'

The following objects are masked from 'package:stats':

    filter, lag

The following objects are masked from 'package:base':

    intersect, setdiff, setequal, union

> library(tmap)
Warning message:
package 'tmap' was built under R version 4.0.5 
> library(tmaptools)
Warning message:
package 'tmaptools' was built under R version 4.0.5 
> library(leaflet)
Warning message:
package 'leaflet' was built under R version 4.0.5 
> library(ggplot2)
> 
> main <- function(){
+   in_map <- "../../../drive/raw_data/shapefiles/USPS_zipcodes"
+   in_zip <- "../../../drive/derived_large/zipcode"
+   
+   df_all <- prepare_data(in_map, in_zip)
+ 
+   #matched <- df_all %>%
+   #  filter(!is.na(houses_zcta_place_county))
+     
+   pop_density_map <- tm_shape(df_all) + 
+     tm_fill(col   = "pop2020_per_sq_miles",
+             title = "Population\ndensity",
+             style = "quantile",
+             n     = 5,
+             palette = c("white", "#fff0f0", "#ffd6d6", "#ff9494", "#ff0000")) +
+     tm_borders(lwd = .0001, alpha = 0.1) +
+     tmap_mode("plot") + 
+     tmap_options(check.and.fix = TRUE)
+ 
+   tmap_save(pop_density_map,
+             "../output/USPS_zipcodes_pop_density.png",
+             dpi = 300)
+   
+   zillow_zipcodes_map <- tm_shape(df_all) + 
+     tm_fill(col   = "in_zillow",
+             title = "Has Zillow\nrents data",
+             style ="cat", 
+             palette = c("white", "red")) +
+     tm_borders(lwd = .0001, alpha = 0.1) +
+     tmap_mode("plot") + 
+     tmap_options(check.and.fix = TRUE)
+ 
+   tmap_save(zillow_zipcodes_map, 
+             "../output/USPS_zipcodes_zillow_data.png",
+             dpi = 300)
+ }
> 
> 
> prepare_data <- function(in_map, in_zip) {
+   
+   map <- read_sf(dsn = in_map, 
+                            layer = "USPS_zipcodes_July2020") %>%
+     select(ZIP_CODE, PO_NAME, STATE, POPULATION, SQMI, POP_SQMI) %>%
+     rename(zipcode = ZIP_CODE, zipcode_name = PO_NAME,
+            state_name = STATE, pop2020 = POPULATION, 
+            area_sq_miles = SQMI, pop2020_per_sq_miles = POP_SQMI)
+   
+   zips <- data.table::fread(file.path(in_zip, "zipcode_cross.csv"),
+                             colClasses = c(zipcode ="character", place_code ="character", 
+                                            countyfips = "character", cbsa10 = "character",
+                                            zcta ="character", place_name = "character", 
+                                            county_name = "character", cbsa10_name = "character",
+                                            state_abb = "character", statefips = "character"))
+   
+   left_join(map, zips, by = "zipcode") %>%
+     filter(is.na(area_sq_miles) == FALSE) %>%
+     mutate(in_zillow = case_when(n_months_zillow_rents > 0 ~ 1,
+                                  TRUE ~ 0)) %>%
+     filter(state_abb != "AK" & state_abb != "HI")
+ }
> 
> 
> main()
tmap mode set to plotting
Map saved to C:\Users\diegog\Desktop\Diego\min_wage_rent\analysis\maps_US\output\USPS_zipcodes_pop_density.png
Resolution: 2862.597 by 1540.559 pixels
Size: 9.541991 by 5.135196 inches (300 dpi)
tmap mode set to plotting
Map saved to C:\Users\diegog\Desktop\Diego\min_wage_rent\analysis\maps_US\output\USPS_zipcodes_zillow_data.png
Resolution: 2862.597 by 1540.559 pixels
Size: 9.541991 by 5.135196 inches (300 dpi)
Warning messages:
1: The shape df_all is invalid. See sf::st_is_valid 
2: The shape df_all is invalid. See sf::st_is_valid 
3: The shape df_all is invalid. See sf::st_is_valid 
4: The shape df_all is invalid. See sf::st_is_valid 
> 
> proc.time()
   user  system elapsed 
 748.98 2156.45 2907.53 

 make.py ended: 2021-09-17 08:09:19
