
 make.py started: 2020-06-20 13:45:51 C:\Users\shermo\Documents\GitHub\min_wage_rent\analysis\event_size_robustness\code 




Execute:  StataMP-64 /e do "./preclean.do"

  ___  ____  ____  ____  ____ (R)
 /__    /   ____/   /   ____/
___/   /   /___/   /   /___/   15.1   Copyright 1985-2017 StataCorp LLC
  Statistics/Data Analysis            StataCorp
                                      4905 Lakeway Drive
     MP - Parallel Edition            College Station, Texas 77845 USA
                                      800-STATA-PC        http://www.stata.com
                                      979-696-4600        stata@stata.com
                                      979-696-4601 (fax)

Single-user 32-core Stata perpetual license:
       Serial number:  501506205566
         Licensed to:  KU Leuven FEB (CES)
                       KU Leuven

Notes:
      1.  Stata is running in batch mode.
      2.  Unicode is supported; see help unicode_advice.
      3.  More than 2 billion observations are allowed; see help obs_advice.
      4.  Maximum number of variables is set to 5000; see help set_maxvar.

. do ./preclean.do 

. clear all

. set more off

. adopath + ../../../lib/stata/gslab_misc/ado
  [1]  (BASE)      "C:\Program Files\Stata15\ado\base/"
  [2]  (SITE)      "C:\Program Files\Stata15\ado\site/"
  [3]              "."
  [4]  (PERSONAL)  "c:\ado\personal/"
  [5]  (PLUS)      "c:\ado\plus/"
  [6]  (OLDPLACE)  "c:\ado/"
  [7]              "../../../lib/stata/gslab_misc/ado"

. set maxvar 32000 


. 
. program main
  1.         local instub "../../../drive/derived_large/output"
  2.         local outstub "../temp"
  3.         local logfile "../output/data_file_manifest.log"
  4. 
.         foreach data in rent {
  5.                 foreach w in 6 {
  6.                         use "`instub'/baseline_`data'_panel.dta", clear
  7. 
.                         create_latest_event_vars, event_dummy(mw_event025) w(
> `w')                               ///
>                                 time(year_month) geo(zipcode) panel_end(2019m
> 12)
  8.                         drop months_until_panel_ends
  9. 
.                         create_latest_event_vars, event_dummy(mw_event075) w(
> `w')                               ///
>                                 time(year_month) geo(zipcode) panel_end(2019m
> 12)
 10. 
.                         save_data "`outstub'/baseline_`data'_panel_`w'.dta", 
>                                    ///
>                                 key(zipcode year_month) replace log(`logfile'
> )
 11.                 }
 12.         }
 13. end

. 
. program create_latest_event_vars
  1.         syntax, event_dummy(str) w(int) time(str) geo(str) panel_end(str)
  2.         
.         local window_span = `w'*2 + 1 
  3. 
.         gen `event_dummy'_`time' = `time' if `event_dummy' == 1
  4.         format `event_dummy'_`time' %tm
  5. 
.         gen months_until_panel_ends = `=tm(`panel_end')' - `time'
  6. 
.         preserve
  7.                 keep if months_until_panel_ends >= (`w' + 1)
  8.                 collapse (max) last_`event_dummy'_`time' = `event_dummy'_`
> time', by(`geo')
  9. 
.                 format last_`event_dummy'_`time' %tm
 10.                 keep `geo' last_`event_dummy'_`time'
 11. 
.                 save_data "../temp/last_event`w'_by_`geo'.dta", key(`geo') re
> place
 12.         restore
 13.         
.         merge m:1 `geo' using "../temp/last_event`w'_by_`geo'.dta",          
>    ///
>                 nogen assert(3) keep(3)
 14.         
.         gen last_`event_dummy'_rel_months`w' = `time' - last_`event_dummy'_`t
> ime'
 15.         replace last_`event_dummy'_rel_months`w' = last_`event_dummy'_rel_
> months`w' + `w' + 1
 16.         
.         gen treated_`event_dummy'_`w' = !missing(last_`event_dummy'_rel_month
> s`w')
 17. 
.         replace last_`event_dummy'_rel_months`w' = 0                         
>                    /// 0 is pre-period
>                                 if last_`event_dummy'_rel_months`w' <= 0 & tr
> eated_`event_dummy'_`w'
 18.         replace last_`event_dummy'_rel_months`w' = 1000                   
>                       /// 1000 is post-period
>                                 if last_`event_dummy'_rel_months`w' > `window
> _span' & treated_`event_dummy'_`w'
 19.         replace last_`event_dummy'_rel_months`w' = 5000 if !treated_`event
> _dummy'_`w'           /// 5000 means never treated
> 
 20.         gen unused_`event_dummy'_`w' = (mw_event == 1 & last_`event_dummy'
> _rel_months`w' != (`w' + 1))
 21.         bysort `geo' (`time'): gen c_unused_`event_dummy'_`w' = sum(unused
> _`event_dummy'_`w')
 22.         
.         drop `event_dummy'_`time' last_`event_dummy'_`time'    
 23. end

. 
. main
(153,791 missing values generated)
(9,135 observations deleted)
(data already sorted by zipcode)
  variable last_mw_event025_year_month was float now int
  (2,610 bytes saved)
============================================================================
File: ../temp/last_event6_by_zipcode.dta
Key: zipcode
============================================================================
  1305:2(71212):3196199008:493955382

    Variable |        Obs        Mean    Std. Dev.       Min        Max
-------------+---------------------------------------------------------
     zipcode |      1,305    51920.57    29196.87       2113      99577
last_mw_ev~h |        837    673.3297    40.77847        606        708




(note: file ../temp/last_event6_by_zipcode.dta not found)
file ../temp/last_event6_by_zipcode.dta saved

    Result                           # of obs.
    -----------------------------------------
    not matched                             0
    matched                           156,600  
    -----------------------------------------
(56,160 missing values generated)
(100,440 real changes made)
(55,574 real changes made)
(33,204 real changes made)
(56,160 real changes made)
(155,326 missing values generated)
(9,135 observations deleted)
(data already sorted by zipcode)
  variable last_mw_event075_year_month was float now int
  (2,610 bytes saved)
============================================================================
File: ../temp/last_event6_by_zipcode.dta
Key: zipcode
============================================================================
  1305:2(71245):4074591316:543612335

    Variable |        Obs        Mean    Std. Dev.       Min        Max
-------------+---------------------------------------------------------
     zipcode |      1,305    51920.57    29196.87       2113      99577
last_mw_ev~h |        506    690.2866    19.98531        636        708




file ../temp/last_event6_by_zipcode.dta saved

    Result                           # of obs.
    -----------------------------------------
    not matched                             0
    matched                           156,600  
    -----------------------------------------
(95,880 missing values generated)
(60,720 real changes made)
(42,143 real changes made)
(11,493 real changes made)
(95,880 real changes made)
(data already sorted by zipcode year_month)
  variable last_mw_event025_rel_months6 was float now int
  variable treated_mw_event025_6 was float now byte
  variable unused_mw_event025_6 was float now byte
  variable c_unused_mw_event025_6 was float now byte
  variable months_until_panel_ends was float now int
  variable last_mw_event075_rel_months6 was float now int
  variable treated_mw_event075_6 was float now byte
  variable unused_mw_event075_6 was float now byte
  variable c_unused_mw_event075_6 was float now byte
  (3,758,400 bytes saved)
============================================================================
File: ../temp/baseline_rent_panel_6.dta
Key: zipcode year_month
============================================================================
  156600:77(58357):3849116430:1004283509

    Variable |        Obs        Mean    Std. Dev.       Min        Max
-------------+---------------------------------------------------------
     zipcode |    156,600    51920.57    29185.78       2113      99577
  year_month |    156,600       659.5    34.63992        600        719
  place_code |    129,840    40657.65    22564.03        410      87240
   placetype |          0
  countyfips |    156,240    24077.04    16484.28       1003      56021
-------------+---------------------------------------------------------
      county |          0
   statefips |    156,600    23.97854    16.42626          1         56
medre~e_sfcc |    125,644    1651.102    702.9949        595       6595
      fed_mw |    156,600        7.25           0       7.25       7.25
    state_mw |    156,600    8.016521    1.074868       7.25         14
-------------+---------------------------------------------------------
   county_mw |      8,400    9.085036    1.582498       7.25      14.25
county_abo~w |      8,400        .305    .4604348          0          1
    local_mw |      9,720    9.504039    1.904531       7.25         16
local_abov~w |      9,720     .369856    .4827903          0          1
   actual_mw |    156,600    8.077733    1.207496       7.25         16
-------------+---------------------------------------------------------
    which_mw |    156,600    2.137701    .4837252          2          4
  dactual_mw |    156,600    .0151952    .1121177          0       2.21
    mw_event |    156,600    .0338506     .180845          0          1
 state_event |    156,600    .0300255    .1706581          0          1
county_event |    156,600    .0009962    .0315465          0          1
-------------+---------------------------------------------------------
 local_event |    156,600    .0028289    .0531119          0          1
   fed_event |    156,600           0           0          0          0
calendar_m~h |    156,600         6.5    3.452064          1         12
         msa |    156,600    436.1801    240.1675         12        860
       trend |    156,600       225.5    34.63992        166        285
-------------+---------------------------------------------------------
    trend_sq |    156,600    52050.17    15659.42      27556      81225
    trend_cu |    156,600    1.23e+07     5408203    4574296   2.31e+07
sal_mw_event |    156,600    .0134036    .1149957          0          1
 mw_event025 |    156,600    .0179374    .1327245          0          1
 mw_event075 |    156,600    .0081354     .089829          0          1
-------------+---------------------------------------------------------
m~e_mfr5plus |     47,091     1715.37    757.3231        450       6095
medren~e_2br |     32,426    1996.785    1014.866        495       6800
medre~t_sfcc |    113,375    1.188344    .7824813   .4180214   6.731387
medren~t_2br |     24,789     1.84165    .9184999   .5015197   6.499599
m~t_mfr5plus |     37,588    1.842276    1.001968   .5106889    6.48415
-------------+---------------------------------------------------------
     pop2010 |    156,600    5094.666    2053.232   1134.729   29439.89
urb_sha~2010 |    156,600    .9672256    .0773197   .2883417          1
white_s~2010 |    156,600    .5450552    .2217932   .0036694   .9396675
black_s~2010 |    156,600    .1651694    .2005277   .0034277   .9753516
hisp_sh~2010 |    156,600    .1888204     .170269   .0072045   .9338689
-------------+---------------------------------------------------------
asian_s~2010 |    156,600    .0694605    .0849161   .0004593    .689378
natam_s~2010 |    156,600    .0016674    .0054796          0   .0926286
child_s~2010 |    156,600    .1949678    .0525717   .0183688   .3495505
teen_sh~2010 |    156,600    .0936518    .0332365   .0099649   .4035518
youngad~2010 |    156,600    .2025643    .0731132   .0293848    .625282
-------------+---------------------------------------------------------
adult_s~2010 |    156,600    .3950195    .0471422   .1545396   .5850629
elder_s~2010 |    156,600    .1137966    .0604392   .0093771   .7075161
housing~2010 |    156,600     2154.05    835.5169   808.8774   13289.88
hh_couple_s~ |    156,600     .537118    .1326535   .1637825   .8152068
h~child_sh~0 |    156,600    .4511574    .1031615   .0341987   .7473651
-------------+---------------------------------------------------------
renthou~2010 |    156,600    .3799848    .1759554    .062864   .9660729
work_c~20105 |    156,600    .7582464    .2010222   .1421741   .9951102
worktravel.. |    156,600    .0968771    .0454301   .0054477   .3653359
worktravel.. |    156,600    .8210624    .0594933    .565174   .9481063
worktravel.. |    156,600    .0820605    .0578614   .0080907    .362708
-------------+---------------------------------------------------------
colleg~20105 |    156,600    .4411882    .1670347   .0860239   .9081349
poor_s~20105 |    156,600    .1349342    .0819292   .0123633   .5788661
lo_hhi~20105 |    156,600    .3756629    .1473196   .0449036   .8225102
hi_hhi~20105 |    156,600     .275351    .1501347   .0254453   .7851244
med_hh~20105 |    156,600    66919.72    24575.33   20527.66   191553.2
-------------+---------------------------------------------------------
unemp_~20105 |    156,600    .0936933    .0418548   .0211286   .3385852
employ~20105 |    156,600    .9009183     .039899   .6807186   .9719977
med_earn_h~5 |    155,040    27237.46    14110.53       2499     250001
m~tectserv~5 |    155,280    48087.58    20765.34       2499     250001
med_earn_f~5 |    156,480    16558.06    7029.657   4436.876   136515.3
-------------+---------------------------------------------------------
med_earn_c~5 |    155,040     22797.4    11990.55       2499   246364.8
med_~e_20105 |    156,600    19792.87    10529.06       2499     250001
med~sp_20105 |    156,480    34127.94    11516.45   15005.94   193485.7
l~25_rel_m~6 |    156,600     2005.62    2270.478          0       5000
treated~25_6 |    156,600    .6413793    .4795971          0          1
-------------+---------------------------------------------------------
unused_~25_6 |    156,600    .0285057    .1664132          0          1
c_unuse~25_6 |    156,600    1.552612    2.163527          0          9
months_unt~s |    156,600        59.5    34.63992          0        119
l~75_rel_m~6 |    156,600    3134.988    2356.225          0       5000
treated~75_6 |    156,600    .3877395    .4872362          0          1
-------------+---------------------------------------------------------
unused_~75_6 |    156,600    .0306194    .1722848          0          1
c_unuse~75_6 |    156,600    1.706047    2.301755          0          9




(note: file ../temp/baseline_rent_panel_6.dta not found)
file ../temp/baseline_rent_panel_6.dta saved

. 
end of do-file


Execute:  StataMP-64 /e do "./last_event_study.do"

  ___  ____  ____  ____  ____ (R)
 /__    /   ____/   /   ____/
___/   /   /___/   /   /___/   15.1   Copyright 1985-2017 StataCorp LLC
  Statistics/Data Analysis            StataCorp
                                      4905 Lakeway Drive
     MP - Parallel Edition            College Station, Texas 77845 USA
                                      800-STATA-PC        http://www.stata.com
                                      979-696-4600        stata@stata.com
                                      979-696-4601 (fax)

Single-user 32-core Stata perpetual license:
       Serial number:  501506205566
         Licensed to:  KU Leuven FEB (CES)
                       KU Leuven

Notes:
      1.  Stata is running in batch mode.
      2.  Unicode is supported; see help unicode_advice.
      3.  More than 2 billion observations are allowed; see help obs_advice.
      4.  Maximum number of variables is set to 5000; see help set_maxvar.

. do ./last_event_study.do 

. clear all

. set more off

. adopath + ../../../lib/stata/gslab_misc/ado
  [1]  (BASE)      "C:\Program Files\Stata15\ado\base/"
  [2]  (SITE)      "C:\Program Files\Stata15\ado\site/"
  [3]              "."
  [4]  (PERSONAL)  "c:\ado\personal/"
  [5]  (PLUS)      "c:\ado\plus/"
  [6]  (OLDPLACE)  "c:\ado/"
  [7]              "../../../lib/stata/gslab_misc/ado"

. adopath + ../../../lib/stata/min_wage/ado
  [1]  (BASE)      "C:\Program Files\Stata15\ado\base/"
  [2]  (SITE)      "C:\Program Files\Stata15\ado\site/"
  [3]              "."
  [4]  (PERSONAL)  "c:\ado\personal/"
  [5]  (PLUS)      "c:\ado\plus/"
  [6]  (OLDPLACE)  "c:\ado/"
  [7]              "../../../lib/stata/gslab_misc/ado"
  [8]              "../../../lib/stata/min_wage/ado"

. set maxvar 32000 


. 
. program main
  1.         local instub "../temp"
  2.         local outstub "../output"
  3. 
.         local ZFE               "zipcode year_month"
  4.         local ZFE_trend "zipcode year_month c.trend#i.countyfips c.trend_s
> q#i.countyfips"
  5.         local cluster_se "statefips"
  6.         local yaxis "ylabel(-0.01(0.01)0.05) yscale(range(-0.01(0.01)0.05)
> )"
  7. 
.         foreach w in 6 {
  8.                 foreach depvar in psqft_sfcc {
  9.                         foreach data in rent {
 10. 
.                                 use "`instub'/baseline_`data'_panel_`w'.dta",
>  clear
 11.                                 
.                                 rename treated_mw_event025_6 treated
 12. 
.                                 create_event_plot_with_untreated, depvar(med`
> data'price`depvar')        ///
>                                         event_var(last_mw_event025_rel_months
> `w')                                               ///
>                                         controls("i.c_unused_mw_event025_`w'"
> ) window(`w')                              ///
>                                         absorb(`ZFE') cluster(`cluster_se') y
> axis(`yaxis')
 13.                                 graph export "../output/last_`data'`depvar
> '_event025_w`w'.png", replace
 14. 
.                                 create_event_plot_with_untreated, depvar(med`
> data'price`depvar')        ///
>                                         event_var(last_mw_event025_rel_months
> `w')                                               ///
>                                         controls("i.c_unused_mw_event025_`w'"
> ) window(`w')                              ///
>                                         absorb(`ZFE_trend') cluster(`cluster_
> se') yaxis(`yaxis')
 15.                                 graph export "../output/last_`data'`depvar
> '_event025_w`w'_county-trend.png", replace
 16.                                 
.                                 drop treated
 17.                                 rename treated_mw_event075_6 treated
 18. 
.                                 create_event_plot_with_untreated, depvar(med`
> data'price`depvar')        ///
>                                         event_var(last_mw_event075_rel_months
> `w')                                               ///
>                                         controls("i.c_unused_mw_event075_`w'"
> ) window(`w')                              ///
>                                         absorb(`ZFE') cluster(`cluster_se') y
> axis(`yaxis')
 19.                                 graph export "`outstub'/last_`data'`depvar
> '_event075_w`w'.png", replace
 20. 
.                                 create_event_plot_with_untreated, depvar(med`
> data'price`depvar')        ///
>                                         event_var(last_mw_event075_rel_months
> `w')                                               ///
>                                         controls("i.c_unused_mw_event075_`w'"
> ) window(`w')                              ///
>                                         absorb(`ZFE_trend') cluster(`cluster_
> se') yaxis(`yaxis')
 21.                                 graph export "`outstub'/last_`data'`depvar
> '_event075_w`w'_county-trend.png", replace
 22.                         }
 23. 
.                 use "`instub'/baseline_rent_panel_`w'.dta" if treated_mw_even
> t025_6, clear
 24. 
.                 create_event_plot, depvar(medrentprice`depvar')              
>                                            ///
>                         event_var(last_mw_event025_rel_months`w')            
>                                                    ///
>                         controls("i.c_unused_mw_event025_`w'") window(`w')   
>                                            ///
>                         absorb(`ZFE') cluster(`cluster_se') yaxis(`yaxis')
 25.                 graph export "../output/last_rent`depvar'_event025_w`w'_tr
> eated-only.png", replace
 26.                 
.                 use "`instub'/baseline_rent_panel_`w'.dta" if treated_mw_even
> t075_6, clear
 27. 
.                 create_event_plot, depvar(medrentprice`depvar')              
>                                            ///
>                         event_var(last_mw_event075_rel_months`w')            
>                                                    ///
>                         controls("i.c_unused_mw_event075_`w'") window(`w')   
>                                            ///
>                         absorb(`ZFE') cluster(`cluster_se') yaxis(`yaxis')
 28.                 graph export "`outstub'/last_rent`depvar'_event075_w`w'_tr
> eated-only.png", replace
 29.                 }
 30.         }
 31. end

. 
. main
(MWFE estimator converged in 6 iterations)

HDFE Linear regression                            Number of obs   =    113,375
Absorbing 2 HDFE groups                           F(  23,     40) =     192.71
Statistics robust to heteroskedasticity           Prob > F        =     0.0000
                                                  R-squared       =     0.9921
                                                  Adj R-squared   =     0.9920
                                                  Within R-sq.    =     0.0811
Number of clusters (statefips) =         41       Root MSE        =     0.0701

                             (Std. Err. adjusted for 41 clusters in statefips)
------------------------------------------------------------------------------
             |               Robust
medre~t_sfcc |      Coef.   Std. Err.      t    P>|t|     [95% Conf. Interval]
-------------+----------------------------------------------------------------
l~25_rel_m~6#|
     treated |
        0 1  |   .0105038   .0154106     0.68   0.499    -.0206422    .0416497
        1 1  |    .002181   .0048824     0.45   0.657    -.0076866    .0120487
        2 1  |  -.0006159   .0036966    -0.17   0.869    -.0080871    .0068552
        3 1  |  -.0025403   .0032473    -0.78   0.439    -.0091034    .0040227
        4 1  |  -.0016725   .0036871    -0.45   0.653    -.0091245    .0057794
        5 1  |  -.0002374   .0022836    -0.10   0.918    -.0048527    .0043779
        7 1  |   .0082583   .0022099     3.74   0.001     .0037919    .0127248
        8 1  |    .011305    .004313     2.62   0.012     .0025881    .0200219
        9 1  |   .0124615   .0043491     2.87   0.007     .0036716    .0212514
       10 1  |   .0173562   .0059626     2.91   0.006     .0053054     .029407
       11 1  |   .0189508   .0067006     2.83   0.007     .0054084    .0324931
       12 1  |   .0226621   .0078328     2.89   0.006     .0068316    .0384927
       13 1  |   .0234368    .006363     3.68   0.001     .0105767     .036297
     1000 1  |   .0072435   .0176975     0.41   0.685    -.0285245    .0430116
             |
c_unuse~25_6 |
          1  |   .0489265   .0146163     3.35   0.002      .019386    .0784671
          2  |   .0624705    .018252     3.42   0.001     .0255817    .0993592
          3  |   .0806311   .0224939     3.58   0.001     .0351693    .1260929
          4  |   .1019952   .0318297     3.20   0.003      .037665    .1663253
          5  |    .099909   .0362003     2.76   0.009     .0267455    .1730725
          6  |   .1408443   .0355531     3.96   0.000     .0689888    .2126999
          7  |     .15621   .0279835     5.58   0.000     .0996532    .2127667
          8  |   .2429687   .0343727     7.07   0.000     .1734989    .3124385
          9  |    .431956   .0915102     4.72   0.000     .2470069    .6169052
------------------------------------------------------------------------------

Absorbed degrees of freedom:
-----------------------------------------------------+
 Absorbed FE | Categories  - Redundant  = Num. Coefs |
-------------+---------------------------------------|
     zipcode |      1143        1143           0    *|
  year_month |       119           0         119     |
-----------------------------------------------------+
* = FE nested within cluster; treated as redundant for DoF computation
(note:  named style grey not found in class color, default attributes used)
(note: file ../output/last_rentpsqft_sfcc_event025_w6.png not found)
(file ../output/last_rentpsqft_sfcc_event025_w6.png written in PNG format)
(MWFE estimator converged in 240 iterations)

HDFE Linear regression                            Number of obs   =    113,071
Absorbing 4 HDFE groups                           F(  23,     40) =      14.32
Statistics robust to heteroskedasticity           Prob > F        =     0.0000
                                                  R-squared       =     0.9950
                                                  Adj R-squared   =     0.9949
                                                  Within R-sq.    =     0.0051
Number of clusters (statefips) =         41       Root MSE        =     0.0559

                             (Std. Err. adjusted for 41 clusters in statefips)
------------------------------------------------------------------------------
             |               Robust
medre~t_sfcc |      Coef.   Std. Err.      t    P>|t|     [95% Conf. Interval]
-------------+----------------------------------------------------------------
l~25_rel_m~6#|
     treated |
        0 1  |   .0048859   .0050982     0.96   0.344    -.0054179    .0151898
        1 1  |   .0057265   .0050801     1.13   0.266    -.0045409    .0159938
        2 1  |   .0021236   .0032484     0.65   0.517    -.0044417    .0086889
        3 1  |  -.0003473   .0024341    -0.14   0.887    -.0052668    .0045721
        4 1  |   7.99e-06   .0031355     0.00   0.998    -.0063292    .0063451
        5 1  |   .0008207   .0021706     0.38   0.707    -.0035664    .0052077
        7 1  |     .00234   .0027047     0.87   0.392    -.0031264    .0078064
        8 1  |   .0048238    .004818     1.00   0.323    -.0049138    .0145613
        9 1  |   .0051439   .0045008     1.14   0.260    -.0039526    .0142404
       10 1  |   .0093717   .0065205     1.44   0.158    -.0038066    .0225501
       11 1  |   .0105156   .0073122     1.44   0.158    -.0042629     .025294
       12 1  |   .0137317   .0092692     1.48   0.146    -.0050021    .0324655
       13 1  |   .0112063   .0083071     1.35   0.185     -.005583    .0279956
     1000 1  |   .0023629   .0097558     0.24   0.810    -.0173543      .02208
             |
c_unuse~25_6 |
          1  |  -.0036443   .0049225    -0.74   0.463     -.013593    .0063044
          2  |   .0007845    .007874     0.10   0.921    -.0151295    .0166984
          3  |   .0068121   .0117586     0.58   0.566     -.016953    .0305772
          4  |   .0063057   .0170506     0.37   0.713    -.0281549    .0407662
          5  |   .0032659   .0255913     0.13   0.899    -.0484561    .0549879
          6  |   .0022238   .0285936     0.08   0.938    -.0555661    .0600137
          7  |  -.0166608   .0317309    -0.53   0.602    -.0807913    .0474697
          8  |  -.0276588   .0381949    -0.72   0.473    -.1048535     .049536
          9  |   .1557385   .1135622     1.37   0.178    -.0737794    .3852563
------------------------------------------------------------------------------

Absorbed degrees of freedom:
---------------------------------------------------------------+
           Absorbed FE | Categories  - Redundant  = Num. Coefs |
-----------------------+---------------------------------------|
               zipcode |      1140        1140           0    *|
            year_month |       119           0         119     |
    countyfips#c.trend |       231           0         231    ?|
 countyfips#c.trend_sq |       231           0         231    ?|
---------------------------------------------------------------+
? = number of redundant parameters may be higher
* = FE nested within cluster; treated as redundant for DoF computation
(note:  named style grey not found in class color, default attributes used)
(note: file ../output/last_rentpsqft_sfcc_event025_w6_county-trend.png not foun
> d)
(file ../output/last_rentpsqft_sfcc_event025_w6_county-trend.png written in PNG
>  format)
(MWFE estimator converged in 6 iterations)

HDFE Linear regression                            Number of obs   =    113,375
Absorbing 2 HDFE groups                           F(  23,     40) =      29.68
Statistics robust to heteroskedasticity           Prob > F        =     0.0000
                                                  R-squared       =     0.9921
                                                  Adj R-squared   =     0.9920
                                                  Within R-sq.    =     0.0834
Number of clusters (statefips) =         41       Root MSE        =     0.0700

                             (Std. Err. adjusted for 41 clusters in statefips)
------------------------------------------------------------------------------
             |               Robust
medre~t_sfcc |      Coef.   Std. Err.      t    P>|t|     [95% Conf. Interval]
-------------+----------------------------------------------------------------
l~75_rel_m~6#|
     treated |
        0 1  |  -.0260883   .0195505    -1.33   0.190    -.0656013    .0134246
        1 1  |   .0045499   .0068654     0.66   0.511    -.0093256    .0184254
        2 1  |   .0022021   .0052456     0.42   0.677    -.0083997    .0128038
        3 1  |   .0033773   .0058846     0.57   0.569    -.0085158    .0152705
        4 1  |  -.0056653   .0034928    -1.62   0.113    -.0127245    .0013939
        5 1  |  -.0009381   .0027114    -0.35   0.731     -.006418    .0045417
        7 1  |   .0166828   .0034218     4.88   0.000     .0097672    .0235985
        8 1  |   .0187393   .0052109     3.60   0.001     .0082077    .0292709
        9 1  |   .0205624   .0058977     3.49   0.001     .0086427     .032482
       10 1  |    .024211   .0075721     3.20   0.003     .0089072    .0395149
       11 1  |   .0273752   .0100054     2.74   0.009     .0071535    .0475969
       12 1  |   .0288754   .0100046     2.89   0.006     .0086554    .0490954
       13 1  |    .029685   .0082861     3.58   0.001     .0129381    .0464319
     1000 1  |  -.0066457    .012409    -0.54   0.595    -.0317251    .0184338
             |
c_unuse~75_6 |
          1  |   .0513899   .0137895     3.73   0.001     .0235202    .0792595
          2  |   .0550216   .0152322     3.61   0.001     .0242362    .0858069
          3  |   .0695259    .021253     3.27   0.002      .026572    .1124797
          4  |   .0738837   .0303881     2.43   0.020      .012467    .1353003
          5  |   .0851445   .0266296     3.20   0.003     .0313242    .1389649
          6  |    .128962   .0235477     5.48   0.000     .0813702    .1765537
          7  |   .1497374   .0213597     7.01   0.000     .1065678    .1929069
          8  |   .1624716    .026651     6.10   0.000     .1086079    .2163353
          9  |   .2962338   .0909661     3.26   0.002     .1123845    .4800831
------------------------------------------------------------------------------

Absorbed degrees of freedom:
-----------------------------------------------------+
 Absorbed FE | Categories  - Redundant  = Num. Coefs |
-------------+---------------------------------------|
     zipcode |      1143        1143           0    *|
  year_month |       119           0         119     |
-----------------------------------------------------+
* = FE nested within cluster; treated as redundant for DoF computation
(note:  named style grey not found in class color, default attributes used)
(note: file ../output/last_rentpsqft_sfcc_event075_w6.png not found)
(file ../output/last_rentpsqft_sfcc_event075_w6.png written in PNG format)
(MWFE estimator converged in 240 iterations)

HDFE Linear regression                            Number of obs   =    113,071
Absorbing 4 HDFE groups                           F(  23,     40) =      33.94
Statistics robust to heteroskedasticity           Prob > F        =     0.0000
                                                  R-squared       =     0.9950
                                                  Adj R-squared   =     0.9949
                                                  Within R-sq.    =     0.0054
Number of clusters (statefips) =         41       Root MSE        =     0.0559

                             (Std. Err. adjusted for 41 clusters in statefips)
------------------------------------------------------------------------------
             |               Robust
medre~t_sfcc |      Coef.   Std. Err.      t    P>|t|     [95% Conf. Interval]
-------------+----------------------------------------------------------------
l~75_rel_m~6#|
     treated |
        0 1  |  -.0052554   .0119204    -0.44   0.662    -.0293474    .0188365
        1 1  |   .0076183   .0060142     1.27   0.213    -.0045369    .0197734
        2 1  |   .0045566   .0045207     1.01   0.320    -.0045802    .0136933
        3 1  |   .0052329   .0054809     0.95   0.345    -.0058445    .0163102
        4 1  |  -.0043203   .0030693    -1.41   0.167    -.0105236     .001883
        5 1  |  -.0005221   .0026063    -0.20   0.842    -.0057896    .0047454
        7 1  |   .0101751   .0044265     2.30   0.027     .0012289    .0191213
        8 1  |   .0127341   .0064785     1.97   0.056    -.0003593    .0258276
        9 1  |   .0140986   .0066178     2.13   0.039     .0007236    .0274737
       10 1  |    .017331   .0087668     1.98   0.055    -.0003874    .0350493
       11 1  |    .020221   .0109776     1.84   0.073    -.0019656    .0424076
       12 1  |   .0213819   .0109054     1.96   0.057    -.0006587    .0434224
       13 1  |    .020074   .0098144     2.05   0.047     .0002384    .0399096
     1000 1  |   .0161957    .006914     2.34   0.024     .0022221    .0301694
             |
c_unuse~75_6 |
          1  |   .0000776   .0038733     0.02   0.984    -.0077507    .0079058
          2  |   .0056676   .0079963     0.71   0.483    -.0104935    .0218287
          3  |   .0118284   .0152969     0.77   0.444    -.0190878    .0427447
          4  |   .0106888   .0180504     0.59   0.557    -.0257924    .0471701
          5  |   .0325561   .0205633     1.58   0.121    -.0090038    .0741161
          6  |   .0402179   .0250033     1.61   0.116    -.0103157    .0907515
          7  |   .0380153   .0257313     1.48   0.147    -.0139896    .0900201
          8  |    .028475   .0296928     0.96   0.343    -.0315364    .0884864
          9  |   .1333404   .1062249     1.26   0.217    -.0813481     .348029
------------------------------------------------------------------------------

Absorbed degrees of freedom:
---------------------------------------------------------------+
           Absorbed FE | Categories  - Redundant  = Num. Coefs |
-----------------------+---------------------------------------|
               zipcode |      1140        1140           0    *|
            year_month |       119           0         119     |
    countyfips#c.trend |       231           0         231    ?|
 countyfips#c.trend_sq |       231           0         231    ?|
---------------------------------------------------------------+
? = number of redundant parameters may be higher
* = FE nested within cluster; treated as redundant for DoF computation
(note:  named style grey not found in class color, default attributes used)
(note: file ../output/last_rentpsqft_sfcc_event075_w6_county-trend.png not foun
> d)
(file ../output/last_rentpsqft_sfcc_event075_w6_county-trend.png written in PNG
>  format)
(MWFE estimator converged in 6 iterations)

HDFE Linear regression                            Number of obs   =     71,549
Absorbing 2 HDFE groups                           F(  23,     23) =   39124.30
Statistics robust to heteroskedasticity           Prob > F        =     0.0000
                                                  R-squared       =     0.9924
                                                  Adj R-squared   =     0.9923
                                                  Within R-sq.    =     0.0260
Number of clusters (statefips) =         24       Root MSE        =     0.0800

                             (Std. Err. adjusted for 24 clusters in statefips)
------------------------------------------------------------------------------
             |               Robust
medre~t_sfcc |      Coef.   Std. Err.      t    P>|t|     [95% Conf. Interval]
-------------+----------------------------------------------------------------
l~25_rel_m~6 |
          0  |   .0151327    .013668     1.11   0.280    -.0131416    .0434071
          1  |   .0027843     .00555     0.50   0.621    -.0086968    .0142654
          2  |  -.0003007   .0045336    -0.07   0.948    -.0096792    .0090779
          3  |  -.0020902   .0036939    -0.57   0.577    -.0097316    .0055511
          4  |  -.0016142   .0039108    -0.41   0.684    -.0097042    .0064758
          5  |    .000187   .0025392     0.07   0.942    -.0050658    .0054397
          7  |   .0065192   .0036871     1.77   0.090    -.0011082    .0141466
          8  |   .0092211   .0067984     1.36   0.188    -.0048425    .0232847
          9  |   .0105163   .0065881     1.60   0.124    -.0031122    .0241448
         10  |   .0149132   .0077124     1.93   0.066    -.0010411    .0308674
         11  |   .0144278   .0085508     1.69   0.105    -.0032608    .0321165
         12  |   .0181952   .0094595     1.92   0.067    -.0013733    .0377637
         13  |   .0198827   .0090247     2.20   0.038     .0012136    .0385518
       1000  |    .003365   .0223316     0.15   0.882    -.0428315    .0495615
             |
c_unuse~25_6 |
          1  |   .0331278   .0184988     1.79   0.086    -.0051398    .0713954
          2  |   .0400258   .0208699     1.92   0.068    -.0031468    .0831984
          3  |   .0493161   .0247036     2.00   0.058    -.0017872    .1004195
          4  |   .0607901   .0380366     1.60   0.124    -.0178947    .1394748
          5  |   .0466725   .0451111     1.03   0.312    -.0466469     .139992
          6  |   .0781374   .0438468     1.78   0.088    -.0125665    .1688414
          7  |   .0848813    .035336     2.40   0.025     .0117831    .1579794
          8  |   .1670651   .0420271     3.98   0.001     .0801254    .2540049
          9  |   .3500867   .0958447     3.65   0.001     .1518167    .5483566
------------------------------------------------------------------------------

Absorbed degrees of freedom:
-----------------------------------------------------+
 Absorbed FE | Categories  - Redundant  = Num. Coefs |
-------------+---------------------------------------|
     zipcode |       712         712           0    *|
  year_month |       119           0         119     |
-----------------------------------------------------+
* = FE nested within cluster; treated as redundant for DoF computation
(note:  named style grey not found in class color, default attributes used)
(note:  named style grey not found in class color, default attributes used)
(note: file ../output/last_rentpsqft_sfcc_event025_w6_treated-only.png not foun
> d)
(file ../output/last_rentpsqft_sfcc_event025_w6_treated-only.png written in PNG
>  format)
(MWFE estimator converged in 6 iterations)
warning: missing F statistic; dropped variables due to collinearity or too few 
> clusters

HDFE Linear regression                            Number of obs   =     39,712
Absorbing 2 HDFE groups                           F(  23,     18) =          .
Statistics robust to heteroskedasticity           Prob > F        =          .
                                                  R-squared       =     0.9932
                                                  Adj R-squared   =     0.9931
                                                  Within R-sq.    =     0.0411
Number of clusters (statefips) =         19       Root MSE        =     0.0938

                             (Std. Err. adjusted for 19 clusters in statefips)
------------------------------------------------------------------------------
             |               Robust
medre~t_sfcc |      Coef.   Std. Err.      t    P>|t|     [95% Conf. Interval]
-------------+----------------------------------------------------------------
l~75_rel_m~6 |
          0  |  -.0315609   .0285963    -1.10   0.284    -.0916394    .0285176
          1  |   .0007104   .0073789     0.10   0.924    -.0147921    .0162128
          2  |   .0002238   .0070091     0.03   0.975    -.0145017    .0149494
          3  |   .0048991    .007769     0.63   0.536     -.011423    .0212212
          4  |  -.0069311   .0039274    -1.76   0.095    -.0151823    .0013202
          5  |  -.0000175   .0025636    -0.01   0.995    -.0054033    .0053684
          7  |   .0092597   .0083441     1.11   0.282    -.0082705      .02679
          8  |   .0062227   .0097997     0.63   0.533    -.0143656     .026811
          9  |   .0054833   .0092414     0.59   0.560    -.0139323    .0248988
         10  |   .0054208   .0116703     0.46   0.648    -.0190977    .0299392
         11  |   .0022225   .0131688     0.17   0.868    -.0254441    .0298891
         12  |   .0030676   .0122344     0.25   0.805    -.0226359     .028771
         13  |   .0023477   .0140066     0.17   0.869    -.0270791    .0317744
       1000  |  -.0361081   .0165945    -2.18   0.043    -.0709719   -.0012444
             |
c_unuse~75_6 |
          1  |   .0239177   .0207081     1.15   0.263    -.0195884    .0674238
          2  |   .0205745   .0251596     0.82   0.424    -.0322838    .0734329
          3  |   .0293543   .0365866     0.80   0.433    -.0475114    .1062199
          4  |    .020864   .0611429     0.34   0.737    -.1075924    .1493204
          5  |  -.0126996   .0673664    -0.19   0.853    -.1542311    .1288319
          6  |   .0563004   .0818474     0.69   0.500    -.1156545    .2282553
          7  |   .0559245   .0874781     0.64   0.531    -.1278602    .2397093
          8  |   .1131959   .0930247     1.22   0.239    -.0822417    .3086334
          9  |   .3168409   .1326379     2.39   0.028     .0381791    .5955027
------------------------------------------------------------------------------

Absorbed degrees of freedom:
-----------------------------------------------------+
 Absorbed FE | Categories  - Redundant  = Num. Coefs |
-------------+---------------------------------------|
     zipcode |       408         408           0    *|
  year_month |       119           0         119     |
-----------------------------------------------------+
* = FE nested within cluster; treated as redundant for DoF computation
(note:  named style grey not found in class color, default attributes used)
(note:  named style grey not found in class color, default attributes used)
(note: file ../output/last_rentpsqft_sfcc_event075_w6_treated-only.png not foun
> d)
(file ../output/last_rentpsqft_sfcc_event075_w6_treated-only.png written in PNG
>  format)

. 
end of do-file

 make.py ended: 2020-06-20 13:59:03
