
 make.py started: 2020-06-19 20:52:09 C:\Users\shermo\Documents\GitHub\min_wage_rent\analysis\event_size_robustness\code 




Execute:  StataMP-64 /e do "./preclean.do"

  ___  ____  ____  ____  ____ (R)
 /__    /   ____/   /   ____/
___/   /   /___/   /   /___/   15.1   Copyright 1985-2017 StataCorp LLC
  Statistics/Data Analysis            StataCorp
                                      4905 Lakeway Drive
     MP - Parallel Edition            College Station, Texas 77845 USA
                                      800-STATA-PC        http://www.stata.com
                                      979-696-4600        stata@stata.com
                                      979-696-4601 (fax)

Single-user 32-core Stata perpetual license:
       Serial number:  501506205566
         Licensed to:  KU Leuven FEB (CES)
                       KU Leuven

Notes:
      1.  Stata is running in batch mode.
      2.  Unicode is supported; see help unicode_advice.
      3.  More than 2 billion observations are allowed; see help obs_advice.
      4.  Maximum number of variables is set to 5000; see help set_maxvar.

. do ./preclean.do 

. clear all

. set more off

. adopath + ../../../lib/stata/gslab_misc/ado
  [1]  (BASE)      "C:\Program Files\Stata15\ado\base/"
  [2]  (SITE)      "C:\Program Files\Stata15\ado\site/"
  [3]              "."
  [4]  (PERSONAL)  "c:\ado\personal/"
  [5]  (PLUS)      "c:\ado\plus/"
  [6]  (OLDPLACE)  "c:\ado/"
  [7]              "../../../lib/stata/gslab_misc/ado"

. set maxvar 32000 


. 
. program main
  1.         local instub "../../../drive/derived_large/output"
  2.         local outstub "../temp"
  3. 
.         foreach data in rent {
  4.                 foreach w in 6 {
  5.                         use "`instub'/baseline_`data'_panel.dta", clear
  6. 
.                         create_latest_event_vars, event_dummy(mw_event025) w(
> `w')                               ///
>                                 time(year_month) geo(zipcode) panel_end(2019m
> 12)
  7.                         drop months_until_panel_ends
  8. 
.                         gen treated025 = !missing(last_mw_event025_rel_months
> `w')
  9.                         replace last_mw_event025_rel_months`w' = 20000 if 
> !treated025
 10. 
.                         create_latest_event_vars, event_dummy(mw_event075) w(
> `w')                               ///
>                                 time(year_month) geo(zipcode) panel_end(2019m
> 12)
 11. 
.                         gen treated075 = !missing(last_mw_event075_rel_months
> `w')
 12.                         replace last_mw_event075_rel_months`w' = 20000 if 
> !treated075
 13. 
.                         save_data "`outstub'/baseline_`data'_panel_`w'.dta", 
>                                    ///
>                                 key(zipcode year_month) replace log(none)
 14.                 }
 15.         }
 16. end

. 
. program create_latest_event_vars
  1.         syntax, event_dummy(str) w(int) time(str) geo(str) panel_end(str)
  2.         
.         local window_span = `w'*2 + 1 
  3. 
.         gen `event_dummy'_`time' = `time' if `event_dummy' == 1
  4.         format `event_dummy'_`time' %tm
  5. 
.         gen months_until_panel_ends = `=tm(`panel_end')' - `time'
  6. 
.         preserve
  7.                 keep if months_until_panel_ends >= (`w' + 1)
  8.                 collapse (max) last_`event_dummy'_`time' = `event_dummy'_`
> time', by(`geo')
  9. 
.                 format last_`event_dummy'_`time' %tm
 10.                 keep `geo' last_`event_dummy'_`time'
 11. 
.                 save_data "../temp/last_event`w'_by_`geo'.dta", key(`geo') re
> place
 12.         restore
 13.         
.         merge m:1 `geo' using "../temp/last_event`w'_by_`geo'.dta",          
>                                    ///
>                 nogen assert(3) keep(3)
 14.         
.         gen last_`event_dummy'_rel_months`w' = `time' - last_`event_dummy'_`t
> ime'
 15.         replace last_`event_dummy'_rel_months`w' = last_`event_dummy'_rel_
> months`w' + `w' + 1
 16.         
.         replace last_`event_dummy'_rel_months`w' = 0                         
>                                                    ///
>                                 if last_`event_dummy'_rel_months`w' <= 0
 17.         replace last_`event_dummy'_rel_months`w' = 1000                   
>                                                       ///
>                                 if (last_`event_dummy'_rel_months`w' > `windo
> w_span' &                                  ///
>                                 !missing(last_`event_dummy'_rel_months`w'))
 18.         
.         gen unused_mw_event_`event_dummy'_`w' = (mw_event == 1 &             
>                                            ///
>                                                                              
>            last_`event_dummy'_rel_months`w' != (`w' + 1))
 19.         bysort `geo' (`time'): gen c_unused_`event_dummy'_`w' = sum(unused
> _mw_event_`event_dummy'_`w')
 20.                 
.         drop `event_dummy'_`time' last_`event_dummy'_`time'    
 21. end

. 
. main
(153,791 missing values generated)
(9,135 observations deleted)
(data already sorted by zipcode)
  variable last_mw_event025_year_month was float now int
  (2,610 bytes saved)
============================================================================
File: ../temp/last_event6_by_zipcode.dta
Key: zipcode
============================================================================
  1305:2(71212):3196199008:493955382

    Variable |        Obs        Mean    Std. Dev.       Min        Max
-------------+---------------------------------------------------------
     zipcode |      1,305    51920.57    29196.87       2113      99577
last_mw_ev~h |        837    673.3297    40.77847        606        708




(note: file ../temp/last_event6_by_zipcode.dta not found)
file ../temp/last_event6_by_zipcode.dta saved

    Result                           # of obs.
    -----------------------------------------
    not matched                             0
    matched                           156,600  
    -----------------------------------------
(56,160 missing values generated)
(100,440 real changes made)
(55,574 real changes made)
(33,204 real changes made)
(56,160 real changes made)
(155,326 missing values generated)
(9,135 observations deleted)
(data already sorted by zipcode)
  variable last_mw_event075_year_month was float now int
  (2,610 bytes saved)
============================================================================
File: ../temp/last_event6_by_zipcode.dta
Key: zipcode
============================================================================
  1305:2(71245):4074591316:543612335

    Variable |        Obs        Mean    Std. Dev.       Min        Max
-------------+---------------------------------------------------------
     zipcode |      1,305    51920.57    29196.87       2113      99577
last_mw_ev~h |        506    690.2866    19.98531        636        708




file ../temp/last_event6_by_zipcode.dta saved

    Result                           # of obs.
    -----------------------------------------
    not matched                             0
    matched                           156,600  
    -----------------------------------------
(95,880 missing values generated)
(60,720 real changes made)
(42,143 real changes made)
(11,493 real changes made)
(95,880 real changes made)
(data already sorted by zipcode year_month)
  variable last_mw_event025_rel_months6 was float now int
  variable unused_mw_event_mw_event025_6 was float now byte
  variable c_unused_mw_event025_6 was float now byte
  variable treated025 was float now byte
  variable months_until_panel_ends was float now int
  variable last_mw_event075_rel_months6 was float now int
  variable unused_mw_event_mw_event075_6 was float now byte
  variable c_unused_mw_event075_6 was float now byte
  variable treated075 was float now byte
  (3,758,400 bytes saved)
============================================================================
File: ../temp/baseline_rent_panel_6.dta
Key: zipcode year_month
============================================================================
  156600:77(34610):145358216:2402294573

    Variable |        Obs        Mean    Std. Dev.       Min        Max
-------------+---------------------------------------------------------
     zipcode |    156,600    51920.57    29185.78       2113      99577
  year_month |    156,600       659.5    34.63992        600        719
  place_code |    129,840    40657.65    22564.03        410      87240
   placetype |          0
  countyfips |    156,240    24077.04    16484.28       1003      56021
-------------+---------------------------------------------------------
      county |          0
   statefips |    156,600    23.97854    16.42626          1         56
medre~e_sfcc |    125,644    1651.102    702.9949        595       6595
      fed_mw |    156,600        7.25           0       7.25       7.25
    state_mw |    156,600    8.016521    1.074868       7.25         14
-------------+---------------------------------------------------------
   county_mw |      8,400    9.085036    1.582498       7.25      14.25
county_abo~w |      8,400        .305    .4604348          0          1
    local_mw |      9,720    9.504039    1.904531       7.25         16
local_abov~w |      9,720     .369856    .4827903          0          1
   actual_mw |    156,600    8.077733    1.207496       7.25         16
-------------+---------------------------------------------------------
    which_mw |    156,600    2.137701    .4837252          2          4
  dactual_mw |    156,600    .0151952    .1121177          0       2.21
    mw_event |    156,600    .0338506     .180845          0          1
 state_event |    156,600    .0300255    .1706581          0          1
county_event |    156,600    .0009962    .0315465          0          1
-------------+---------------------------------------------------------
 local_event |    156,600    .0028289    .0531119          0          1
   fed_event |    156,600           0           0          0          0
calendar_m~h |    156,600         6.5    3.452064          1         12
         msa |    156,600    436.1801    240.1675         12        860
       trend |    156,600       225.5    34.63992        166        285
-------------+---------------------------------------------------------
    trend_sq |    156,600    52050.17    15659.42      27556      81225
    trend_cu |    156,600    1.23e+07     5408203    4574296   2.31e+07
sal_mw_event |    156,600    .0134036    .1149957          0          1
 mw_event025 |    156,600    .0179374    .1327245          0          1
 mw_event075 |    156,600    .0081354     .089829          0          1
-------------+---------------------------------------------------------
m~e_mfr5plus |     47,091     1715.37    757.3231        450       6095
medren~e_2br |     32,426    1996.785    1014.866        495       6800
medre~t_sfcc |    113,375    1.188344    .7824813   .4180214   6.731387
medren~t_2br |     24,789     1.84165    .9184999   .5015197   6.499599
m~t_mfr5plus |     37,588    1.842276    1.001968   .5106889    6.48415
-------------+---------------------------------------------------------
     pop2010 |    156,600    5094.666    2053.232   1134.729   29439.89
urb_sha~2010 |    156,600    .9672256    .0773197   .2883417          1
white_s~2010 |    156,600    .5450552    .2217932   .0036694   .9396675
black_s~2010 |    156,600    .1651694    .2005277   .0034277   .9753516
hisp_sh~2010 |    156,600    .1888204     .170269   .0072045   .9338689
-------------+---------------------------------------------------------
asian_s~2010 |    156,600    .0694605    .0849161   .0004593    .689378
natam_s~2010 |    156,600    .0016674    .0054796          0   .0926286
child_s~2010 |    156,600    .1949678    .0525717   .0183688   .3495505
teen_sh~2010 |    156,600    .0936518    .0332365   .0099649   .4035518
youngad~2010 |    156,600    .2025643    .0731132   .0293848    .625282
-------------+---------------------------------------------------------
adult_s~2010 |    156,600    .3950195    .0471422   .1545396   .5850629
elder_s~2010 |    156,600    .1137966    .0604392   .0093771   .7075161
housing~2010 |    156,600     2154.05    835.5169   808.8774   13289.88
hh_couple_s~ |    156,600     .537118    .1326535   .1637825   .8152068
h~child_sh~0 |    156,600    .4511574    .1031615   .0341987   .7473651
-------------+---------------------------------------------------------
renthou~2010 |    156,600    .3799848    .1759554    .062864   .9660729
work_c~20105 |    156,600    .7582464    .2010222   .1421741   .9951102
worktravel.. |    156,600    .0968771    .0454301   .0054477   .3653359
worktravel.. |    156,600    .8210624    .0594933    .565174   .9481063
worktravel.. |    156,600    .0820605    .0578614   .0080907    .362708
-------------+---------------------------------------------------------
colleg~20105 |    156,600    .4411882    .1670347   .0860239   .9081349
poor_s~20105 |    156,600    .1349342    .0819292   .0123633   .5788661
lo_hhi~20105 |    156,600    .3756629    .1473196   .0449036   .8225102
hi_hhi~20105 |    156,600     .275351    .1501347   .0254453   .7851244
med_hh~20105 |    156,600    66919.72    24575.33   20527.66   191553.2
-------------+---------------------------------------------------------
unemp_~20105 |    156,600    .0936933    .0418548   .0211286   .3385852
employ~20105 |    156,600    .9009183     .039899   .6807186   .9719977
med_earn_h~5 |    155,040    27237.46    14110.53       2499     250001
m~tectserv~5 |    155,280    48087.58    20765.34       2499     250001
med_earn_f~5 |    156,480    16558.06    7029.657   4436.876   136515.3
-------------+---------------------------------------------------------
med_earn_c~5 |    155,040     22797.4    11990.55       2499   246364.8
med_~e_20105 |    156,600    19792.87    10529.06       2499     250001
med~sp_20105 |    156,480    34127.94    11516.45   15005.94   193485.7
l~25_rel_m~6 |    156,600    7384.931    9440.534          0      20000
unused_~25_6 |    156,600    .0285057    .1664132          0          1
-------------+---------------------------------------------------------
c_unuse~25_6 |    156,600    1.552612    2.163527          0          9
  treated025 |    156,600    .6413793    .4795971          0          1
months_unt~s |    156,600        59.5    34.63992          0        119
l~75_rel_m~6 |    156,600     12318.9    9655.207          0      20000
unused_~75_6 |    156,600    .0306194    .1722848          0          1
-------------+---------------------------------------------------------
c_unuse~75_6 |    156,600    1.706047    2.301755          0          9
  treated075 |    156,600    .3877395    .4872362          0          1




(note: file ../temp/baseline_rent_panel_6.dta not found)
file ../temp/baseline_rent_panel_6.dta saved

. 
end of do-file


Execute:  StataMP-64 /e do "./last_event_study.do"

  ___  ____  ____  ____  ____ (R)
 /__    /   ____/   /   ____/
___/   /   /___/   /   /___/   15.1   Copyright 1985-2017 StataCorp LLC
  Statistics/Data Analysis            StataCorp
                                      4905 Lakeway Drive
     MP - Parallel Edition            College Station, Texas 77845 USA
                                      800-STATA-PC        http://www.stata.com
                                      979-696-4600        stata@stata.com
                                      979-696-4601 (fax)

Single-user 32-core Stata perpetual license:
       Serial number:  501506205566
         Licensed to:  KU Leuven FEB (CES)
                       KU Leuven

Notes:
      1.  Stata is running in batch mode.
      2.  Unicode is supported; see help unicode_advice.
      3.  More than 2 billion observations are allowed; see help obs_advice.
      4.  Maximum number of variables is set to 5000; see help set_maxvar.

. do ./last_event_study.do 

. clear all

. set more off

. adopath + ../../../lib/stata/gslab_misc/ado
  [1]  (BASE)      "C:\Program Files\Stata15\ado\base/"
  [2]  (SITE)      "C:\Program Files\Stata15\ado\site/"
  [3]              "."
  [4]  (PERSONAL)  "c:\ado\personal/"
  [5]  (PLUS)      "c:\ado\plus/"
  [6]  (OLDPLACE)  "c:\ado/"
  [7]              "../../../lib/stata/gslab_misc/ado"

. adopath + ../../../lib/stata/min_wage/ado
  [1]  (BASE)      "C:\Program Files\Stata15\ado\base/"
  [2]  (SITE)      "C:\Program Files\Stata15\ado\site/"
  [3]              "."
  [4]  (PERSONAL)  "c:\ado\personal/"
  [5]  (PLUS)      "c:\ado\plus/"
  [6]  (OLDPLACE)  "c:\ado/"
  [7]              "../../../lib/stata/gslab_misc/ado"
  [8]              "../../../lib/stata/min_wage/ado"

. set maxvar 32000 


. 
. program main
  1.         local instub "../temp"
  2.         local outstub "../output"
  3. 
.         local ZFE "zipcode year_month c.trend#i.countyfips c.trend_sq#i.count
> yfips"
  4.         local cluster_se "statefips"
  5.         local yaxis "ylabel(-0.01(0.01)0.05) yscale(range(-0.01(0.01)0.05)
> )"
  6. 
.         foreach w in 6 {
  7.                 foreach depvar in psqft_sfcc {
  8.                         foreach data in rent {
  9. 
.                                 use "`instub'/baseline_`data'_panel_`w'.dta",
>  clear
 10.                                         
.                                 create_event_plot, depvar(med`data'price`depv
> ar')                                       ///
>                                         event_var(last_mw_event025_rel_months
> `w')                                               ///
>                                         controls("i.c_unused_mw_event025_`w'"
> ) window(`w')                              ///
>                                         absorb(`ZFE') cluster(`cluster_se') y
> axis(`yaxis')
 11.                                 graph export "../output/last_`data'`depvar
> '_event025_w`w'.png", replace
 12.                                 
.                                 create_event_plot, depvar(med`data'price`depv
> ar')                                       ///
>                                         event_var(last_mw_event075_rel_months
> `w')                                               ///
>                                         controls("i.c_unused_mw_event075_`w'"
> ) window(`w')                              ///
>                                         absorb(`ZFE') cluster(`cluster_se') y
> axis(`yaxis')
 13.                                 graph export "`outstub'/last_`data'`depvar
> '_event075_w`w'.png", replace
 14.                         }
 15. 
.                 use "`instub'/baseline_rent_panel_`w'.dta" if treated025, cle
> ar
 16.                                         
.                 create_event_plot, depvar(medrentprice`depvar')              
>                                            ///
>                         event_var(last_mw_event025_rel_months`w')            
>                                                    ///
>                         controls("i.c_unused_mw_event025_`w'") window(`w')   
>                                            ///
>                         absorb(`ZFE') cluster(`cluster_se') yaxis(`yaxis')
 17.                 graph export "../output/last_rent`depvar'_event025_w`w'_tr
> eated-only.png", replace
 18.                 
.                 use "`instub'/baseline_rent_panel_`w'.dta" if treated075, cle
> ar
 19.                 create_event_plot, depvar(medrentprice`depvar')           
>                                               ///
>                         event_var(last_mw_event075_rel_months`w')            
>                                                    ///
>                         controls("i.c_unused_mw_event075_`w'") window(`w')   
>                                            ///
>                         absorb(`ZFE') cluster(`cluster_se') yaxis(`yaxis')
 20.                 graph export "`outstub'/last_rent`depvar'_event075_w`w'_tr
> eated-only.png", replace
 21.                 }
 22.         }
 23. end

. 
. main
note: 20000bn.last_mw_event025_rel_months6 is probably collinear with the fixed
>  effects (all partialled-out values are close to zero; tol = 1.0e-09)
(MWFE estimator converged in 259 iterations)
note: 20000.last_mw_event025_rel_months6 omitted because of collinearity

HDFE Linear regression                            Number of obs   =    113,071
Absorbing 4 HDFE groups                           F(  23,     40) =      14.32
Statistics robust to heteroskedasticity           Prob > F        =     0.0000
                                                  R-squared       =     0.9950
                                                  Adj R-squared   =     0.9949
                                                  Within R-sq.    =     0.0051
Number of clusters (statefips) =         41       Root MSE        =     0.0559

                             (Std. Err. adjusted for 41 clusters in statefips)
------------------------------------------------------------------------------
             |               Robust
medre~t_sfcc |      Coef.   Std. Err.      t    P>|t|     [95% Conf. Interval]
-------------+----------------------------------------------------------------
l~25_rel_m~6 |
          0  |   .0048859   .0050982     0.96   0.344    -.0054179    .0151898
          1  |   .0057265   .0050801     1.13   0.266    -.0045409    .0159938
          2  |   .0021236   .0032484     0.65   0.517    -.0044416    .0086889
          3  |  -.0003473   .0024341    -0.14   0.887    -.0052668    .0045721
          4  |   7.99e-06   .0031355     0.00   0.998    -.0063292    .0063452
          5  |   .0008207   .0021706     0.38   0.707    -.0035664    .0052077
          7  |     .00234   .0027047     0.87   0.392    -.0031264    .0078064
          8  |   .0048238    .004818     1.00   0.323    -.0049138    .0145613
          9  |   .0051439   .0045008     1.14   0.260    -.0039527    .0142404
         10  |   .0093717   .0065205     1.44   0.158    -.0038066    .0225501
         11  |   .0105156   .0073122     1.44   0.158     -.004263    .0252941
         12  |   .0137317   .0092693     1.48   0.146    -.0050022    .0324656
         13  |   .0112063   .0083071     1.35   0.185     -.005583    .0279956
       1000  |   .0023629   .0097558     0.24   0.810    -.0173543      .02208
      20000  |          0  (omitted)
             |
c_unuse~25_6 |
          1  |  -.0036443   .0049225    -0.74   0.463     -.013593    .0063044
          2  |   .0007845    .007874     0.10   0.921    -.0151294    .0166983
          3  |   .0068121   .0117586     0.58   0.566     -.016953    .0305772
          4  |   .0063057   .0170506     0.37   0.713    -.0281549    .0407662
          5  |   .0032659   .0255913     0.13   0.899    -.0484561    .0549879
          6  |   .0022238   .0285936     0.08   0.938    -.0555661    .0600136
          7  |  -.0166608   .0317309    -0.53   0.602    -.0807913    .0474697
          8  |  -.0276588   .0381949    -0.72   0.473    -.1048534    .0495359
          9  |   .1557385   .1135622     1.37   0.178    -.0737794    .3852563
------------------------------------------------------------------------------

Absorbed degrees of freedom:
---------------------------------------------------------------+
           Absorbed FE | Categories  - Redundant  = Num. Coefs |
-----------------------+---------------------------------------|
               zipcode |      1140        1140           0    *|
            year_month |       119           0         119     |
    countyfips#c.trend |       231           0         231    ?|
 countyfips#c.trend_sq |       231           0         231    ?|
---------------------------------------------------------------+
? = number of redundant parameters may be higher
* = FE nested within cluster; treated as redundant for DoF computation
(note:  named style grey not found in class color, default attributes used)
(note:  named style grey not found in class color, default attributes used)
(note: file ../output/last_rentpsqft_sfcc_event025_w6.png not found)
(file ../output/last_rentpsqft_sfcc_event025_w6.png written in PNG format)
note: 20000bn.last_mw_event075_rel_months6 is probably collinear with the fixed
>  effects (all partialled-out values are close to zero; tol = 1.0e-09)
(MWFE estimator converged in 252 iterations)
note: 20000.last_mw_event075_rel_months6 omitted because of collinearity

HDFE Linear regression                            Number of obs   =    113,071
Absorbing 4 HDFE groups                           F(  23,     40) =      33.94
Statistics robust to heteroskedasticity           Prob > F        =     0.0000
                                                  R-squared       =     0.9950
                                                  Adj R-squared   =     0.9949
                                                  Within R-sq.    =     0.0054
Number of clusters (statefips) =         41       Root MSE        =     0.0559

                             (Std. Err. adjusted for 41 clusters in statefips)
------------------------------------------------------------------------------
             |               Robust
medre~t_sfcc |      Coef.   Std. Err.      t    P>|t|     [95% Conf. Interval]
-------------+----------------------------------------------------------------
l~75_rel_m~6 |
          0  |  -.0052554   .0119204    -0.44   0.662    -.0293474    .0188365
          1  |   .0076183   .0060142     1.27   0.213    -.0045369    .0197734
          2  |   .0045566   .0045207     1.01   0.320    -.0045802    .0136933
          3  |   .0052329   .0054809     0.95   0.345    -.0058445    .0163102
          4  |  -.0043203   .0030693    -1.41   0.167    -.0105236     .001883
          5  |  -.0005221   .0026063    -0.20   0.842    -.0057896    .0047454
          7  |   .0101751   .0044265     2.30   0.027     .0012289    .0191213
          8  |   .0127341   .0064785     1.97   0.056    -.0003593    .0258276
          9  |   .0140986   .0066178     2.13   0.039     .0007236    .0274737
         10  |    .017331   .0087668     1.98   0.055    -.0003874    .0350493
         11  |    .020221   .0109776     1.84   0.073    -.0019656    .0424076
         12  |   .0213819   .0109054     1.96   0.057    -.0006586    .0434224
         13  |    .020074   .0098143     2.05   0.047     .0002385    .0399095
       1000  |   .0161957    .006914     2.34   0.024     .0022221    .0301694
      20000  |          0  (omitted)
             |
c_unuse~75_6 |
          1  |   .0000776   .0038733     0.02   0.984    -.0077506    .0079058
          2  |   .0056676   .0079963     0.71   0.483    -.0104935    .0218288
          3  |   .0118284    .015297     0.77   0.444    -.0190879    .0427448
          4  |   .0106888   .0180505     0.59   0.557    -.0257925    .0471702
          5  |   .0325561   .0205634     1.58   0.121     -.009004    .0741163
          6  |   .0402179   .0250034     1.61   0.116    -.0103158    .0907516
          7  |   .0380153   .0257313     1.48   0.147    -.0139896    .0900202
          8  |    .028475   .0296929     0.96   0.343    -.0315365    .0884865
          9  |   .1333404    .106225     1.26   0.217    -.0813482    .3480291
------------------------------------------------------------------------------

Absorbed degrees of freedom:
---------------------------------------------------------------+
           Absorbed FE | Categories  - Redundant  = Num. Coefs |
-----------------------+---------------------------------------|
               zipcode |      1140        1140           0    *|
            year_month |       119           0         119     |
    countyfips#c.trend |       231           0         231    ?|
 countyfips#c.trend_sq |       231           0         231    ?|
---------------------------------------------------------------+
? = number of redundant parameters may be higher
* = FE nested within cluster; treated as redundant for DoF computation
(note:  named style grey not found in class color, default attributes used)
(note:  named style grey not found in class color, default attributes used)
(note: file ../output/last_rentpsqft_sfcc_event075_w6.png not found)
(file ../output/last_rentpsqft_sfcc_event075_w6.png written in PNG format)
(MWFE estimator converged in 231 iterations)

HDFE Linear regression                            Number of obs   =     71,549
Absorbing 4 HDFE groups                           F(  23,     23) =    4971.56
Statistics robust to heteroskedasticity           Prob > F        =     0.0000
                                                  R-squared       =     0.9951
                                                  Adj R-squared   =     0.9951
                                                  Within R-sq.    =     0.0064
Number of clusters (statefips) =         24       Root MSE        =     0.0642

                             (Std. Err. adjusted for 24 clusters in statefips)
------------------------------------------------------------------------------
             |               Robust
medre~t_sfcc |      Coef.   Std. Err.      t    P>|t|     [95% Conf. Interval]
-------------+----------------------------------------------------------------
l~25_rel_m~6 |
          0  |   .0007389   .0078284     0.09   0.926    -.0154553    .0169332
          1  |   .0032599   .0068668     0.47   0.639    -.0109453     .017465
          2  |   .0001938   .0046715     0.04   0.967      -.00947    .0098576
          3  |  -.0015338   .0030486    -0.50   0.620    -.0078403    .0047728
          4  |  -.0006837   .0032159    -0.21   0.833    -.0073363    .0059688
          5  |   .0008969   .0023722     0.38   0.709    -.0040104    .0058042
          7  |  -.0007475   .0029817    -0.25   0.804    -.0069156    .0054206
          8  |   .0021267    .005331     0.40   0.694    -.0089013    .0131547
          9  |   .0030525   .0043084     0.71   0.486    -.0058601    .0119652
         10  |   .0071245   .0058506     1.22   0.236    -.0049784    .0192273
         11  |    .006774   .0059821     1.13   0.269    -.0056008    .0191489
         12  |   .0106984   .0081025     1.32   0.200    -.0060629    .0274598
         13  |   .0075128   .0070261     1.07   0.296    -.0070218    .0220473
       1000  |  -.0008821   .0106138    -0.08   0.934    -.0228384    .0210743
             |
c_unuse~25_6 |
          1  |  -.0076715   .0075271    -1.02   0.319    -.0232425    .0078995
          2  |  -.0029211   .0079384    -0.37   0.716     -.019343    .0135009
          3  |   .0007072   .0143514     0.05   0.961    -.0289809    .0303954
          4  |  -.0045552   .0231838    -0.20   0.846    -.0525144    .0434041
          5  |  -.0123854   .0346698    -0.36   0.724    -.0841053    .0593345
          6  |   -.014418   .0359625    -0.40   0.692    -.0888121    .0599761
          7  |  -.0366609    .039335    -0.93   0.361    -.1180315    .0447097
          8  |  -.0496343   .0421932    -1.18   0.251    -.1369177    .0376491
          9  |   .1334331    .116898     1.14   0.265    -.1083889    .3752551
------------------------------------------------------------------------------

Absorbed degrees of freedom:
---------------------------------------------------------------+
           Absorbed FE | Categories  - Redundant  = Num. Coefs |
-----------------------+---------------------------------------|
               zipcode |       712         712           0    *|
            year_month |       119           0         119     |
    countyfips#c.trend |       116           0         116    ?|
 countyfips#c.trend_sq |       116           0         116    ?|
---------------------------------------------------------------+
? = number of redundant parameters may be higher
* = FE nested within cluster; treated as redundant for DoF computation
(note:  named style grey not found in class color, default attributes used)
(note:  named style grey not found in class color, default attributes used)
(note: file ../output/last_rentpsqft_sfcc_event025_w6_treated-only.png not foun
> d)
(file ../output/last_rentpsqft_sfcc_event025_w6_treated-only.png written in PNG
>  format)
(MWFE estimator converged in 243 iterations)
warning: missing F statistic; dropped variables due to collinearity or too few 
> clusters

HDFE Linear regression                            Number of obs   =     39,712
Absorbing 4 HDFE groups                           F(  23,     18) =          .
Statistics robust to heteroskedasticity           Prob > F        =          .
                                                  R-squared       =     0.9956
                                                  Adj R-squared   =     0.9955
                                                  Within R-sq.    =     0.0124
Number of clusters (statefips) =         19       Root MSE        =     0.0755

                             (Std. Err. adjusted for 19 clusters in statefips)
------------------------------------------------------------------------------
             |               Robust
medre~t_sfcc |      Coef.   Std. Err.      t    P>|t|     [95% Conf. Interval]
-------------+----------------------------------------------------------------
l~75_rel_m~6 |
          0  |  -.0224956   .0163865    -1.37   0.187    -.0569225    .0119312
          1  |   -.000476   .0058588    -0.08   0.936     -.012785    .0118329
          2  |  -.0007255   .0061091    -0.12   0.907    -.0135604    .0121093
          3  |   .0037343   .0063831     0.59   0.566    -.0096761    .0171446
          4  |  -.0083923   .0041441    -2.03   0.058    -.0170988    .0003143
          5  |  -.0022311   .0033448    -0.67   0.513    -.0092582    .0047961
          7  |   .0094669   .0065687     1.44   0.167    -.0043334    .0232672
          8  |   .0109452   .0093606     1.17   0.258    -.0087207    .0306111
          9  |   .0100492   .0093118     1.08   0.295    -.0095143    .0296126
         10  |   .0096838   .0111539     0.87   0.397    -.0137498    .0331173
         11  |   .0079156   .0130805     0.61   0.553    -.0195654    .0353966
         12  |   .0096153   .0123066     0.78   0.445    -.0162399    .0354704
         13  |   .0112373   .0117455     0.96   0.351     -.013439    .0359136
       1000  |   .0078909   .0111839     0.71   0.489    -.0156056    .0313874
             |
c_unuse~75_6 |
          1  |   .0010802   .0093204     0.12   0.909    -.0185013    .0206616
          2  |   .0169139   .0086754     1.95   0.067    -.0013124    .0351402
          3  |   .0323598   .0125304     2.58   0.019     .0060345    .0586852
          4  |   .0274468   .0190389     1.44   0.167    -.0125525     .067446
          5  |   .0607515   .0269084     2.26   0.037     .0042191    .1172839
          6  |   .0859385    .035668     2.41   0.027     .0110029    .1608742
          7  |   .0819538   .0419687     1.95   0.067    -.0062192    .1701267
          8  |   .0915987   .0673592     1.36   0.191    -.0499177    .2331151
          9  |    .312453   .1113203     2.81   0.012     .0785778    .5463282
------------------------------------------------------------------------------

Absorbed degrees of freedom:
---------------------------------------------------------------+
           Absorbed FE | Categories  - Redundant  = Num. Coefs |
-----------------------+---------------------------------------|
               zipcode |       408         408           0    *|
            year_month |       119           0         119     |
    countyfips#c.trend |        74           0          74    ?|
 countyfips#c.trend_sq |        74           0          74    ?|
---------------------------------------------------------------+
? = number of redundant parameters may be higher
* = FE nested within cluster; treated as redundant for DoF computation
(note:  named style grey not found in class color, default attributes used)
(note:  named style grey not found in class color, default attributes used)
(note: file ../output/last_rentpsqft_sfcc_event075_w6_treated-only.png not foun
> d)
(file ../output/last_rentpsqft_sfcc_event075_w6_treated-only.png written in PNG
>  format)

. 
end of do-file

 make.py ended: 2020-06-19 21:10:58
