
 make.py started: 2022-04-17 17:31:03 C:\Users\Usuario\Documents\GitHub\min_wage_rent\base\ahs\code 




Execute:  R CMD BATCH --no-save "./build.R" build.Rout

R version 4.1.2 (2021-11-01) -- "Bird Hippie"
Copyright (C) 2021 The R Foundation for Statistical Computing
Platform: x86_64-w64-mingw32/x64 (64-bit)

R is free software and comes with ABSOLUTELY NO WARRANTY.
You are welcome to redistribute it under certain conditions.
Type 'license()' or 'licence()' for distribution details.

  Natural language support but running in an English locale

R is a collaborative project with many contributors.
Type 'contributors()' for more information and
'citation()' on how to cite R or R packages in publications.

Type 'demo()' for some demos, 'help()' for on-line help, or
'help.start()' for an HTML browser interface to help.
Type 'q()' to quit R.

> remove(list = ls())
> 
> library(data.table)
> 
> source('../../../lib/R/save_data.R')

Please cite as: 

 Hlavac, Marek (2022). stargazer: Well-Formatted Regression and Summary Statistics Tables.
 R package version 5.2.3. https://CRAN.R-project.org/package=stargazer 


Attaching package: 'dplyr'

The following objects are masked from 'package:data.table':

    between, first, last

The following objects are masked from 'package:stats':

    filter, lag

The following objects are masked from 'package:base':

    intersect, setdiff, setequal, union

> 
> main <- function() {
+   in_raw <- '../../../drive/raw_data/ahs'
+   out_data <- '../../../drive/base_large/ahs'
+   
+   varchar <- c('COUNTY', 'STATE', 'SMSA', 'METRO', 'CONTROL')
+   
+   varnum <- c('ZINC', 'ZINC2', 'HHPQSAL', 'RENT', 'TYPE', 'NUNITS', 'TENURE',
+               'UNITSF', 'CONDO', 'BEDRMS')
+   
+   vars <- c(varchar, varnum)
+   
+   data <- lapply(list(2011, 2013),
+     \(yy) fread(file.path(in_raw, 
+                           paste('AHS', yy, 'Metropolitan PUF'),
+                           'household.csv'), 
+                 select = vars, quote = "'", 
+                 colClasses = list(character = varchar, 
+                                   numeric   = varnum))[, year := yy])
+   
+   data <- rbindlist(data, fill=TRUE)
+   
+   data[,NUNITS_cat := fcase(
+     NUNITS == 1         , 'Single Unit',
+     NUNITS == 2         , '2 apartments',
+     NUNITS %in% c(3, 4) , '3 to 4 apartments',
+     NUNITS > 4          , '5+ apartments')]
+   
+   data[, NUNITS_cat := factor(NUNITS_cat, 
+                            levels = c('Single Unit', '2 apartments',
+                                       '3 to 4 apartments','5+ apartments'))]
+   
+   save_data(data, 'CONTROL',
+             file.path(out_data, 'ahs_household_2011_2013.csv'),
+             logfile = '../output/data_manifest.txt')
+   
+ }
> 
> main()
[1] "File '../../../drive/base_large/ahs/ahs_household_2011_2013.csv' saved successfully."
[1] "Log file generated successfully."
Warning messages:
1: In fread(file.path(in_raw, paste("AHS", yy, "Metropolitan PUF"),  :
  Column name 'COUNTY' not found in column name header (case sensitive), skipping.
2: In fread(file.path(in_raw, paste("AHS", yy, "Metropolitan PUF"),  :
  Column name 'STATE' not found in column name header (case sensitive), skipping.
3: In fread(file.path(in_raw, paste("AHS", yy, "Metropolitan PUF"),  :
  Column name 'COUNTY' (colClasses[[1]][1]) not found
4: In fread(file.path(in_raw, paste("AHS", yy, "Metropolitan PUF"),  :
  Column name 'STATE' (colClasses[[1]][2]) not found
> 
> proc.time()
   user  system elapsed 
   8.98    1.42   21.10 

 make.py ended: 2022-04-17 17:31:25
