
 make.py started: 2020-04-05 22:30:57 C:\Users\gabriel\Dropbox (Brown)\research\min_wage_rent\analysis\event_study\code 




Execute:  StataMP-64 /e do "./preclean_event_studies.do"

  ___  ____  ____  ____  ____ (R)
 /__    /   ____/   /   ____/
___/   /   /___/   /   /___/   15.1   Copyright 1985-2017 StataCorp LLC
  Statistics/Data Analysis            StataCorp
                                      4905 Lakeway Drive
     MP - Parallel Edition            College Station, Texas 77845 USA
                                      800-STATA-PC        http://www.stata.com
                                      979-696-4600        stata@stata.com
                                      979-696-4601 (fax)

Single-user 32-core Stata perpetual license:
       Serial number:  501506205566
         Licensed to:  KU Leuven FEB (CES)
                       KU Leuven

Notes:
      1.  Stata is running in batch mode.
      2.  Unicode is supported; see help unicode_advice.
      3.  More than 2 billion observations are allowed; see help obs_advice.
      4.  Maximum number of variables is set to 5000; see help set_maxvar.

. do ./preclean_event_studies.do 

. clear all

. set more off

. adopath + ../../../lib/stata/mental_coupons/ado
  [1]  (BASE)      "C:\Program Files (x86)\Stata15\ado\base/"
  [2]  (SITE)      "C:\Program Files (x86)\Stata15\ado\site/"
  [3]              "."
  [4]  (PERSONAL)  "c:\ado\personal/"
  [5]  (PLUS)      "c:\ado\plus/"
  [6]  (OLDPLACE)  "c:\ado/"
  [7]              "../../../lib/stata/mental_coupons/ado"

. adopath + ../../../lib/stata/gslab_misc/ado
  [1]  (BASE)      "C:\Program Files (x86)\Stata15\ado\base/"
  [2]  (SITE)      "C:\Program Files (x86)\Stata15\ado\site/"
  [3]              "."
  [4]  (PERSONAL)  "c:\ado\personal/"
  [5]  (PLUS)      "c:\ado\plus/"
  [6]  (OLDPLACE)  "c:\ado/"
  [7]              "../../../lib/stata/mental_coupons/ado"
  [8]              "../../../lib/stata/gslab_misc/ado"

. set maxvar 32000 


. 
. program main
  1.         local instub  "../../../drive/derived_large/output"
  2.         local outstub "../temp"
  3. 
.         use `instub'/zipcode_yearmonth_panel.dta, clear
  4. 
.         prepare_data, time_var(year_month) geo_unit(zipcode)
  5. 
.         foreach window in 11 {
  6.                 // create_latest_event_vars, event_dummy(mw_event) window(
> `window')                ///
.                 //      time_var(year_month) geo_unit(zipcode)
.                         
.         create_event_vars_preclean, event_dummy(mw_event) window(`window')   
>                     ///
>                         time_var(year_month) geo_unit(zipcode)
  7.         }
  8.         
.         save_data `outstub'/zipcode_year_month_panel.dta, key(zipcode year_mo
> nth)            ///
>             replace log(none)
  9. end

. 
. program prepare_data 
  1.     syntax, time_var(str) geo_unit(str)
  2. 
.     gen date = dofm(year_month)
  3.         gen calendar_month = month(date)
  4.         drop date
  5.         
.         replace mw_event = 0 if dactual_mw < 0.5
  6. 
.         drop if missing(msa)
  7.         
.         keep zipcode year_month state msa calendar_month ///
>             medrentprice* zri* zhvi* medlistingprice* ///
>                 mw_event mw_event_smallbusiness
  8. end

. 
. program create_latest_event_vars
  1.         syntax, event_dummy(str) window(int) time_var(str) geo_unit(str) [
> min_option(str)]
  2.         
.         local window_span = `window'*2 + 1 
  3. 
.         qui sum year_month if !missing(mw_event)
  4.         local max_period = r(max)
  5.         local event_boundary = `max_period' - `window'
  6.         di "`event_boundary'"
  7. 
.         gen `event_dummy'_`time_var' = `time_var' if `event_dummy' == 1 & `ti
> me_var' <= `event_boundary'
  8.         format `event_dummy'_`time_var' %tm
  9.         count if !missing(`event_dummy'_`time_var')
 10. 
.         bysort `geo_unit': egen last_`event_dummy'_`time_var' = max(`event_du
> mmy'_`time_var')
 11.         format last_`event_dummy'_`time_var' %tm
 12.         gen last_`event_dummy'_rel_months`window' = `time_var' - last_`eve
> nt_dummy'_`time_var'
 13.         replace last_`event_dummy'_rel_months`window' = last_`event_dummy'
> _rel_months`window' + `window' + 1
 14.         replace last_`event_dummy'_rel_months`window' = 0 ///
>             if last_`event_dummy'_rel_months`window' <= 0
 15.         replace last_`event_dummy'_rel_months`window' = 1000 ///
>             if last_`event_dummy'_rel_months`window' > `window_span'
 16.                 
.         drop `event_dummy'_`time_var' last_`event_dummy'_`time_var'
 17.             
. end

. 
. program create_event_vars_preclean
  1.         syntax, event_dummy(str) window(int) time_var(str) geo_unit(str)
  2. 
.         bysort `geo_unit' (`time_var'): gen event_start = 1 if `event_dummy'[
> _n + `window'] == 1
  3.         gen event_start_non_overlap = event_start
  4.         forvalues i = 0(1)`window' {                                    
  5.                 bysort `geo_unit' (`time_var'): replace event_start_non_ov
> erlap = . ///
>                     if `event_dummy'[_n - `i'] == 1 & event_start_non_overlap
> [_n - `window' - 1] ==1
  6.         }
  7.         local window_span = 2*`window' + 1
  8.         gen rel_months_`event_dummy' = event_start_non_overlap
  9.         forvalues i = 2(1)`window_span' {                                 
>       
 10.                 bysort `geo_unit' (`time_var'): replace rel_months_`event_
> dummy' = `i' ///
>                     if event_start_non_overlap[_n - `i' + 1] == 1
 11.         }
 12.         replace rel_months_`event_dummy' = 1000 if rel_months_`event_dummy
> ' == .
 13. 
. 
.         drop event_start event_start_non_overlap
 14.         rename rel_months_`event_dummy' rel_months_`event_dummy'`window'  
>       
 15. end

. 
. 
. program create_event_nonover_vars
  1.         syntax, event_dummy(str) window(int) time_var(str) geo_unit(str) [
> min_option(str)]
  2.         
.         local window_span = `window'*2 + 1 
  3. 
.         qui sum year_month if !missing(mw_event)
  4.         local max_period = r(max)
  5.         local event_boundary = `max_period' - `window'
  6.         di "`event_boundary'"
  7. 
.         gen negtime = - `time_var'
  8.         gen `event_dummy'_`time_var' = `time_var' if `event_dummy' == 1 & 
> `time_var' <= `event_boundary'
  9.         bys `geo_unit' (negtime):
 10.         format `event_dummy'_`time_var' %tm
 11. 
.         count if !missing(`event_dummy'_`time_var')
 12. 
.         bysort `geo_unit': egen last_`event_dummy'_`time_var' = max(`event_du
> mmy'_`time_var')
 13.         format last_`event_dummy'_`time_var' %tm
 14.         gen last_`event_dummy'_rel_months`window' = `time_var' - last_`eve
> nt_dummy'_`time_var'
 15.         replace last_`event_dummy'_rel_months`window' = last_`event_dummy'
> _rel_months`window' + `window' + 1
 16.         replace last_`event_dummy'_rel_months`window' = 0 ///
>             if last_`event_dummy'_rel_months`window' <= 0
 17.         replace last_`event_dummy'_rel_months`window' = 1000 ///
>             if last_`event_dummy'_rel_months`window' > `window_span'
 18.                 
.         drop `event_dummy'_`time_var' last_`event_dummy'_`time_var'
 19. end

. 
. main
(123,530 real changes made)
(2,012,985 observations deleted)
(6,437,863 missing values generated)
(6,437,863 missing values generated)
(0 real changes made)
(28014 real changes made, 28014 to missing)
(0 real changes made)
(0 real changes made)
(0 real changes made)
(0 real changes made)
(0 real changes made)
(0 real changes made)
(0 real changes made)
(0 real changes made)
(0 real changes made)
(0 real changes made)
(6,465,877 missing values generated)
(61613 real changes made)
(61613 real changes made)
(61613 real changes made)
(61613 real changes made)
(61613 real changes made)
(61613 real changes made)
(61613 real changes made)
(61613 real changes made)
(61613 real changes made)
(61613 real changes made)
(61613 real changes made)
(61613 real changes made)
(61613 real changes made)
(61613 real changes made)
(61613 real changes made)
(61550 real changes made)
(61549 real changes made)
(61547 real changes made)
(60854 real changes made)
(60854 real changes made)
(60854 real changes made)
(60854 real changes made)
(5,175,854 real changes made)
(data already sorted by zipcode year_month)
  variable calendar_month was float now byte
  variable rel_months_mw_event11 was float now int
  (32,637,450 bytes saved)
===============================================================================
> ===================
File: ../temp/zipcode_year_month_panel.dta
Key: zipcode year_month
===============================================================================
> ===================
  6527490:42(104069):804940034:1552098108

    Variable |        Obs        Mean    Std. Dev.       Min        Max
-------------+---------------------------------------------------------
     zipcode |  6,527,490    48150.31    28480.51       1001      99901
  year_month |  6,527,490    578.0505    82.85316        435        721
         msa |  6,527,490     437.913    246.3811          1        862
       state |  6,527,490    29.49277    15.27612          1         56
    mw_event |  6,459,328    .0171035    .1296571          0          1
-------------+---------------------------------------------------------
mw_event_s~s |  6,459,328     .032142    .1763773          0          1
medli~e_sfcc |    869,427    301278.6      261928      12900    6995000
m~e_low_tier |    237,084    151709.5    94325.22      11750     939935
m~e_top_tier |    479,653    463899.4    351129.9     112450    7295000
medli~t_sfcc |  1,025,115    167.8085    137.7206   11.57113   2802.347
-------------+---------------------------------------------------------
m~t_low_tier |    295,377    121.5458    83.40604   11.50727   1672.388
m~t_top_tier |    513,728     206.536    177.6731   31.52173   2799.423
medren~e_1br |     69,034    1605.952      669.01        350       5195
medren~e_2br |    106,315    1764.751    877.7131        475      19500
medren~e_3br |     76,281    1928.989    1461.303        455      40000
-------------+---------------------------------------------------------
medren~e_4br |     10,219    3120.356    5219.439        435      50000
medren~e_5br |        841    5732.578     7691.47       1250      50000
medre~e_sfcc |    192,235    1767.936    1529.387        500      50000
medrent~e_cc |     34,496    2100.429    937.1415        700       8975
med~e_mfdxtx |     26,694    1972.821    831.0241        375       6646
-------------+---------------------------------------------------------
m~e_mfr5plus |    174,400    1553.148    697.3258        375      20000
medrent~e_sf |    141,909    1778.529    1934.043        500      50000
med~e_studio |     28,965      1669.2    1365.691        300      50000
medren~t_1br |     55,213    2.192329    .9203983   .6388889   7.164352
medren~t_2br |     92,450    1.682024    .8027275   .5015197   12.55461
-------------+---------------------------------------------------------
medren~t_3br |     66,909    1.233356    .8127647   .5060225       17.5
medren~t_4br |      8,299    1.504478    2.570084   .5492424   21.85141
medren~t_5br |        537    7.753782    7.031498   .3727683         22
medre~t_sfcc |    197,250    1.304904      1.0345   .1091193   23.96932
medrent~t_cc |     30,572    2.169881    1.169246   .5835432   12.92755
-------------+---------------------------------------------------------
med~t_mfdxtx |     11,914     2.44562    1.283759   .3627695   6.936797
m~t_mfr5plus |    146,338    1.736259    .8487646   .3150482   12.55435
medrent~t_sf |    144,030    1.145832    1.003424   .1039069   24.48466
med~t_studio |     23,491    1.954625    1.574804   .4288971   7.347833
    zhvi_2br |  4,629,892    156521.6      140189       7100    3893638
-------------+---------------------------------------------------------
   zhvi_sfcc |  5,357,661    200459.2    187869.7      10658    6648479
      zhvi_c |  2,240,489    200616.1      161843      13592    3848327
     zhvi_sf |  5,348,777    210266.1    229959.3      10658    8737684
  zri_sfccmf |  1,229,399    1387.756    901.9373        423      83894
      zri_mf |    139,674    1517.668    638.8937        420      18349
-------------+---------------------------------------------------------
calendar_m~h |  6,527,490    6.512284    3.451855          1         12
rel_month~11 |  6,527,490    795.4533    400.2818          1       1000




(note: file ../temp/zipcode_year_month_panel.dta not found)
file ../temp/zipcode_year_month_panel.dta saved

. 
end of do-file


Execute:  StataMP-64 /e do "./first_last_event_study.do"

  ___  ____  ____  ____  ____ (R)
 /__    /   ____/   /   ____/
___/   /   /___/   /   /___/   15.1   Copyright 1985-2017 StataCorp LLC
  Statistics/Data Analysis            StataCorp
                                      4905 Lakeway Drive
     MP - Parallel Edition            College Station, Texas 77845 USA
                                      800-STATA-PC        http://www.stata.com
                                      979-696-4600        stata@stata.com
                                      979-696-4601 (fax)

Single-user 32-core Stata perpetual license:
       Serial number:  501506205566
         Licensed to:  KU Leuven FEB (CES)
                       KU Leuven

Notes:
      1.  Stata is running in batch mode.
      2.  Unicode is supported; see help unicode_advice.
      3.  More than 2 billion observations are allowed; see help obs_advice.
      4.  Maximum number of variables is set to 5000; see help set_maxvar.

. do ./first_last_event_study.do 

. clear all

. set more off

. adopath + ../../../lib/stata/mental_coupons/ado
  [1]  (BASE)      "C:\Program Files (x86)\Stata15\ado\base/"
  [2]  (SITE)      "C:\Program Files (x86)\Stata15\ado\site/"
  [3]              "."
  [4]  (PERSONAL)  "c:\ado\personal/"
  [5]  (PLUS)      "c:\ado\plus/"
  [6]  (OLDPLACE)  "c:\ado/"
  [7]              "../../../lib/stata/mental_coupons/ado"

. adopath + ../../../lib/stata/gslab_misc/ado
  [1]  (BASE)      "C:\Program Files (x86)\Stata15\ado\base/"
  [2]  (SITE)      "C:\Program Files (x86)\Stata15\ado\site/"
  [3]              "."
  [4]  (PERSONAL)  "c:\ado\personal/"
  [5]  (PLUS)      "c:\ado\plus/"
  [6]  (OLDPLACE)  "c:\ado/"
  [7]              "../../../lib/stata/mental_coupons/ado"
  [8]              "../../../lib/stata/gslab_misc/ado"

. adopath + ../../../lib/stata/min_wage/ado
  [1]  (BASE)      "C:\Program Files (x86)\Stata15\ado\base/"
  [2]  (SITE)      "C:\Program Files (x86)\Stata15\ado\site/"
  [3]              "."
  [4]  (PERSONAL)  "c:\ado\personal/"
  [5]  (PLUS)      "c:\ado\plus/"
  [6]  (OLDPLACE)  "c:\ado/"
  [7]              "../../../lib/stata/mental_coupons/ado"
  [8]              "../../../lib/stata/gslab_misc/ado"
  [9]              "../../../lib/stata/min_wage/ado"

. set maxvar 32000 


. 
. program main
  1.         local instub  "../temp/"
  2.         local outstub "../output/"
  3. 
.         use `instub'/zipcode_year_month_panel.dta, clear
  4. 
.         local event_dummy "mw_event"    
  5.         local target_output "medlistingpricepsqft_sfcc medlistingpricepsqf
> t_low_tier medlistingpricepsqft_top_tier medrentpricepsqft_sfcc medrentpricep
> sqft_mfr5plus zri_sfccmf"
  6. 
.         foreach window in 11 {
  7.                 foreach depvar in `target_output' {
  8.                         create_event_plot, outstub(`outstub') depvar(`depv
> ar')                                  ///
>                                 event_var(last_`event_dummy'_rel_months`windo
> w') controls(" ") window(`window') ///
>                                 absorb(zipcode msa calendar_month##state year
> _month) cluster(zipcode)                   
  9.                 }
 10.         }
 11. end

. 
. main
variable last_mw_event_rel_months11 not found
r(111);

end of do-file
r(111);


Execute:  StataMP-64 /e do "./event_study.do"

  ___  ____  ____  ____  ____ (R)
 /__    /   ____/   /   ____/
___/   /   /___/   /   /___/   15.1   Copyright 1985-2017 StataCorp LLC
  Statistics/Data Analysis            StataCorp
                                      4905 Lakeway Drive
     MP - Parallel Edition            College Station, Texas 77845 USA
                                      800-STATA-PC        http://www.stata.com
                                      979-696-4600        stata@stata.com
                                      979-696-4601 (fax)

Single-user 32-core Stata perpetual license:
       Serial number:  501506205566
         Licensed to:  KU Leuven FEB (CES)
                       KU Leuven

Notes:
      1.  Stata is running in batch mode.
      2.  Unicode is supported; see help unicode_advice.
      3.  More than 2 billion observations are allowed; see help obs_advice.
      4.  Maximum number of variables is set to 5000; see help set_maxvar.

. do ./event_study.do 

. clear all

. set more off

. adopath + ../../../lib/stata/mental_coupons/ado
  [1]  (BASE)      "C:\Program Files (x86)\Stata15\ado\base/"
  [2]  (SITE)      "C:\Program Files (x86)\Stata15\ado\site/"
  [3]              "."
  [4]  (PERSONAL)  "c:\ado\personal/"
  [5]  (PLUS)      "c:\ado\plus/"
  [6]  (OLDPLACE)  "c:\ado/"
  [7]              "../../../lib/stata/mental_coupons/ado"

. adopath + ../../../lib/stata/gslab_misc/ado
  [1]  (BASE)      "C:\Program Files (x86)\Stata15\ado\base/"
  [2]  (SITE)      "C:\Program Files (x86)\Stata15\ado\site/"
  [3]              "."
  [4]  (PERSONAL)  "c:\ado\personal/"
  [5]  (PLUS)      "c:\ado\plus/"
  [6]  (OLDPLACE)  "c:\ado/"
  [7]              "../../../lib/stata/mental_coupons/ado"
  [8]              "../../../lib/stata/gslab_misc/ado"

. adopath + ../../../lib/stata/min_wage/ado
  [1]  (BASE)      "C:\Program Files (x86)\Stata15\ado\base/"
  [2]  (SITE)      "C:\Program Files (x86)\Stata15\ado\site/"
  [3]              "."
  [4]  (PERSONAL)  "c:\ado\personal/"
  [5]  (PLUS)      "c:\ado\plus/"
  [6]  (OLDPLACE)  "c:\ado/"
  [7]              "../../../lib/stata/mental_coupons/ado"
  [8]              "../../../lib/stata/gslab_misc/ado"
  [9]              "../../../lib/stata/min_wage/ado"

. set maxvar 32000 


. 
. program main
  1.         local instub  "../temp/"
  2.         local outstub "../output/"
  3. 
.         use `instub'/zipcode_year_month_panel.dta, clear
  4. 
.         local event_dummy "mw_event"    
  5.         local target_output "medlistingpricepsqft_sfcc medlistingpricepsqf
> t_low_tier medlistingpricepsqft_top_tier medrentpricepsqft_sfcc medrentpricep
> sqft_mfr5plus zri_sfccmf"
  6. 
.         foreach window in 11 {
  7.                 foreach depvar in `target_output' {
  8.                         create_event_plot, outstub(`outstub') depvar(`depv
> ar')                          ///
>                                 event_var(rel_months_`event_dummy'`window') c
> ontrols(" ") window(`window')      ///
>                                 absorb(zipcode msa calendar_month##state year
> _month) cluster(zipcode)                   
  9.                 }
 10.         }
 11. end

. 
. main
(MWFE estimator converged in 5 iterations)

HDFE Linear regression                            Number of obs   =  1,025,115
Absorbing 4 HDFE groups                           F(  23,  10109) =      40.01
Statistics robust to heteroskedasticity           Prob > F        =     0.0000
                                                  R-squared       =     0.9640
                                                  Adj R-squared   =     0.9636
                                                  Within R-sq.    =     0.0304
Number of clusters (zipcode) =     10,110         Root MSE        =    26.2822

                           (Std. Err. adjusted for 10,110 clusters in zipcode)
------------------------------------------------------------------------------
             |               Robust
medli~t_sfcc |      Coef.   Std. Err.      t    P>|t|     [95% Conf. Interval]
-------------+----------------------------------------------------------------
rel_month~11 |
          1  |  -3.890134   .3841033   -10.13   0.000    -4.643053   -3.137215
          2  |  -3.478372   .3559418    -9.77   0.000    -4.176089   -2.780655
          3  |  -3.782938   .3210071   -11.78   0.000    -4.412176     -3.1537
          4  |  -3.166225   .3106215   -10.19   0.000    -3.775105   -2.557345
          5  |  -2.980845   .3040182    -9.80   0.000    -3.576781   -2.384909
          6  |  -2.540511   .2472232   -10.28   0.000    -3.025118   -2.055904
          7  |  -.9628957   .2108588    -4.57   0.000    -1.376221   -.5495706
          8  |  -.5946264   .1908515    -3.12   0.002    -.9687333   -.2205195
          9  |  -.3167641   .1655909    -1.91   0.056    -.6413552     .007827
         10  |   .0330844   .1273388     0.26   0.795    -.2165249    .2826937
         12  |  -1.931166   .1709999   -11.29   0.000     -2.26636   -1.595972
         13  |     .65136   .1823829     3.57   0.000     .2938533    1.008867
         14  |   .9819858   .2010813     4.88   0.000     .5878264    1.376145
         15  |   1.323262   .2157235     6.13   0.000     .9004014    1.746123
         16  |   1.518079   .2125702     7.14   0.000     1.101399    1.934759
         17  |   1.574112   .2135087     7.37   0.000     1.155592    1.992631
         18  |    2.52208   .2586004     9.75   0.000     2.015172    3.028988
         19  |   3.368312   .2697232    12.49   0.000     2.839601    3.897023
         20  |   3.468664   .2700817    12.84   0.000     2.939251    3.998078
         21  |   3.566142   .2664113    13.39   0.000     3.043923    4.088361
         22  |   4.005839   .2705179    14.81   0.000      3.47557    4.536108
         23  |   3.952421   .2719858    14.53   0.000     3.419275    4.485568
       1000  |  -14.22925   .5863371   -24.27   0.000    -15.37859   -13.07991
------------------------------------------------------------------------------

Absorbed degrees of freedom:
----------------------------------------------------------------+
            Absorbed FE | Categories  - Redundant  = Num. Coefs |
------------------------+---------------------------------------|
                zipcode |     10110       10110           0    *|
                    msa |       776           0         776     |
   calendar_month#state |       612           9         603     |
             year_month |       120          12         108    ?|
----------------------------------------------------------------+
? = number of redundant parameters may be higher
* = FE nested within cluster; treated as redundant for DoF computation
(note:  named style grey not found in class color, default attributes used)
(note: file ../output//medlistingpricepsqft_sfcc_rel_months_mw_event11.png not 
> found)
(file ../output//medlistingpricepsqft_sfcc_rel_months_mw_event11.png written in
>  PNG format)
(MWFE estimator converged in 6 iterations)

HDFE Linear regression                            Number of obs   =    295,377
Absorbing 4 HDFE groups                           F(  23,   3735) =      16.79
Statistics robust to heteroskedasticity           Prob > F        =     0.0000
                                                  R-squared       =     0.9557
                                                  Adj R-squared   =     0.9550
                                                  Within R-sq.    =     0.0150
Number of clusters (zipcode) =      3,736         Root MSE        =    17.7009

                            (Std. Err. adjusted for 3,736 clusters in zipcode)
------------------------------------------------------------------------------
             |               Robust
m~t_low_tier |      Coef.   Std. Err.      t    P>|t|     [95% Conf. Interval]
-------------+----------------------------------------------------------------
rel_month~11 |
          1  |  -3.872324   .3684434   -10.51   0.000    -4.594693   -3.149954
          2  |  -3.174806   .3481906    -9.12   0.000    -3.857469   -2.492144
          3  |   -2.63789   .3274807    -8.06   0.000    -3.279949   -1.995832
          4  |  -1.659429   .3229962    -5.14   0.000    -2.292695   -1.026163
          5  |  -1.114121   .2997415    -3.72   0.000    -1.701794   -.5264482
          6  |  -2.152116   .2593256    -8.30   0.000    -2.660549   -1.643682
          7  |  -1.770813   .2435855    -7.27   0.000    -2.248387   -1.293239
          8  |  -1.665612   .2271612    -7.33   0.000    -2.110984    -1.22024
          9  |   -1.11996   .1916182    -5.84   0.000    -1.495646   -.7442736
         10  |  -.5444286   .1431197    -3.80   0.000     -.825029   -.2638283
         12  |  -.5069332   .2020437    -2.51   0.012    -.9030599   -.1108065
         13  |  -.0856898   .2027608    -0.42   0.673    -.4832224    .3118428
         14  |   .2937619    .212487     1.38   0.167      -.12284    .7103639
         15  |   .6841362   .2357085     2.90   0.004     .2220062    1.146266
         16  |   1.245893   .2520517     4.94   0.000     .7517207    1.740066
         17  |   1.675877   .2689917     6.23   0.000     1.148492    2.203262
         18  |   2.138912   .3412839     6.27   0.000     1.469791    2.808033
         19  |   2.466705   .3343115     7.38   0.000     1.811254    3.122156
         20  |   2.529652   .3296672     7.67   0.000     1.883306    3.175997
         21  |   2.245605   .3336273     6.73   0.000     1.591496    2.899715
         22  |   2.653121   .3241298     8.19   0.000     2.017632     3.28861
         23  |   2.720175   .3224558     8.44   0.000     2.087968    3.352381
       1000  |  -6.570054   .6956846    -9.44   0.000    -7.934013   -5.206095
------------------------------------------------------------------------------

Absorbed degrees of freedom:
----------------------------------------------------------------+
            Absorbed FE | Categories  - Redundant  = Num. Coefs |
------------------------+---------------------------------------|
                zipcode |      3736        3736           0    *|
                    msa |       492           0         492     |
   calendar_month#state |       612          16         596     |
             year_month |       120          12         108    ?|
----------------------------------------------------------------+
? = number of redundant parameters may be higher
* = FE nested within cluster; treated as redundant for DoF computation
(note:  named style grey not found in class color, default attributes used)
(note: file ../output//medlistingpricepsqft_low_tier_rel_months_mw_event11.png 
> not found)
(file ../output//medlistingpricepsqft_low_tier_rel_months_mw_event11.png writte
> n in PNG format)
(MWFE estimator converged in 6 iterations)

HDFE Linear regression                            Number of obs   =    513,728
Absorbing 4 HDFE groups                           F(  23,   5395) =      10.31
Statistics robust to heteroskedasticity           Prob > F        =     0.0000
                                                  R-squared       =     0.9748
                                                  Adj R-squared   =     0.9744
                                                  Within R-sq.    =     0.0131
Number of clusters (zipcode) =      5,396         Root MSE        =    28.4031

                            (Std. Err. adjusted for 5,396 clusters in zipcode)
------------------------------------------------------------------------------
             |               Robust
m~t_top_tier |      Coef.   Std. Err.      t    P>|t|     [95% Conf. Interval]
-------------+----------------------------------------------------------------
rel_month~11 |
          1  |  -1.935822   .7326449    -2.64   0.008    -3.372101   -.4995417
          2  |  -1.989415   .6974162    -2.85   0.004    -3.356633   -.6221981
          3  |  -2.541743   .6331412    -4.01   0.000    -3.782956   -1.300531
          4  |  -1.346108   .6041469    -2.23   0.026     -2.53048    -.161736
          5  |  -1.210494   .5657985    -2.14   0.032    -2.319688   -.1013006
          6  |  -2.872852   .5149575    -5.58   0.000    -3.882377   -1.863328
          7  |  -1.498419    .479094    -3.13   0.002    -2.437637   -.5592011
          8  |  -1.138242   .4066186    -2.80   0.005    -1.935379   -.3411053
          9  |   -.652304   .3333822    -1.96   0.050    -1.305868    .0012597
         10  |   .1175196   .2389721     0.49   0.623    -.3509622    .5860015
         12  |  -1.798709   .3816906    -4.71   0.000    -2.546977   -1.050442
         13  |   1.192337   .3805515     3.13   0.002     .4463024    1.938371
         14  |   1.433238   .4111145     3.49   0.000     .6272877    2.239189
         15  |   1.806729   .4303772     4.20   0.000     .9630163    2.650442
         16  |   2.582892   .4520298     5.71   0.000     1.696731    3.469053
         17  |   2.938238   .4594079     6.40   0.000     2.037613    3.838863
         18  |   1.759946    .489394     3.60   0.000     .8005363    2.719356
         19  |   2.642649   .5161061     5.12   0.000     1.630873    3.654426
         20  |   2.552904   .5103894     5.00   0.000     1.552334    3.553473
         21  |   2.734727   .4978138     5.49   0.000     1.758811    3.710643
         22  |   3.227415   .5098133     6.33   0.000     2.227975    4.226855
         23  |   3.182441   .5334619     5.97   0.000     2.136641    4.228242
       1000  |  -10.56466   1.021197   -10.35   0.000    -12.56662     -8.5627
------------------------------------------------------------------------------

Absorbed degrees of freedom:
----------------------------------------------------------------+
            Absorbed FE | Categories  - Redundant  = Num. Coefs |
------------------------+---------------------------------------|
                zipcode |      5396        5396           0    *|
                    msa |       684           0         684     |
   calendar_month#state |       612          13         599     |
             year_month |       120          12         108    ?|
----------------------------------------------------------------+
? = number of redundant parameters may be higher
* = FE nested within cluster; treated as redundant for DoF computation
(note:  named style grey not found in class color, default attributes used)
(note: file ../output//medlistingpricepsqft_top_tier_rel_months_mw_event11.png 
> not found)
(file ../output//medlistingpricepsqft_top_tier_rel_months_mw_event11.png writte
> n in PNG format)
(MWFE estimator converged in 7 iterations)

HDFE Linear regression                            Number of obs   =    197,250
Absorbing 4 HDFE groups                           F(  23,   3303) =       3.58
Statistics robust to heteroskedasticity           Prob > F        =     0.0000
                                                  R-squared       =     0.9843
                                                  Adj R-squared   =     0.9839
                                                  Within R-sq.    =     0.0015
Number of clusters (zipcode) =      3,304         Root MSE        =     0.1312

                            (Std. Err. adjusted for 3,304 clusters in zipcode)
------------------------------------------------------------------------------
             |               Robust
medre~t_sfcc |      Coef.   Std. Err.      t    P>|t|     [95% Conf. Interval]
-------------+----------------------------------------------------------------
rel_month~11 |
          1  |  -.0059227   .0057057    -1.04   0.299    -.0171098    .0052644
          2  |  -.0104575    .005695    -1.84   0.066    -.0216236    .0007085
          3  |  -.0130301   .0059466    -2.19   0.029    -.0246896   -.0013707
          4  |  -.0080264   .0056829    -1.41   0.158    -.0191687     .003116
          5  |  -.0077693   .0053031    -1.47   0.143    -.0181669    .0026284
          6  |  -.0128603   .0051141    -2.51   0.012    -.0228875   -.0028331
          7  |  -.0080878   .0046983    -1.72   0.085    -.0172996     .001124
          8  |  -.0067222   .0042075    -1.60   0.110    -.0149717    .0015273
          9  |  -.0031583   .0036216    -0.87   0.383    -.0102592    .0039425
         10  |  -.0032571   .0031215    -1.04   0.297    -.0093773    .0028631
         12  |   .0091134   .0071996     1.27   0.206    -.0050026    .0232295
         13  |   .0041479   .0048866     0.85   0.396    -.0054333    .0137291
         14  |   .0076143   .0053775     1.42   0.157    -.0029292    .0181578
         15  |   .0073479   .0056907     1.29   0.197    -.0038098    .0185056
         16  |   .0070702   .0056473     1.25   0.211    -.0040024    .0181428
         17  |   .0153082   .0046477     3.29   0.001     .0061954    .0244209
         18  |   .0193533   .0057605     3.36   0.001     .0080587    .0306479
         19  |   .0182643   .0044486     4.11   0.000     .0095421    .0269866
         20  |   .0115182   .0042761     2.69   0.007     .0031341    .0199024
         21  |   .0098413   .0048789     2.02   0.044     .0002753    .0194073
         22  |   .0089142   .0053741     1.66   0.097    -.0016228    .0194512
         23  |   .0028022   .0057483     0.49   0.626    -.0084683    .0140727
       1000  |  -.0063238   .0050877    -1.24   0.214    -.0162992    .0036517
------------------------------------------------------------------------------

Absorbed degrees of freedom:
----------------------------------------------------------------+
            Absorbed FE | Categories  - Redundant  = Num. Coefs |
------------------------+---------------------------------------|
                zipcode |      3304        3304           0    *|
                    msa |       271           0         271     |
   calendar_month#state |       588          31         557     |
             year_month |       119          12         107    ?|
----------------------------------------------------------------+
? = number of redundant parameters may be higher
* = FE nested within cluster; treated as redundant for DoF computation
(note:  named style grey not found in class color, default attributes used)
(note: file ../output//medrentpricepsqft_sfcc_rel_months_mw_event11.png not fou
> nd)
(file ../output//medrentpricepsqft_sfcc_rel_months_mw_event11.png written in PN
> G format)
(MWFE estimator converged in 7 iterations)

HDFE Linear regression                            Number of obs   =    146,338
Absorbing 4 HDFE groups                           F(  23,   3351) =       5.06
Statistics robust to heteroskedasticity           Prob > F        =     0.0000
                                                  R-squared       =     0.9825
                                                  Adj R-squared   =     0.9819
                                                  Within R-sq.    =     0.0028
Number of clusters (zipcode) =      3,352         Root MSE        =     0.1140

                            (Std. Err. adjusted for 3,352 clusters in zipcode)
------------------------------------------------------------------------------
             |               Robust
m~t_mfr5plus |      Coef.   Std. Err.      t    P>|t|     [95% Conf. Interval]
-------------+----------------------------------------------------------------
rel_month~11 |
          1  |  -.0093324    .004803    -1.94   0.052    -.0187495    .0000847
          2  |  -.0138908   .0048915    -2.84   0.005    -.0234814   -.0043001
          3  |  -.0099852   .0044834    -2.23   0.026    -.0187757   -.0011947
          4  |  -.0078962   .0042676    -1.85   0.064    -.0162637    .0004712
          5  |  -.0070612   .0039707    -1.78   0.075    -.0148465    .0007241
          6  |  -.0050197   .0040661    -1.23   0.217     -.012992    .0029527
          7  |  -.0099347   .0040461    -2.46   0.014    -.0178678   -.0020016
          8  |  -.0081753   .0035215    -2.32   0.020    -.0150799   -.0012707
          9  |  -.0054928   .0031696    -1.73   0.083    -.0117074    .0007218
         10  |  -.0025214   .0023571    -1.07   0.285     -.007143    .0021002
         12  |   .0057774   .0033305     1.73   0.083    -.0007526    .0123074
         13  |   .0046582   .0034442     1.35   0.176    -.0020948    .0114112
         14  |   .0009082   .0035967     0.25   0.801    -.0061438    .0079602
         15  |   .0085675   .0038274     2.24   0.025     .0010631    .0160718
         16  |   .0108875   .0038728     2.81   0.005     .0032941    .0184809
         17  |   .0166491   .0037842     4.40   0.000     .0092295    .0240687
         18  |   .0211206   .0043981     4.80   0.000     .0124975    .0297438
         19  |   .0172625   .0042906     4.02   0.000     .0088501    .0256749
         20  |   .0164878   .0038231     4.31   0.000      .008992    .0239836
         21  |   .0136463    .003674     3.71   0.000     .0064428    .0208497
         22  |   .0153893   .0034273     4.49   0.000     .0086694    .0221092
         23  |   .0110363   .0030958     3.56   0.000     .0049665    .0171061
       1000  |  -.0028412   .0057402    -0.49   0.621    -.0140959    .0084135
------------------------------------------------------------------------------

Absorbed degrees of freedom:
----------------------------------------------------------------+
            Absorbed FE | Categories  - Redundant  = Num. Coefs |
------------------------+---------------------------------------|
                zipcode |      3352        3352           0    *|
                    msa |       282           0         282     |
   calendar_month#state |       612          26         586     |
             year_month |       119          12         107    ?|
----------------------------------------------------------------+
? = number of redundant parameters may be higher
* = FE nested within cluster; treated as redundant for DoF computation
(note:  named style grey not found in class color, default attributes used)
(note: file ../output//medrentpricepsqft_mfr5plus_rel_months_mw_event11.png not
>  found)
(file ../output//medrentpricepsqft_mfr5plus_rel_months_mw_event11.png written i
> n PNG format)
(dropped 21 singleton observations)
(MWFE estimator converged in 5 iterations)

HDFE Linear regression                            Number of obs   =  1,229,378
Absorbing 4 HDFE groups                           F(  23,  11869) =      57.09
Statistics robust to heteroskedasticity           Prob > F        =     0.0000
                                                  R-squared       =     0.9125
                                                  Adj R-squared   =     0.9115
                                                  Within R-sq.    =     0.0038
Number of clusters (zipcode) =     11,870         Root MSE        =   268.2796

                           (Std. Err. adjusted for 11,870 clusters in zipcode)
------------------------------------------------------------------------------
             |               Robust
  zri_sfccmf |      Coef.   Std. Err.      t    P>|t|     [95% Conf. Interval]
-------------+----------------------------------------------------------------
rel_month~11 |
          1  |  -18.76634   2.067966    -9.07   0.000     -22.8199   -14.71279
          2  |  -21.72911   2.674925    -8.12   0.000     -26.9724   -16.48582
          3  |  -15.29336   1.980132    -7.72   0.000    -19.17474   -11.41197
          4  |  -20.09588   3.972423    -5.06   0.000    -27.88248   -12.30928
          5  |   -24.6065   4.483866    -5.49   0.000    -33.39561   -15.81738
          6  |  -28.57135   3.969353    -7.20   0.000    -36.35193   -20.79077
          7  |  -25.64876   6.392558    -4.01   0.000    -38.17922    -13.1183
          8  |  -20.06931   5.999717    -3.35   0.001    -31.82974   -8.308881
          9  |   4.522271   2.757199     1.64   0.101    -.8822915    9.926833
         10  |    1.32374    2.03332     0.65   0.515      -2.6619     5.30938
         12  |  -18.57312   1.670665   -11.12   0.000    -21.84789   -15.29834
         13  |   -.472821   1.541974    -0.31   0.759    -3.495343    2.549701
         14  |  -3.916521   3.401384    -1.15   0.250    -10.58379    2.750748
         15  |   3.491785    2.32213     1.50   0.133     -1.05997     8.04354
         16  |    1.82011    3.86944     0.47   0.638    -5.764626    9.404845
         17  |  -2.754151   4.236291    -0.65   0.516    -11.05798    5.549675
         18  |  -7.142966    3.94269    -1.81   0.070    -14.87128    .5853534
         19  |  -.1769753   5.969974    -0.03   0.976     -11.8791    11.52515
         20  |    8.62638   5.212601     1.65   0.098    -1.591172    18.84393
         21  |   28.89137   3.322704     8.70   0.000     22.37832    35.40441
         22  |   28.68448    3.08082     9.31   0.000     22.64557    34.72339
         23  |   23.02873   1.851352    12.44   0.000     19.39977    26.65768
       1000  |  -57.61549   2.895253   -19.90   0.000    -63.29066   -51.94032
------------------------------------------------------------------------------

Absorbed degrees of freedom:
----------------------------------------------------------------+
            Absorbed FE | Categories  - Redundant  = Num. Coefs |
------------------------+---------------------------------------|
                zipcode |     11870       11870           0    *|
                    msa |       772           0         772     |
   calendar_month#state |       612          11         601     |
             year_month |       113          12         101    ?|
----------------------------------------------------------------+
? = number of redundant parameters may be higher
* = FE nested within cluster; treated as redundant for DoF computation
(note:  named style grey not found in class color, default attributes used)
(note: file ../output//zri_sfccmf_rel_months_mw_event11.png not found)
(file ../output//zri_sfccmf_rel_months_mw_event11.png written in PNG format)

. 
end of do-file

 make.py ended: 2020-04-05 22:36:08
