
 make.py started: 2020-03-22 19:02:43 C:\Users\diegog\Desktop\Diego\min_wage_rent\analysis\event_study\code 




Execute:  StataMP-64 /e do "./preclean_event_studies.do"

  ___  ____  ____  ____  ____ (R)
 /__    /   ____/   /   ____/
___/   /   /___/   /   /___/   15.1   Copyright 1985-2017 StataCorp LLC
  Statistics/Data Analysis            StataCorp
                                      4905 Lakeway Drive
     MP - Parallel Edition            College Station, Texas 77845 USA
                                      800-STATA-PC        http://www.stata.com
                                      979-696-4600        stata@stata.com
                                      979-696-4601 (fax)

Single-user 32-core Stata perpetual license:
       Serial number:  501506205566
         Licensed to:  KU Leuven FEB (CES)
                       KU Leuven

Notes:
      1.  Stata is running in batch mode.
      2.  Unicode is supported; see help unicode_advice.
      3.  More than 2 billion observations are allowed; see help obs_advice.
      4.  Maximum number of variables is set to 5000; see help set_maxvar.

. do ./preclean_event_studies.do 

. clear all

. set more off

. adopath + ../../../lib/stata/mental_coupons/ado
  [1]  (BASE)      "C:\Program Files\Stata15\ado\base/"
  [2]  (SITE)      "C:\Program Files\Stata15\ado\site/"
  [3]              "."
  [4]  (PERSONAL)  "c:\ado\personal/"
  [5]  (PLUS)      "c:\ado\plus/"
  [6]  (OLDPLACE)  "c:\ado/"
  [7]              "../../../lib/stata/mental_coupons/ado"

. adopath + ../../../lib/stata/gslab_misc/ado
  [1]  (BASE)      "C:\Program Files\Stata15\ado\base/"
  [2]  (SITE)      "C:\Program Files\Stata15\ado\site/"
  [3]              "."
  [4]  (PERSONAL)  "c:\ado\personal/"
  [5]  (PLUS)      "c:\ado\plus/"
  [6]  (OLDPLACE)  "c:\ado/"
  [7]              "../../../lib/stata/mental_coupons/ado"
  [8]              "../../../lib/stata/gslab_misc/ado"

. set maxvar 32000 


. 
. program main
  1.         local instub  "../../../drive/derived_large/output"
  2.         local outstub "../temp"
  3. 
.         use `instub'/zipcode_yearmonth_panel.dta, clear
  4. 
.         prepare_data, time_var(year_month) geo_unit(zipcode)
  5. 
.         foreach window in 12 24 {
  6.                 create_latest_event_vars, event_dummy(min_event) window(`w
> indow')                ///
>                         time_var(year_month) geo_unit(zipcode)
  7.                         
.         create_event_vars, event_dummy(min_event) window(`window')           
>             ///
>                         time_var(year_month) geo_unit(zipcode)
  8.         }
  9.         
.         save_data `outstub'/zipcode_year_month_panel.dta, key(zipcode year_mo
> nth)            ///
>             replace log(none)
 10. end

. 
. program prepare_data
  1.     syntax, time_var(str) geo_unit(str)
  2.         
.         replace min_event = 0 if dmin_actual_mw < 0.5
  3. 
.         drop if missing(msa)
  4.         
.         keep zipcode year_month state msa calendar_month ///
>             zhvi_2br medrentprice_2br medrentpricepsqft_2br ///
>                 min_event mean_event max_event
  5. end

. 
. program create_latest_event_vars
  1.         syntax, event_dummy(str) window(int) time_var(str) geo_unit(str) [
> min_option(str)]
  2.         
.         local window_span = `window'*2 + 1 
  3.         
.         gen `event_dummy'_`time_var' = `time_var' if `event_dummy' == 1
  4.         format `event_dummy'_`time_var' %tm
  5.         
.         bysort `geo_unit': egen last_`event_dummy'_`time_var' = max(`event_du
> mmy'_`time_var')
  6.         gen last_`event_dummy'_rel_months`window' = `time_var' - last_`eve
> nt_dummy'_`time_var'
  7.         replace last_`event_dummy'_rel_months`window' = last_`event_dummy'
> _rel_months`window' + `window' + 1
  8.         replace last_`event_dummy'_rel_months`window' = 0 ///
>             if last_`event_dummy'_rel_months`window' <= 0
  9.         replace last_`event_dummy'_rel_months`window' = 1000 ///
>             if last_`event_dummy'_rel_months`window' > `window_span'
 10.                 
.         drop `event_dummy'_`time_var' last_`event_dummy'_`time_var'
 11. end

. 
. program create_event_vars
  1.         syntax, event_dummy(str) window(int) time_var(str) geo_unit(str)
  2. 
.         bysort `geo_unit' (`time_var'): gen event_start = 1 if `event_dummy'[
> _n + `window'] == 1
  3.         gen event_start_non_overlap = event_start
  4.         forvalues i = 0(1)`window' {                                    
  5.                 bysort `geo_unit' (`time_var'): replace event_start_non_ov
> erlap = . ///
>                     if `event_dummy'[_n - `i'] == 1
  6.         }
  7.         
.         local window_span = 2*`window' + 1
  8.         gen rel_months_`event_dummy' = event_start_non_overlap
  9.         forvalues i = 2(1)`window_span' {                                 
>       
 10.                 bysort `geo_unit' (`time_var'): replace rel_months_`event_
> dummy' = `i' ///
>                     if event_start_non_overlap[_n - `i' + 1] == 1
 11.         }
 12.         replace rel_months_`event_dummy' = 1000 if rel_months_`event_dummy
> ' == .
 13. 
. 
.         drop event_start event_start_non_overlap
 14.         rename rel_months_`event_dummy' rel_months_`event_dummy'`window'  
>       
 15. end

. 
. main
(113,026 real changes made)
(1,634,190 observations deleted)
(5,956,487 missing values generated)
(75409 missing values generated)
(75,409 missing values generated)
(5,983,359 real changes made)
(3,846,547 real changes made)
(1,680,715 real changes made)
(5,975,697 missing values generated)
(5,975,697 missing values generated)
(38681 real changes made, 38681 to missing)
(0 real changes made)
(99 real changes made, 99 to missing)
(148 real changes made, 148 to missing)
(54 real changes made, 54 to missing)
(1529 real changes made, 1529 to missing)
(2121 real changes made, 2121 to missing)
(132 real changes made, 132 to missing)
(0 real changes made)
(1 real change made, 1 to missing)
(0 real changes made)
(19 real changes made, 19 to missing)
(2402 real changes made, 2402 to missing)
(6,020,883 missing values generated)
(37885 real changes made)
(37885 real changes made)
(37885 real changes made)
(37885 real changes made)
(37885 real changes made)
(37885 real changes made)
(37885 real changes made)
(37885 real changes made)
(37885 real changes made)
(37885 real changes made)
(37885 real changes made)
(37885 real changes made)
(37885 real changes made)
(37885 real changes made)
(37826 real changes made)
(37826 real changes made)
(37826 real changes made)
(37282 real changes made)
(37282 real changes made)
(37282 real changes made)
(37282 real changes made)
(37282 real changes made)
(37282 real changes made)
(36766 real changes made)
(5,159,268 real changes made)
(5,956,487 missing values generated)
(75409 missing values generated)
(75,409 missing values generated)
(5,983,359 real changes made)
(3,594,559 real changes made)
(1,507,404 real changes made)
(5,977,493 missing values generated)
(5,977,493 missing values generated)
(18249 real changes made, 18249 to missing)
(25 real changes made, 25 to missing)
(25 real changes made, 25 to missing)
(8 real changes made, 8 to missing)
(25 real changes made, 25 to missing)
(0 real changes made)
(2981 real changes made, 2981 to missing)
(1105 real changes made, 1105 to missing)
(0 real changes made)
(0 real changes made)
(1680 real changes made, 1680 to missing)
(38 real changes made, 38 to missing)
(2160 real changes made, 2160 to missing)
(0 real changes made)
(460 real changes made, 460 to missing)
(257 real changes made, 257 to missing)
(74 real changes made, 74 to missing)
(0 real changes made)
(0 real changes made)
(3 real changes made, 3 to missing)
(0 real changes made)
(0 real changes made)
(1470 real changes made, 1470 to missing)
(0 real changes made)
(1159 real changes made, 1159 to missing)
(6,007,212 missing values generated)
(51556 real changes made)
(51556 real changes made)
(51556 real changes made)
(51556 real changes made)
(51556 real changes made)
(51556 real changes made)
(51556 real changes made)
(51556 real changes made)
(51556 real changes made)
(51556 real changes made)
(51556 real changes made)
(51556 real changes made)
(51556 real changes made)
(51556 real changes made)
(51556 real changes made)
(51556 real changes made)
(51556 real changes made)
(51556 real changes made)
(51556 real changes made)
(51556 real changes made)
(51556 real changes made)
(51556 real changes made)
(51556 real changes made)
(51556 real changes made)
(51556 real changes made)
(51556 real changes made)
(51497 real changes made)
(51497 real changes made)
(51497 real changes made)
(50953 real changes made)
(50953 real changes made)
(50953 real changes made)
(50953 real changes made)
(50953 real changes made)
(50953 real changes made)
(50433 real changes made)
(50433 real changes made)
(50433 real changes made)
(50433 real changes made)
(50433 real changes made)
(50433 real changes made)
(50433 real changes made)
(50433 real changes made)
(50433 real changes made)
(50433 real changes made)
(50433 real changes made)
(50433 real changes made)
(49092 real changes made)
(4,353,102 real changes made)
(data already sorted by zipcode year_month)
  variable last_min_event_rel_months12 was float now int
  variable rel_months_min_event12 was float now int
  variable last_min_event_rel_months24 was float now int
  variable rel_months_min_event24 was float now int
  (48,470,144 bytes saved)
===============================================================================
> ===================
File: ../temp/zipcode_year_month_panel.dta
Key: zipcode year_month
===============================================================================
> ===================
  6058768:15(59486):265118514:2887252704

    Variable |        Obs        Mean    Std. Dev.       Min        Max
-------------+---------------------------------------------------------
     zipcode |  6,058,768    47823.43    28523.17        602      99901
  year_month |  6,058,768    577.0308    82.27503        435        719
         msa |  6,058,768    436.7551    245.0684          1        859
       state |  5,986,093    29.40432    15.21252          1         56
   min_event |  5,963,658    .0171507    .1298329          0          1
-------------+---------------------------------------------------------
  mean_event |  5,963,658     .039261    .1942152          0          1
   max_event |  5,963,658    .0328342    .1782025          0          1
medren~e_2br |    106,799    1766.741    879.0102        475      19500
medren~t_2br |     92,792    1.682865     .803698   .5015197   12.55461
    zhvi_2br |  4,672,920    156464.4    140563.5       7100    3893638
-------------+---------------------------------------------------------
calendar_m~h |  6,058,768    6.547375    3.437978          1         12
last_min_~12 |  6,058,768    278.4736     447.071          0       1000
rel_month~12 |  6,058,768    853.4806    350.9153          1       1000
last_min_~24 |  6,058,768    252.3933     430.357          0       1000
rel_month~24 |  6,058,768    726.2354    437.4197          1       1000




(note: file ../temp/zipcode_year_month_panel.dta not found)
file ../temp/zipcode_year_month_panel.dta saved

. 
end of do-file


Execute:  StataMP-64 /e do "./first_last_event_study.do"

  ___  ____  ____  ____  ____ (R)
 /__    /   ____/   /   ____/
___/   /   /___/   /   /___/   15.1   Copyright 1985-2017 StataCorp LLC
  Statistics/Data Analysis            StataCorp
                                      4905 Lakeway Drive
     MP - Parallel Edition            College Station, Texas 77845 USA
                                      800-STATA-PC        http://www.stata.com
                                      979-696-4600        stata@stata.com
                                      979-696-4601 (fax)

Single-user 32-core Stata perpetual license:
       Serial number:  501506205566
         Licensed to:  KU Leuven FEB (CES)
                       KU Leuven

Notes:
      1.  Stata is running in batch mode.
      2.  Unicode is supported; see help unicode_advice.
      3.  More than 2 billion observations are allowed; see help obs_advice.
      4.  Maximum number of variables is set to 5000; see help set_maxvar.

. do ./first_last_event_study.do 

. clear all

. set more off

. adopath + ../../../lib/stata/mental_coupons/ado
  [1]  (BASE)      "C:\Program Files\Stata15\ado\base/"
  [2]  (SITE)      "C:\Program Files\Stata15\ado\site/"
  [3]              "."
  [4]  (PERSONAL)  "c:\ado\personal/"
  [5]  (PLUS)      "c:\ado\plus/"
  [6]  (OLDPLACE)  "c:\ado/"
  [7]              "../../../lib/stata/mental_coupons/ado"

. adopath + ../../../lib/stata/gslab_misc/ado
  [1]  (BASE)      "C:\Program Files\Stata15\ado\base/"
  [2]  (SITE)      "C:\Program Files\Stata15\ado\site/"
  [3]              "."
  [4]  (PERSONAL)  "c:\ado\personal/"
  [5]  (PLUS)      "c:\ado\plus/"
  [6]  (OLDPLACE)  "c:\ado/"
  [7]              "../../../lib/stata/mental_coupons/ado"
  [8]              "../../../lib/stata/gslab_misc/ado"

. adopath + ../../../lib/stata/min_wage/ado
  [1]  (BASE)      "C:\Program Files\Stata15\ado\base/"
  [2]  (SITE)      "C:\Program Files\Stata15\ado\site/"
  [3]              "."
  [4]  (PERSONAL)  "c:\ado\personal/"
  [5]  (PLUS)      "c:\ado\plus/"
  [6]  (OLDPLACE)  "c:\ado/"
  [7]              "../../../lib/stata/mental_coupons/ado"
  [8]              "../../../lib/stata/gslab_misc/ado"
  [9]              "../../../lib/stata/min_wage/ado"

. set maxvar 32000 


. 
. program main
  1.         local instub  "../temp/"
  2.         local outstub "../output/"
  3. 
.         use `instub'/zipcode_year_month_panel.dta, clear
  4.         
. 
.         foreach window in 12 24 {
  5.                 create_event_plot, outstub(`outstub') depvar(medrentprice_
> 2br)                                  ///
>                         event_var(last_min_event_rel_months`window') controls
> (" ") window(`window')     ///
>                         absorb(zipcode msa calendar_month##state year_month) 
> cluster(zipcode)
  6. 
.                 create_event_plot, outstub(`outstub') depvar(medrentpricepsqf
> t_2br)                     ///
>                         event_var(last_min_event_rel_months`window') controls
> (" ") window(`window')     ///
>                         absorb(zipcode msa calendar_month##state year_month) 
> cluster(zipcode)
  7. 
.                 create_event_plot, outstub(`outstub') depvar(zhvi_2br)       
>                                            ///
>                         event_var(last_min_event_rel_months`window') controls
> (" ") window(`window')     ///
>                         absorb(zipcode msa calendar_month##state year_month) 
> cluster(zipcode)
  8.         }
  9. end

. 
. main
(MWFE estimator converged in 7 iterations)

HDFE Linear regression                            Number of obs   =    106,315
Absorbing 4 HDFE groups                           F(  26,   2561) =       6.64
Statistics robust to heteroskedasticity           Prob > F        =     0.0000
                                                  R-squared       =     0.9837
                                                  Adj R-squared   =     0.9832
                                                  Within R-sq.    =     0.0126
Number of clusters (zipcode) =      2,562         Root MSE        =   113.7972

                            (Std. Err. adjusted for 2,562 clusters in zipcode)
------------------------------------------------------------------------------
             |               Robust
medren~e_2br |      Coef.   Std. Err.      t    P>|t|     [95% Conf. Interval]
-------------+----------------------------------------------------------------
last_min_~12 |
          0  |  -44.46387   6.718133    -6.62   0.000    -57.63739   -31.29034
          1  |   4.907932   8.243002     0.60   0.552    -11.25569    21.07156
          2  |   4.007496   6.476432     0.62   0.536     -8.69208    16.70707
          3  |  -.6065274   6.202496    -0.10   0.922    -12.76894    11.55589
          4  |  -3.144837   6.356238    -0.49   0.621    -15.60873    9.319051
          5  |   6.183911   6.414182     0.96   0.335    -6.393599    18.76142
          6  |   5.795068   5.890225     0.98   0.325     -5.75502    17.34516
          7  |   14.81203   6.011183     2.46   0.014      3.02476     26.5993
          8  |   8.424815   5.693731     1.48   0.139    -2.739969     19.5896
          9  |   2.521673   4.986166     0.51   0.613    -7.255653      12.299
         10  |   .4536268   4.358149     0.10   0.917    -8.092226     8.99948
         11  |   2.339139   3.531267     0.66   0.508     -4.58529    9.263568
         13  |   19.64674   4.372842     4.49   0.000     11.07208    28.22141
         14  |   20.55083   4.491166     4.58   0.000     11.74415    29.35752
         15  |   18.49564   5.135646     3.60   0.000     8.425202    28.56608
         16  |   19.34999    5.46874     3.54   0.000     8.626391     30.0736
         17  |   22.00621   5.682528     3.87   0.000      10.8634    33.14903
         18  |    26.2125    5.41201     4.84   0.000     15.60014    36.82486
         19  |   28.86071   6.676921     4.32   0.000       15.768    41.95342
         20  |   20.32496   7.195199     2.82   0.005      6.21596    34.43396
         21  |   16.23648   7.556038     2.15   0.032     1.419919    31.05305
         22  |   10.99287    7.18407     1.53   0.126    -3.094302    25.08005
         23  |   20.24561   6.850507     2.96   0.003     6.812518    33.67871
         24  |    22.9004   7.171325     3.19   0.001     8.838214    36.96258
         25  |  -18.28467   18.23795    -1.00   0.316    -54.04729    17.47796
       1000  |  -5.687477   14.84902    -0.38   0.702    -34.80478    23.42983
------------------------------------------------------------------------------

Absorbed degrees of freedom:
----------------------------------------------------------------+
            Absorbed FE | Categories  - Redundant  = Num. Coefs |
------------------------+---------------------------------------|
                zipcode |      2562        2562           0    *|
                    msa |       254           0         254     |
   calendar_month#state |       612          30         582     |
             year_month |       112          12         100    ?|
----------------------------------------------------------------+
? = number of redundant parameters may be higher
* = FE nested within cluster; treated as redundant for DoF computation
(note:  named style grey not found in class color, default attributes used)
(note: file ../output//medrentprice_2br_last_min_event_rel_months12.png not fou
> nd)
(file ../output//medrentprice_2br_last_min_event_rel_months12.png written in PN
> G format)
(dropped 8 singleton observations)
(MWFE estimator converged in 7 iterations)

HDFE Linear regression                            Number of obs   =     92,442
Absorbing 4 HDFE groups                           F(  26,   2380) =       7.92
Statistics robust to heteroskedasticity           Prob > F        =     0.0000
                                                  R-squared       =     0.9859
                                                  Adj R-squared   =     0.9854
                                                  Within R-sq.    =     0.0251
Number of clusters (zipcode) =      2,381         Root MSE        =     0.0971

                            (Std. Err. adjusted for 2,381 clusters in zipcode)
------------------------------------------------------------------------------
             |               Robust
medren~t_2br |      Coef.   Std. Err.      t    P>|t|     [95% Conf. Interval]
-------------+----------------------------------------------------------------
last_min_~12 |
          0  |  -.0597824   .0068054    -8.78   0.000    -.0731275   -.0464372
          1  |  -.0021881   .0063978    -0.34   0.732    -.0147339    .0103578
          2  |  -.0052578   .0063305    -0.83   0.406    -.0176716     .007156
          3  |  -.0104792   .0063114    -1.66   0.097    -.0228556    .0018972
          4  |  -.0079258   .0066373    -1.19   0.233    -.0209414    .0050897
          5  |  -.0053552   .0066747    -0.80   0.422    -.0184441    .0077338
          6  |  -.0039552   .0060659    -0.65   0.514    -.0158502    .0079398
          7  |   .0056771   .0058764     0.97   0.334    -.0058464    .0172005
          8  |   .0118443   .0055853     2.12   0.034     .0008917    .0227969
          9  |   .0090234   .0051945     1.74   0.083    -.0011629    .0192096
         10  |  -.0031041    .004525    -0.69   0.493    -.0119775    .0057692
         11  |  -.0029499   .0034274    -0.86   0.390     -.009671    .0037711
         13  |   .0204177   .0040602     5.03   0.000     .0124558    .0283796
         14  |   .0217845   .0046896     4.65   0.000     .0125884    .0309806
         15  |   .0243372    .005224     4.66   0.000     .0140931    .0345813
         16  |   .0192018   .0058297     3.29   0.001       .00777    .0306336
         17  |   .0237767   .0061183     3.89   0.000     .0117789    .0357744
         18  |   .0258718   .0058501     4.42   0.000     .0143999    .0373437
         19  |   .0225639   .0066574     3.39   0.001      .009509    .0356187
         20  |   .0202727   .0067602     3.00   0.003     .0070161    .0335292
         21  |   .0173984   .0070855     2.46   0.014     .0035041    .0312928
         22  |   .0094257   .0074781     1.26   0.208    -.0052387      .02409
         23  |   .0130441   .0070145     1.86   0.063    -.0007112    .0267993
         24  |   .0160183   .0067971     2.36   0.019     .0026895    .0293471
         25  |  -.0122235   .0142076    -0.86   0.390    -.0400841    .0156371
       1000  |  -.0217877   .0135413    -1.61   0.108    -.0483416    .0047663
------------------------------------------------------------------------------

Absorbed degrees of freedom:
----------------------------------------------------------------+
            Absorbed FE | Categories  - Redundant  = Num. Coefs |
------------------------+---------------------------------------|
                zipcode |      2381        2381           0    *|
                    msa |       223           0         223     |
   calendar_month#state |       594          31         563     |
             year_month |       117          12         105    ?|
----------------------------------------------------------------+
? = number of redundant parameters may be higher
* = FE nested within cluster; treated as redundant for DoF computation
(note:  named style grey not found in class color, default attributes used)
(note: file ../output//medrentpricepsqft_2br_last_min_event_rel_months12.png no
> t found)
(file ../output//medrentpricepsqft_2br_last_min_event_rel_months12.png written 
> in PNG format)
(MWFE estimator converged in 6 iterations)

HDFE Linear regression                            Number of obs   =  4,630,402
Absorbing 4 HDFE groups                           F(  26,  20995) =     157.05
Statistics robust to heteroskedasticity           Prob > F        =     0.0000
                                                  R-squared       =     0.8950
                                                  Adj R-squared   =     0.8944
                                                  Within R-sq.    =     0.0238
Number of clusters (zipcode) =     20,996         Root MSE        = 45546.1238

                           (Std. Err. adjusted for 20,996 clusters in zipcode)
------------------------------------------------------------------------------
             |               Robust
    zhvi_2br |      Coef.   Std. Err.      t    P>|t|     [95% Conf. Interval]
-------------+----------------------------------------------------------------
last_min_~12 |
          0  |  -2813.746   330.7821    -8.51   0.000    -3462.104   -2165.388
          1  |  -4526.096   122.9442   -36.81   0.000    -4767.076   -4285.116
          2  |  -4379.278   114.0661   -38.39   0.000    -4602.856     -4155.7
          3  |  -3771.955   104.9513   -35.94   0.000    -3977.668   -3566.242
          4  |  -2842.902   97.67924   -29.10   0.000     -3034.36   -2651.443
          5  |  -2253.758   90.36257   -24.94   0.000    -2430.876    -2076.64
          6  |  -1997.098   81.10212   -24.62   0.000    -2156.065   -1838.132
          7  |  -1968.638    71.4126   -27.57   0.000    -2108.612   -1828.663
          8  |  -1518.513    61.6557   -24.63   0.000    -1639.363   -1397.663
          9  |  -1242.514   51.41288   -24.17   0.000    -1343.287    -1141.74
         10  |  -802.4373   37.09356   -21.63   0.000    -875.1436   -729.7311
         11  |  -388.2427   19.11246   -20.31   0.000    -425.7046   -350.7808
         13  |  -13.01551   28.82124    -0.45   0.652    -69.50735    43.47634
         14  |  -367.8429   48.41195    -7.60   0.000     -462.734   -272.9517
         15  |  -194.2734   59.89147    -3.24   0.001    -311.6653   -76.88148
         16  |   558.7362   69.60037     8.03   0.000     422.3141    695.1583
         17  |   800.8302   77.53512    10.33   0.000     648.8554    952.8051
         18  |   857.8967   86.73965     9.89   0.000     687.8803    1027.913
         19  |   -3757.79   354.9661   -10.59   0.000     -4453.55   -3062.029
         20  |  -3797.017   360.8835   -10.52   0.000    -4504.376   -3089.657
         21  |  -3769.157   361.9289   -10.41   0.000    -4478.565   -3059.748
         22  |  -3659.042   365.7468   -10.00   0.000    -4375.934    -2942.15
         23  |   -3317.16   367.9751    -9.01   0.000     -4038.42   -2595.901
         24  |  -2887.193   367.5042    -7.86   0.000    -3607.529   -2166.856
         25  |  -14483.97   496.2638   -29.19   0.000    -15456.69   -13511.26
       1000  |  -29229.75   885.3135   -33.02   0.000    -30965.03   -27494.46
------------------------------------------------------------------------------

Absorbed degrees of freedom:
----------------------------------------------------------------+
            Absorbed FE | Categories  - Redundant  = Num. Coefs |
------------------------+---------------------------------------|
                zipcode |     20996       20996           0    *|
                    msa |       859           0         859     |
   calendar_month#state |       612           6         606     |
             year_month |       285          12         273    ?|
----------------------------------------------------------------+
? = number of redundant parameters may be higher
* = FE nested within cluster; treated as redundant for DoF computation
(note:  named style grey not found in class color, default attributes used)
(note: file ../output//zhvi_2br_last_min_event_rel_months12.png not found)
(file ../output//zhvi_2br_last_min_event_rel_months12.png written in PNG format
> )
(MWFE estimator converged in 7 iterations)

HDFE Linear regression                            Number of obs   =    106,315
Absorbing 4 HDFE groups                           F(  50,   2561) =       4.37
Statistics robust to heteroskedasticity           Prob > F        =     0.0000
                                                  R-squared       =     0.9839
                                                  Adj R-squared   =     0.9833
                                                  Within R-sq.    =     0.0189
Number of clusters (zipcode) =      2,562         Root MSE        =   113.4481

                            (Std. Err. adjusted for 2,562 clusters in zipcode)
------------------------------------------------------------------------------
             |               Robust
medren~e_2br |      Coef.   Std. Err.      t    P>|t|     [95% Conf. Interval]
-------------+----------------------------------------------------------------
last_min_~24 |
          0  |  -77.41149   10.08206    -7.68   0.000     -97.1813   -57.64168
          1  |  -24.57882   9.228452    -2.66   0.008     -42.6748   -6.482829
          2  |  -26.96703   8.396737    -3.21   0.001    -43.43211   -10.50195
          3  |  -33.13306   8.619656    -3.84   0.000    -50.03527   -16.23086
          4  |  -25.57312   8.274361    -3.09   0.002    -41.79824   -9.348003
          5  |  -24.73578   8.214524    -3.01   0.003    -40.84356   -8.627996
          6  |  -30.04527   7.939385    -3.78   0.000    -45.61353     -14.477
          7  |  -23.69487   7.591052    -3.12   0.002    -38.58009   -8.809645
          8  |  -24.38797    7.32011    -3.33   0.001    -38.74191   -10.03403
          9  |  -30.40312   7.116361    -4.27   0.000    -44.35753   -16.44871
         10  |  -32.72607   6.760646    -4.84   0.000    -45.98296   -19.46918
         11  |  -28.10699   6.584762    -4.27   0.000    -41.01899   -15.19499
         12  |  -12.61749   7.601973    -1.66   0.097    -27.52413    2.289144
         13  |    6.58063   7.179945     0.92   0.359    -7.498459    20.65972
         14  |   3.948038   6.413792     0.62   0.538    -8.628707    16.52478
         15  |  -3.564326   6.403404    -0.56   0.578     -16.1207     8.99205
         16  |  -4.567533   6.592608    -0.69   0.488    -17.49492    8.359851
         17  |   6.039357   6.659398     0.91   0.365    -7.018995    19.09771
         18  |   7.546223   6.114139     1.23   0.217    -4.442935    19.53538
         19  |   12.66878   6.024609     2.10   0.036     .8551816    24.48238
         20  |   5.695102   6.112009     0.93   0.352     -6.28988    17.68008
         21  |  -3.074466   5.488875    -0.56   0.575    -13.83755    7.688619
         22  |  -5.495456     4.5396    -1.21   0.226    -14.39712    3.406205
         23  |  -2.088956   3.668622    -0.57   0.569    -9.282723    5.104812
         25  |   17.22054   4.583455     3.76   0.000     8.232883    26.20819
         26  |   16.52271   4.773363     3.46   0.001     7.162665    25.88275
         27  |   12.40841   5.528909     2.24   0.025     1.566826       23.25
         28  |   14.96265   6.145211     2.43   0.015     2.912559    27.01273
         29  |   18.74089   6.363358     2.95   0.003     6.263041    31.21874
         30  |   23.75232   5.799849     4.10   0.000     12.37945    35.12519
         31  |   25.63864   7.444836     3.44   0.001     11.04013    40.23715
         32  |   15.97758   8.410675     1.90   0.058    -.5148317       32.47
         33  |   10.52313   8.844399     1.19   0.234    -6.819769    27.86603
         34  |   4.913477   8.325867     0.59   0.555    -11.41264    21.23959
         35  |   15.83358   7.923953     2.00   0.046     .2955795    31.37159
         36  |   22.97223   7.200204     3.19   0.001     8.853415    37.09104
         37  |  -17.86044   18.18155    -0.98   0.326    -53.51248     17.7916
         38  |  -25.71052   16.22361    -1.58   0.113    -57.52325    6.102209
         39  |  -13.01101   16.73874    -0.78   0.437    -45.83385    19.81183
         40  |  -8.161517   15.72065    -0.52   0.604    -38.98799    22.66496
         41  |   -3.36379   15.15438    -0.22   0.824    -33.07987    26.35229
         42  |  -2.592028   15.89883    -0.16   0.871     -33.7679    28.58385
         43  |   27.87071   20.46404     1.36   0.173    -12.25703    67.99846
         44  |    34.4601   21.38077     1.61   0.107    -7.465246    76.38545
         45  |   22.16678   20.94168     1.06   0.290    -18.89756    63.23113
         46  |   15.62248   23.39002     0.67   0.504     -30.2428    61.48775
         47  |   22.41401   23.31305     0.96   0.336    -23.30032    68.12835
         48  |   22.67893   25.79273     0.88   0.379    -27.89778    73.25565
         49  |   39.99175   23.45644     1.70   0.088    -6.003772    85.98726
       1000  |  -33.14449   20.86137    -1.59   0.112    -74.05136    7.762378
------------------------------------------------------------------------------

Absorbed degrees of freedom:
----------------------------------------------------------------+
            Absorbed FE | Categories  - Redundant  = Num. Coefs |
------------------------+---------------------------------------|
                zipcode |      2562        2562           0    *|
                    msa |       254           0         254     |
   calendar_month#state |       612          30         582     |
             year_month |       112          12         100    ?|
----------------------------------------------------------------+
? = number of redundant parameters may be higher
* = FE nested within cluster; treated as redundant for DoF computation
(note:  named style grey not found in class color, default attributes used)
(note: file ../output//medrentprice_2br_last_min_event_rel_months24.png not fou
> nd)
(file ../output//medrentprice_2br_last_min_event_rel_months24.png written in PN
> G format)
(dropped 8 singleton observations)
(MWFE estimator converged in 7 iterations)

HDFE Linear regression                            Number of obs   =     92,442
Absorbing 4 HDFE groups                           F(  50,   2380) =       5.01
Statistics robust to heteroskedasticity           Prob > F        =     0.0000
                                                  R-squared       =     0.9861
                                                  Adj R-squared   =     0.9856
                                                  Within R-sq.    =     0.0401
Number of clusters (zipcode) =      2,381         Root MSE        =     0.0964

                            (Std. Err. adjusted for 2,381 clusters in zipcode)
------------------------------------------------------------------------------
             |               Robust
medren~t_2br |      Coef.   Std. Err.      t    P>|t|     [95% Conf. Interval]
-------------+----------------------------------------------------------------
last_min_~24 |
          0  |  -.1106223   .0114087    -9.70   0.000    -.1329944   -.0882502
          1  |  -.0525346   .0091774    -5.72   0.000    -.0705311   -.0345381
          2  |  -.0548429   .0084472    -6.49   0.000    -.0714075   -.0382784
          3  |  -.0464617   .0085424    -5.44   0.000    -.0632129   -.0297104
          4  |  -.0426778   .0085736    -4.98   0.000    -.0594902   -.0258653
          5  |  -.0396358   .0083167    -4.77   0.000    -.0559446   -.0233269
          6  |  -.0385861    .008251    -4.68   0.000     -.054766   -.0224062
          7  |  -.0275889    .007884    -3.50   0.000    -.0430491   -.0121287
          8  |  -.0359053   .0075435    -4.76   0.000    -.0506978   -.0211127
          9  |  -.0319586   .0072909    -4.38   0.000    -.0462558   -.0176614
         10  |  -.0264229   .0074815    -3.53   0.000    -.0410938    -.011752
         11  |  -.0282601   .0067036    -4.22   0.000    -.0414056   -.0151146
         12  |  -.0219876    .005854    -3.76   0.000    -.0334671    -.010508
         13  |  -.0035173   .0063241    -0.56   0.578    -.0159185     .008884
         14  |  -.0092279   .0067058    -1.38   0.169    -.0223776    .0039218
         15  |  -.0112104   .0068741    -1.63   0.103    -.0246902    .0022694
         16  |  -.0060283    .007193    -0.84   0.402    -.0201335    .0080769
         17  |  -.0033662   .0071752    -0.47   0.639    -.0174364    .0107041
         18  |  -.0009799   .0064479    -0.15   0.879    -.0136241    .0116642
         19  |    .004432   .0064895     0.68   0.495    -.0082937    .0171577
         20  |   .0070799   .0061763     1.15   0.252    -.0050315    .0191914
         21  |   .0060718   .0056467     1.08   0.282    -.0050012    .0171447
         22  |  -.0039579   .0050466    -0.78   0.433    -.0138541    .0059383
         23  |  -.0044983   .0039453    -1.14   0.254    -.0122348    .0032382
         25  |   .0144829    .004469     3.24   0.001     .0057193    .0232465
         26  |   .0137774   .0053429     2.58   0.010     .0033002    .0242546
         27  |   .0198691   .0059823     3.32   0.001      .008138    .0316002
         28  |   .0168676   .0064589     2.61   0.009     .0042019    .0295333
         29  |   .0214586   .0067773     3.17   0.002     .0081685    .0347488
         30  |   .0238714   .0064493     3.70   0.000     .0112245    .0365183
         31  |   .0212238   .0073468     2.89   0.004      .006817    .0356307
         32  |   .0153298   .0073348     2.09   0.037     .0009465    .0297132
         33  |   .0152987   .0074794     2.05   0.041     .0006319    .0299654
         34  |    .009542   .0079059     1.21   0.228    -.0059611    .0250451
         35  |   .0120937   .0073425     1.65   0.100    -.0023047     .026492
         36  |   .0161975   .0067798     2.39   0.017     .0029025    .0294924
         37  |  -.0221833   .0139648    -1.59   0.112    -.0495677    .0052012
         38  |  -.0316614   .0136282    -2.32   0.020    -.0583858   -.0049371
         39  |  -.0208449   .0140695    -1.48   0.139    -.0484347    .0067449
         40  |  -.0132693   .0139915    -0.95   0.343    -.0407062    .0141676
         41  |   -.018514   .0154758    -1.20   0.232    -.0488614    .0118334
         42  |  -.0240453   .0144903    -1.66   0.097    -.0524602    .0043695
         43  |   .0004947   .0197672     0.03   0.980    -.0382681    .0392574
         44  |  -.0204635   .0205187    -1.00   0.319    -.0606998    .0197729
         45  |  -.0159785   .0192322    -0.83   0.406    -.0536922    .0217352
         46  |   -.014012   .0205853    -0.68   0.496    -.0543789     .026355
         47  |  -.0176034   .0216396    -0.81   0.416    -.0600377     .024831
         48  |  -.0286861   .0217793    -1.32   0.188    -.0713943    .0140222
         49  |  -.0181412   .0226358    -0.80   0.423     -.062529    .0262467
       1000  |  -.0646628   .0214597    -3.01   0.003    -.1067445   -.0225812
------------------------------------------------------------------------------

Absorbed degrees of freedom:
----------------------------------------------------------------+
            Absorbed FE | Categories  - Redundant  = Num. Coefs |
------------------------+---------------------------------------|
                zipcode |      2381        2381           0    *|
                    msa |       223           0         223     |
   calendar_month#state |       594          31         563     |
             year_month |       117          12         105    ?|
----------------------------------------------------------------+
? = number of redundant parameters may be higher
* = FE nested within cluster; treated as redundant for DoF computation
(note:  named style grey not found in class color, default attributes used)
(note: file ../output//medrentpricepsqft_2br_last_min_event_rel_months24.png no
> t found)
(file ../output//medrentpricepsqft_2br_last_min_event_rel_months24.png written 
> in PNG format)
(MWFE estimator converged in 6 iterations)

HDFE Linear regression                            Number of obs   =  4,630,402
Absorbing 4 HDFE groups                           F(  50,  20995) =     104.33
Statistics robust to heteroskedasticity           Prob > F        =     0.0000
                                                  R-squared       =     0.8955
                                                  Adj R-squared   =     0.8949
                                                  Within R-sq.    =     0.0284
Number of clusters (zipcode) =     20,996         Root MSE        = 45437.0527

                           (Std. Err. adjusted for 20,996 clusters in zipcode)
------------------------------------------------------------------------------
             |               Robust
    zhvi_2br |      Coef.   Std. Err.      t    P>|t|     [95% Conf. Interval]
-------------+----------------------------------------------------------------
last_min_~24 |
          0  |  -1263.423   379.0071    -3.33   0.001    -2006.306   -520.5396
          1  |   -8548.97   240.6637   -35.52   0.000    -9020.689    -8077.25
          2  |  -9008.016   233.9519   -38.50   0.000    -9466.579   -8549.452
          3  |  -8561.421   225.5541   -37.96   0.000    -9003.525   -8119.318
          4  |  -7797.455   215.2848   -36.22   0.000     -8219.43    -7375.48
          5  |  -7252.288    207.227   -35.00   0.000    -7658.469   -6846.107
          6  |  -7536.009   197.6526   -38.13   0.000    -7923.423   -7148.595
          7  |  -7460.052   187.9448   -39.69   0.000    -7828.438   -7091.665
          8  |  -6936.912   177.7495   -39.03   0.000    -7285.315   -6588.509
          9  |  -6310.734    169.834   -37.16   0.000    -6643.622   -5977.847
         10  |  -5510.568   160.3239   -34.37   0.000    -5824.815   -5196.321
         11  |  -4874.428   150.0513   -32.49   0.000    -5168.541   -4580.316
         12  |  -4680.994   141.8041   -33.01   0.000    -4958.941   -4403.047
         13  |  -4452.022   129.9783   -34.25   0.000     -4706.79   -4197.255
         14  |  -4677.712   119.5049   -39.14   0.000    -4911.951   -4443.473
         15  |  -3982.597   109.8237   -36.26   0.000     -4197.86   -3767.334
         16  |  -2953.977   102.5728   -28.80   0.000    -3155.028   -2752.926
         17  |  -2285.997   95.30646   -23.99   0.000    -2472.805   -2099.189
         18  |  -1945.932   84.60459   -23.00   0.000    -2111.764   -1780.101
         19  |  -2127.587   73.28234   -29.03   0.000    -2271.226   -1983.948
         20  |  -1653.158   63.58447   -26.00   0.000    -1777.789   -1528.528
         21  |  -1432.663   52.06253   -27.52   0.000     -1534.71   -1330.617
         22  |   -901.563   37.74616   -23.88   0.000    -975.5484   -827.5776
         23  |  -409.4815   19.89259   -20.58   0.000    -448.4725   -370.4904
         25  |  -1163.877   42.27384   -27.53   0.000    -1246.737   -1081.017
         26  |  -1963.286   69.88565   -28.09   0.000    -2100.267   -1826.305
         27  |  -1685.312   75.97455   -22.18   0.000    -1834.228   -1536.396
         28  |  -867.8932   79.83194   -10.87   0.000     -1024.37   -711.4165
         29  |  -539.0781   85.58266    -6.30   0.000    -706.8267   -371.3295
         30  |  -470.4925   95.01373    -4.95   0.000    -656.7267   -284.2583
         31  |  -5237.067   366.5677   -14.29   0.000    -5955.568   -4518.567
         32  |  -5114.125   370.2027   -13.81   0.000    -5839.751   -4388.499
         33  |  -4968.085   370.3171   -13.42   0.000    -5693.935   -4242.235
         34  |  -4800.742     373.53   -12.85   0.000    -5532.889   -4068.594
         35  |  -4358.881   374.9994   -11.62   0.000    -5093.908   -3623.853
         36  |  -3861.155   374.0231   -10.32   0.000    -4594.269   -3128.041
         37  |  -15518.96   497.7841   -31.18   0.000    -16494.66   -14543.27
         38  |  -16170.23   516.9436   -31.28   0.000    -17183.48   -15156.98
         39  |  -15570.43   513.9812   -30.29   0.000    -16577.88   -14562.99
         40  |  -15008.48   509.1205   -29.48   0.000    -16006.39   -14010.56
         41  |  -14343.65   502.7336   -28.53   0.000    -15329.05   -13358.25
         42  |  -14044.95   507.5826   -27.67   0.000    -15039.85   -13050.05
         43  |  -13488.74   510.6104   -26.42   0.000    -14489.58   -12487.91
         44  |  -13306.22   514.6689   -25.85   0.000    -14315.01   -12297.43
         45  |  -13069.12   515.0898   -25.37   0.000    -14078.73    -12059.5
         46  |  -12665.15   512.8338   -24.70   0.000    -13670.34   -11659.96
         47  |  -12129.61   509.7813   -23.79   0.000    -13128.82    -11130.4
         48  |  -11601.68   504.9171   -22.98   0.000    -12591.36      -10612
         49  |  -12908.38   515.0819   -25.06   0.000    -13917.98   -11898.78
       1000  |  -33814.53   974.2849   -34.71   0.000     -35724.2   -31904.86
------------------------------------------------------------------------------

Absorbed degrees of freedom:
----------------------------------------------------------------+
            Absorbed FE | Categories  - Redundant  = Num. Coefs |
------------------------+---------------------------------------|
                zipcode |     20996       20996           0    *|
                    msa |       859           0         859     |
   calendar_month#state |       612           6         606     |
             year_month |       285          12         273    ?|
----------------------------------------------------------------+
? = number of redundant parameters may be higher
* = FE nested within cluster; treated as redundant for DoF computation
(note:  named style grey not found in class color, default attributes used)
(note: file ../output//zhvi_2br_last_min_event_rel_months24.png not found)
(file ../output//zhvi_2br_last_min_event_rel_months24.png written in PNG format
> )

. 
end of do-file


Execute:  StataMP-64 /e do "./event_study.do"

  ___  ____  ____  ____  ____ (R)
 /__    /   ____/   /   ____/
___/   /   /___/   /   /___/   15.1   Copyright 1985-2017 StataCorp LLC
  Statistics/Data Analysis            StataCorp
                                      4905 Lakeway Drive
     MP - Parallel Edition            College Station, Texas 77845 USA
                                      800-STATA-PC        http://www.stata.com
                                      979-696-4600        stata@stata.com
                                      979-696-4601 (fax)

Single-user 32-core Stata perpetual license:
       Serial number:  501506205566
         Licensed to:  KU Leuven FEB (CES)
                       KU Leuven

Notes:
      1.  Stata is running in batch mode.
      2.  Unicode is supported; see help unicode_advice.
      3.  More than 2 billion observations are allowed; see help obs_advice.
      4.  Maximum number of variables is set to 5000; see help set_maxvar.

. do ./event_study.do 

. clear all

. set more off

. adopath + ../../../lib/stata/mental_coupons/ado
  [1]  (BASE)      "C:\Program Files\Stata15\ado\base/"
  [2]  (SITE)      "C:\Program Files\Stata15\ado\site/"
  [3]              "."
  [4]  (PERSONAL)  "c:\ado\personal/"
  [5]  (PLUS)      "c:\ado\plus/"
  [6]  (OLDPLACE)  "c:\ado/"
  [7]              "../../../lib/stata/mental_coupons/ado"

. adopath + ../../../lib/stata/gslab_misc/ado
  [1]  (BASE)      "C:\Program Files\Stata15\ado\base/"
  [2]  (SITE)      "C:\Program Files\Stata15\ado\site/"
  [3]              "."
  [4]  (PERSONAL)  "c:\ado\personal/"
  [5]  (PLUS)      "c:\ado\plus/"
  [6]  (OLDPLACE)  "c:\ado/"
  [7]              "../../../lib/stata/mental_coupons/ado"
  [8]              "../../../lib/stata/gslab_misc/ado"

. adopath + ../../../lib/stata/min_wage/ado
  [1]  (BASE)      "C:\Program Files\Stata15\ado\base/"
  [2]  (SITE)      "C:\Program Files\Stata15\ado\site/"
  [3]              "."
  [4]  (PERSONAL)  "c:\ado\personal/"
  [5]  (PLUS)      "c:\ado\plus/"
  [6]  (OLDPLACE)  "c:\ado/"
  [7]              "../../../lib/stata/mental_coupons/ado"
  [8]              "../../../lib/stata/gslab_misc/ado"
  [9]              "../../../lib/stata/min_wage/ado"

. set maxvar 32000 


. 
. program main
  1.         local instub  "../temp/"
  2.         local outstub "../output/"
  3. 
.         use `instub'/zipcode_year_month_panel.dta, clear
  4. 
.         foreach window in 12 24 {
  5.                 create_event_plot, outstub(`outstub') depvar(medrentprice_
> 2br)                          ///
>                         event_var(rel_months_min_event`window') controls(" ")
>  window(`window')  ///
>                         absorb(zipcode msa calendar_month##state year_month) 
> cluster(zipcode)
  6. 
.                 create_event_plot, outstub(`outstub') depvar(medrentpricepsqf
> t_2br)                     ///
>                         event_var(rel_months_min_event`window') controls(" ")
>  window(`window')  ///
>                         absorb(zipcode msa calendar_month##state year_month) 
> cluster(zipcode)
  7. 
.                 create_event_plot, outstub(`outstub') depvar(zhvi_2br)       
>                                    ///
>                         event_var(rel_months_min_event`window') controls(" ")
>  window(`window')  ///
>                         absorb(zipcode msa calendar_month##state year_month) 
> cluster(zipcode)
  8.         }
  9. end

. 
. main
(MWFE estimator converged in 7 iterations)

HDFE Linear regression                            Number of obs   =    106,315
Absorbing 4 HDFE groups                           F(  25,   2561) =       3.99
Statistics robust to heteroskedasticity           Prob > F        =     0.0000
                                                  R-squared       =     0.9836
                                                  Adj R-squared   =     0.9830
                                                  Within R-sq.    =     0.0043
Number of clusters (zipcode) =      2,562         Root MSE        =   114.2753

                            (Std. Err. adjusted for 2,562 clusters in zipcode)
------------------------------------------------------------------------------
             |               Robust
medren~e_2br |      Coef.   Std. Err.      t    P>|t|     [95% Conf. Interval]
-------------+----------------------------------------------------------------
rel_month~12 |
          1  |   -1.36477   9.801393    -0.14   0.889    -20.58423    17.85469
          2  |  -7.626297   9.260506    -0.82   0.410    -25.78514    10.53254
          3  |   3.312549   8.926445     0.37   0.711    -14.19123    20.81633
          4  |  -.1889754   8.883973    -0.02   0.983    -17.60948    17.23153
          5  |   1.489089   8.051556     0.18   0.853    -14.29913    17.27731
          6  |   2.695767   7.543545     0.36   0.721     -12.0963    17.48783
          7  |   .5507207   7.484691     0.07   0.941    -14.12594    15.22738
          8  |  -6.277203   7.261926    -0.86   0.387    -20.51705    7.962639
          9  |   1.366237   6.605802     0.21   0.836    -11.58702    14.31949
         10  |   .8708583   6.107932     0.14   0.887    -11.10613    12.84785
         11  |   .9957328   5.074342     0.20   0.844    -8.954498    10.94596
         13  |  -16.81876   5.409027    -3.11   0.002    -27.42527   -6.212246
         14  |    -8.7294   6.278885    -1.39   0.165    -21.04161    3.582806
         15  |   2.819056    6.50189     0.43   0.665     -9.93044    15.56855
         16  |   4.454756   6.422492     0.69   0.488    -8.139049    17.04856
         17  |  -2.589155   7.233795    -0.36   0.720    -16.77384    11.59553
         18  |   4.143568   7.755032     0.53   0.593     -11.0632    19.35034
         19  |   12.62016   8.338908     1.51   0.130    -3.731528    28.97185
         20  |   16.09104   8.233488     1.95   0.051    -.0539332    32.23601
         21  |   10.66502    8.13175     1.31   0.190    -5.280457    26.61049
         22  |   14.76478   8.084847     1.83   0.068    -1.088718    30.61828
         23  |   5.662657   8.418362     0.67   0.501    -10.84483    22.17015
         24  |   11.89077   8.300321     1.43   0.152    -4.385251    28.16679
         25  |   20.94401   8.524331     2.46   0.014     4.228726    37.65929
       1000  |   37.54719   7.643572     4.91   0.000     22.55898     52.5354
------------------------------------------------------------------------------

Absorbed degrees of freedom:
----------------------------------------------------------------+
            Absorbed FE | Categories  - Redundant  = Num. Coefs |
------------------------+---------------------------------------|
                zipcode |      2562        2562           0    *|
                    msa |       254           0         254     |
   calendar_month#state |       612          30         582     |
             year_month |       112          12         100    ?|
----------------------------------------------------------------+
? = number of redundant parameters may be higher
* = FE nested within cluster; treated as redundant for DoF computation
(note:  named style grey not found in class color, default attributes used)
(note: file ../output//medrentprice_2br_rel_months_min_event12.png not found)
(file ../output//medrentprice_2br_rel_months_min_event12.png written in PNG for
> mat)
(dropped 8 singleton observations)
(MWFE estimator converged in 7 iterations)

HDFE Linear regression                            Number of obs   =     92,442
Absorbing 4 HDFE groups                           F(  25,   2380) =       3.47
Statistics robust to heteroskedasticity           Prob > F        =     0.0000
                                                  R-squared       =     0.9856
                                                  Adj R-squared   =     0.9851
                                                  Within R-sq.    =     0.0048
Number of clusters (zipcode) =      2,381         Root MSE        =     0.0981

                            (Std. Err. adjusted for 2,381 clusters in zipcode)
------------------------------------------------------------------------------
             |               Robust
medren~t_2br |      Coef.   Std. Err.      t    P>|t|     [95% Conf. Interval]
-------------+----------------------------------------------------------------
rel_month~12 |
          1  |   .0015321   .0104104     0.15   0.883    -.0188823    .0219464
          2  |   .0042873   .0103696     0.41   0.679    -.0160472    .0246218
          3  |   .0039794   .0103398     0.38   0.700    -.0162966    .0242554
          4  |   .0033622   .0105542     0.32   0.750    -.0173341    .0240586
          5  |  -.0022064    .009964    -0.22   0.825    -.0217455    .0173327
          6  |   .0003565   .0088295     0.04   0.968    -.0169578    .0176708
          7  |   .0115151     .00906     1.27   0.204    -.0062511    .0292814
          8  |  -.0009395   .0080642    -0.12   0.907    -.0167532    .0148741
          9  |  -.0042385   .0079151    -0.54   0.592    -.0197596    .0112827
         10  |  -.0039089   .0073147    -0.53   0.593    -.0182528    .0104349
         11  |  -.0002844   .0061233    -0.05   0.963    -.0122919    .0117232
         13  |  -.0051139   .0054855    -0.93   0.351    -.0158706    .0056429
         14  |  -.0105665   .0061118    -1.73   0.084    -.0225515    .0014184
         15  |  -.0001366   .0071364    -0.02   0.985    -.0141309    .0138576
         16  |  -.0022214   .0078225    -0.28   0.776     -.017561    .0131182
         17  |  -.0011636   .0076884    -0.15   0.880    -.0162402     .013913
         18  |   .0035464   .0078389     0.45   0.651    -.0118254    .0189183
         19  |  -.0039437   .0084168    -0.47   0.639    -.0204488    .0125614
         20  |   .0020592   .0079016     0.26   0.794    -.0134355     .017554
         21  |   .0040589   .0081598     0.50   0.619    -.0119422      .02006
         22  |   .0021014   .0081679     0.26   0.797    -.0139155    .0181184
         23  |   -.006116   .0081025    -0.75   0.450    -.0220047    .0097726
         24  |  -.0034273   .0080942    -0.42   0.672    -.0192997     .012445
         25  |   .0071802   .0083949     0.86   0.392    -.0092819    .0236423
       1000  |   .0330349   .0083243     3.97   0.000     .0167114    .0493585
------------------------------------------------------------------------------

Absorbed degrees of freedom:
----------------------------------------------------------------+
            Absorbed FE | Categories  - Redundant  = Num. Coefs |
------------------------+---------------------------------------|
                zipcode |      2381        2381           0    *|
                    msa |       223           0         223     |
   calendar_month#state |       594          31         563     |
             year_month |       117          12         105    ?|
----------------------------------------------------------------+
? = number of redundant parameters may be higher
* = FE nested within cluster; treated as redundant for DoF computation
(note:  named style grey not found in class color, default attributes used)
(note: file ../output//medrentpricepsqft_2br_rel_months_min_event12.png not fou
> nd)
(file ../output//medrentpricepsqft_2br_rel_months_min_event12.png written in PN
> G format)
(MWFE estimator converged in 6 iterations)

HDFE Linear regression                            Number of obs   =  4,630,402
Absorbing 4 HDFE groups                           F(  25,  20995) =     100.02
Statistics robust to heteroskedasticity           Prob > F        =     0.0000
                                                  R-squared       =     0.8925
                                                  Adj R-squared   =     0.8920
                                                  Within R-sq.    =     0.0012
Number of clusters (zipcode) =     20,996         Root MSE        = 46068.3935

                           (Std. Err. adjusted for 20,996 clusters in zipcode)
------------------------------------------------------------------------------
             |               Robust
    zhvi_2br |      Coef.   Std. Err.      t    P>|t|     [95% Conf. Interval]
-------------+----------------------------------------------------------------
rel_month~12 |
          1  |  -3457.845    99.3925   -34.79   0.000    -3652.662   -3263.028
          2  |  -3386.648   98.78729   -34.28   0.000    -3580.279   -3193.018
          3  |  -3048.424   91.69703   -33.24   0.000    -3228.157   -2868.691
          4  |  -2356.474   81.85939   -28.79   0.000    -2516.925   -2196.024
          5  |  -2022.764   75.71009   -26.72   0.000    -2171.162   -1874.366
          6  |  -1769.228   69.19711   -25.57   0.000     -1904.86   -1633.597
          7  |  -1244.412   62.34809   -19.96   0.000    -1366.619   -1122.204
          8  |  -1307.483   56.68189   -23.07   0.000    -1418.584   -1196.383
          9  |  -1088.822   46.01934   -23.66   0.000    -1179.024   -998.6206
         10  |  -574.3978   33.46249   -17.17   0.000    -639.9868   -508.8087
         11  |  -340.8823   16.84162   -20.24   0.000    -373.8932   -307.8715
         13  |   549.3621   28.67246    19.16   0.000     493.1619    605.5623
         14  |   848.9138   34.53707    24.58   0.000     781.2185    916.6092
         15  |   1242.321   47.35418    26.23   0.000     1149.503    1335.139
         16  |   2153.743   68.29849    31.53   0.000     2019.872    2287.613
         17  |    2551.97   82.27066    31.02   0.000     2390.714    2713.227
         18  |   2763.454    94.1969    29.34   0.000     2578.821    2948.087
         19  |   3783.498   114.4106    33.07   0.000     3559.244    4007.751
         20  |   4072.832   124.8553    32.62   0.000     3828.106    4317.558
         21  |    4425.92   130.7832    33.84   0.000     4169.575    4682.266
         22  |   4993.581   140.5967    35.52   0.000     4718.001    5269.162
         23  |   5347.332   149.8644    35.68   0.000     5053.586    5641.078
         24  |   5595.278   158.4396    35.31   0.000     5284.724    5905.832
         25  |   5902.605   165.9266    35.57   0.000     5577.376    6227.833
       1000  |   5076.859   238.9497    21.25   0.000       4608.5    5545.219
------------------------------------------------------------------------------

Absorbed degrees of freedom:
----------------------------------------------------------------+
            Absorbed FE | Categories  - Redundant  = Num. Coefs |
------------------------+---------------------------------------|
                zipcode |     20996       20996           0    *|
                    msa |       859           0         859     |
   calendar_month#state |       612           6         606     |
             year_month |       285          12         273    ?|
----------------------------------------------------------------+
? = number of redundant parameters may be higher
* = FE nested within cluster; treated as redundant for DoF computation
(note:  named style grey not found in class color, default attributes used)
(note: file ../output//zhvi_2br_rel_months_min_event12.png not found)
(file ../output//zhvi_2br_rel_months_min_event12.png written in PNG format)
(MWFE estimator converged in 7 iterations)

HDFE Linear regression                            Number of obs   =    106,315
Absorbing 4 HDFE groups                           F(  49,   2561) =       3.27
Statistics robust to heteroskedasticity           Prob > F        =     0.0000
                                                  R-squared       =     0.9837
                                                  Adj R-squared   =     0.9832
                                                  Within R-sq.    =     0.0112
Number of clusters (zipcode) =      2,562         Root MSE        =   113.8922

                            (Std. Err. adjusted for 2,562 clusters in zipcode)
------------------------------------------------------------------------------
             |               Robust
medren~e_2br |      Coef.   Std. Err.      t    P>|t|     [95% Conf. Interval]
-------------+----------------------------------------------------------------
rel_month~24 |
          1  |  -49.30497   14.63091    -3.37   0.001    -77.99459   -20.61536
          2  |  -21.64883   14.30624    -1.51   0.130    -49.70181    6.404152
          3  |  -24.77545   13.56412    -1.83   0.068    -51.37321    1.822309
          4  |  -28.89105   13.35915    -2.16   0.031    -55.08688   -2.695228
          5  |   -28.4674   12.78895    -2.23   0.026    -53.54513   -3.389667
          6  |  -20.46777   12.11512    -1.69   0.091    -44.22421    3.288658
          7  |  -20.76393   12.37169    -1.68   0.093    -45.02347    3.495604
          8  |  -15.77275   12.04909    -1.31   0.191    -39.39969    7.854199
          9  |  -12.17503   11.67456    -1.04   0.297    -35.06757    10.71751
         10  |  -15.41368   10.96419    -1.41   0.160    -36.91326    6.085906
         11  |  -1.597388   9.881834    -0.16   0.872    -20.97459    17.77981
         12  |   1.617501   8.796043     0.18   0.854    -15.63058    18.86558
         13  |  -18.56916   10.26584    -1.81   0.071    -38.69934    1.561024
         14  |  -20.31465   10.18772    -1.99   0.046    -40.29165    -.337647
         15  |  -8.399114   10.03756    -0.84   0.403    -28.08168    11.28345
         16  |  -13.47105   9.909675    -1.36   0.174    -32.90284    5.960738
         17  |  -9.978181   9.124019    -1.09   0.274    -27.86939    7.913024
         18  |  -6.903692   8.321494    -0.83   0.407    -23.22123    9.413847
         19  |  -9.056242   8.458902    -1.07   0.284    -25.64322    7.530742
         20  |  -12.65033   8.302977    -1.52   0.128    -28.93156    3.630898
         21  |  -2.872406   7.693893    -0.37   0.709    -17.95929    12.21448
         22  |  -4.593237   7.008715    -0.66   0.512    -18.33656    9.150087
         23  |  -.2469918   5.900029    -0.04   0.967     -11.8163    11.32232
         25  |   -26.2121   6.016627    -4.36   0.000    -38.01005   -14.41415
         26  |  -14.00784   7.176581    -1.95   0.051    -28.08033    .0646488
         27  |  -1.072916   7.276542    -0.15   0.883    -15.34142    13.19559
         28  |  -.1424058   7.252016    -0.02   0.984    -14.36282    14.07801
         29  |  -6.383952   8.209515    -0.78   0.437    -22.48191    9.714009
         30  |   .9496184   8.596295     0.11   0.912    -15.90678    17.80601
         31  |   10.97408   9.600918     1.14   0.253    -7.852272    29.80043
         32  |   18.72375   9.989226     1.87   0.061    -.8640343    38.31153
         33  |   18.32376   9.910691     1.85   0.065    -1.110023    37.75754
         34  |   22.05993   9.718293     2.27   0.023     3.003422    41.11644
         35  |   20.57992   9.591544     2.15   0.032     1.771953    39.38789
         36  |   25.11307   9.131566     2.75   0.006     7.207072    43.01908
         37  |   21.08907   9.504305     2.22   0.027     2.452168    39.72598
         38  |   44.33597   9.479293     4.68   0.000     25.74811    62.92382
         39  |   48.37807   9.590405     5.04   0.000     29.57233    67.18381
         40  |    45.3682   9.590013     4.73   0.000     26.56323    64.17316
         41  |   47.62157     9.3769     5.08   0.000      29.2345    66.00865
         42  |   46.28594   9.315695     4.97   0.000     28.01888      64.553
         43  |   46.72707   9.824231     4.76   0.000     27.46283    65.99132
         44  |   51.52694   10.06986     5.12   0.000     31.78106    71.27283
         45  |   54.44235   10.17058     5.35   0.000     34.49896    74.38574
         46  |   52.86957   10.19823     5.18   0.000     32.87196    72.86719
         47  |   53.89148    9.69287     5.56   0.000     34.88482    72.89814
         48  |   55.31384   9.060421     6.10   0.000     37.54734    73.08033
         49  |   49.98109     9.5452     5.24   0.000       31.264    68.69819
       1000  |   49.66469   10.47605     4.74   0.000     29.12231    70.20707
------------------------------------------------------------------------------

Absorbed degrees of freedom:
----------------------------------------------------------------+
            Absorbed FE | Categories  - Redundant  = Num. Coefs |
------------------------+---------------------------------------|
                zipcode |      2562        2562           0    *|
                    msa |       254           0         254     |
   calendar_month#state |       612          30         582     |
             year_month |       112          12         100    ?|
----------------------------------------------------------------+
? = number of redundant parameters may be higher
* = FE nested within cluster; treated as redundant for DoF computation
(note:  named style grey not found in class color, default attributes used)
(note: file ../output//medrentprice_2br_rel_months_min_event24.png not found)
(file ../output//medrentprice_2br_rel_months_min_event24.png written in PNG for
> mat)
(dropped 8 singleton observations)
(MWFE estimator converged in 7 iterations)

HDFE Linear regression                            Number of obs   =     92,442
Absorbing 4 HDFE groups                           F(  49,   2380) =       2.36
Statistics robust to heteroskedasticity           Prob > F        =     0.0000
                                                  R-squared       =     0.9857
                                                  Adj R-squared   =     0.9851
                                                  Within R-sq.    =     0.0094
Number of clusters (zipcode) =      2,381         Root MSE        =     0.0979

                            (Std. Err. adjusted for 2,381 clusters in zipcode)
------------------------------------------------------------------------------
             |               Robust
medren~t_2br |      Coef.   Std. Err.      t    P>|t|     [95% Conf. Interval]
-------------+----------------------------------------------------------------
rel_month~24 |
          1  |  -.0034424   .0163124    -0.21   0.833    -.0354303    .0285455
          2  |  -.0079393   .0152825    -0.52   0.603    -.0379077    .0220291
          3  |  -.0001957   .0142361    -0.01   0.989    -.0281122    .0277208
          4  |  -.0036701   .0129303    -0.28   0.777    -.0290259    .0216858
          5  |  -.0139364   .0128636    -1.08   0.279    -.0391615    .0112887
          6  |  -.0092485   .0133145    -0.69   0.487    -.0353577    .0168607
          7  |   .0005166   .0131432     0.04   0.969    -.0252567      .02629
          8  |  -.0030381   .0118178    -0.26   0.797    -.0262123    .0201361
          9  |   .0053095   .0119677     0.44   0.657    -.0181588    .0287777
         10  |   .0085729   .0114832     0.75   0.455    -.0139453     .031091
         11  |   .0124317   .0111948     1.11   0.267    -.0095209    .0343844
         12  |    .005951   .0100687     0.59   0.555    -.0137933    .0256954
         13  |  -.0015779   .0107025    -0.15   0.883    -.0225651    .0194093
         14  |  -.0033306   .0109258    -0.30   0.761    -.0247558    .0180946
         15  |  -.0015142   .0108718    -0.14   0.889    -.0228333    .0198049
         16  |  -.0035423   .0111081    -0.32   0.750    -.0253249    .0182402
         17  |  -.0097276   .0107614    -0.90   0.366    -.0308302    .0113751
         18  |  -.0059871   .0095927    -0.62   0.533    -.0247981    .0128238
         19  |   .0085124   .0097674     0.87   0.384    -.0106411    .0276658
         20  |  -.0046548   .0088159    -0.53   0.598    -.0219425    .0126329
         21  |  -.0059435    .008465    -0.70   0.483    -.0225431     .010656
         22  |  -.0050045    .007871    -0.64   0.525    -.0204393    .0104302
         23  |   .0011412    .006507     0.18   0.861    -.0116189    .0139012
         25  |  -.0067088   .0060266    -1.11   0.266    -.0185268    .0051091
         26  |  -.0174924   .0068644    -2.55   0.011    -.0309532   -.0040315
         27  |  -.0052332   .0075768    -0.69   0.490     -.020091    .0096246
         28  |  -.0092402   .0084235    -1.10   0.273    -.0257584     .007278
         29  |      -.009   .0085424    -1.05   0.292    -.0257513    .0077514
         30  |  -.0025953   .0086792    -0.30   0.765     -.019615    .0144243
         31  |  -.0046245   .0090375    -0.51   0.609    -.0223468    .0130978
         32  |   .0006331   .0089681     0.07   0.944     -.016953    .0182191
         33  |   .0031926   .0094489     0.34   0.735    -.0153363    .0217215
         34  |   .0017806   .0089841     0.20   0.843    -.0158369    .0193982
         35  |   .0005386   .0087501     0.06   0.951    -.0166199    .0176971
         36  |   -.000995   .0085862    -0.12   0.908    -.0178323    .0158422
         37  |   .0065153   .0097676     0.67   0.505    -.0126385    .0256691
         38  |   .0264659   .0100481     2.63   0.008     .0067621    .0461698
         39  |   .0281752   .0100167     2.81   0.005     .0085328    .0478175
         40  |   .0231802   .0100127     2.32   0.021     .0035456    .0428148
         41  |   .0274854   .0100653     2.73   0.006     .0077477    .0472232
         42  |   .0290807   .0099369     2.93   0.003     .0095948    .0485666
         43  |   .0316544   .0102916     3.08   0.002     .0114729    .0518359
         44  |    .031921   .0101032     3.16   0.002     .0121091    .0517329
         45  |   .0333627   .0103292     3.23   0.001     .0131075    .0536179
         46  |   .0344677   .0103603     3.33   0.001     .0141516    .0547837
         47  |   .0403754    .009976     4.05   0.000     .0208129     .059938
         48  |   .0408173   .0094883     4.30   0.000      .022211    .0594236
         49  |    .043353   .0102262     4.24   0.000     .0232998    .0634063
       1000  |   .0510198   .0116139     4.39   0.000     .0282453    .0737943
------------------------------------------------------------------------------

Absorbed degrees of freedom:
----------------------------------------------------------------+
            Absorbed FE | Categories  - Redundant  = Num. Coefs |
------------------------+---------------------------------------|
                zipcode |      2381        2381           0    *|
                    msa |       223           0         223     |
   calendar_month#state |       594          31         563     |
             year_month |       117          12         105    ?|
----------------------------------------------------------------+
? = number of redundant parameters may be higher
* = FE nested within cluster; treated as redundant for DoF computation
(note:  named style grey not found in class color, default attributes used)
(note: file ../output//medrentpricepsqft_2br_rel_months_min_event24.png not fou
> nd)
(file ../output//medrentpricepsqft_2br_rel_months_min_event24.png written in PN
> G format)
(MWFE estimator converged in 6 iterations)

HDFE Linear regression                            Number of obs   =  4,630,402
Absorbing 4 HDFE groups                           F(  49,  20995) =      70.66
Statistics robust to heteroskedasticity           Prob > F        =     0.0000
                                                  R-squared       =     0.8932
                                                  Adj R-squared   =     0.8926
                                                  Within R-sq.    =     0.0072
Number of clusters (zipcode) =     20,996         Root MSE        = 45931.2503

                           (Std. Err. adjusted for 20,996 clusters in zipcode)
------------------------------------------------------------------------------
             |               Robust
    zhvi_2br |      Coef.   Std. Err.      t    P>|t|     [95% Conf. Interval]
-------------+----------------------------------------------------------------
rel_month~24 |
          1  |  -7144.051     202.04   -35.36   0.000    -7540.065   -6748.037
          2  |  -8234.289   220.3512   -37.37   0.000    -8666.194   -7802.384
          3  |  -8112.581   214.6561   -37.79   0.000    -8533.324   -7691.839
          4  |  -7608.656   202.1791   -37.63   0.000    -8004.943   -7212.369
          5  |  -7540.901   195.7183   -38.53   0.000    -7924.524   -7157.278
          6  |  -7335.057   186.9734   -39.23   0.000    -7701.539   -6968.574
          7  |  -6455.783   168.8746   -38.23   0.000    -6786.791   -6124.776
          8  |  -6235.795   164.3319   -37.95   0.000    -6557.898   -5913.692
          9  |  -5804.374   154.6986   -37.52   0.000    -6107.595   -5501.153
         10  |  -4929.662   142.1576   -34.68   0.000    -5208.302   -4651.022
         11  |  -4634.306   135.5866   -34.18   0.000    -4900.067   -4368.546
         12  |  -4347.033   127.7295   -34.03   0.000    -4597.392   -4096.673
         13  |  -3640.334   118.2218   -30.79   0.000    -3872.058    -3408.61
         14  |  -4459.333   124.4665   -35.83   0.000    -4703.297   -4215.369
         15  |  -4036.982   114.9269   -35.13   0.000    -4262.247   -3811.716
         16  |  -3256.072   101.5835   -32.05   0.000    -3455.184    -3056.96
         17  |  -2900.669   94.02554   -30.85   0.000    -3084.967   -2716.372
         18  |  -2586.033   85.29933   -30.32   0.000    -2753.227    -2418.84
         19  |   -1781.33   74.24846   -23.99   0.000    -1926.862   -1635.797
         20  |  -1419.472    65.0755   -21.81   0.000    -1547.025   -1291.919
         21  |  -1106.548   50.38044   -21.96   0.000    -1205.297   -1007.798
         22  |  -404.2794   37.97611   -10.65   0.000    -478.7155   -329.8433
         23  |  -172.0643   18.46751    -9.32   0.000    -208.2621   -135.8666
         25  |   915.0548   44.50607    20.56   0.000     827.8194     1002.29
         26  |  -134.8834   40.28417    -3.35   0.001    -213.8435   -55.92333
         27  |   318.8859   50.27121     6.34   0.000     220.3504    417.4213
         28  |   1175.693   68.99399    17.04   0.000      1040.46    1310.927
         29  |   1600.249    79.2845    20.18   0.000     1444.845    1755.653
         30  |   1898.362   93.34345    20.34   0.000     1715.401    2081.322
         31  |   3029.632   117.3447    25.82   0.000     2799.628    3259.637
         32  |   6451.854   211.1719    30.55   0.000     6037.941    6865.767
         33  |   6742.433   218.2992    30.89   0.000      6314.55    7170.317
         34  |    7559.47    234.811    32.19   0.000     7099.223    8019.718
         35  |   7846.236   241.6887    32.46   0.000     7372.507    8319.964
         36  |   8025.276     249.21    32.20   0.000     7536.806    8513.747
         37  |   9717.924   291.7945    33.30   0.000     9145.984    10289.86
         38  |   7426.494   246.4272    30.14   0.000     6943.478    7909.511
         39  |   7713.594   255.3995    30.20   0.000     7212.992    8214.197
         40  |   8648.789   272.3486    31.76   0.000     8114.965    9182.613
         41  |   8823.206   280.3885    31.47   0.000     8273.624    9372.789
         42  |   8988.135    288.419    31.16   0.000     8422.812    9553.458
         43  |   9131.418   286.0336    31.92   0.000     8570.771    9692.066
         44  |   9503.277    290.275    32.74   0.000     8934.316    10072.24
         45  |   9488.519   294.3795    32.23   0.000     8911.513    10065.53
         46  |   10001.05   301.3863    33.18   0.000     9410.314    10591.79
         47  |   10304.62   312.7935    32.94   0.000      9691.52    10917.72
         48  |   10567.98   321.6493    32.86   0.000     9937.527    11198.44
         49  |   10762.93   355.2561    30.30   0.000      10066.6    11459.26
       1000  |  -4445.482   336.8484   -13.20   0.000    -5105.731   -3785.233
------------------------------------------------------------------------------

Absorbed degrees of freedom:
----------------------------------------------------------------+
            Absorbed FE | Categories  - Redundant  = Num. Coefs |
------------------------+---------------------------------------|
                zipcode |     20996       20996           0    *|
                    msa |       859           0         859     |
   calendar_month#state |       612           6         606     |
             year_month |       285          12         273    ?|
----------------------------------------------------------------+
? = number of redundant parameters may be higher
* = FE nested within cluster; treated as redundant for DoF computation
(note:  named style grey not found in class color, default attributes used)
(note: file ../output//zhvi_2br_rel_months_min_event24.png not found)
(file ../output//zhvi_2br_rel_months_min_event24.png written in PNG format)

. 
end of do-file

 make.py ended: 2020-03-22 19:21:37
