
 make.py started: 2020-03-22 11:27:47 C:\Users\shermo\Documents\GitHub\min_wage_rent\analysis\event_study\code 




Execute:  StataMP-64 /e do "./preclean_event_studies.do"

  ___  ____  ____  ____  ____ (R)
 /__    /   ____/   /   ____/
___/   /   /___/   /   /___/   15.1   Copyright 1985-2017 StataCorp LLC
  Statistics/Data Analysis            StataCorp
                                      4905 Lakeway Drive
     MP - Parallel Edition            College Station, Texas 77845 USA
                                      800-STATA-PC        http://www.stata.com
                                      979-696-4600        stata@stata.com
                                      979-696-4601 (fax)

Single-user 32-core Stata perpetual license:
       Serial number:  501506205566
         Licensed to:  KU Leuven FEB (CES)
                       KU Leuven

Notes:
      1.  Stata is running in batch mode.
      2.  Unicode is supported; see help unicode_advice.
      3.  More than 2 billion observations are allowed; see help obs_advice.
      4.  Maximum number of variables is set to 5000; see help set_maxvar.

. do ./preclean_event_studies.do 

. clear all

. set more off

. adopath + ../../../lib/stata/mental_coupons/ado
  [1]  (BASE)      "C:\Program Files\Stata15\ado\base/"
  [2]  (SITE)      "C:\Program Files\Stata15\ado\site/"
  [3]              "."
  [4]  (PERSONAL)  "c:\ado\personal/"
  [5]  (PLUS)      "c:\ado\plus/"
  [6]  (OLDPLACE)  "c:\ado/"
  [7]              "../../../lib/stata/mental_coupons/ado"

. adopath + ../../../lib/stata/gslab_misc/ado
  [1]  (BASE)      "C:\Program Files\Stata15\ado\base/"
  [2]  (SITE)      "C:\Program Files\Stata15\ado\site/"
  [3]              "."
  [4]  (PERSONAL)  "c:\ado\personal/"
  [5]  (PLUS)      "c:\ado\plus/"
  [6]  (OLDPLACE)  "c:\ado/"
  [7]              "../../../lib/stata/mental_coupons/ado"
  [8]              "../../../lib/stata/gslab_misc/ado"

. set maxvar 32000 


. 
. program main
  1.         local instub  "../../../drive/derived_large/output"
  2.         local outstub "../temp"
  3. 
.         use `instub'/zipcode_yearmonth_panel.dta, clear
  4. 
.         prepare_data, time_var(year_month) geo_unit(zipcode)
  5. 
.         foreach window in 12 24 {
  6.                 create_latest_event_vars, event_dummy(min_event) window(`w
> indow')                ///
>                         time_var(year_month) geo_unit(zipcode)
  7.                         
.         create_event_vars, event_dummy(min_event) window(`window')           
>             ///
>                         time_var(year_month) geo_unit(zipcode)
  8.         }
  9.         
.         save_data `outstub'/zipcode_year_month_panel.dta, key(zipcode year_mo
> nth)            ///
>             replace log(none)
 10. end

. 
. program prepare_data
  1.     syntax, time_var(str) geo_unit(str)
  2. 
.     gen date = dofm(year_month)
  3.         gen calendar_month = month(date)
  4.         drop date
  5.         
.         replace min_event = 0 if dmin_actual_mw < 0.5
  6. 
.         drop if missing(msa)
  7.         
.         keep zipcode year_month state msa calendar_month ///
>             zhvi_2br medrentprice_2br medrentpricepsqft_2br ///
>                 min_event mean_event max_event
  8. end

. 
. program create_latest_event_vars
  1.         syntax, event_dummy(str) window(int) time_var(str) geo_unit(str) [
> min_option(str)]
  2.         
.         local window_span = `window'*2 + 1 
  3.         
.         gen `event_dummy'_`time_var' = `time_var' if `event_dummy' == 1
  4.         format `event_dummy'_`time_var' %tm
  5.         
.         bysort `geo_unit': egen last_`event_dummy'_`time_var' = max(`event_du
> mmy'_`time_var')
  6.         gen last_`event_dummy'_rel_months`window' = `time_var' - last_`eve
> nt_dummy'_`time_var'
  7.         replace last_`event_dummy'_rel_months`window' = last_`event_dummy'
> _rel_months`window' + `window' + 1
  8.         replace last_`event_dummy'_rel_months`window' = 0 ///
>             if last_`event_dummy'_rel_months`window' <= 0
  9.         replace last_`event_dummy'_rel_months`window' = 1000 ///
>             if last_`event_dummy'_rel_months`window' > `window_span'
 10.                 
.         drop `event_dummy'_`time_var' last_`event_dummy'_`time_var'
 11. end

. 
. program create_event_vars
  1.         syntax, event_dummy(str) window(int) time_var(str) geo_unit(str)
  2. 
.         bysort `geo_unit' (`time_var'): gen event_start = 1 if `event_dummy'[
> _n + `window'] == 1
  3.         gen event_start_non_overlap = event_start
  4.         forvalues i = 0(1)`window' {                                    
  5.                 bysort `geo_unit' (`time_var'): replace event_start_non_ov
> erlap = . ///
>                     if `event_dummy'[_n - `i'] == 1
  6.         }
  7.         
.         local window_span = 2*`window' + 1
  8.         gen rel_months_`event_dummy' = event_start_non_overlap
  9.         forvalues i = 2(1)`window_span' {                                 
>       
 10.                 bysort `geo_unit' (`time_var'): replace rel_months_`event_
> dummy' = `i' ///
>                     if event_start_non_overlap[_n - `i' + 1] == 1
 11.         }
 12.         replace rel_months_`event_dummy' = 1000 if rel_months_`event_dummy
> ' == .
 13. 
. 
.         drop event_start event_start_non_overlap
 14.         rename rel_months_`event_dummy' rel_months_`event_dummy'`window'  
>       
 15. end

. 
. main
(66,140 real changes made)
(442,829 observations deleted)
(4,040,079 missing values generated)
(64933 missing values generated)
(64,933 missing values generated)
(4,037,500 real changes made)
(2,481,150 real changes made)
(1,211,057 real changes made)
(4,054,323 missing values generated)
(4,054,323 missing values generated)
(18117 real changes made, 18117 to missing)
(0 real changes made)
(87 real changes made, 87 to missing)
(64 real changes made, 64 to missing)
(0 real changes made)
(1270 real changes made, 1270 to missing)
(1423 real changes made, 1423 to missing)
(102 real changes made, 102 to missing)
(0 real changes made)
(0 real changes made)
(0 real changes made)
(0 real changes made)
(274 real changes made, 274 to missing)
(4,075,660 missing values generated)
(26773 real changes made)
(26773 real changes made)
(26773 real changes made)
(26773 real changes made)
(26773 real changes made)
(26773 real changes made)
(26773 real changes made)
(26773 real changes made)
(26773 real changes made)
(26773 real changes made)
(26773 real changes made)
(26773 real changes made)
(26773 real changes made)
(26773 real changes made)
(26773 real changes made)
(26773 real changes made)
(26773 real changes made)
(26773 real changes made)
(26773 real changes made)
(26773 real changes made)
(26773 real changes made)
(26773 real changes made)
(26773 real changes made)
(26773 real changes made)
(3,461,101 real changes made)
(4,040,079 missing values generated)
(64933 missing values generated)
(64,933 missing values generated)
(4,037,500 real changes made)
(2,291,850 real changes made)
(1,038,292 real changes made)
(4,055,778 missing values generated)
(4,055,778 missing values generated)
(5004 real changes made, 5004 to missing)
(0 real changes made)
(24 real changes made, 24 to missing)
(0 real changes made)
(0 real changes made)
(0 real changes made)
(650 real changes made, 650 to missing)
(857 real changes made, 857 to missing)
(0 real changes made)
(0 real changes made)
(1369 real changes made, 1369 to missing)
(0 real changes made)
(582 real changes made, 582 to missing)
(0 real changes made)
(389 real changes made, 389 to missing)
(246 real changes made, 246 to missing)
(63 real changes made, 63 to missing)
(0 real changes made)
(0 real changes made)
(0 real changes made)
(0 real changes made)
(0 real changes made)
(1238 real changes made, 1238 to missing)
(0 real changes made)
(899 real changes made, 899 to missing)
(4,067,099 missing values generated)
(35334 real changes made)
(35334 real changes made)
(35334 real changes made)
(35334 real changes made)
(35334 real changes made)
(35334 real changes made)
(35334 real changes made)
(35334 real changes made)
(35334 real changes made)
(35334 real changes made)
(35334 real changes made)
(35334 real changes made)
(35334 real changes made)
(35334 real changes made)
(35334 real changes made)
(35334 real changes made)
(35334 real changes made)
(35334 real changes made)
(35334 real changes made)
(35334 real changes made)
(35334 real changes made)
(35334 real changes made)
(35334 real changes made)
(35334 real changes made)
(35334 real changes made)
(35334 real changes made)
(35334 real changes made)
(35334 real changes made)
(35334 real changes made)
(35334 real changes made)
(35334 real changes made)
(35334 real changes made)
(35334 real changes made)
(35334 real changes made)
(35334 real changes made)
(35334 real changes made)
(35334 real changes made)
(35334 real changes made)
(34757 real changes made)
(34757 real changes made)
(34747 real changes made)
(34747 real changes made)
(34747 real changes made)
(34736 real changes made)
(32555 real changes made)
(32555 real changes made)
(32545 real changes made)
(32467 real changes made)
(2,920,965 real changes made)
(data already sorted by zipcode year_month)
  variable calendar_month was float now byte
  variable last_min_event_rel_months12 was float now int
  variable rel_months_min_event12 was float now int
  variable last_min_event_rel_months24 was float now int
  variable rel_months_min_event24 was float now int
  (45,126,763 bytes saved)
===============================================================================
> ===================
File: ../temp/zipcode_year_month_panel.dta
Key: zipcode year_month
===============================================================================
> ===================
  4102433:15(59486):630873060:3077767849

    Variable |        Obs        Mean    Std. Dev.       Min        Max
-------------+---------------------------------------------------------
     zipcode |  4,102,433     47097.4    29027.94       1001      99901
  year_month |  4,102,433    565.2072    74.74936        435        692
         msa |  4,102,433    415.4452    232.7511          1        817
       state |  4,102,433    28.76724    15.28776          1         56
   min_event |  3,854,828    .0161756    .1261504          0          1
-------------+---------------------------------------------------------
  mean_event |  3,854,828     .038808     .193137          0          1
   max_event |  3,854,828    .0319674    .1759134          0          1
medren~e_2br |     36,996    1866.818    910.2993        495       7495
medren~t_2br |     27,580    1.710984    .8328733   .4858842          6
    zhvi_2br |  2,170,816    160414.1    136083.7      21900    3362400
-------------+---------------------------------------------------------
calendar_m~h |  4,102,433    6.497749    3.421663          1         12
last_min_~12 |  4,102,433    296.4546    455.3466          0       1000
rel_month~12 |  4,102,433    845.7216    358.4137          1       1000
last_min_~24 |  4,102,433    257.6177    432.2868          0       1000
rel_month~24 |  4,102,433    719.9026    440.4836          1       1000




(note: file ../temp/zipcode_year_month_panel.dta not found)
file ../temp/zipcode_year_month_panel.dta saved

. 
end of do-file


Execute:  StataMP-64 /e do "./first_last_event_study.do"

  ___  ____  ____  ____  ____ (R)
 /__    /   ____/   /   ____/
___/   /   /___/   /   /___/   15.1   Copyright 1985-2017 StataCorp LLC
  Statistics/Data Analysis            StataCorp
                                      4905 Lakeway Drive
     MP - Parallel Edition            College Station, Texas 77845 USA
                                      800-STATA-PC        http://www.stata.com
                                      979-696-4600        stata@stata.com
                                      979-696-4601 (fax)

Single-user 32-core Stata perpetual license:
       Serial number:  501506205566
         Licensed to:  KU Leuven FEB (CES)
                       KU Leuven

Notes:
      1.  Stata is running in batch mode.
      2.  Unicode is supported; see help unicode_advice.
      3.  More than 2 billion observations are allowed; see help obs_advice.
      4.  Maximum number of variables is set to 5000; see help set_maxvar.

. do ./first_last_event_study.do 

. clear all

. set more off

. adopath + ../../../lib/stata/mental_coupons/ado
  [1]  (BASE)      "C:\Program Files\Stata15\ado\base/"
  [2]  (SITE)      "C:\Program Files\Stata15\ado\site/"
  [3]              "."
  [4]  (PERSONAL)  "c:\ado\personal/"
  [5]  (PLUS)      "c:\ado\plus/"
  [6]  (OLDPLACE)  "c:\ado/"
  [7]              "../../../lib/stata/mental_coupons/ado"

. adopath + ../../../lib/stata/gslab_misc/ado
  [1]  (BASE)      "C:\Program Files\Stata15\ado\base/"
  [2]  (SITE)      "C:\Program Files\Stata15\ado\site/"
  [3]              "."
  [4]  (PERSONAL)  "c:\ado\personal/"
  [5]  (PLUS)      "c:\ado\plus/"
  [6]  (OLDPLACE)  "c:\ado/"
  [7]              "../../../lib/stata/mental_coupons/ado"
  [8]              "../../../lib/stata/gslab_misc/ado"

. adopath + ../../../lib/stata/min_wage/ado
  [1]  (BASE)      "C:\Program Files\Stata15\ado\base/"
  [2]  (SITE)      "C:\Program Files\Stata15\ado\site/"
  [3]              "."
  [4]  (PERSONAL)  "c:\ado\personal/"
  [5]  (PLUS)      "c:\ado\plus/"
  [6]  (OLDPLACE)  "c:\ado/"
  [7]              "../../../lib/stata/mental_coupons/ado"
  [8]              "../../../lib/stata/gslab_misc/ado"
  [9]              "../../../lib/stata/min_wage/ado"

. set maxvar 32000 


. 
. program main
  1.         local instub  "../temp/"
  2.         local outstub "../output/"
  3. 
.         use `instub'/zipcode_year_month_panel.dta, clear
  4.         
. 
.         foreach window in 12 24 {
  5.                 create_event_plot, outstub(`outstub') depvar(medrentprice_
> 2br)                                  ///
>                         event_var(last_min_event_rel_months`window') controls
> (" ") window(`window')     ///
>                         absorb(zipcode msa calendar_month##state year_month) 
> cluster(zipcode)
  6. 
.                 create_event_plot, outstub(`outstub') depvar(medrentpricepsqf
> t_2br)                     ///
>                         event_var(last_min_event_rel_months`window') controls
> (" ") window(`window')     ///
>                         absorb(zipcode msa calendar_month##state year_month) 
> cluster(zipcode)
  7. 
.                 create_event_plot, outstub(`outstub') depvar(zhvi_2br)       
>                                            ///
>                         event_var(last_min_event_rel_months`window') controls
> (" ") window(`window')     ///
>                         absorb(zipcode msa calendar_month##state year_month) 
> cluster(zipcode)
  8.         }
  9. end

. 
. main
(dropped 25 singleton observations)
(MWFE estimator converged in 7 iterations)

HDFE Linear regression                            Number of obs   =     36,971
Absorbing 4 HDFE groups                           F(  26,    678) =       4.05
Statistics robust to heteroskedasticity           Prob > F        =     0.0000
                                                  R-squared       =     0.9823
                                                  Adj R-squared   =     0.9817
                                                  Within R-sq.    =     0.0451
Number of clusters (zipcode) =        679         Root MSE        =   123.0932

                              (Std. Err. adjusted for 679 clusters in zipcode)
------------------------------------------------------------------------------
             |               Robust
medren~e_2br |      Coef.   Std. Err.      t    P>|t|     [95% Conf. Interval]
-------------+----------------------------------------------------------------
last_min_~12 |
          0  |  -72.87648    13.4801    -5.41   0.000    -99.34425   -46.40871
          1  |  -28.83753   12.78946    -2.25   0.024    -53.94925   -3.725813
          2  |  -17.35933   12.27611    -1.41   0.158    -41.46309    6.744431
          3  |  -13.38704   13.25501    -1.01   0.313    -39.41285    12.63876
          4  |  -18.73365   13.66837    -1.37   0.171    -45.57108    8.103777
          5  |  -24.65502   12.40704    -1.99   0.047    -49.01585   -.2941889
          6  |  -28.24802   10.73364    -2.63   0.009     -49.3232   -7.172845
          7  |  -.3068279    10.6221    -0.03   0.977    -21.16299    20.54934
          8  |   8.277635   9.901381     0.84   0.403    -11.16342    27.71869
          9  |   3.048511   9.168268     0.33   0.740     -14.9531    21.05012
         10  |  -7.154565   8.311665    -0.86   0.390    -23.47426    9.165131
         11  |  -3.481972   6.835071    -0.51   0.611    -16.90242    9.938478
         13  |   16.33074   9.433506     1.73   0.084    -2.191654    34.85314
         14  |   26.83834   9.624378     2.79   0.005     7.941169    45.73551
         15  |   35.03379   9.539908     3.67   0.000     16.30247     53.7651
         16  |   41.63672   10.43576     3.99   0.000     21.14643    62.12702
         17  |   38.73625   10.05222     3.85   0.000     18.99903    58.47347
         18  |   33.67352   9.756408     3.45   0.001     14.51712    52.82993
         19  |   33.81187   10.75633     3.14   0.002     12.69215     54.9316
         20  |    41.9551   11.53224     3.64   0.000     19.31191    64.59829
         21  |   37.56803   11.08389     3.39   0.001     15.80517     59.3309
         22  |   31.98929    10.2754     3.11   0.002     11.81386    52.16472
         23  |   16.04913   9.882905     1.62   0.105    -3.355646    35.45391
         24  |   38.79416   9.475465     4.09   0.000     20.18938    57.39894
         25  |   37.74033   10.66593     3.54   0.000      16.7981    58.68255
       1000  |   67.78582   12.35323     5.49   0.000     43.53063    92.04101
------------------------------------------------------------------------------

Absorbed degrees of freedom:
----------------------------------------------------------------+
            Absorbed FE | Categories  - Redundant  = Num. Coefs |
------------------------+---------------------------------------|
                zipcode |       679         679           0    *|
                    msa |        77           0          77     |
   calendar_month#state |       443          33         410     |
             year_month |        85          12          73    ?|
----------------------------------------------------------------+
? = number of redundant parameters may be higher
* = FE nested within cluster; treated as redundant for DoF computation
(note:  named style grey not found in class color, default attributes used)
(note: file ../output//medrentprice_2br_last_min_event_rel_months12.png not fou
> nd)
(file ../output//medrentprice_2br_last_min_event_rel_months12.png written in PN
> G format)
(dropped 15 singleton observations)
(MWFE estimator converged in 7 iterations)

HDFE Linear regression                            Number of obs   =     27,565
Absorbing 4 HDFE groups                           F(  26,    526) =       2.91
Statistics robust to heteroskedasticity           Prob > F        =     0.0000
                                                  R-squared       =     0.9860
                                                  Adj R-squared   =     0.9854
                                                  Within R-sq.    =     0.0270
Number of clusters (zipcode) =        527         Root MSE        =     0.1006

                              (Std. Err. adjusted for 527 clusters in zipcode)
------------------------------------------------------------------------------
             |               Robust
medren~t_2br |      Coef.   Std. Err.      t    P>|t|     [95% Conf. Interval]
-------------+----------------------------------------------------------------
last_min_~12 |
          0  |  -.0448338   .0164757    -2.72   0.007       -.0772   -.0124677
          1  |   .0210494   .0134527     1.56   0.118    -.0053783     .047477
          2  |   .0110244   .0128174     0.86   0.390    -.0141553    .0362041
          3  |   .0097698   .0127883     0.76   0.445    -.0153526    .0348922
          4  |  -.0066435   .0130367    -0.51   0.611    -.0322538    .0189668
          5  |   -.013369   .0127258    -1.05   0.294    -.0383687    .0116307
          6  |  -.0245031    .011813    -2.07   0.039    -.0477096   -.0012966
          7  |   .0015425   .0116476     0.13   0.895     -.021339     .024424
          8  |   .0112466    .011214     1.00   0.316    -.0107831    .0332763
          9  |   .0011442   .0094078     0.12   0.903    -.0173374    .0196257
         10  |  -.0002497   .0092542    -0.03   0.978    -.0184294      .01793
         11  |   .0037658   .0082791     0.45   0.649    -.0124983    .0200299
         13  |   .0150295    .009217     1.63   0.104    -.0030772    .0331362
         14  |    .022864   .0102822     2.22   0.027     .0026648    .0430632
         15  |   .0296772   .0102662     2.89   0.004     .0095094    .0498449
         16  |   .0368823   .0123628     2.98   0.003     .0125959    .0611688
         17  |   .0287819    .013185     2.18   0.029     .0028802    .0546835
         18  |   .0140402   .0129997     1.08   0.281    -.0114975    .0395779
         19  |   .0289138   .0141866     2.04   0.042     .0010445    .0567831
         20  |   .0468066   .0126458     3.70   0.000     .0219641     .071649
         21  |   .0476104   .0127524     3.73   0.000     .0225585    .0726623
         22  |   .0385867   .0114249     3.38   0.001     .0161426    .0610307
         23  |   .0303974   .0116885     2.60   0.010     .0074355    .0533592
         24  |     .03788   .0114054     3.32   0.001     .0154743    .0602857
         25  |   .0452398   .0122514     3.69   0.000     .0211721    .0693076
       1000  |   .0515423   .0145013     3.55   0.000     .0230548    .0800299
------------------------------------------------------------------------------

Absorbed degrees of freedom:
----------------------------------------------------------------+
            Absorbed FE | Categories  - Redundant  = Num. Coefs |
------------------------+---------------------------------------|
                zipcode |       527         527           0    *|
                    msa |        65           0          65     |
   calendar_month#state |       400          29         371     |
             year_month |        85          12          73    ?|
----------------------------------------------------------------+
? = number of redundant parameters may be higher
* = FE nested within cluster; treated as redundant for DoF computation
(note:  named style grey not found in class color, default attributes used)
(note: file ../output//medrentpricepsqft_2br_last_min_event_rel_months12.png no
> t found)
(file ../output//medrentpricepsqft_2br_last_min_event_rel_months12.png written 
> in PNG format)
(MWFE estimator converged in 5 iterations)

HDFE Linear regression                            Number of obs   =  2,170,816
Absorbing 4 HDFE groups                           F(  26,   9575) =      97.77
Statistics robust to heteroskedasticity           Prob > F        =     0.0000
                                                  R-squared       =     0.8883
                                                  Adj R-squared   =     0.8877
                                                  Within R-sq.    =     0.0103
Number of clusters (zipcode) =      9,576         Root MSE        = 45606.2321

                            (Std. Err. adjusted for 9,576 clusters in zipcode)
------------------------------------------------------------------------------
             |               Robust
    zhvi_2br |      Coef.   Std. Err.      t    P>|t|     [95% Conf. Interval]
-------------+----------------------------------------------------------------
last_min_~12 |
          0  |  -3284.319   535.7179    -6.13   0.000     -4334.44   -2234.199
          1  |  -7231.246     230.52   -31.37   0.000    -7683.114   -6779.378
          2  |  -7698.185   225.9644   -34.07   0.000    -8141.123   -7255.247
          3  |  -7310.767   210.9359   -34.66   0.000    -7724.246   -6897.288
          4  |  -6012.135   185.7966   -32.36   0.000    -6376.336   -5647.934
          5  |  -5344.145   165.4026   -32.31   0.000    -5668.369   -5019.921
          6  |  -4684.073   148.2914   -31.59   0.000    -4974.756   -4393.391
          7  |  -4157.854   133.3896   -31.17   0.000    -4419.326   -3896.383
          8  |  -3423.715   118.6885   -28.85   0.000    -3656.369    -3191.06
          9  |  -2643.548   98.43346   -26.86   0.000    -2836.499   -2450.598
         10  |  -1268.513   67.00011   -18.93   0.000    -1399.848   -1137.179
         11  |  -601.6866   36.17005   -16.63   0.000    -672.5876   -530.7857
         13  |   472.9902   46.53376    10.16   0.000     381.7741    564.2062
         14  |  -234.5143   86.80277    -2.70   0.007    -404.6661   -64.36246
         15  |  -49.85949   109.8289    -0.45   0.650    -265.1474    165.4284
         16  |   1226.256   115.4534    10.62   0.000     999.9426    1452.569
         17  |   1656.078   133.4051    12.41   0.000     1394.576    1917.581
         18  |   2082.501   153.2927    13.59   0.000     1782.015    2382.988
         19  |   2666.734   171.9237    15.51   0.000     2329.727    3003.741
         20  |   2707.894   189.0957    14.32   0.000     2337.226    3078.561
         21  |   3135.128   198.6976    15.78   0.000     2745.638    3524.617
         22  |   4315.416    205.324    21.02   0.000     3912.938    4717.895
         23  |   4751.272   218.1262    21.78   0.000     4323.698    5178.845
         24  |   5282.426   227.6182    23.21   0.000     4836.246    5728.606
         25  |   5693.829   242.5024    23.48   0.000     5218.473    6169.185
       1000  |  -18339.57   1040.946   -17.62   0.000    -20380.05    -16299.1
------------------------------------------------------------------------------

Absorbed degrees of freedom:
----------------------------------------------------------------+
            Absorbed FE | Categories  - Redundant  = Num. Coefs |
------------------------+---------------------------------------|
                zipcode |      9576        9576           0    *|
                    msa |       573           0         573     |
   calendar_month#state |       612          14         598     |
             year_month |       258          12         246    ?|
----------------------------------------------------------------+
? = number of redundant parameters may be higher
* = FE nested within cluster; treated as redundant for DoF computation
(note:  named style grey not found in class color, default attributes used)
(note: file ../output//zhvi_2br_last_min_event_rel_months12.png not found)
(file ../output//zhvi_2br_last_min_event_rel_months12.png written in PNG format
> )
(dropped 25 singleton observations)
(MWFE estimator converged in 6 iterations)

HDFE Linear regression                            Number of obs   =     36,971
Absorbing 4 HDFE groups                           F(  50,    678) =       3.82
Statistics robust to heteroskedasticity           Prob > F        =     0.0000
                                                  R-squared       =     0.9825
                                                  Adj R-squared   =     0.9819
                                                  Within R-sq.    =     0.0539
Number of clusters (zipcode) =        679         Root MSE        =   122.5631

                              (Std. Err. adjusted for 679 clusters in zipcode)
------------------------------------------------------------------------------
             |               Robust
medren~e_2br |      Coef.   Std. Err.      t    P>|t|     [95% Conf. Interval]
-------------+----------------------------------------------------------------
last_min_~24 |
          0  |  -103.3627   17.58835    -5.88   0.000    -137.8969    -68.8285
          1  |  -47.39742   16.11804    -2.94   0.003    -79.04469   -15.75015
          2  |  -53.35765   16.71647    -3.19   0.001    -86.17993   -20.53537
          3  |  -35.41072   15.22914    -2.33   0.020    -65.31266   -5.508779
          4  |  -42.31298   15.27281    -2.77   0.006    -72.30067    -12.3253
          5  |  -38.84002   13.82126    -2.81   0.005    -65.97764    -11.7024
          6  |  -34.07332   13.92759    -2.45   0.015    -61.41971   -6.726922
          7  |  -45.76889   14.15197    -3.23   0.001    -73.55583   -17.98194
          8  |  -56.49001    13.9354    -4.05   0.000    -83.85172   -29.12829
          9  |  -55.94154     13.319    -4.20   0.000    -82.09297    -29.7901
         10  |  -49.02595   12.57053    -3.90   0.000    -73.70779   -24.34411
         11  |   -47.0657   12.58055    -3.74   0.000    -71.76723   -22.36417
         12  |  -38.44962   12.18144    -3.16   0.002     -62.3675   -14.53174
         13  |  -24.38674   13.10191    -1.86   0.063    -50.11193    1.338456
         14  |  -23.73789   12.79615    -1.86   0.064    -48.86275    1.386956
         15  |  -17.59155    13.2564    -1.33   0.185    -43.62008    8.436981
         16  |   -17.9988   13.77305    -1.31   0.192    -45.04176    9.044157
         17  |  -23.84747   12.63134    -1.89   0.059    -48.64872    .9537828
         18  |  -26.88268    11.2426    -2.39   0.017    -48.95717   -4.808187
         19  |   .6708265   11.25487     0.06   0.952    -21.42777    22.76942
         20  |   4.087713   10.22088     0.40   0.689    -15.98067    24.15609
         21  |  -2.172564   9.581511    -0.23   0.821    -20.98556    16.64044
         22  |  -6.045775   8.519349    -0.71   0.478    -22.77325     10.6817
         23  |  -3.046275   7.049445    -0.43   0.666    -16.88764    10.79509
         25  |   20.88004   9.798118     2.13   0.033     1.641739    40.11834
         26  |   19.32193   9.590424     2.01   0.044     .4914265    38.15243
         27  |   27.34963   9.883945     2.77   0.006     7.942807    46.75645
         28  |   42.44378    11.0207     3.85   0.000     20.80496    64.08259
         29  |   39.02517   10.40711     3.75   0.000     18.59113     59.4592
         30  |   32.95699   10.01307     3.29   0.001     13.29665    52.61734
         31  |   33.84865   10.81252     3.13   0.002     12.61861    55.07869
         32  |   36.18063   11.27739     3.21   0.001     14.03784    58.32343
         33  |   29.36572   11.14914     2.63   0.009     7.474726    51.25672
         34  |   31.57777   10.54377     2.99   0.003      10.8754    52.28014
         35  |   14.32056    10.1739     1.41   0.160    -5.655582    34.29671
         36  |   34.78666   9.459798     3.68   0.000     16.21263    53.36068
         37  |   42.31776   10.64076     3.98   0.000     21.42495    63.21057
         38  |   49.25743   10.50871     4.69   0.000     28.62391    69.89095
         39  |   42.65238   11.15691     3.82   0.000     20.74614    64.55862
         40  |   70.16746   13.37303     5.25   0.000     43.90993    96.42499
         41  |   69.93281   13.41605     5.21   0.000     43.59082     96.2748
         42  |   66.15636   13.50571     4.90   0.000     39.63832     92.6744
         43  |   72.62279   13.89581     5.23   0.000      45.3388    99.90678
         44  |   75.97155   13.45195     5.65   0.000     49.55907     102.384
         45  |   64.87533   13.51295     4.80   0.000     38.34307    91.40759
         46  |   88.84537   20.01151     4.44   0.000     49.55339    128.1373
         47  |   81.91913    19.4215     4.22   0.000      43.7856    120.0526
         48  |   63.40153   16.59905     3.82   0.000     30.80981    95.99325
         49  |   98.10939   18.87859     5.20   0.000     61.04185    135.1769
       1000  |   61.52029   18.25287     3.37   0.001     25.68134    97.35925
------------------------------------------------------------------------------

Absorbed degrees of freedom:
----------------------------------------------------------------+
            Absorbed FE | Categories  - Redundant  = Num. Coefs |
------------------------+---------------------------------------|
                zipcode |       679         679           0    *|
                    msa |        77           0          77     |
   calendar_month#state |       443          33         410     |
             year_month |        85          12          73    ?|
----------------------------------------------------------------+
? = number of redundant parameters may be higher
* = FE nested within cluster; treated as redundant for DoF computation
(note:  named style grey not found in class color, default attributes used)
(note: file ../output//medrentprice_2br_last_min_event_rel_months24.png not fou
> nd)
(file ../output//medrentprice_2br_last_min_event_rel_months24.png written in PN
> G format)
(dropped 15 singleton observations)
(MWFE estimator converged in 7 iterations)

HDFE Linear regression                            Number of obs   =     27,565
Absorbing 4 HDFE groups                           F(  50,    526) =       3.25
Statistics robust to heteroskedasticity           Prob > F        =     0.0000
                                                  R-squared       =     0.9861
                                                  Adj R-squared   =     0.9856
                                                  Within R-sq.    =     0.0396
Number of clusters (zipcode) =        527         Root MSE        =     0.1000

                              (Std. Err. adjusted for 527 clusters in zipcode)
------------------------------------------------------------------------------
             |               Robust
medren~t_2br |      Coef.   Std. Err.      t    P>|t|     [95% Conf. Interval]
-------------+----------------------------------------------------------------
last_min_~24 |
          0  |  -.0691123    .021821    -3.17   0.002    -.1119794   -.0262452
          1  |  -.0101594   .0184273    -0.55   0.582    -.0463595    .0260407
          2  |  -.0145631   .0193954    -0.75   0.453     -.052665    .0235389
          3  |  -.0162831   .0189865    -0.86   0.391    -.0535818    .0210155
          4  |  -.0245543   .0179497    -1.37   0.172    -.0598161    .0107075
          5  |  -.0244392    .015261    -1.60   0.110    -.0544192    .0055407
          6  |  -.0189313   .0155717    -1.22   0.225    -.0495216    .0116591
          7  |  -.0110534   .0164232    -0.67   0.501    -.0433165    .0212096
          8  |  -.0127065   .0140299    -0.91   0.366    -.0402681    .0148551
          9  |  -.0367217    .014443    -2.54   0.011    -.0650948   -.0083486
         10  |   -.009163   .0146479    -0.63   0.532    -.0379384    .0196125
         11  |   .0019199   .0139797     0.14   0.891    -.0255429    .0293828
         12  |   .0076493   .0127799     0.60   0.550    -.0174565    .0327552
         13  |   .0243056   .0130952     1.86   0.064    -.0014197    .0500309
         14  |   .0135496   .0128068     1.06   0.291    -.0116091    .0387083
         15  |   .0081464    .012531     0.65   0.516    -.0164706    .0327634
         16  |  -.0054483   .0132347    -0.41   0.681    -.0314478    .0205511
         17  |  -.0107056   .0127607    -0.84   0.402    -.0357738    .0143626
         18  |  -.0220273   .0119079    -1.85   0.065    -.0454202    .0013655
         19  |   .0017791   .0120632     0.15   0.883    -.0219188     .025477
         20  |   .0123036   .0113116     1.09   0.277     -.009918    .0345251
         21  |  -.0056196   .0091614    -0.61   0.540    -.0236169    .0123778
         22  |  -.0027847   .0096043    -0.29   0.772    -.0216522    .0160828
         23  |   .0037914    .008365     0.45   0.651    -.0126415    .0202242
         25  |   .0147682   .0092404     1.60   0.111    -.0033845    .0329208
         26  |   .0209264   .0109374     1.91   0.056    -.0005601    .0424128
         27  |      .0247    .010393     2.38   0.018     .0042831    .0451169
         28  |   .0331408   .0134349     2.47   0.014     .0067482    .0595335
         29  |   .0258668    .014187     1.82   0.069    -.0020034     .053737
         30  |   .0114588   .0137104     0.84   0.404     -.015475    .0383926
         31  |   .0272154   .0146357     1.86   0.064    -.0015362     .055967
         32  |   .0457155   .0127478     3.59   0.000     .0206728    .0707583
         33  |   .0391097    .012675     3.09   0.002     .0142099    .0640095
         34  |   .0338206     .01183     2.86   0.004     .0105806    .0570605
         35  |   .0279839   .0118148     2.37   0.018      .004774    .0511938
         36  |    .034576   .0112611     3.07   0.002     .0124537    .0566982
         37  |   .0417186   .0116383     3.58   0.000     .0188554    .0645818
         38  |   .0519306   .0120904     4.30   0.000     .0281791     .075682
         39  |   .0517746   .0122309     4.23   0.000     .0277471     .075802
         40  |   .0595912   .0163201     3.65   0.000     .0275306    .0916519
         41  |   .0594371   .0188341     3.16   0.002     .0224378    .0964364
         42  |   .0597957   .0175636     3.40   0.001     .0252923    .0942991
         43  |    .062892    .018547     3.39   0.001     .0264567    .0993274
         44  |   .0715169   .0170218     4.20   0.000     .0380779    .1049559
         45  |   .0477634   .0178736     2.67   0.008     .0126511    .0828758
         46  |   .0242589    .023059     1.05   0.293    -.0210402    .0695581
         47  |   .0277101   .0244708     1.13   0.258    -.0203624    .0757826
         48  |   .0205232   .0265977     0.77   0.441    -.0317276    .0727741
         49  |   .0336479   .0309372     1.09   0.277    -.0271278    .0944235
       1000  |  -.0071193    .028774    -0.25   0.805    -.0636454    .0494067
------------------------------------------------------------------------------

Absorbed degrees of freedom:
----------------------------------------------------------------+
            Absorbed FE | Categories  - Redundant  = Num. Coefs |
------------------------+---------------------------------------|
                zipcode |       527         527           0    *|
                    msa |        65           0          65     |
   calendar_month#state |       400          29         371     |
             year_month |        85          12          73    ?|
----------------------------------------------------------------+
? = number of redundant parameters may be higher
* = FE nested within cluster; treated as redundant for DoF computation
(note:  named style grey not found in class color, default attributes used)
(note: file ../output//medrentpricepsqft_2br_last_min_event_rel_months24.png no
> t found)
(file ../output//medrentpricepsqft_2br_last_min_event_rel_months24.png written 
> in PNG format)
(MWFE estimator converged in 5 iterations)

HDFE Linear regression                            Number of obs   =  2,170,816
Absorbing 4 HDFE groups                           F(  50,   9575) =      61.17
Statistics robust to heteroskedasticity           Prob > F        =     0.0000
                                                  R-squared       =     0.8893
                                                  Adj R-squared   =     0.8888
                                                  Within R-sq.    =     0.0198
Number of clusters (zipcode) =      9,576         Root MSE        = 45387.4139

                            (Std. Err. adjusted for 9,576 clusters in zipcode)
------------------------------------------------------------------------------
             |               Robust
    zhvi_2br |      Coef.   Std. Err.      t    P>|t|     [95% Conf. Interval]
-------------+----------------------------------------------------------------
last_min_~24 |
          0  |   1041.111   594.9317     1.75   0.080    -125.0807    2207.304
          1  |  -11777.66   403.3608   -29.20   0.000    -12568.34   -10986.99
          2  |  -12062.23   402.0801   -30.00   0.000     -12850.4   -11274.07
          3  |  -11967.53   394.3493   -30.35   0.000    -12740.54   -11194.53
          4  |  -11480.92   376.4382   -30.50   0.000    -12218.82   -10743.02
          5  |  -11226.81   363.4536   -30.89   0.000    -11939.25   -10514.36
          6  |  -10813.25   351.0507   -30.80   0.000    -11501.38   -10125.12
          7  |  -10406.54   334.5576   -31.11   0.000    -11062.34   -9750.733
          8  |  -9680.247   316.8886   -30.55   0.000    -10301.42   -9059.079
          9  |  -9210.789   300.5454   -30.65   0.000    -9799.922   -8621.657
         10  |  -8271.517   277.1752   -29.84   0.000    -8814.839   -7728.195
         11  |  -7534.776   261.3739   -28.83   0.000    -8047.124   -7022.428
         12  |  -6963.099    247.433   -28.14   0.000     -7448.12   -6478.078
         13  |  -7093.899   232.0385   -30.57   0.000    -7548.744   -6639.054
         14  |  -6973.393   223.3596   -31.22   0.000    -7411.225   -6535.561
         15  |  -6939.672   206.9799   -33.53   0.000    -7345.396   -6533.948
         16  |  -5810.928   181.9821   -31.93   0.000    -6167.651   -5454.204
         17  |  -4972.968   160.7995   -30.93   0.000    -5288.169   -4657.767
         18  |  -4118.194   143.2501   -28.75   0.000    -4398.995   -3837.394
         19  |  -3745.291   132.9956   -28.16   0.000    -4005.991   -3484.592
         20  |  -2951.768   118.5512   -24.90   0.000    -3184.153   -2719.382
         21  |  -2585.979   98.38917   -26.28   0.000    -2778.843   -2393.115
         22  |  -1543.184   68.44441   -22.55   0.000    -1677.349   -1409.018
         23  |  -700.3283   37.28322   -18.78   0.000    -773.4114   -627.2453
         25  |  -444.1405   51.68993    -8.59   0.000    -545.4637   -342.8173
         26  |  -777.3304   91.53694    -8.49   0.000    -956.7622   -597.8986
         27  |   -374.089   104.1645    -3.59   0.000    -578.2736   -169.9045
         28  |   495.2103   119.6136     4.14   0.000     260.7422    729.6783
         29  |   1127.575   132.8058     8.49   0.000     867.2472    1387.902
         30  |   1628.491   148.9973    10.93   0.000     1336.424    1920.557
         31  |   2025.321   166.9949    12.13   0.000     1697.975    2352.666
         32  |   2349.094   179.9239    13.06   0.000     1996.405    2701.783
         33  |    2916.63   187.9664    15.52   0.000     2548.176    3285.084
         34  |   3364.829   200.2526    16.80   0.000     2972.292    3757.366
         35  |   3907.989   212.6423    18.38   0.000     3491.165    4324.813
         36  |   4527.326   221.6404    20.43   0.000     4092.864    4961.788
         37  |   4533.668   237.2529    19.11   0.000     4068.602    4998.734
         38  |   4278.745   250.4192    17.09   0.000     3787.871     4769.62
         39  |   4321.388    262.967    16.43   0.000     3805.917    4836.859
         40  |  -1301.169   584.4571    -2.23   0.026    -2446.829   -155.5094
         41  |  -651.2172   588.4491    -1.11   0.268    -1804.702    502.2676
         42  |   132.4107   589.6952     0.22   0.822    -1023.517    1288.338
         43  |   653.9401   593.3284     1.10   0.270    -509.1094    1816.989
         44  |   948.7179   600.0082     1.58   0.114    -227.4252    2124.861
         45  |   1063.826   604.4354     1.76   0.078    -120.9955    2248.647
         46  |  -9642.014   763.5018   -12.63   0.000    -11138.64   -8145.388
         47  |  -9173.508   761.8484   -12.04   0.000    -10666.89   -7680.124
         48  |  -8702.161   759.0403   -11.46   0.000    -10190.04   -7214.281
         49  |  -9303.941   759.1595   -12.26   0.000    -10792.05   -7815.827
       1000  |  -24786.42   1229.016   -20.17   0.000    -27195.55   -22377.29
------------------------------------------------------------------------------

Absorbed degrees of freedom:
----------------------------------------------------------------+
            Absorbed FE | Categories  - Redundant  = Num. Coefs |
------------------------+---------------------------------------|
                zipcode |      9576        9576           0    *|
                    msa |       573           0         573     |
   calendar_month#state |       612          14         598     |
             year_month |       258          12         246    ?|
----------------------------------------------------------------+
? = number of redundant parameters may be higher
* = FE nested within cluster; treated as redundant for DoF computation
(note:  named style grey not found in class color, default attributes used)
(note: file ../output//zhvi_2br_last_min_event_rel_months24.png not found)
(file ../output//zhvi_2br_last_min_event_rel_months24.png written in PNG format
> )

. 
end of do-file


Execute:  StataMP-64 /e do "./event_study.do"

  ___  ____  ____  ____  ____ (R)
 /__    /   ____/   /   ____/
___/   /   /___/   /   /___/   15.1   Copyright 1985-2017 StataCorp LLC
  Statistics/Data Analysis            StataCorp
                                      4905 Lakeway Drive
     MP - Parallel Edition            College Station, Texas 77845 USA
                                      800-STATA-PC        http://www.stata.com
                                      979-696-4600        stata@stata.com
                                      979-696-4601 (fax)

Single-user 32-core Stata perpetual license:
       Serial number:  501506205566
         Licensed to:  KU Leuven FEB (CES)
                       KU Leuven

Notes:
      1.  Stata is running in batch mode.
      2.  Unicode is supported; see help unicode_advice.
      3.  More than 2 billion observations are allowed; see help obs_advice.
      4.  Maximum number of variables is set to 5000; see help set_maxvar.

. do ./event_study.do 

. clear all

. set more off

. adopath + ../../../lib/stata/mental_coupons/ado
  [1]  (BASE)      "C:\Program Files\Stata15\ado\base/"
  [2]  (SITE)      "C:\Program Files\Stata15\ado\site/"
  [3]              "."
  [4]  (PERSONAL)  "c:\ado\personal/"
  [5]  (PLUS)      "c:\ado\plus/"
  [6]  (OLDPLACE)  "c:\ado/"
  [7]              "../../../lib/stata/mental_coupons/ado"

. adopath + ../../../lib/stata/gslab_misc/ado
  [1]  (BASE)      "C:\Program Files\Stata15\ado\base/"
  [2]  (SITE)      "C:\Program Files\Stata15\ado\site/"
  [3]              "."
  [4]  (PERSONAL)  "c:\ado\personal/"
  [5]  (PLUS)      "c:\ado\plus/"
  [6]  (OLDPLACE)  "c:\ado/"
  [7]              "../../../lib/stata/mental_coupons/ado"
  [8]              "../../../lib/stata/gslab_misc/ado"

. adopath + ../../../lib/stata/min_wage/ado
  [1]  (BASE)      "C:\Program Files\Stata15\ado\base/"
  [2]  (SITE)      "C:\Program Files\Stata15\ado\site/"
  [3]              "."
  [4]  (PERSONAL)  "c:\ado\personal/"
  [5]  (PLUS)      "c:\ado\plus/"
  [6]  (OLDPLACE)  "c:\ado/"
  [7]              "../../../lib/stata/mental_coupons/ado"
  [8]              "../../../lib/stata/gslab_misc/ado"
  [9]              "../../../lib/stata/min_wage/ado"

. set maxvar 32000 


. 
. program main
  1.         local instub  "../temp/"
  2.         local outstub "../output/"
  3. 
.         use `instub'/zipcode_year_month_panel.dta, clear
  4. 
.         foreach window in 12 24 {
  5.                 create_event_plot, outstub(`outstub') depvar(medrentprice_
> 2br)                          ///
>                         event_var(rel_months_min_event`window') controls(" ")
>  window(`window')  ///
>                         absorb(zipcode msa calendar_month##state year_month) 
> cluster(zipcode)
  6. 
.                 create_event_plot, outstub(`outstub') depvar(medrentpricepsqf
> t_2br)                     ///
>                         event_var(rel_months_min_event`window') controls(" ")
>  window(`window')  ///
>                         absorb(zipcode msa calendar_month##state year_month) 
> cluster(zipcode)
  7. 
.                 create_event_plot, outstub(`outstub') depvar(zhvi_2br)       
>                                    ///
>                         event_var(rel_months_min_event`window') controls(" ")
>  window(`window')  ///
>                         absorb(zipcode msa calendar_month##state year_month) 
> cluster(zipcode)
  8.         }
  9. end

. 
. main
(dropped 25 singleton observations)
(MWFE estimator converged in 7 iterations)

HDFE Linear regression                            Number of obs   =     36,971
Absorbing 4 HDFE groups                           F(  25,    678) =       3.13
Statistics robust to heteroskedasticity           Prob > F        =     0.0000
                                                  R-squared       =     0.9816
                                                  Adj R-squared   =     0.9809
                                                  Within R-sq.    =     0.0045
Number of clusters (zipcode) =        679         Root MSE        =   125.6810

                              (Std. Err. adjusted for 679 clusters in zipcode)
------------------------------------------------------------------------------
             |               Robust
medren~e_2br |      Coef.   Std. Err.      t    P>|t|     [95% Conf. Interval]
-------------+----------------------------------------------------------------
rel_month~12 |
          1  |  -29.12305   12.72214    -2.29   0.022    -54.10257   -4.143535
          2  |  -30.18028   12.36733    -2.44   0.015    -54.46315   -5.897405
          3  |  -18.81272   12.75066    -1.48   0.141    -43.84825     6.22282
          4  |  -19.13506   12.62451    -1.52   0.130     -43.9229    5.652772
          5  |  -8.326617   11.47448    -0.73   0.468    -30.85641    14.20317
          6  |  -1.796718   10.31343    -0.17   0.862    -22.04682    18.45338
          7  |  -11.73293   9.653747    -1.22   0.225    -30.68776    7.221908
          8  |  -18.72951   9.180618    -2.04   0.042    -36.75537   -.7036459
          9  |  -11.32868   9.153462    -1.24   0.216    -29.30122     6.64386
         10  |  -13.85722   8.513328    -1.63   0.104    -30.57288    2.858437
         11  |  -8.217565   6.704266    -1.23   0.221    -21.38119    4.946054
         13  |  -21.56698   7.627915    -2.83   0.005    -36.54415   -6.589801
         14  |  -11.25106   8.668127    -1.30   0.195    -28.27066    5.768543
         15  |  -7.730091   8.887307    -0.87   0.385    -25.18004    9.719861
         16  |  -5.673029   8.142486    -0.70   0.486    -21.66055    10.31449
         17  |   2.572374   9.790138     0.26   0.793    -16.65026    21.79501
         18  |   22.30617   10.38906     2.15   0.032     1.907565    42.70477
         19  |   28.32204   10.19107     2.78   0.006     8.312195    48.33188
         20  |   22.50633   9.943871     2.26   0.024     2.981842    42.03081
         21  |   20.11207   10.34526     1.94   0.052    -.2005272    40.42466
         22  |   15.29027    9.74775     1.57   0.117    -3.849132    34.42968
         23  |   3.398833   10.17582     0.33   0.738    -16.58108    23.37875
         24  |   12.92382   10.42021     1.24   0.215    -7.535946    33.38358
         25  |   10.37346   10.07183     1.03   0.303    -9.402259    30.14918
       1000  |   19.56497    8.65389     2.26   0.024     2.573329    36.55662
------------------------------------------------------------------------------

Absorbed degrees of freedom:
----------------------------------------------------------------+
            Absorbed FE | Categories  - Redundant  = Num. Coefs |
------------------------+---------------------------------------|
                zipcode |       679         679           0    *|
                    msa |        77           0          77     |
   calendar_month#state |       443          33         410     |
             year_month |        85          12          73    ?|
----------------------------------------------------------------+
? = number of redundant parameters may be higher
* = FE nested within cluster; treated as redundant for DoF computation
(note:  named style grey not found in class color, default attributes used)
(note: file ../output//medrentprice_2br_rel_months_min_event12.png not found)
(file ../output//medrentprice_2br_rel_months_min_event12.png written in PNG for
> mat)
(dropped 15 singleton observations)
(MWFE estimator converged in 7 iterations)

HDFE Linear regression                            Number of obs   =     27,565
Absorbing 4 HDFE groups                           F(  25,    526) =       1.96
Statistics robust to heteroskedasticity           Prob > F        =     0.0039
                                                  R-squared       =     0.9856
                                                  Adj R-squared   =     0.9851
                                                  Within R-sq.    =     0.0045
Number of clusters (zipcode) =        527         Root MSE        =     0.1018

                              (Std. Err. adjusted for 527 clusters in zipcode)
------------------------------------------------------------------------------
             |               Robust
medren~t_2br |      Coef.   Std. Err.      t    P>|t|     [95% Conf. Interval]
-------------+----------------------------------------------------------------
rel_month~12 |
          1  |  -.0180847   .0144952    -1.25   0.213    -.0465603    .0103909
          2  |  -.0114722    .016119    -0.71   0.477    -.0431377    .0201933
          3  |  -.0169265   .0152221    -1.11   0.267    -.0468301     .012977
          4  |  -.0190233   .0160947    -1.18   0.238     -.050641    .0125944
          5  |  -.0110072   .0152899    -0.72   0.472    -.0410439    .0190295
          6  |  -.0093952   .0124368    -0.76   0.450    -.0338271    .0150368
          7  |  -.0028814   .0129878    -0.22   0.825    -.0283958    .0226329
          8  |  -.0158156   .0117036    -1.35   0.177    -.0388072     .007176
          9  |   -.014474   .0121649    -1.19   0.235    -.0383717    .0094238
         10  |  -.0176885   .0103087    -1.72   0.087    -.0379397    .0025627
         11  |  -.0154457   .0089562    -1.72   0.085    -.0330401    .0021486
         13  |  -.0079141   .0101273    -0.78   0.435     -.027809    .0119808
         14  |  -.0165668    .010876    -1.52   0.128    -.0379326     .004799
         15  |  -.0265266   .0123116    -2.15   0.032    -.0507125   -.0023407
         16  |  -.0207674   .0129774    -1.60   0.110    -.0462614    .0047265
         17  |  -.0048836   .0121141    -0.40   0.687    -.0286815    .0189143
         18  |   .0046194   .0137552     0.34   0.737    -.0224025    .0316412
         19  |   .0004384   .0134276     0.03   0.974    -.0259399    .0268168
         20  |   .0064794   .0124052     0.52   0.602    -.0178904    .0308492
         21  |   .0143254   .0128698     1.11   0.266    -.0109571    .0396078
         22  |    .007747   .0126791     0.61   0.541    -.0171608    .0326548
         23  |  -.0036813   .0136225    -0.27   0.787    -.0304425    .0230799
         24  |   .0052298   .0122233     0.43   0.669    -.0187827    .0292423
         25  |   .0097581   .0125346     0.78   0.437    -.0148659    .0343821
       1000  |   .0169102   .0108139     1.56   0.118    -.0043335    .0381539
------------------------------------------------------------------------------

Absorbed degrees of freedom:
----------------------------------------------------------------+
            Absorbed FE | Categories  - Redundant  = Num. Coefs |
------------------------+---------------------------------------|
                zipcode |       527         527           0    *|
                    msa |        65           0          65     |
   calendar_month#state |       400          29         371     |
             year_month |        85          12          73    ?|
----------------------------------------------------------------+
? = number of redundant parameters may be higher
* = FE nested within cluster; treated as redundant for DoF computation
(note:  named style grey not found in class color, default attributes used)
(note: file ../output//medrentpricepsqft_2br_rel_months_min_event12.png not fou
> nd)
(file ../output//medrentpricepsqft_2br_rel_months_min_event12.png written in PN
> G format)
(MWFE estimator converged in 5 iterations)

HDFE Linear regression                            Number of obs   =  2,170,816
Absorbing 4 HDFE groups                           F(  25,   9575) =      67.65
Statistics robust to heteroskedasticity           Prob > F        =     0.0000
                                                  R-squared       =     0.8872
                                                  Adj R-squared   =     0.8866
                                                  Within R-sq.    =     0.0011
Number of clusters (zipcode) =      9,576         Root MSE        = 45817.9561

                            (Std. Err. adjusted for 9,576 clusters in zipcode)
------------------------------------------------------------------------------
             |               Robust
    zhvi_2br |      Coef.   Std. Err.      t    P>|t|     [95% Conf. Interval]
-------------+----------------------------------------------------------------
rel_month~12 |
          1  |   -5672.13   214.5561   -26.44   0.000    -6092.705   -5251.554
          2  |  -5491.718   215.7018   -25.46   0.000     -5914.54   -5068.897
          3  |  -5334.882   198.2649   -26.91   0.000    -5723.523   -4946.241
          4  |  -3631.016   165.3198   -21.96   0.000    -3955.078   -3306.954
          5  |   -3259.19   152.1502   -21.42   0.000    -3557.437   -2960.943
          6  |  -2865.308   136.6848   -20.96   0.000     -3133.24   -2597.377
          7  |  -2795.658   128.9504   -21.68   0.000    -3048.429   -2542.888
          8  |   -2854.94   119.7016   -23.85   0.000     -3089.58   -2620.299
          9  |  -2598.856   103.2834   -25.16   0.000    -2801.314   -2396.399
         10  |  -854.6041   62.00918   -13.78   0.000    -976.1552   -733.0529
         11  |  -463.3796    31.5128   -14.70   0.000    -525.1514   -401.6079
         13  |  -223.1935   37.85525    -5.90   0.000    -297.3978   -148.9892
         14  |   124.1255   59.07436     2.10   0.036     8.327226    239.9237
         15  |   372.4475   74.11447     5.03   0.000     227.1675    517.7276
         16  |    2103.46   97.58207    21.56   0.000     1912.179    2294.742
         17  |   2703.162   135.9027    19.89   0.000     2436.764     2969.56
         18  |    3008.98   152.4554    19.74   0.000     2710.135    3307.825
         19  |   3137.655   159.8744    19.63   0.000     2824.267    3451.043
         20  |   3015.342   174.6512    17.26   0.000     2672.988    3357.695
         21  |   3313.107   183.3944    18.07   0.000     2953.615    3672.599
         22  |   4882.568   207.9088    23.48   0.000     4475.023    5290.113
         23  |    5395.65    222.662    24.23   0.000     4959.186    5832.115
         24  |   5708.795   233.5419    24.44   0.000     5251.003    6166.587
         25  |   5077.957   230.2112    22.06   0.000     4626.695     5529.22
       1000  |   2840.471   310.2596     9.16   0.000     2232.297    3448.646
------------------------------------------------------------------------------

Absorbed degrees of freedom:
----------------------------------------------------------------+
            Absorbed FE | Categories  - Redundant  = Num. Coefs |
------------------------+---------------------------------------|
                zipcode |      9576        9576           0    *|
                    msa |       573           0         573     |
   calendar_month#state |       612          14         598     |
             year_month |       258          12         246    ?|
----------------------------------------------------------------+
? = number of redundant parameters may be higher
* = FE nested within cluster; treated as redundant for DoF computation
(note:  named style grey not found in class color, default attributes used)
(note: file ../output//zhvi_2br_rel_months_min_event12.png not found)
(file ../output//zhvi_2br_rel_months_min_event12.png written in PNG format)
(dropped 25 singleton observations)
(MWFE estimator converged in 7 iterations)

HDFE Linear regression                            Number of obs   =     36,971
Absorbing 4 HDFE groups                           F(  49,    678) =       3.22
Statistics robust to heteroskedasticity           Prob > F        =     0.0000
                                                  R-squared       =     0.9821
                                                  Adj R-squared   =     0.9814
                                                  Within R-sq.    =     0.0307
Number of clusters (zipcode) =        679         Root MSE        =   124.0557

                              (Std. Err. adjusted for 679 clusters in zipcode)
------------------------------------------------------------------------------
             |               Robust
medren~e_2br |      Coef.   Std. Err.      t    P>|t|     [95% Conf. Interval]
-------------+----------------------------------------------------------------
rel_month~24 |
          1  |  -65.02663   20.55198    -3.16   0.002    -105.3798   -24.67346
          2  |  -63.55353   21.64922    -2.94   0.003    -106.0611   -21.04597
          3  |  -61.82065   19.52503    -3.17   0.002    -100.1574   -23.48385
          4  |  -67.51021   19.22013    -3.51   0.000    -105.2483   -29.77208
          5  |  -59.54205   19.21946    -3.10   0.002    -97.27886   -21.80524
          6  |  -43.89032   17.92816    -2.45   0.015    -79.09171   -8.688927
          7  |  -54.53004   18.20547    -3.00   0.003    -90.27591   -18.78417
          8  |  -49.59354   17.42901    -2.85   0.005    -83.81486   -15.37222
          9  |  -55.62227   16.77248    -3.32   0.001    -88.55451   -22.69003
         10  |  -34.27419     14.314    -2.39   0.017    -62.37928   -6.169101
         11  |  -33.75874   13.46318    -2.51   0.012    -60.19327   -7.324205
         12  |   -23.9818   11.33197    -2.12   0.035    -46.23176   -1.731833
         13  |  -45.53735   15.03916    -3.03   0.003    -75.06627   -16.00843
         14  |  -61.09841   16.48633    -3.71   0.000    -93.46882     -28.728
         15  |   -49.2177   15.72845    -3.13   0.002    -80.10001   -18.33538
         16  |  -43.71302   14.98548    -2.92   0.004    -73.13655   -14.28949
         17  |   -30.3977   13.60858    -2.23   0.026    -57.11773   -3.677671
         18  |  -17.44166   12.68385    -1.38   0.170    -42.34601    7.462689
         19  |  -28.83219   12.02967    -2.40   0.017    -52.45208   -5.212299
         20  |  -35.98124    11.7524    -3.06   0.002    -59.05671   -12.90576
         21  |  -27.60338   11.01895    -2.51   0.012    -49.23875   -5.968002
         22  |  -13.69796   9.008756    -1.52   0.129    -31.38638    3.990451
         23  |  -11.49428   7.456301    -1.54   0.124     -26.1345    3.145936
         25  |   -25.3596   10.47187    -2.42   0.016     -45.9208   -4.798404
         26  |  -30.21111   12.56949    -2.40   0.017    -54.89092   -5.531295
         27  |   -25.2318   11.53361    -2.19   0.029    -47.87769   -2.585915
         28  |  -16.72295    10.0855    -1.66   0.098    -36.52552    3.079612
         29  |  -7.091769   11.79721    -0.60   0.548    -30.25522    16.07169
         30  |   17.71557   12.28892     1.44   0.150    -6.413332    41.84448
         31  |   22.54559   11.98652     1.88   0.060    -.9895641    46.08075
         32  |   16.24907   11.98686     1.36   0.176    -7.286753    39.78489
         33  |   19.67319   11.85115     1.66   0.097    -3.596172    42.94255
         34  |   31.24936   11.46358     2.73   0.007     8.740971    53.75775
         35  |   25.55883   10.66974     2.40   0.017     4.609131    46.50853
         36  |   34.11811    11.7177     2.91   0.004     11.11076    57.12546
         37  |   22.70717   12.30692     1.85   0.065     -1.45708    46.87142
         38  |    27.0021   12.72285     2.12   0.034     2.021191    51.98302
         39  |   28.31721   12.54604     2.26   0.024     3.683449    52.95097
         40  |   56.66719   12.69134     4.47   0.000     31.74814    81.58623
         41  |   59.18291   11.57665     5.11   0.000     36.45251     81.9133
         42  |   67.32229   11.53742     5.84   0.000     44.66891    89.97566
         43  |    61.6504   12.07737     5.10   0.000     37.93685    85.36395
         44  |   55.66432    12.8292     4.34   0.000     30.47458    80.85406
         45  |   58.30289   11.70856     4.98   0.000     35.31349    81.29228
         46  |   79.91405   13.07051     6.11   0.000      54.2505    105.5776
         47  |   60.83837   12.54543     4.85   0.000      36.2058    85.47094
         48  |   64.62392   12.42494     5.20   0.000     40.22794    89.01991
         49  |   59.58923   14.20699     4.19   0.000     31.69426    87.48421
       1000  |  -23.65076   14.49743    -1.63   0.103    -52.11602    4.814502
------------------------------------------------------------------------------

Absorbed degrees of freedom:
----------------------------------------------------------------+
            Absorbed FE | Categories  - Redundant  = Num. Coefs |
------------------------+---------------------------------------|
                zipcode |       679         679           0    *|
                    msa |        77           0          77     |
   calendar_month#state |       443          33         410     |
             year_month |        85          12          73    ?|
----------------------------------------------------------------+
? = number of redundant parameters may be higher
* = FE nested within cluster; treated as redundant for DoF computation
(note:  named style grey not found in class color, default attributes used)
(note: file ../output//medrentprice_2br_rel_months_min_event24.png not found)
(file ../output//medrentprice_2br_rel_months_min_event24.png written in PNG for
> mat)
(dropped 15 singleton observations)
(MWFE estimator converged in 7 iterations)

HDFE Linear regression                            Number of obs   =     27,565
Absorbing 4 HDFE groups                           F(  49,    526) =       2.39
Statistics robust to heteroskedasticity           Prob > F        =     0.0000
                                                  R-squared       =     0.9860
                                                  Adj R-squared   =     0.9854
                                                  Within R-sq.    =     0.0289
Number of clusters (zipcode) =        527         Root MSE        =     0.1006

                              (Std. Err. adjusted for 527 clusters in zipcode)
------------------------------------------------------------------------------
             |               Robust
medren~t_2br |      Coef.   Std. Err.      t    P>|t|     [95% Conf. Interval]
-------------+----------------------------------------------------------------
rel_month~24 |
          1  |  -.0119364   .0240713    -0.50   0.620     -.059224    .0353512
          2  |  -.0294408   .0235844    -1.25   0.212     -.075772    .0168904
          3  |  -.0333331   .0216431    -1.54   0.124    -.0758507    .0091845
          4  |  -.0119953   .0186341    -0.64   0.520    -.0486017    .0246111
          5  |  -.0148929   .0176397    -0.84   0.399    -.0495459    .0197601
          6  |   .0015881   .0195558     0.08   0.935    -.0368289    .0400051
          7  |  -.0083428   .0188514    -0.44   0.658    -.0453761    .0286904
          8  |   -.006378   .0182209    -0.35   0.726    -.0421727    .0294167
          9  |   .0013863   .0180059     0.08   0.939    -.0339861    .0367586
         10  |  -.0163226    .016063    -1.02   0.310    -.0478781    .0152329
         11  |  -.0116983   .0154909    -0.76   0.450      -.04213    .0187333
         12  |  -.0201843   .0138452    -1.46   0.145     -.047383    .0070143
         13  |  -.0113208    .015883    -0.71   0.476    -.0425226    .0198811
         14  |  -.0137794   .0185251    -0.74   0.457    -.0501718    .0226129
         15  |  -.0219795   .0166254    -1.32   0.187    -.0546399    .0106808
         16  |  -.0191563   .0177616    -1.08   0.281    -.0540486     .015736
         17  |  -.0108079   .0163114    -0.66   0.508    -.0428514    .0212355
         18  |   -.005418   .0144655    -0.37   0.708    -.0338352    .0229992
         19  |   .0032546   .0146882     0.22   0.825    -.0256002    .0321094
         20  |  -.0085041   .0128321    -0.66   0.508    -.0337125    .0167043
         21  |  -.0077471   .0126066    -0.61   0.539    -.0325125    .0170183
         22  |  -.0189996   .0109852    -1.73   0.084    -.0405799    .0025807
         23  |   -.013921   .0095325    -1.46   0.145    -.0326475    .0048055
         25  |   .0072479   .0122554     0.59   0.555    -.0168277    .0313234
         26  |  -.0109855   .0127698    -0.86   0.390    -.0360715    .0141006
         27  |  -.0235768   .0146728    -1.61   0.109    -.0524013    .0052477
         28  |  -.0142813    .014972    -0.95   0.341    -.0436935    .0151308
         29  |  -.0041511   .0131752    -0.32   0.753    -.0300336    .0217314
         30  |   .0108346   .0154876     0.70   0.485    -.0195906    .0412599
         31  |   .0171163   .0145456     1.18   0.240    -.0114583     .045691
         32  |   .0231531   .0128793     1.80   0.073    -.0021482    .0484544
         33  |   .0308757   .0137732     2.24   0.025     .0038185    .0579329
         34  |   .0192581   .0140016     1.38   0.170    -.0082479     .046764
         35  |   .0168393   .0133366     1.26   0.207    -.0093603     .043039
         36  |   .0276886   .0123806     2.24   0.026     .0033671    .0520101
         37  |   .0446132   .0156502     2.85   0.005     .0138687    .0753578
         38  |   .0477417   .0149136     3.20   0.001     .0184442    .0770392
         39  |    .039547   .0146612     2.70   0.007     .0107453    .0683486
         40  |   .0640404   .0154906     4.13   0.000     .0336094    .0944714
         41  |   .0705696   .0162352     4.35   0.000     .0386759    .1024633
         42  |   .0739863   .0163507     4.52   0.000     .0418657     .106107
         43  |   .0743222   .0171933     4.32   0.000     .0405463    .1080982
         44  |   .0792539   .0165613     4.79   0.000     .0467194    .1117883
         45  |   .0748906   .0162775     4.60   0.000     .0429137    .1068675
         46  |   .0489106   .0166371     2.94   0.003     .0162274    .0815939
         47  |   .0493675   .0169706     2.91   0.004      .016029     .082706
         48  |   .0458544    .016413     2.79   0.005     .0136114    .0780974
         49  |   .0614958   .0173005     3.55   0.000     .0275093    .0954824
       1000  |  -.0278297   .0215048    -1.29   0.196    -.0700755    .0144161
------------------------------------------------------------------------------

Absorbed degrees of freedom:
----------------------------------------------------------------+
            Absorbed FE | Categories  - Redundant  = Num. Coefs |
------------------------+---------------------------------------|
                zipcode |       527         527           0    *|
                    msa |        65           0          65     |
   calendar_month#state |       400          29         371     |
             year_month |        85          12          73    ?|
----------------------------------------------------------------+
? = number of redundant parameters may be higher
* = FE nested within cluster; treated as redundant for DoF computation
(note:  named style grey not found in class color, default attributes used)
(note: file ../output//medrentpricepsqft_2br_rel_months_min_event24.png not fou
> nd)
(file ../output//medrentpricepsqft_2br_rel_months_min_event24.png written in PN
> G format)
(MWFE estimator converged in 5 iterations)

HDFE Linear regression                            Number of obs   =  2,170,816
Absorbing 4 HDFE groups                           F(  49,   9575) =      33.18
Statistics robust to heteroskedasticity           Prob > F        =     0.0000
                                                  R-squared       =     0.8887
                                                  Adj R-squared   =     0.8881
                                                  Within R-sq.    =     0.0143
Number of clusters (zipcode) =      9,576         Root MSE        = 45513.9255

                            (Std. Err. adjusted for 9,576 clusters in zipcode)
------------------------------------------------------------------------------
             |               Robust
    zhvi_2br |      Coef.   Std. Err.      t    P>|t|     [95% Conf. Interval]
-------------+----------------------------------------------------------------
rel_month~24 |
          1  |  -10502.95   446.1797   -23.54   0.000    -11377.56   -9628.346
          2  |  -11004.39   455.3145   -24.17   0.000    -11896.91   -10111.88
          3  |  -10975.34   449.9598   -24.39   0.000    -11857.36   -10093.33
          4  |  -9572.741   413.1396   -23.17   0.000    -10382.58     -8762.9
          5  |  -9277.928   399.1059   -23.25   0.000    -10060.26   -8495.595
          6  |  -8826.522   378.6993   -23.31   0.000    -9568.853   -8084.191
          7  |  -8662.757   371.1316   -23.34   0.000    -9390.254   -7935.261
          8  |  -7553.051   342.2742   -22.07   0.000    -8223.981   -6882.121
          9  |  -7075.562   325.1685   -21.76   0.000    -7712.961   -6438.162
         10  |  -5920.701   300.3197   -19.71   0.000    -6509.391    -5332.01
         11  |  -5303.988   279.2197   -19.00   0.000    -5851.317   -4756.658
         12  |  -4828.373   260.7728   -18.52   0.000    -5339.543   -4317.203
         13  |  -3998.838   246.9449   -16.19   0.000    -4482.902   -3514.774
         14  |  -4440.153   242.3546   -18.32   0.000     -4915.22   -3965.087
         15  |    -4418.7   216.6415   -20.40   0.000    -4843.363   -3994.036
         16  |  -2923.977   191.1332   -15.30   0.000    -3298.638   -2549.315
         17  |  -2435.507   170.3303   -14.30   0.000    -2769.391   -2101.624
         18  |  -2039.762   152.4204   -13.38   0.000    -2338.538   -1740.985
         19  |  -1895.349   142.1228   -13.34   0.000    -2173.939   -1616.758
         20  |   -1250.56   130.5048    -9.58   0.000    -1506.377   -994.7424
         21  |   -1129.11   109.2845   -10.33   0.000    -1343.331   -914.8895
         22  |  -530.1237   74.51223    -7.11   0.000    -676.1834   -384.0639
         23  |  -178.5899   41.06355    -4.35   0.000    -259.0832   -98.09668
         25  |   1048.792   75.89077    13.82   0.000     900.0298    1197.554
         26  |   860.5134   75.83997    11.35   0.000      711.851    1009.176
         27  |    968.679   89.08493    10.87   0.000     794.0537    1143.304
         28  |   2527.267   128.4615    19.67   0.000     2275.455    2779.079
         29  |   3102.044   146.5565    21.17   0.000     2814.762    3389.326
         30  |   3505.905   166.9797    21.00   0.000     3178.589     3833.22
         31  |   2949.865   159.1553    18.53   0.000     2637.887    3261.843
         32  |    9996.08   449.0043    22.26   0.000     9115.936    10876.22
         33  |   10186.29   463.3228    21.99   0.000     9278.075     11094.5
         34  |   11258.01    494.169    22.78   0.000     10289.33    12226.69
         35  |    11720.2   509.8084    22.99   0.000     10720.86    12719.53
         36  |   12581.97   526.7469    23.89   0.000     11549.44    13614.51
         37  |   12819.88   540.4376    23.72   0.000     11760.51    13879.25
         38  |   6727.406    338.554    19.87   0.000     6063.769    7391.044
         39  |   6152.904   340.1549    18.09   0.000     5486.129     6819.68
         40  |   6596.556    417.631    15.80   0.000     5777.911    7415.201
         41  |   6738.823   426.3337    15.81   0.000     5903.119    7574.527
         42  |   6681.807   430.3649    15.53   0.000     5838.201    7525.414
         43  |     6386.5    421.795    15.14   0.000     5559.693    7213.308
         44  |    7066.01   437.4189    16.15   0.000     6208.577    7923.444
         45  |   6822.201   445.6876    15.31   0.000     5948.559    7695.843
         46  |   771.1688   420.3504     1.83   0.067    -52.80699    1595.145
         47  |    705.408   441.9277     1.60   0.110    -160.8639     1571.68
         48  |   864.9227   448.3579     1.93   0.054    -13.95367    1743.799
         49  |    871.971   426.8802     2.04   0.041     35.19548    1708.747
       1000  |  -12870.94   806.2219   -15.96   0.000     -14451.3   -11290.57
------------------------------------------------------------------------------

Absorbed degrees of freedom:
----------------------------------------------------------------+
            Absorbed FE | Categories  - Redundant  = Num. Coefs |
------------------------+---------------------------------------|
                zipcode |      9576        9576           0    *|
                    msa |       573           0         573     |
   calendar_month#state |       612          14         598     |
             year_month |       258          12         246    ?|
----------------------------------------------------------------+
? = number of redundant parameters may be higher
* = FE nested within cluster; treated as redundant for DoF computation
(note:  named style grey not found in class color, default attributes used)
(note: file ../output//zhvi_2br_rel_months_min_event24.png not found)
(file ../output//zhvi_2br_rel_months_min_event24.png written in PNG format)

. 
end of do-file

 make.py ended: 2020-03-22 11:35:51
