
 make.py started: 2020-03-27 09:47:17 C:\Users\gabriel\Dropbox (Brown)\research\min_wage_rent\analysis\event_study\code 




Execute:  StataMP-64 /e do "./preclean_event_studies.do"

  ___  ____  ____  ____  ____ (R)
 /__    /   ____/   /   ____/
___/   /   /___/   /   /___/   15.1   Copyright 1985-2017 StataCorp LLC
  Statistics/Data Analysis            StataCorp
                                      4905 Lakeway Drive
     MP - Parallel Edition            College Station, Texas 77845 USA
                                      800-STATA-PC        http://www.stata.com
                                      979-696-4600        stata@stata.com
                                      979-696-4601 (fax)

Single-user 32-core Stata perpetual license:
       Serial number:  501506205566
         Licensed to:  KU Leuven FEB (CES)
                       KU Leuven

Notes:
      1.  Stata is running in batch mode.
      2.  Unicode is supported; see help unicode_advice.
      3.  More than 2 billion observations are allowed; see help obs_advice.
      4.  Maximum number of variables is set to 5000; see help set_maxvar.

. do ./preclean_event_studies.do 

. clear all

. set more off

. adopath + ../../../lib/stata/mental_coupons/ado
  [1]  (BASE)      "C:\Program Files (x86)\Stata15\ado\base/"
  [2]  (SITE)      "C:\Program Files (x86)\Stata15\ado\site/"
  [3]              "."
  [4]  (PERSONAL)  "c:\ado\personal/"
  [5]  (PLUS)      "c:\ado\plus/"
  [6]  (OLDPLACE)  "c:\ado/"
  [7]              "../../../lib/stata/mental_coupons/ado"

. adopath + ../../../lib/stata/gslab_misc/ado
  [1]  (BASE)      "C:\Program Files (x86)\Stata15\ado\base/"
  [2]  (SITE)      "C:\Program Files (x86)\Stata15\ado\site/"
  [3]              "."
  [4]  (PERSONAL)  "c:\ado\personal/"
  [5]  (PLUS)      "c:\ado\plus/"
  [6]  (OLDPLACE)  "c:\ado/"
  [7]              "../../../lib/stata/mental_coupons/ado"
  [8]              "../../../lib/stata/gslab_misc/ado"

. set maxvar 32000 


. 
. program main
  1.         local instub  "../../../drive/derived_large/output"
  2.         local outstub "../temp"
  3. 
.         use `instub'/zipcode_yearmonth_panel.dta, clear
  4. 
.         prepare_data, time_var(year_month) geo_unit(zipcode)
  5. 
.         foreach window in 12 24 {
  6.                 create_latest_event_vars, event_dummy(mw_event) window(`wi
> ndow')                ///
>                         time_var(year_month) geo_unit(zipcode)
  7.                         
.         create_event_vars, event_dummy(mw_event) window(`window')            
>            ///
>                         time_var(year_month) geo_unit(zipcode)
  8.         }
  9.         
.         save_data `outstub'/zipcode_year_month_panel.dta, key(zipcode year_mo
> nth)            ///
>             replace log(none)
 10. end

. 
. program prepare_data 
  1.     syntax, time_var(str) geo_unit(str)
  2. 
.     gen date = dofm(year_month)
  3.         gen calendar_month = month(date)
  4.         drop date
  5.         
.         // replace min_event = 0 if dmin_actual_mw < 0.5
. 
.         // drop if missing(msa)
.         
.         keep zipcode year_month state msa calendar_month ///
>             medrentprice* zri* zhvi* ///
>                 mw_event mw_event_smallbusiness
  6. end

. 
. program create_latest_event_vars
  1.         syntax, event_dummy(str) window(int) time_var(str) geo_unit(str) [
> min_option(str)]
  2.         
.         local window_span = `window'*2 + 1 
  3.         
.         gen `event_dummy'_`time_var' = `time_var' if `event_dummy' == 1
  4.         format `event_dummy'_`time_var' %tm
  5.         
.         bysort `geo_unit': egen last_`event_dummy'_`time_var' = max(`event_du
> mmy'_`time_var')
  6.         gen last_`event_dummy'_rel_months`window' = `time_var' - last_`eve
> nt_dummy'_`time_var'
  7.         replace last_`event_dummy'_rel_months`window' = last_`event_dummy'
> _rel_months`window' + `window' + 1
  8.         replace last_`event_dummy'_rel_months`window' = 0 ///
>             if last_`event_dummy'_rel_months`window' <= 0
  9.         replace last_`event_dummy'_rel_months`window' = 1000 ///
>             if last_`event_dummy'_rel_months`window' > `window_span'
 10.                 
.         drop `event_dummy'_`time_var' last_`event_dummy'_`time_var'
 11. end

. 
. program create_event_vars
  1.         syntax, event_dummy(str) window(int) time_var(str) geo_unit(str)
  2. 
.         bysort `geo_unit' (`time_var'): gen event_start = 1 if `event_dummy'[
> _n + `window'] == 1
  3.         gen event_start_non_overlap = event_start
  4.         forvalues i = 0(1)`window' {                                    
  5.                 bysort `geo_unit' (`time_var'): replace event_start_non_ov
> erlap = . ///
>                     if `event_dummy'[_n - `i'] == 1
  6.         }
  7.         
.         local window_span = 2*`window' + 1
  8.         gen rel_months_`event_dummy' = event_start_non_overlap
  9.         forvalues i = 2(1)`window_span' {                                 
>       
 10.                 bysort `geo_unit' (`time_var'): replace rel_months_`event_
> dummy' = `i' ///
>                     if event_start_non_overlap[_n - `i' + 1] == 1
 11.         }
 12.         replace rel_months_`event_dummy' = 1000 if rel_months_`event_dummy
> ' == .
 13. 
. 
.         drop event_start event_start_non_overlap
 14.         rename rel_months_`event_dummy' rel_months_`event_dummy'`window'  
>       
 15. end

. 
. main
(8,276,210 missing values generated)
(4863 missing values generated)
(4,863 missing values generated)
(8,535,612 real changes made)
(6,023,033 real changes made)
(1,769,988 real changes made)
(8,306,521 missing values generated)
(8,306,521 missing values generated)
(125392 real changes made, 125392 to missing)
(12 real changes made, 12 to missing)
(1990 real changes made, 1990 to missing)
(278 real changes made, 278 to missing)
(1802 real changes made, 1802 to missing)
(915 real changes made, 915 to missing)
(6226 real changes made, 6226 to missing)
(0 real changes made)
(63 real changes made, 63 to missing)
(994 real changes made, 994 to missing)
(940 real changes made, 940 to missing)
(959 real changes made, 959 to missing)
(10971 real changes made, 10971 to missing)
(8,457,063 missing values generated)
(83412 real changes made)
(83412 real changes made)
(83412 real changes made)
(83412 real changes made)
(83412 real changes made)
(83412 real changes made)
(83412 real changes made)
(83412 real changes made)
(83412 real changes made)
(83412 real changes made)
(83412 real changes made)
(83412 real changes made)
(83412 real changes made)
(83412 real changes made)
(83412 real changes made)
(83412 real changes made)
(83349 real changes made)
(83349 real changes made)
(83349 real changes made)
(83349 real changes made)
(83349 real changes made)
(83349 real changes made)
(83349 real changes made)
(83349 real changes made)
(6,578,763 real changes made)
(8,276,210 missing values generated)
(4863 missing values generated)
(4,863 missing values generated)
(8,535,612 real changes made)
(5,665,937 real changes made)
(1,563,620 real changes made)
(8,337,504 missing values generated)
(8,337,504 missing values generated)
(80469 real changes made, 80469 to missing)
(781 real changes made, 781 to missing)
(1979 real changes made, 1979 to missing)
(295 real changes made, 295 to missing)
(1865 real changes made, 1865 to missing)
(2625 real changes made, 2625 to missing)
(10426 real changes made, 10426 to missing)
(0 real changes made)
(0 real changes made)
(1980 real changes made, 1980 to missing)
(2603 real changes made, 2603 to missing)
(890 real changes made, 890 to missing)
(9855 real changes made, 9855 to missing)
(806 real changes made, 806 to missing)
(0 real changes made)
(252 real changes made, 252 to missing)
(75 real changes made, 75 to missing)
(0 real changes made)
(3169 real changes made, 3169 to missing)
(0 real changes made)
(75 real changes made, 75 to missing)
(0 real changes made)
(1663 real changes made, 1663 to missing)
(852 real changes made, 852 to missing)
(1551 real changes made, 1551 to missing)
(8,459,715 missing values generated)
(80760 real changes made)
(80760 real changes made)
(80760 real changes made)
(80760 real changes made)
(80760 real changes made)
(80760 real changes made)
(80760 real changes made)
(80760 real changes made)
(80760 real changes made)
(80760 real changes made)
(80760 real changes made)
(80760 real changes made)
(80760 real changes made)
(80760 real changes made)
(80760 real changes made)
(80760 real changes made)
(80760 real changes made)
(80760 real changes made)
(80760 real changes made)
(80760 real changes made)
(80760 real changes made)
(80760 real changes made)
(80760 real changes made)
(80760 real changes made)
(80760 real changes made)
(80760 real changes made)
(80760 real changes made)
(80760 real changes made)
(80697 real changes made)
(80697 real changes made)
(80697 real changes made)
(80697 real changes made)
(80697 real changes made)
(80697 real changes made)
(80697 real changes made)
(80697 real changes made)
(80697 real changes made)
(80697 real changes made)
(80697 real changes made)
(80697 real changes made)
(80697 real changes made)
(80697 real changes made)
(80696 real changes made)
(80589 real changes made)
(80589 real changes made)
(80589 real changes made)
(80589 real changes made)
(80585 real changes made)
(6,117,840 real changes made)
(data already sorted by zipcode year_month)
  variable calendar_month was float now byte
  variable last_mw_event_rel_months12 was float now int
  variable rel_months_mw_event12 was float now int
  variable last_mw_event_rel_months24 was float now int
  variable rel_months_mw_event24 was float now int
  (93,945,225 bytes saved)
===============================================================================
> ===================
File: ../temp/zipcode_year_month_panel.dta
Key: zipcode year_month
===============================================================================
> ===================
  8540475:39(83045):3351685897:155035665

    Variable |        Obs        Mean    Std. Dev.       Min        Max
-------------+---------------------------------------------------------
     zipcode |  8,540,475    49016.06    27417.96       1001      99929
  year_month |  8,540,475    578.0832    82.85613        435        721
         msa |  6,527,490     437.913    246.3811          1        862
       state |  8,540,475     29.7543    15.22032          1         56
    mw_event |  8,451,312    .0312691    .1740441          0          1
-------------+---------------------------------------------------------
mw_event_s~s |  8,451,312    .0312677    .1740403          0          1
medren~e_1br |     69,034    1605.952      669.01        350       5195
medren~e_2br |    106,315    1764.751    877.7131        475      19500
medren~e_3br |     76,281    1928.989    1461.303        455      40000
medren~e_4br |     10,219    3120.356    5219.439        435      50000
-------------+---------------------------------------------------------
medren~e_5br |        841    5732.578     7691.47       1250      50000
medre~e_sfcc |    192,267     1767.88    1529.266        500      50000
medrent~e_cc |     34,496    2100.429    937.1415        700       8975
med~e_mfdxtx |     26,694    1972.821    831.0241        375       6646
m~e_mfr5plus |    174,400    1553.148    697.3258        375      20000
-------------+---------------------------------------------------------
medrent~e_sf |    141,941    1778.448    1933.833        500      50000
med~e_studio |     28,965      1669.2    1365.691        300      50000
medren~t_1br |     55,213    2.192329    .9203983   .6388889   7.164352
medren~t_2br |     92,450    1.682024    .8027275   .5015197   12.55461
medren~t_3br |     66,909    1.233356    .8127647   .5060225       17.5
-------------+---------------------------------------------------------
medren~t_4br |      8,299    1.504478    2.570084   .5492424   21.85141
medren~t_5br |        537    7.753782    7.031498   .3727683         22
medre~t_sfcc |    197,282    1.304845    1.034427   .1091193   23.96932
medrent~t_cc |     30,572    2.169881    1.169246   .5835432   12.92755
med~t_mfdxtx |     11,914     2.44562    1.283759   .3627695   6.936797
-------------+---------------------------------------------------------
m~t_mfr5plus |    146,338    1.736259    .8487646   .3150482   12.55435
medrent~t_sf |    144,062    1.145787    1.003317   .1039069   24.48466
med~t_studio |     23,491    1.954625    1.574804   .4288971   7.347833
    zhvi_2br |  5,511,420    146088.1    132845.4       7100    3893638
   zhvi_sfcc |  6,557,777    183640.4    176079.9       8565    6648479
-------------+---------------------------------------------------------
      zhvi_c |  2,316,286    199412.7    159995.2      13592    3848327
     zhvi_sf |  6,548,215    191755.9    213938.2       8565    8737684
  zri_sfccmf |  1,342,093    1356.357    877.3577        368      83894
      zri_mf |    139,778    1517.189    638.9052        420      18349
calendar_m~h |  8,540,475    6.512323    3.451862          1         12
-------------+---------------------------------------------------------
last_mw_e~12 |  8,540,475    208.3136     404.809          0       1000
rel_month~12 |  8,540,475    773.3337    415.1038          1       1000
last_mw_e~24 |  8,540,475    186.4748    385.2452          0       1000
rel_month~24 |  8,540,475    724.4392    437.9676          1       1000




(note: file ../temp/zipcode_year_month_panel.dta not found)
file ../temp/zipcode_year_month_panel.dta saved

. 
end of do-file


Execute:  StataMP-64 /e do "./first_last_event_study.do"

  ___  ____  ____  ____  ____ (R)
 /__    /   ____/   /   ____/
___/   /   /___/   /   /___/   15.1   Copyright 1985-2017 StataCorp LLC
  Statistics/Data Analysis            StataCorp
                                      4905 Lakeway Drive
     MP - Parallel Edition            College Station, Texas 77845 USA
                                      800-STATA-PC        http://www.stata.com
                                      979-696-4600        stata@stata.com
                                      979-696-4601 (fax)

Single-user 32-core Stata perpetual license:
       Serial number:  501506205566
         Licensed to:  KU Leuven FEB (CES)
                       KU Leuven

Notes:
      1.  Stata is running in batch mode.
      2.  Unicode is supported; see help unicode_advice.
      3.  More than 2 billion observations are allowed; see help obs_advice.
      4.  Maximum number of variables is set to 5000; see help set_maxvar.

. do ./first_last_event_study.do 

. clear all

. set more off

. adopath + ../../../lib/stata/mental_coupons/ado
  [1]  (BASE)      "C:\Program Files (x86)\Stata15\ado\base/"
  [2]  (SITE)      "C:\Program Files (x86)\Stata15\ado\site/"
  [3]              "."
  [4]  (PERSONAL)  "c:\ado\personal/"
  [5]  (PLUS)      "c:\ado\plus/"
  [6]  (OLDPLACE)  "c:\ado/"
  [7]              "../../../lib/stata/mental_coupons/ado"

. adopath + ../../../lib/stata/gslab_misc/ado
  [1]  (BASE)      "C:\Program Files (x86)\Stata15\ado\base/"
  [2]  (SITE)      "C:\Program Files (x86)\Stata15\ado\site/"
  [3]              "."
  [4]  (PERSONAL)  "c:\ado\personal/"
  [5]  (PLUS)      "c:\ado\plus/"
  [6]  (OLDPLACE)  "c:\ado/"
  [7]              "../../../lib/stata/mental_coupons/ado"
  [8]              "../../../lib/stata/gslab_misc/ado"

. adopath + ../../../lib/stata/min_wage/ado
  [1]  (BASE)      "C:\Program Files (x86)\Stata15\ado\base/"
  [2]  (SITE)      "C:\Program Files (x86)\Stata15\ado\site/"
  [3]              "."
  [4]  (PERSONAL)  "c:\ado\personal/"
  [5]  (PLUS)      "c:\ado\plus/"
  [6]  (OLDPLACE)  "c:\ado/"
  [7]              "../../../lib/stata/mental_coupons/ado"
  [8]              "../../../lib/stata/gslab_misc/ado"
  [9]              "../../../lib/stata/min_wage/ado"

. set maxvar 32000 


. 
. program main
  1.         local instub  "../temp/"
  2.         local outstub "../output/"
  3. 
.         use `instub'/zipcode_year_month_panel.dta, clear
  4. 
.         local event_dummy "mw_event"    
  5.         local target_output "medrentprice_sfcc medrentpricepsqft_sfcc zri_
> sfccmf"
  6. 
.         foreach window in 12 24 {
  7.                 foreach depvar in `target_output' {
  8.                         create_event_plot, outstub(`outstub') depvar(`depv
> ar')                                  ///
>                                 event_var(last_`event_dummy'_rel_months`windo
> w') controls(" ") window(`window') ///
>                                 absorb(zipcode msa calendar_month##state year
> _month) cluster(zipcode)                   
  9.                 }
 10.         }
 11. end

. 
. main
(MWFE estimator converged in 7 iterations)

HDFE Linear regression                            Number of obs   =    192,235
Absorbing 4 HDFE groups                           F(  26,   3424) =      12.04
Statistics robust to heteroskedasticity           Prob > F        =     0.0000
                                                  R-squared       =     0.9809
                                                  Adj R-squared   =     0.9804
                                                  Within R-sq.    =     0.0041
Number of clusters (zipcode) =      3,425         Root MSE        =   213.9358

                            (Std. Err. adjusted for 3,425 clusters in zipcode)
------------------------------------------------------------------------------
             |               Robust
medre~e_sfcc |      Coef.   Std. Err.      t    P>|t|     [95% Conf. Interval]
-------------+----------------------------------------------------------------
last_mw_e~12 |
          0  |  -7.573458   14.80149    -0.51   0.609    -36.59411    21.44719
          1  |   6.898974   14.53929     0.47   0.635     -21.6076    35.40554
          2  |   11.47948    14.3513     0.80   0.424    -16.65849    39.61745
          3  |   10.33752   14.41668     0.72   0.473    -17.92865    38.60369
          4  |   .8142166   13.31007     0.06   0.951    -25.28228    26.91071
          5  |    12.4217   12.51739     0.99   0.321    -12.12062    36.96401
          6  |   16.66076   12.98935     1.28   0.200    -8.806898    42.12841
          7  |   17.89644   13.77487     1.30   0.194    -9.111353    44.90423
          8  |   22.77323   13.88207     1.64   0.101    -4.444746    49.99121
          9  |    5.03636   9.650145     0.52   0.602    -13.88427    23.95699
         10  |  -7.213049   6.768038    -1.07   0.287    -20.48285    6.056753
         11  |  -1.051339   7.053691    -0.15   0.882    -14.88121    12.77853
         13  |    16.0951   4.780959     3.37   0.001     6.721279    25.46892
         14  |    62.0268   15.26946     4.06   0.000     32.08863    91.96497
         15  |   62.16334   15.57642     3.99   0.000     31.62333    92.70336
         16  |   54.90163   15.55314     3.53   0.000     24.40725      85.396
         17  |   49.23531   15.53438     3.17   0.002     18.77771    79.69291
         18  |   46.68937   15.15043     3.08   0.002     16.98457    76.39418
         19  |   51.66083   14.63828     3.53   0.000     22.96018    80.36148
         20  |   68.62728   19.41901     3.53   0.000     30.55326    106.7013
         21  |   68.78145   20.24757     3.40   0.001      29.0829      108.48
         22  |   64.97565   19.79412     3.28   0.001     26.16617    103.7851
         23  |   72.16793   20.54639     3.51   0.000     31.88351    112.4523
         24  |   70.06671   18.93657     3.70   0.000      32.9386    107.1948
         25  |  -.8718894   16.40222    -0.05   0.958    -33.03102    31.28724
       1000  |  -18.00553   20.43051    -0.88   0.378    -58.06276     22.0517
------------------------------------------------------------------------------

Absorbed degrees of freedom:
----------------------------------------------------------------+
            Absorbed FE | Categories  - Redundant  = Num. Coefs |
------------------------+---------------------------------------|
                zipcode |      3425        3425           0    *|
                    msa |       280           0         280     |
   calendar_month#state |       588          27         561     |
             year_month |       119          12         107    ?|
----------------------------------------------------------------+
? = number of redundant parameters may be higher
* = FE nested within cluster; treated as redundant for DoF computation
(note:  named style grey not found in class color, default attributes used)
(note: file ../output//medrentprice_sfcc_last_mw_event_rel_months12.png not fou
> nd)
(file ../output//medrentprice_sfcc_last_mw_event_rel_months12.png written in PN
> G format)
(MWFE estimator converged in 7 iterations)

HDFE Linear regression                            Number of obs   =    197,250
Absorbing 4 HDFE groups                           F(  26,   3303) =      20.88
Statistics robust to heteroskedasticity           Prob > F        =     0.0000
                                                  R-squared       =     0.9844
                                                  Adj R-squared   =     0.9841
                                                  Within R-sq.    =     0.0111
Number of clusters (zipcode) =      3,304         Root MSE        =     0.1306

                            (Std. Err. adjusted for 3,304 clusters in zipcode)
------------------------------------------------------------------------------
             |               Robust
medre~t_sfcc |      Coef.   Std. Err.      t    P>|t|     [95% Conf. Interval]
-------------+----------------------------------------------------------------
last_mw_e~12 |
          0  |  -.0382088   .0057776    -6.61   0.000    -.0495368   -.0268809
          1  |  -.0078897   .0054612    -1.44   0.149    -.0185973     .002818
          2  |    -.00718    .004959    -1.45   0.148     -.016903    .0025431
          3  |    -.00968   .0049777    -1.94   0.052    -.0194397    .0000797
          4  |  -.0088332   .0047556    -1.86   0.063    -.0181575     .000491
          5  |  -.0054007   .0044251    -1.22   0.222     -.014077    .0032756
          6  |   .0042063   .0046381     0.91   0.365    -.0048875    .0133002
          7  |    .010778   .0048973     2.20   0.028     .0011759    .0203802
          8  |   .0151372   .0057713     2.62   0.009     .0038215     .026453
          9  |   .0061282   .0046314     1.32   0.186    -.0029524    .0152088
         10  |   .0021441    .003508     0.61   0.541     -.004734    .0090222
         11  |  -.0076389   .0034232    -2.23   0.026    -.0143507    -.000927
         13  |   .0068176   .0042218     1.61   0.106      -.00146    .0150953
         14  |   .0399179   .0079407     5.03   0.000     .0243487    .0554871
         15  |   .0381578   .0074706     5.11   0.000     .0235103    .0528053
         16  |   .0371817   .0076607     4.85   0.000     .0221616    .0522018
         17  |   .0301423   .0066303     4.55   0.000     .0171424    .0431422
         18  |   .0305238   .0070815     4.31   0.000     .0166392    .0444084
         19  |   .0271924   .0065049     4.18   0.000     .0144383    .0399465
         20  |   .0368856   .0087358     4.22   0.000     .0197575    .0540138
         21  |   .0364524   .0091203     4.00   0.000     .0185705    .0543344
         22  |    .037695   .0097978     3.85   0.000     .0184847    .0569053
         23  |   .0395209     .00902     4.38   0.000     .0218356    .0572063
         24  |   .0446684   .0098806     4.52   0.000     .0252957    .0640411
         25  |  -.0036995   .0088267    -0.42   0.675    -.0210059    .0136068
       1000  |  -.0105651   .0106259    -0.99   0.320    -.0313991    .0102689
------------------------------------------------------------------------------

Absorbed degrees of freedom:
----------------------------------------------------------------+
            Absorbed FE | Categories  - Redundant  = Num. Coefs |
------------------------+---------------------------------------|
                zipcode |      3304        3304           0    *|
                    msa |       271           0         271     |
   calendar_month#state |       588          31         557     |
             year_month |       119          12         107    ?|
----------------------------------------------------------------+
? = number of redundant parameters may be higher
* = FE nested within cluster; treated as redundant for DoF computation
(note:  named style grey not found in class color, default attributes used)
(note: file ../output//medrentpricepsqft_sfcc_last_mw_event_rel_months12.png no
> t found)
(file ../output//medrentpricepsqft_sfcc_last_mw_event_rel_months12.png written 
> in PNG format)
(dropped 21 singleton observations)
(MWFE estimator converged in 5 iterations)

HDFE Linear regression                            Number of obs   =  1,229,378
Absorbing 4 HDFE groups                           F(  26,  11869) =      41.91
Statistics robust to heteroskedasticity           Prob > F        =     0.0000
                                                  R-squared       =     0.9125
                                                  Adj R-squared   =     0.9116
                                                  Within R-sq.    =     0.0043
Number of clusters (zipcode) =     11,870         Root MSE        =   268.2233

                           (Std. Err. adjusted for 11,870 clusters in zipcode)
------------------------------------------------------------------------------
             |               Robust
  zri_sfccmf |      Coef.   Std. Err.      t    P>|t|     [95% Conf. Interval]
-------------+----------------------------------------------------------------
last_mw_e~12 |
          0  |  -62.09497   3.517967   -17.65   0.000    -68.99076   -55.19917
          1  |  -19.30139   4.474399    -4.31   0.000    -28.07194   -10.53083
          2  |  -13.28859   2.482389    -5.35   0.000    -18.15448   -8.422701
          3  |   -17.9249   4.980883    -3.60   0.000    -27.68825   -8.161553
          4  |  -13.56681   4.181015    -3.24   0.001    -21.76228   -5.371332
          5  |  -13.41869   4.303775    -3.12   0.002     -21.8548    -4.98259
          6  |  -16.22693    4.16481    -3.90   0.000    -24.39064   -8.063217
          7  |  -15.66923   4.343031    -3.61   0.000    -24.18228   -7.156178
          8  |  -16.08998   4.885163    -3.29   0.001     -25.6657   -6.514264
          9  |   -14.7862   4.840093    -3.05   0.002    -24.27357    -5.29882
         10  |   -3.44573   2.756077    -1.25   0.211    -8.848093    1.956633
         11  |   4.373454   4.334245     1.01   0.313    -4.122376    12.86928
         13  |  -7.648551   4.126369    -1.85   0.064    -15.73691    .4398083
         14  |   .2488619   2.186066     0.11   0.909    -4.036186     4.53391
         15  |   16.64231   3.143351     5.29   0.000     10.48083    22.80379
         16  |   17.10466   3.502339     4.88   0.000      10.2395    23.96982
         17  |   22.97819    4.33313     5.30   0.000     14.48455    31.47184
         18  |   24.68184   3.830703     6.44   0.000     17.17303    32.19064
         19  |   20.79014   3.792278     5.48   0.000     13.35665    28.22362
         20  |     21.368   3.693001     5.79   0.000     14.12911    28.60688
         21  |   22.77946   3.468437     6.57   0.000     15.98076    29.57817
         22  |   19.41461   3.282855     5.91   0.000     12.97967    25.84954
         23  |   25.21871   4.832754     5.22   0.000     15.74572     34.6917
         24  |   35.12108   4.105073     8.56   0.000     27.07447     43.1677
         25  |    33.9644    4.46942     7.60   0.000      25.2036    42.72519
       1000  |  -93.54199   5.514687   -16.96   0.000    -104.3517    -82.7323
------------------------------------------------------------------------------

Absorbed degrees of freedom:
----------------------------------------------------------------+
            Absorbed FE | Categories  - Redundant  = Num. Coefs |
------------------------+---------------------------------------|
                zipcode |     11870       11870           0    *|
                    msa |       772           0         772     |
   calendar_month#state |       612          11         601     |
             year_month |       113          12         101    ?|
----------------------------------------------------------------+
? = number of redundant parameters may be higher
* = FE nested within cluster; treated as redundant for DoF computation
(note:  named style grey not found in class color, default attributes used)
(note: file ../output//zri_sfccmf_last_mw_event_rel_months12.png not found)
(file ../output//zri_sfccmf_last_mw_event_rel_months12.png written in PNG forma
> t)
(MWFE estimator converged in 7 iterations)

HDFE Linear regression                            Number of obs   =    192,235
Absorbing 4 HDFE groups                           F(  50,   3424) =       7.75
Statistics robust to heteroskedasticity           Prob > F        =     0.0000
                                                  R-squared       =     0.9809
                                                  Adj R-squared   =     0.9804
                                                  Within R-sq.    =     0.0051
Number of clusters (zipcode) =      3,425         Root MSE        =   213.8450

                            (Std. Err. adjusted for 3,425 clusters in zipcode)
------------------------------------------------------------------------------
             |               Robust
medre~e_sfcc |      Coef.   Std. Err.      t    P>|t|     [95% Conf. Interval]
-------------+----------------------------------------------------------------
last_mw_e~24 |
          0  |   1.354479   21.56071     0.06   0.950    -40.91868    43.62763
          1  |   12.31562   24.52753     0.50   0.616    -35.77446    60.40569
          2  |   2.568006   23.43386     0.11   0.913    -43.37776    48.51377
          3  |  -5.147765   23.84646    -0.22   0.829     -51.9025    41.60697
          4  |  -2.437268   20.10711    -0.12   0.904    -41.86042    36.98589
          5  |  -15.55896   19.68474    -0.79   0.429    -54.15398    23.03606
          6  |  -27.26576   20.50677    -1.33   0.184    -67.47249    12.94098
          7  |  -29.77936   20.39419    -1.46   0.144    -69.76538    10.20666
          8  |   -21.2411   19.55242    -1.09   0.277    -59.57669    17.09449
          9  |  -32.51089   16.81588    -1.93   0.053    -65.48107     .459294
         10  |   -12.7523   17.78286    -0.72   0.473    -47.61839    22.11379
         11  |  -13.62724   12.89411    -1.06   0.291    -38.90816    11.65369
         12  |  -9.475317   11.20042    -0.85   0.398     -31.4355    12.48487
         13  |   8.744565    17.2334     0.51   0.612    -25.04422    42.53335
         14  |    12.9756   17.25752     0.75   0.452    -20.86047    46.81167
         15  |    8.57495   17.45237     0.49   0.623    -25.64316    42.79306
         16  |    1.69993   16.03376     0.11   0.916    -29.73677    33.13663
         17  |    9.68036    14.5925     0.66   0.507    -18.93053    38.29124
         18  |   12.37341   13.79804     0.90   0.370    -14.67981    39.42663
         19  |   13.55091   15.05091     0.90   0.368    -15.95877    43.06059
         20  |   20.91153   15.05168     1.39   0.165    -8.599658    50.42273
         21  |   .9064315    10.8557     0.08   0.933    -20.37788    22.19074
         22  |  -6.686809    8.11924    -0.82   0.410    -22.60585    9.232236
         23  |  -1.316368   7.031046    -0.19   0.851    -15.10184     12.4691
         25  |   18.95765   6.609292     2.87   0.004     5.999095    31.91621
         26  |   63.42847   17.52749     3.62   0.000     29.06307    97.79386
         27  |   61.20869   17.70614     3.46   0.001     26.49302    95.92435
         28  |   55.23565    17.0624     3.24   0.001     21.78214    88.68915
         29  |   46.19036   16.29665     2.83   0.005     14.23823     78.1425
         30  |   41.87659   15.29122     2.74   0.006     11.89575    71.85743
         31  |   45.30848   15.11534     3.00   0.003     15.67248    74.94447
         32  |   66.37496    19.7232     3.37   0.001     27.70452    105.0454
         33  |   63.51568   20.11358     3.16   0.002     24.07985    102.9515
         34  |   63.98639   20.55319     3.11   0.002     23.68864    104.2841
         35  |   70.18973   20.64117     3.40   0.001     29.71948      110.66
         36  |   68.41884   18.89454     3.62   0.000     31.37313    105.4646
         37  |  -6.414231   17.98449    -0.36   0.721    -41.67564    28.84718
         38  |   8.598761   20.82395     0.41   0.680    -32.22987    49.42739
         39  |   7.377689   21.64402     0.34   0.733    -35.05882    49.81419
         40  |  -8.361504     21.721    -0.38   0.700    -50.94894    34.22593
         41  |  -11.91269   21.53682    -0.55   0.580    -54.13901    30.31363
         42  |  -5.457866   21.59248    -0.25   0.800    -47.79331    36.87758
         43  |  -6.223276   22.19219    -0.28   0.779    -49.73455      37.288
         44  |   12.92987   22.63897     0.57   0.568    -31.45739    57.31713
         45  |   12.20417   22.08534     0.55   0.581    -31.09761    55.50595
         46  |    2.03286   23.00894     0.09   0.930    -43.07978     47.1455
         47  |  -3.217306   23.38189    -0.14   0.891    -49.06118    42.62657
         48  |  -22.14752   22.51936    -0.98   0.325    -66.30026    22.00523
         49  |  -23.11586   22.47477    -1.03   0.304    -67.18118    20.94946
       1000  |  -60.29043   20.63463    -2.92   0.004    -100.7479     -19.833
------------------------------------------------------------------------------

Absorbed degrees of freedom:
----------------------------------------------------------------+
            Absorbed FE | Categories  - Redundant  = Num. Coefs |
------------------------+---------------------------------------|
                zipcode |      3425        3425           0    *|
                    msa |       280           0         280     |
   calendar_month#state |       588          27         561     |
             year_month |       119          12         107    ?|
----------------------------------------------------------------+
? = number of redundant parameters may be higher
* = FE nested within cluster; treated as redundant for DoF computation
(note:  named style grey not found in class color, default attributes used)
(note: file ../output//medrentprice_sfcc_last_mw_event_rel_months24.png not fou
> nd)
(file ../output//medrentprice_sfcc_last_mw_event_rel_months24.png written in PN
> G format)
(MWFE estimator converged in 7 iterations)

HDFE Linear regression                            Number of obs   =    197,250
Absorbing 4 HDFE groups                           F(  50,   3303) =      11.97
Statistics robust to heteroskedasticity           Prob > F        =     0.0000
                                                  R-squared       =     0.9844
                                                  Adj R-squared   =     0.9841
                                                  Within R-sq.    =     0.0127
Number of clusters (zipcode) =      3,304         Root MSE        =     0.1305

                            (Std. Err. adjusted for 3,304 clusters in zipcode)
------------------------------------------------------------------------------
             |               Robust
medre~t_sfcc |      Coef.   Std. Err.      t    P>|t|     [95% Conf. Interval]
-------------+----------------------------------------------------------------
last_mw_e~24 |
          0  |  -.0455327   .0097763    -4.66   0.000    -.0647009   -.0263644
          1  |  -.0442548   .0089832    -4.93   0.000    -.0618681   -.0266415
          2  |  -.0467225   .0085886    -5.44   0.000    -.0635621    -.029883
          3  |  -.0523753   .0096064    -5.45   0.000    -.0712104   -.0335401
          4  |  -.0559861   .0099331    -5.64   0.000    -.0754618   -.0365104
          5  |  -.0447097   .0089521    -4.99   0.000    -.0622619   -.0271574
          6  |  -.0459448   .0085061    -5.40   0.000    -.0626227    -.029267
          7  |  -.0405873   .0089136    -4.55   0.000     -.058064   -.0231107
          8  |  -.0286022    .008023    -3.57   0.000    -.0443328   -.0128716
          9  |  -.0287025   .0067351    -4.26   0.000    -.0419078   -.0154972
         10  |  -.0317329   .0069157    -4.59   0.000    -.0452923   -.0181735
         11  |   -.024556    .006403    -3.84   0.000    -.0371102   -.0120017
         12  |  -.0167808    .005217    -3.22   0.001    -.0270097   -.0065518
         13  |  -.0135169   .0066428    -2.03   0.042    -.0265414   -.0004925
         14  |  -.0112174   .0056314    -1.99   0.046    -.0222588    -.000176
         15  |  -.0155607   .0067544    -2.30   0.021     -.028804   -.0023174
         16  |  -.0155359   .0066967    -2.32   0.020    -.0286661   -.0024058
         17  |  -.0088225   .0060071    -1.47   0.142    -.0206004    .0029554
         18  |   .0016318   .0048316     0.34   0.736    -.0078415     .011105
         19  |    .005302   .0054914     0.97   0.334    -.0054649    .0160688
         20  |   .0132703    .005906     2.25   0.025     .0016905      .02485
         21  |   .0037139     .00464     0.80   0.424    -.0053836    .0128115
         22  |   -.000876   .0038555    -0.23   0.820    -.0084353    .0066834
         23  |  -.0085868   .0040929    -2.10   0.036    -.0166116    -.000562
         25  |   .0001701   .0063326     0.03   0.979    -.0122461    .0125864
         26  |   .0331203   .0064273     5.15   0.000     .0205185    .0457221
         27  |   .0299245    .005993     4.99   0.000     .0181741    .0416748
         28  |   .0280963   .0061726     4.55   0.000     .0159937    .0401989
         29  |   .0237915   .0056551     4.21   0.000     .0127037    .0348793
         30  |   .0242459   .0060464     4.01   0.000     .0123908    .0361009
         31  |   .0197862   .0056706     3.49   0.000      .008668    .0309043
         32  |   .0337087   .0081038     4.16   0.000     .0178197    .0495976
         33  |    .032933   .0084481     3.90   0.000     .0163689    .0494971
         34  |   .0337233   .0089305     3.78   0.000     .0162135    .0512331
         35  |   .0370521   .0085686     4.32   0.000     .0202519    .0538524
         36  |   .0436437   .0098651     4.42   0.000     .0243013    .0629861
         37  |  -.0133706   .0082202    -1.63   0.104    -.0294877    .0027466
         38  |  -.0082555    .009529    -0.87   0.386    -.0269387    .0104278
         39  |  -.0052298   .0094638    -0.55   0.581    -.0237853    .0133258
         40  |   .0004406    .009539     0.05   0.963    -.0182624    .0191436
         41  |  -.0025852   .0100396    -0.26   0.797    -.0222698    .0170993
         42  |   .0001369   .0103677     0.01   0.989    -.0201909    .0204646
         43  |   .0021414   .0114442     0.19   0.852     -.020297    .0245798
         44  |  -.0012192   .0116261    -0.10   0.916    -.0240143    .0215759
         45  |  -.0028789   .0116754    -0.25   0.805    -.0257707    .0200129
         46  |   .0033379   .0118604     0.28   0.778    -.0199165    .0265924
         47  |   .0002572   .0115799     0.02   0.982    -.0224473    .0229617
         48  |  -.0021129   .0117313    -0.18   0.857    -.0251143    .0208885
         49  |  -.0099463   .0111409    -0.89   0.372    -.0317901    .0118974
       1000  |  -.0440402   .0101045    -4.36   0.000     -.063852   -.0242284
------------------------------------------------------------------------------

Absorbed degrees of freedom:
----------------------------------------------------------------+
            Absorbed FE | Categories  - Redundant  = Num. Coefs |
------------------------+---------------------------------------|
                zipcode |      3304        3304           0    *|
                    msa |       271           0         271     |
   calendar_month#state |       588          31         557     |
             year_month |       119          12         107    ?|
----------------------------------------------------------------+
? = number of redundant parameters may be higher
* = FE nested within cluster; treated as redundant for DoF computation
(note:  named style grey not found in class color, default attributes used)
(note: file ../output//medrentpricepsqft_sfcc_last_mw_event_rel_months24.png no
> t found)
(file ../output//medrentpricepsqft_sfcc_last_mw_event_rel_months24.png written 
> in PNG format)
(dropped 21 singleton observations)
(MWFE estimator converged in 5 iterations)

HDFE Linear regression                            Number of obs   =  1,229,378
Absorbing 4 HDFE groups                           F(  50,  11869) =      38.18
Statistics robust to heteroskedasticity           Prob > F        =     0.0000
                                                  R-squared       =     0.9127
                                                  Adj R-squared   =     0.9118
                                                  Within R-sq.    =     0.0067
Number of clusters (zipcode) =     11,870         Root MSE        =   267.8940

                           (Std. Err. adjusted for 11,870 clusters in zipcode)
------------------------------------------------------------------------------
             |               Robust
  zri_sfccmf |      Coef.   Std. Err.      t    P>|t|     [95% Conf. Interval]
-------------+----------------------------------------------------------------
last_mw_e~24 |
          0  |   -65.4313    3.80716   -17.19   0.000    -72.89395   -57.96864
          1  |  -13.45536   3.444543    -3.91   0.000    -20.20723   -6.703493
          2  |  -14.94992   3.189009    -4.69   0.000     -21.2009   -8.698939
          3  |  -19.24357   4.214214    -4.57   0.000    -27.50412   -10.98302
          4  |  -17.39473   3.732229    -4.66   0.000    -24.71051   -10.07895
          5  |   -21.3182   4.896753    -4.35   0.000    -30.91664   -11.71977
          6  |  -21.63435   4.737407    -4.57   0.000    -30.92044   -12.34825
          7  |  -22.03682   4.912456    -4.49   0.000    -31.66604    -12.4076
          8  |  -24.76957   6.606391    -3.75   0.000    -37.71918   -11.81996
          9  |  -32.37712   7.853146    -4.12   0.000    -47.77058   -16.98367
         10  |  -16.08327   3.862843    -4.16   0.000    -23.65507   -8.511462
         11  |  -18.13831   4.604496    -3.94   0.000    -27.16388    -9.11274
         12  |  -15.81713   4.162621    -3.80   0.000    -23.97655   -7.657707
         13  |  -10.36083   4.701706    -2.20   0.028    -19.57694   -1.144714
         14  |  -4.129876     2.8508    -1.45   0.147    -9.717911     1.45816
         15  |  -11.81101   5.464522    -2.16   0.031    -22.52236   -1.099648
         16  |  -6.275572   4.331726    -1.45   0.147    -14.76647    2.215321
         17  |  -7.542875   4.705958    -1.60   0.109    -16.76732    1.681573
         18  |  -10.67083   4.588661    -2.33   0.020    -19.66536   -1.676305
         19  |    -13.802   4.507569    -3.06   0.002    -22.63757   -4.966422
         20  |  -12.95426   5.438829    -2.38   0.017    -23.61525   -2.293262
         21  |  -14.71285   5.555166    -2.65   0.008    -25.60189   -3.823817
         22  |  -1.517153   2.793133    -0.54   0.587    -6.992152    3.957846
         23  |   6.067115   4.375356     1.39   0.166      -2.5093    14.64353
         25  |  -5.900171   4.103997    -1.44   0.151    -13.94468    2.144336
         26  |   2.055943   2.192721     0.94   0.348     -2.24215    6.354036
         27  |   17.17445    3.25816     5.27   0.000     10.78792    23.56098
         28  |   17.69127   3.670456     4.82   0.000     10.49658    24.88597
         29  |   22.59581   4.308198     5.24   0.000     14.15104    31.04059
         30  |   23.79319    3.71684     6.40   0.000     16.50758    31.07881
         31  |   19.70879   3.696079     5.33   0.000     12.46387    26.95371
         32  |   23.55339   3.451461     6.82   0.000     16.78796    30.31881
         33  |   20.23141   3.414066     5.93   0.000     13.53928    26.92354
         34  |   19.99109   3.241459     6.17   0.000      13.6373    26.34488
         35  |   25.11275   4.859147     5.17   0.000     15.58803    34.63748
         36  |   35.41318   4.022691     8.80   0.000     27.52805    43.29832
         37  |   35.47734   4.574159     7.76   0.000     26.51124    44.44344
         38  |  -54.96701   5.694169    -9.65   0.000    -66.12851    -43.8055
         39  |  -43.85543   8.776451    -5.00   0.000    -61.05872   -26.65215
         40  |  -50.38282   7.311861    -6.89   0.000    -64.71527   -36.05037
         41  |  -53.05986   5.603643    -9.47   0.000    -64.04392    -42.0758
         42  |  -61.93642   5.137863   -12.05   0.000    -72.00747   -51.86536
         43  |  -65.83241   4.997119   -13.17   0.000    -75.62758   -56.03724
         44  |    -60.864   5.299403   -11.49   0.000     -71.2517    -50.4763
         45  |   -61.1532   5.260127   -11.63   0.000    -71.46391   -50.84249
         46  |  -58.37668   5.255951   -11.11   0.000    -68.67921   -48.07415
         47  |  -56.56611   5.363573   -10.55   0.000     -67.0796   -46.05263
         48  |  -56.87313   5.302858   -10.72   0.000     -67.2676   -46.47866
         49  |  -65.46808   8.145346    -8.04   0.000    -81.43429   -49.50186
       1000  |  -118.5046   6.039314   -19.62   0.000    -130.3427   -106.6666
------------------------------------------------------------------------------

Absorbed degrees of freedom:
----------------------------------------------------------------+
            Absorbed FE | Categories  - Redundant  = Num. Coefs |
------------------------+---------------------------------------|
                zipcode |     11870       11870           0    *|
                    msa |       772           0         772     |
   calendar_month#state |       612          11         601     |
             year_month |       113          12         101    ?|
----------------------------------------------------------------+
? = number of redundant parameters may be higher
* = FE nested within cluster; treated as redundant for DoF computation
(note:  named style grey not found in class color, default attributes used)
(note: file ../output//zri_sfccmf_last_mw_event_rel_months24.png not found)
(file ../output//zri_sfccmf_last_mw_event_rel_months24.png written in PNG forma
> t)

. 
end of do-file


Execute:  StataMP-64 /e do "./event_study.do"

  ___  ____  ____  ____  ____ (R)
 /__    /   ____/   /   ____/
___/   /   /___/   /   /___/   15.1   Copyright 1985-2017 StataCorp LLC
  Statistics/Data Analysis            StataCorp
                                      4905 Lakeway Drive
     MP - Parallel Edition            College Station, Texas 77845 USA
                                      800-STATA-PC        http://www.stata.com
                                      979-696-4600        stata@stata.com
                                      979-696-4601 (fax)

Single-user 32-core Stata perpetual license:
       Serial number:  501506205566
         Licensed to:  KU Leuven FEB (CES)
                       KU Leuven

Notes:
      1.  Stata is running in batch mode.
      2.  Unicode is supported; see help unicode_advice.
      3.  More than 2 billion observations are allowed; see help obs_advice.
      4.  Maximum number of variables is set to 5000; see help set_maxvar.

. do ./event_study.do 

. clear all

. set more off

. adopath + ../../../lib/stata/mental_coupons/ado
  [1]  (BASE)      "C:\Program Files (x86)\Stata15\ado\base/"
  [2]  (SITE)      "C:\Program Files (x86)\Stata15\ado\site/"
  [3]              "."
  [4]  (PERSONAL)  "c:\ado\personal/"
  [5]  (PLUS)      "c:\ado\plus/"
  [6]  (OLDPLACE)  "c:\ado/"
  [7]              "../../../lib/stata/mental_coupons/ado"

. adopath + ../../../lib/stata/gslab_misc/ado
  [1]  (BASE)      "C:\Program Files (x86)\Stata15\ado\base/"
  [2]  (SITE)      "C:\Program Files (x86)\Stata15\ado\site/"
  [3]              "."
  [4]  (PERSONAL)  "c:\ado\personal/"
  [5]  (PLUS)      "c:\ado\plus/"
  [6]  (OLDPLACE)  "c:\ado/"
  [7]              "../../../lib/stata/mental_coupons/ado"
  [8]              "../../../lib/stata/gslab_misc/ado"

. adopath + ../../../lib/stata/min_wage/ado
  [1]  (BASE)      "C:\Program Files (x86)\Stata15\ado\base/"
  [2]  (SITE)      "C:\Program Files (x86)\Stata15\ado\site/"
  [3]              "."
  [4]  (PERSONAL)  "c:\ado\personal/"
  [5]  (PLUS)      "c:\ado\plus/"
  [6]  (OLDPLACE)  "c:\ado/"
  [7]              "../../../lib/stata/mental_coupons/ado"
  [8]              "../../../lib/stata/gslab_misc/ado"
  [9]              "../../../lib/stata/min_wage/ado"

. set maxvar 32000 


. 
. program main
  1.         local instub  "../temp/"
  2.         local outstub "../output/"
  3. 
.         use `instub'/zipcode_year_month_panel.dta, clear
  4. 
.         local event_dummy "mw_event"    
  5.         local target_output "medrentprice_sfcc medrentpricepsqft_sfcc zri_
> sfccmf"
  6. 
.         foreach window in 12 24 {
  7.                 foreach depvar in `target_output' {
  8.                         create_event_plot, outstub(`outstub') depvar(`depv
> ar')                          ///
>                                 event_var(rel_months_`event_dummy'`window') c
> ontrols(" ") window(`window')      ///
>                                 absorb(zipcode msa calendar_month##state year
> _month) cluster(zipcode)                   
  9.                 }
 10.         }
 11. end

. 
. main
(MWFE estimator converged in 7 iterations)

HDFE Linear regression                            Number of obs   =    192,235
Absorbing 4 HDFE groups                           F(  25,   3424) =       5.58
Statistics robust to heteroskedasticity           Prob > F        =     0.0000
                                                  R-squared       =     0.9808
                                                  Adj R-squared   =     0.9804
                                                  Within R-sq.    =     0.0015
Number of clusters (zipcode) =      3,425         Root MSE        =   214.2133

                            (Std. Err. adjusted for 3,425 clusters in zipcode)
------------------------------------------------------------------------------
             |               Robust
medre~e_sfcc |      Coef.   Std. Err.      t    P>|t|     [95% Conf. Interval]
-------------+----------------------------------------------------------------
rel_month~12 |
          1  |  -18.26108   8.479419    -2.15   0.031    -34.88631   -1.635845
          2  |  -47.08102   9.869049    -4.77   0.000    -66.43084    -27.7312
          3  |  -27.21746   8.878457    -3.07   0.002    -44.62507   -9.809847
          4  |  -21.82715   8.848036    -2.47   0.014    -39.17511   -4.479183
          5  |  -15.99276   8.589299    -1.86   0.063    -32.83343    .8479073
          6  |  -9.929001   8.005232    -1.24   0.215    -25.62451    5.766513
          7  |  -7.616499   7.220321    -1.05   0.292    -21.77307    6.540074
          8  |  -18.73652   7.239092    -2.59   0.010     -32.9299   -4.543144
          9  |  -14.26308   6.301655    -2.26   0.024    -26.61847   -1.907698
         10  |  -6.930405   6.045735    -1.15   0.252    -18.78402    4.923208
         11  |  -5.505992    4.56653    -1.21   0.228    -14.45939    3.447408
         13  |   .7078763   4.380616     0.16   0.872     -7.88101    9.296763
         14  |    -8.8709   6.873688    -1.29   0.197    -22.34785    4.606045
         15  |  -2.164032   6.629078    -0.33   0.744    -15.16138    10.83332
         16  |   5.273621   7.034386     0.75   0.453    -8.518398    19.06564
         17  |   8.526972   7.305357     1.17   0.243    -5.796329    22.85027
         18  |    14.1206   7.134054     1.98   0.048     .1331706    28.10804
         19  |   21.54857   6.665691     3.23   0.001     8.479438     34.6177
         20  |   16.36197   6.187734     2.64   0.008      4.22994    28.49399
         21  |   19.17537   6.191509     3.10   0.002     7.035942    31.31479
         22  |   18.00684   6.171447     2.92   0.004     5.906746    30.10693
         23  |   15.88352   5.927214     2.68   0.007      4.26229    27.50476
         24  |   15.56814   5.032818     3.09   0.002     5.700506    25.43576
         25  |    12.4065    5.82376     2.13   0.033     .9881037     23.8249
       1000  |   31.00584   5.860388     5.29   0.000     19.51563    42.49605
------------------------------------------------------------------------------

Absorbed degrees of freedom:
----------------------------------------------------------------+
            Absorbed FE | Categories  - Redundant  = Num. Coefs |
------------------------+---------------------------------------|
                zipcode |      3425        3425           0    *|
                    msa |       280           0         280     |
   calendar_month#state |       588          27         561     |
             year_month |       119          12         107    ?|
----------------------------------------------------------------+
? = number of redundant parameters may be higher
* = FE nested within cluster; treated as redundant for DoF computation
(note:  named style grey not found in class color, default attributes used)
(note: file ../output//medrentprice_sfcc_rel_months_mw_event12.png not found)
(file ../output//medrentprice_sfcc_rel_months_mw_event12.png written in PNG for
> mat)
(MWFE estimator converged in 7 iterations)

HDFE Linear regression                            Number of obs   =    197,250
Absorbing 4 HDFE groups                           F(  25,   3303) =       5.45
Statistics robust to heteroskedasticity           Prob > F        =     0.0000
                                                  R-squared       =     0.9843
                                                  Adj R-squared   =     0.9839
                                                  Within R-sq.    =     0.0023
Number of clusters (zipcode) =      3,304         Root MSE        =     0.1311

                            (Std. Err. adjusted for 3,304 clusters in zipcode)
------------------------------------------------------------------------------
             |               Robust
medre~t_sfcc |      Coef.   Std. Err.      t    P>|t|     [95% Conf. Interval]
-------------+----------------------------------------------------------------
rel_month~12 |
          1  |  -.0110601   .0054462    -2.03   0.042    -.0217383   -.0003819
          2  |  -.0060897   .0051163    -1.19   0.234    -.0161212    .0039417
          3  |  -.0146754   .0052199    -2.81   0.005      -.02491   -.0044408
          4  |  -.0105682   .0054929    -1.92   0.054     -.021338    .0002016
          5  |  -.0110332   .0050545    -2.18   0.029    -.0209435   -.0011229
          6  |  -.0022358   .0048106    -0.46   0.642    -.0116679    .0071962
          7  |  -.0002638   .0045335    -0.06   0.954    -.0091525     .008625
          8  |  -.0025422   .0043805    -0.58   0.562    -.0111309    .0060465
          9  |  -.0043283   .0041958    -1.03   0.302     -.012555    .0038983
         10  |  -.0040371   .0038572    -1.05   0.295    -.0115998    .0035257
         11  |  -.0018569   .0030922    -0.60   0.548    -.0079196    .0042059
         13  |  -.0054645   .0032235    -1.70   0.090    -.0117848    .0008559
         14  |  -.0129011   .0042568    -3.03   0.002    -.0212475   -.0045548
         15  |   -.012382   .0049977    -2.48   0.013    -.0221809   -.0025831
         16  |  -.0088762   .0050706    -1.75   0.080    -.0188181    .0010656
         17  |  -.0066448   .0045135    -1.47   0.141    -.0154944    .0022048
         18  |   .0040636   .0042377     0.96   0.338    -.0042452    .0123723
         19  |   .0162893   .0044097     3.69   0.000     .0076432    .0249354
         20  |   .0172658   .0043436     3.97   0.000     .0087493    .0257823
         21  |   .0157047   .0046694     3.36   0.001     .0065494      .02486
         22  |   .0119889   .0044667     2.68   0.007     .0032311    .0207467
         23  |   .0068208   .0046298     1.47   0.141    -.0022568    .0158983
         24  |   .0067321   .0042028     1.60   0.109    -.0015082    .0149725
         25  |   .0181628   .0093248     1.95   0.052    -.0001202    .0364457
       1000  |   .0259848   .0044545     5.83   0.000     .0172509    .0347187
------------------------------------------------------------------------------

Absorbed degrees of freedom:
----------------------------------------------------------------+
            Absorbed FE | Categories  - Redundant  = Num. Coefs |
------------------------+---------------------------------------|
                zipcode |      3304        3304           0    *|
                    msa |       271           0         271     |
   calendar_month#state |       588          31         557     |
             year_month |       119          12         107    ?|
----------------------------------------------------------------+
? = number of redundant parameters may be higher
* = FE nested within cluster; treated as redundant for DoF computation
(note:  named style grey not found in class color, default attributes used)
(note: file ../output//medrentpricepsqft_sfcc_rel_months_mw_event12.png not fou
> nd)
(file ../output//medrentpricepsqft_sfcc_rel_months_mw_event12.png written in PN
> G format)
(dropped 21 singleton observations)
(MWFE estimator converged in 5 iterations)

HDFE Linear regression                            Number of obs   =  1,229,378
Absorbing 4 HDFE groups                           F(  25,  11869) =      17.54
Statistics robust to heteroskedasticity           Prob > F        =     0.0000
                                                  R-squared       =     0.9122
                                                  Adj R-squared   =     0.9112
                                                  Within R-sq.    =     0.0006
Number of clusters (zipcode) =     11,870         Root MSE        =   268.7136

                           (Std. Err. adjusted for 11,870 clusters in zipcode)
------------------------------------------------------------------------------
             |               Robust
  zri_sfccmf |      Coef.   Std. Err.      t    P>|t|     [95% Conf. Interval]
-------------+----------------------------------------------------------------
rel_month~12 |
          1  |  -11.61295   2.414235    -4.81   0.000    -16.34525   -6.880656
          2  |  -11.47545   2.683161    -4.28   0.000    -16.73489   -6.216015
          3  |  -12.42649   3.424936    -3.63   0.000    -19.13992   -5.713051
          4  |  -13.46716   3.582474    -3.76   0.000    -20.48939   -6.444921
          5  |  -15.38953   4.634272    -3.32   0.001    -24.47347     -6.3056
          6  |  -17.17493   5.267143    -3.26   0.001    -27.49939   -6.850463
          7  |  -16.14515   5.360488    -3.01   0.003    -26.65258   -5.637715
          8  |  -17.00303   6.288245    -2.70   0.007    -29.32902   -4.677036
          9  |  -9.321601   4.275165    -2.18   0.029    -17.70162   -.9415776
         10  |   2.817531    1.43412     1.96   0.049     .0064211     5.62864
         11  |  -1.014326   2.141455    -0.47   0.636    -5.211929    3.183277
         13  |  -1.372178   1.518512    -0.90   0.366    -4.348711    1.604354
         14  |  -6.466607   2.508422    -2.58   0.010    -11.38353   -1.549689
         15  |   -4.28077    3.43933    -1.24   0.213    -11.02242    2.460881
         16  |  -5.828235   3.869014    -1.51   0.132    -13.41214    1.755667
         17  |  -8.783721   5.104906    -1.72   0.085    -18.79017    1.222731
         18  |  -10.00334   5.856799    -1.71   0.088    -21.48363    1.476942
         19  |  -7.821315   5.302311    -1.48   0.140    -18.21471    2.572083
         20  |   2.066828   3.911194     0.53   0.597    -5.599754     9.73341
         21  |   11.43997   4.181071     2.74   0.006     3.244387    19.63556
         22  |   18.17386   1.879844     9.67   0.000     14.48906    21.85867
         23  |   18.04204   2.463076     7.33   0.000     13.21401    22.87007
         24  |   17.54473   2.323033     7.55   0.000      12.9912    22.09825
         25  |   12.72066   2.321101     5.48   0.000     8.170924     17.2704
       1000  |   19.49597   3.150429     6.19   0.000     13.32061    25.67133
------------------------------------------------------------------------------

Absorbed degrees of freedom:
----------------------------------------------------------------+
            Absorbed FE | Categories  - Redundant  = Num. Coefs |
------------------------+---------------------------------------|
                zipcode |     11870       11870           0    *|
                    msa |       772           0         772     |
   calendar_month#state |       612          11         601     |
             year_month |       113          12         101    ?|
----------------------------------------------------------------+
? = number of redundant parameters may be higher
* = FE nested within cluster; treated as redundant for DoF computation
(note:  named style grey not found in class color, default attributes used)
(note: file ../output//zri_sfccmf_rel_months_mw_event12.png not found)
(file ../output//zri_sfccmf_rel_months_mw_event12.png written in PNG format)
(MWFE estimator converged in 7 iterations)

HDFE Linear regression                            Number of obs   =    192,235
Absorbing 4 HDFE groups                           F(  49,   3424) =       2.95
Statistics robust to heteroskedasticity           Prob > F        =     0.0000
                                                  R-squared       =     0.9808
                                                  Adj R-squared   =     0.9804
                                                  Within R-sq.    =     0.0014
Number of clusters (zipcode) =      3,425         Root MSE        =   214.2418

                            (Std. Err. adjusted for 3,425 clusters in zipcode)
------------------------------------------------------------------------------
             |               Robust
medre~e_sfcc |      Coef.   Std. Err.      t    P>|t|     [95% Conf. Interval]
-------------+----------------------------------------------------------------
rel_month~24 |
          1  |   -9.22909   11.13406    -0.83   0.407    -31.05916    12.60098
          2  |  -40.80759   15.08626    -2.70   0.007    -70.38657   -11.22862
          3  |  -33.83228   13.66316    -2.48   0.013    -60.62105   -7.043518
          4  |  -38.29648   13.27885    -2.88   0.004    -64.33175    -12.2612
          5  |  -47.90017   13.75599    -3.48   0.001    -74.87095   -20.92938
          6  |   -34.4996   12.31354    -2.80   0.005    -58.64223   -10.35698
          7  |  -9.199815   10.63092    -0.87   0.387    -30.04341    11.64378
          8  |  -19.68501   10.72775    -1.83   0.067    -40.71845    1.348418
          9  |  -12.38862   10.54299    -1.18   0.240    -33.05982    8.282573
         10  |  -1.541069   10.48005    -0.15   0.883    -22.08886    19.00672
         11  |  -4.382383   9.079058    -0.48   0.629     -22.1833    13.41854
         12  |  -10.56014   7.946484    -1.33   0.184    -26.14047    5.020194
         13  |  -29.45143   9.306272    -3.16   0.002    -47.69783   -11.20502
         14  |  -66.86683   13.66248    -4.89   0.000    -93.65426   -40.07939
         15  |  -41.20488   12.02494    -3.43   0.001    -64.78165    -17.6281
         16  |  -34.17197   11.79142    -2.90   0.004    -57.29089   -11.05305
         17  |  -34.22512   11.85901    -2.89   0.004    -57.47657   -10.97367
         18  |   -21.1062   10.73946    -1.97   0.049     -42.1626   -.0497999
         19  |  -15.87276   9.555397    -1.66   0.097    -34.60762    2.862093
         20  |  -25.19914   9.899246    -2.55   0.011    -44.60817   -5.790114
         21  |  -14.12538   8.617464    -1.64   0.101    -31.02127    2.770508
         22  |  -10.43108   8.832988    -1.18   0.238    -27.74954    6.887384
         23  |  -9.859945   6.272125    -1.57   0.116    -22.15743    2.437541
         25  |  -6.859146   5.689306    -1.21   0.228    -18.01392    4.295632
         26  |  -33.35085   11.44804    -2.91   0.004    -55.79653   -10.90517
         27  |  -17.70589   10.22419    -1.73   0.083    -37.75203    2.340242
         28  |  -8.908686   10.49677    -0.85   0.396    -29.48926    11.67189
         29  |  -10.97687   11.04239    -0.99   0.320    -32.62721    10.67348
         30  |  -8.242469   10.00801    -0.82   0.410    -27.86475    11.37981
         31  |   4.441697   8.754983     0.51   0.612    -12.72382    21.60722
         32  |  -19.87174   9.153487    -2.17   0.030    -37.81859   -1.924892
         33  |  -3.900818   8.830529    -0.44   0.659    -21.21446    13.41282
         34  |  -5.751745   8.700454    -0.66   0.509    -22.81035    11.30686
         35  |  -10.68163   8.079761    -1.32   0.186    -26.52327    5.160011
         36  |   -21.2221   7.603884    -2.79   0.005    -36.13071   -6.313496
         37  |  -21.38105   8.685068    -2.46   0.014    -38.40949   -4.352607
         38  |  -16.58051   12.80573    -1.29   0.195    -41.68815    8.527141
         39  |  -1.523743   11.23158    -0.14   0.892    -23.54503    20.49754
         40  |  -.2237492   10.79587    -0.02   0.983    -21.39074    20.94324
         41  |  -6.813653   11.72675    -0.58   0.561    -29.80578    16.17847
         42  |  -5.124892   10.80077    -0.47   0.635    -26.30149    16.05171
         43  |   7.710995   9.641139     0.80   0.424    -11.19197    26.61396
         44  |  -.0486934   9.838287    -0.00   0.996     -19.3382    19.24081
         45  |   10.69479    8.79899     1.22   0.224    -6.557008    27.94659
         46  |   6.814721   9.107247     0.75   0.454    -11.04147    24.67091
         47  |   .1412289   8.982879     0.02   0.987    -17.47112    17.75357
         48  |    7.99838   8.105861     0.99   0.324    -7.894434    23.89119
         49  |   10.24923   10.12051     1.01   0.311    -9.593612    30.09208
       1000  |   18.60125   8.561735     2.17   0.030     1.814621    35.38787
------------------------------------------------------------------------------

Absorbed degrees of freedom:
----------------------------------------------------------------+
            Absorbed FE | Categories  - Redundant  = Num. Coefs |
------------------------+---------------------------------------|
                zipcode |      3425        3425           0    *|
                    msa |       280           0         280     |
   calendar_month#state |       588          27         561     |
             year_month |       119          12         107    ?|
----------------------------------------------------------------+
? = number of redundant parameters may be higher
* = FE nested within cluster; treated as redundant for DoF computation
(note:  named style grey not found in class color, default attributes used)
(note: file ../output//medrentprice_sfcc_rel_months_mw_event24.png not found)
(file ../output//medrentprice_sfcc_rel_months_mw_event24.png written in PNG for
> mat)
(MWFE estimator converged in 7 iterations)

HDFE Linear regression                            Number of obs   =    197,250
Absorbing 4 HDFE groups                           F(  49,   3303) =       2.62
Statistics robust to heteroskedasticity           Prob > F        =     0.0000
                                                  R-squared       =     0.9843
                                                  Adj R-squared   =     0.9839
                                                  Within R-sq.    =     0.0030
Number of clusters (zipcode) =      3,304         Root MSE        =     0.1311

                            (Std. Err. adjusted for 3,304 clusters in zipcode)
------------------------------------------------------------------------------
             |               Robust
medre~t_sfcc |      Coef.   Std. Err.      t    P>|t|     [95% Conf. Interval]
-------------+----------------------------------------------------------------
rel_month~24 |
          1  |  -.0232721   .0095696    -2.43   0.015    -.0420349   -.0045092
          2  |  -.0312986   .0094052    -3.33   0.001    -.0497392    -.012858
          3  |  -.0302743   .0091529    -3.31   0.001    -.0482202   -.0123284
          4  |  -.0228772   .0087425    -2.62   0.009    -.0400185   -.0057358
          5  |   -.014129   .0083876    -1.68   0.092    -.0305744    .0023165
          6  |  -.0005497   .0077924    -0.07   0.944    -.0158281    .0147288
          7  |   .0016043   .0075104     0.21   0.831    -.0131212    .0163298
          8  |  -.0030353   .0076065    -0.40   0.690    -.0179492    .0118785
          9  |  -.0004838    .007766    -0.06   0.950    -.0157104    .0147427
         10  |  -.0006536   .0068529    -0.10   0.924      -.01409    .0127829
         11  |  -.0073169   .0065853    -1.11   0.267    -.0202286    .0055947
         12  |  -.0086073   .0062295    -1.38   0.167    -.0208213    .0036067
         13  |  -.0142465   .0067402    -2.11   0.035    -.0274618   -.0010312
         14  |  -.0180637   .0071236    -2.54   0.011    -.0320309   -.0040965
         15  |  -.0300125   .0074791    -4.01   0.000    -.0446765   -.0153484
         16  |   -.022465   .0075409    -2.98   0.003    -.0372503   -.0076797
         17  |  -.0215454   .0069081    -3.12   0.002      -.03509   -.0080008
         18  |  -.0104231   .0064779    -1.61   0.108    -.0231242    .0022779
         19  |  -.0039378   .0065513    -0.60   0.548    -.0167829    .0089072
         20  |  -.0112672   .0062897    -1.79   0.073    -.0235992    .0010649
         21  |  -.0113379   .0061589    -1.84   0.066    -.0234135    .0007376
         22  |  -.0076498   .0056185    -1.36   0.173     -.018666    .0033664
         23  |  -.0056458    .004555    -1.24   0.215    -.0145767     .003285
         25  |  -.0122366   .0041498    -2.95   0.003    -.0203731   -.0041001
         26  |  -.0320976   .0070043    -4.58   0.000    -.0458307   -.0183645
         27  |  -.0329786   .0080768    -4.08   0.000    -.0488147   -.0171425
         28  |  -.0274345    .007814    -3.51   0.000    -.0427554   -.0121137
         29  |  -.0244255   .0066851    -3.65   0.000    -.0375328   -.0113182
         30  |  -.0105678   .0061349    -1.72   0.085    -.0225963    .0014607
         31  |   .0104098   .0067904     1.53   0.125    -.0029039    .0237235
         32  |   .0085456    .006064     1.41   0.159    -.0033441    .0204352
         33  |   .0079585   .0067344     1.18   0.237    -.0052456    .0211625
         34  |   .0076295   .0063549     1.20   0.230    -.0048304    .0200893
         35  |   .0011833   .0068702     0.17   0.863     -.012287    .0146535
         36  |  -.0094575   .0072014    -1.31   0.189    -.0235772    .0046621
         37  |   .0073164   .0115515     0.63   0.527    -.0153324    .0299653
         38  |   .0027283   .0093617     0.29   0.771     -.015627    .0210836
         39  |   .0065315   .0102797     0.64   0.525    -.0136236    .0266866
         40  |   .0129508   .0095552     1.36   0.175     -.005784    .0316856
         41  |   .0149667   .0091088     1.64   0.100    -.0028928    .0328261
         42  |   .0151463   .0078763     1.92   0.055    -.0002967    .0305893
         43  |   .0157843   .0077625     2.03   0.042     .0005645    .0310042
         44  |   .0178208   .0082082     2.17   0.030     .0017272    .0339145
         45  |   .0213639   .0080235     2.66   0.008     .0056324    .0370953
         46  |   .0232373   .0078449     2.96   0.003     .0078559    .0386186
         47  |   .0268725   .0082603     3.25   0.001     .0106767    .0430682
         48  |   .0378142   .0098441     3.84   0.000      .018513    .0571153
         49  |   .0499123   .0138553     3.60   0.000     .0227464    .0770782
       1000  |   .0232129    .007112     3.26   0.001     .0092685    .0371573
------------------------------------------------------------------------------

Absorbed degrees of freedom:
----------------------------------------------------------------+
            Absorbed FE | Categories  - Redundant  = Num. Coefs |
------------------------+---------------------------------------|
                zipcode |      3304        3304           0    *|
                    msa |       271           0         271     |
   calendar_month#state |       588          31         557     |
             year_month |       119          12         107    ?|
----------------------------------------------------------------+
? = number of redundant parameters may be higher
* = FE nested within cluster; treated as redundant for DoF computation
(note:  named style grey not found in class color, default attributes used)
(note: file ../output//medrentpricepsqft_sfcc_rel_months_mw_event24.png not fou
> nd)
(file ../output//medrentpricepsqft_sfcc_rel_months_mw_event24.png written in PN
> G format)
(dropped 21 singleton observations)
(MWFE estimator converged in 5 iterations)

HDFE Linear regression                            Number of obs   =  1,229,378
Absorbing 4 HDFE groups                           F(  49,  11869) =      19.08
Statistics robust to heteroskedasticity           Prob > F        =     0.0000
                                                  R-squared       =     0.9123
                                                  Adj R-squared   =     0.9113
                                                  Within R-sq.    =     0.0015
Number of clusters (zipcode) =     11,870         Root MSE        =   268.6025

                           (Std. Err. adjusted for 11,870 clusters in zipcode)
------------------------------------------------------------------------------
             |               Robust
  zri_sfccmf |      Coef.   Std. Err.      t    P>|t|     [95% Conf. Interval]
-------------+----------------------------------------------------------------
rel_month~24 |
          1  |  -22.39552   4.210212    -5.32   0.000    -30.64822   -14.14281
          2  |  -22.70597   3.079719    -7.37   0.000    -28.74272   -16.66922
          3  |   -9.43198   11.57347    -0.81   0.415    -32.11788    13.25392
          4  |  -6.281803   11.45048    -0.55   0.583    -28.72663    16.16302
          5  |   17.40917   16.57838     1.05   0.294    -15.08716    49.90551
          6  |   41.74716   21.35799     1.95   0.051    -.1180072    83.61233
          7  |   44.84147   21.39537     2.10   0.036      2.90305     86.7799
          8  |   63.05009   23.04952     2.74   0.006     17.86925    108.2309
          9  |  -17.77223   6.077638    -2.92   0.003     -29.6854   -5.859067
         10  |   .0547214   2.889778     0.02   0.985    -5.609717     5.71916
         11  |  -5.680993    3.36718    -1.69   0.092    -12.28122    .9192306
         12  |  -4.491095   2.834643    -1.58   0.113    -10.04746    1.065271
         13  |  -13.66643   2.920117    -4.68   0.000    -19.39034   -7.942519
         14  |   -18.6908   2.641697    -7.08   0.000    -23.86896   -13.51264
         15  |  -20.13924   3.464747    -5.81   0.000    -26.93071   -13.34777
         16  |  -18.30557   3.008144    -6.09   0.000    -24.20202   -12.40911
         17  |  -18.32211   3.532479    -5.19   0.000    -25.24635   -11.39787
         18  |  -17.28584   3.365626    -5.14   0.000    -23.88301   -10.68866
         19  |  -13.95562     3.1944    -4.37   0.000    -20.21716   -7.694069
         20  |  -9.675194   3.566529    -2.71   0.007    -16.66618   -2.684212
         21  |  -17.95032   6.184177    -2.90   0.004    -30.07232   -5.828318
         22  |   1.637708   1.710878     0.96   0.338    -1.715892    4.991309
         23  |  -3.127701   2.793876    -1.12   0.263    -8.604156    2.348753
         25  |  -1.876264   1.926791    -0.97   0.330    -5.653089    1.900562
         26  |  -12.50741   2.603064    -4.80   0.000    -17.60984   -7.404979
         27  |  -7.138911   3.644945    -1.96   0.050     -14.2836     .005778
         28  |   -2.17471   2.833863    -0.77   0.443    -7.729545    3.380126
         29  |   -1.80858   3.327908    -0.54   0.587    -8.331826    4.714666
         30  |  -.7410044   3.468097    -0.21   0.831    -7.539043    6.057034
         31  |   2.328741   2.918764     0.80   0.425    -3.392515    8.049996
         32  |    27.4123   3.247993     8.44   0.000      21.0457     33.7789
         33  |   29.57766   5.897605     5.02   0.000     18.01738    41.13793
         34  |   39.27591   2.652603    14.81   0.000     34.07638    44.47545
         35  |   37.88071   3.429104    11.05   0.000      31.1591    44.60231
         36  |   37.71372   3.078042    12.25   0.000     31.68025    43.74719
         37  |   30.87704   3.151438     9.80   0.000      24.6997    37.05437
         38  |   28.60732   2.807975    10.19   0.000     23.10323    34.11142
         39  |   26.82278   4.172077     6.43   0.000     18.64482    35.00073
         40  |   33.83706    3.45761     9.79   0.000     27.05958    40.61455
         41  |   32.81556   4.250646     7.72   0.000      24.4836    41.14752
         42  |   32.05253   4.501737     7.12   0.000     23.22839    40.87668
         43  |   30.58893   4.488897     6.81   0.000     21.78996    39.38791
         44  |   32.37084   5.644423     5.74   0.000     21.30684    43.43483
         45  |   27.55929   7.946488     3.47   0.001     11.98287    43.13571
         46  |   51.47835   3.356977    15.33   0.000     44.89813    58.05858
         47  |   48.36804   4.566851    10.59   0.000     39.41626    57.31981
         48  |   51.11011   3.746105    13.64   0.000     43.76713    58.45309
         49  |   47.66738   3.565834    13.37   0.000     40.67776      54.657
       1000  |   10.42088   5.266753     1.98   0.048     .0971798    20.74458
------------------------------------------------------------------------------

Absorbed degrees of freedom:
----------------------------------------------------------------+
            Absorbed FE | Categories  - Redundant  = Num. Coefs |
------------------------+---------------------------------------|
                zipcode |     11870       11870           0    *|
                    msa |       772           0         772     |
   calendar_month#state |       612          11         601     |
             year_month |       113          12         101    ?|
----------------------------------------------------------------+
? = number of redundant parameters may be higher
* = FE nested within cluster; treated as redundant for DoF computation
(note:  named style grey not found in class color, default attributes used)
(note: file ../output//zri_sfccmf_rel_months_mw_event24.png not found)
(file ../output//zri_sfccmf_rel_months_mw_event24.png written in PNG format)

. 
end of do-file

 make.py ended: 2020-03-27 09:56:42
